[s0] ════════════════════════════════════════════════════════════
[s0]  RUN START  2026-07-01 18:57:52
[s0]  run_id=s0  seed=0  device=cuda:0
[s0]  arch:  N=1000 (E=750 I=250)  K=125 (prob 0.167)  rank=2  gain=1.0  input_size=6  params=3,000
[s0]  task:  cue_on_go=True  rwd=False  rwd_scale=1.0  freeze_input_stages=['dual']  init=random
[s0]  dynamics: dt=0.0225  tau=(0.4, 0.2)s  tau_syn=(0.2, 0.1)s  STP(use=0.05 tau_fac=1.0s tau_rec=0.2s)  j_stp=1.0
[s0]  noise:  input_sigma=0.3732 (×1.0)  model_sigma=0.0000 (×0.0)
[s0]  optim:  lr=0.1  wd=0.01  batch=32  n_batch=256  clip=None
[s0]  epochs: dpa=200  gng=100  dual=100  loss=separated
[s0]  shapes: m[750, 2]  n[750, 2]  Wi[750, 6]
[s0]  ┌── params: init
[s0]  │  rank 0: ||m||=27.499  ||n||=27.499  corr(m,n)=+1.000
[s0]  │  rank 1: ||m||=26.387  ||n||=26.387  corr(m,n)=+1.000
[s0]  │  low-rank overlap n^Tm/N (modulates STP E→E): +1.0176  +0.9190
[s0]  │  Wi: ||·||_F=66.907  per-channel=27.00 27.43 27.35 27.74 27.30 27.05
[s0]  └──────────────────────────────────────────────────
[s0] ────────────────────────────────────────────────────────────
[s0]  STAGE: DPA   device=cuda:0   epochs=200
[s0] ────────────────────────────────────────────────────────────
[s0]  data: [256, 444, 6] → [256, 444, 2]
Epoch 005/200 | lr: 0.10000 | train: 3.5620 | val: 3.5494
Epoch 010/200 | lr: 0.10000 | train: 2.6405 | val: 2.4879
Epoch 015/200 | lr: 0.10000 | train: 1.2628 | val: 1.0342
Stopping: losses below 0.1.
[s0]   after DPA: dpa=1.000 (pair=1.000 unpair=1.000)  gng=0.458 (go=1.000 nogo=0.000)
[s0]  DPA done in 132.6s  final train=0.0489  val=0.0233  dpa=1.000  gng=0.458
[s0]  ┌── params: after DPA
[s0]  │  rank 0: ||m||=254.931  ||n||=114.089  corr(m,n)=+0.748
[s0]  │  rank 1: ||m||=148.792  ||n||=81.940  corr(m,n)=+0.462
[s0]  │  low-rank overlap n^Tm/N (modulates STP E→E): +28.9445  +7.5945
[s0]  │  Wi: ||·||_F=66.907  per-channel=27.00 27.43 27.35 27.74 27.30 27.05
[s0]  └──────────────────────────────────────────────────
[s0] ────────────────────────────────────────────────────────────
[s0]  STAGE: GNG   device=cuda:0   epochs=100
[s0]  freeze recurrent cols: [0]
[s0]  freeze input dims:     [0, 1, 2, 3]
[s0] ────────────────────────────────────────────────────────────
[s0]  data: [256, 266, 6] → [256, 266, 2]
Epoch 005/100 | lr: 0.10000 | train: 0.6513 | val: 0.9827
Epoch 010/100 | lr: 0.10000 | train: 0.5299 | val: 0.7848
Epoch 015/100 | lr: 0.10000 | train: 0.4815 | val: 0.6828
Epoch 020/100 | lr: 0.10000 | train: 0.4004 | val: 0.6294
Epoch 025/100 | lr: 0.10000 | train: 0.3589 | val: 0.5738
Epoch 030/100 | lr: 0.10000 | train: 0.3507 | val: 0.5701
Epoch 035/100 | lr: 0.10000 | train: 0.3008 | val: 0.5000
Epoch 040/100 | lr: 0.10000 | train: 0.2789 | val: 0.4686
Epoch 045/100 | lr: 0.10000 | train: 0.2559 | val: 0.4416
Epoch 050/100 | lr: 0.10000 | train: 0.2421 | val: 0.4225
Epoch 055/100 | lr: 0.10000 | train: 0.2312 | val: 0.4112
Epoch 060/100 | lr: 0.10000 | train: 0.2189 | val: 0.3889
Epoch 065/100 | lr: 0.10000 | train: 0.2074 | val: 0.3620
Epoch 070/100 | lr: 0.10000 | train: 0.1983 | val: 0.3424
Epoch 075/100 | lr: 0.10000 | train: 0.1892 | val: 0.3197
Epoch 080/100 | lr: 0.10000 | train: 0.1769 | val: 0.3033
Epoch 085/100 | lr: 0.10000 | train: 0.1695 | val: 0.2860
Epoch 090/100 | lr: 0.10000 | train: 0.1616 | val: 0.2762
Epoch 095/100 | lr: 0.10000 | train: 0.1557 | val: 0.2557
Epoch 100/100 | lr: 0.10000 | train: 0.1487 | val: 0.2419
[s0]   after GNG: dpa=1.000 (pair=1.000 unpair=1.000)  gng=1.000 (go=1.000 nogo=1.000)
[s0]  GNG done in 352.9s  final train=0.1487  val=0.2419  dpa=1.000  gng=1.000
[s0]  ┌── params: after GNG
[s0]  │  rank 0: ||m||=254.931  ||n||=114.089  corr(m,n)=+0.748
[s0]  │  rank 1: ||m||=238.854  ||n||=131.583  corr(m,n)=+0.235
[s0]  │  low-rank overlap n^Tm/N (modulates STP E→E): +27.2096  +11.6625
[s0]  │  Wi: ||·||_F=66.907  per-channel=27.00 27.43 27.35 27.74 27.30 27.05
[s0]  └──────────────────────────────────────────────────
[s0] ────────────────────────────────────────────────────────────
[s0]  STAGE: Dual   device=cuda:0   epochs=100
[s0]  freeze input dims:     [0, 1, 2, 3, 4, 5]
[s0] ────────────────────────────────────────────────────────────
[s0]  data: [256, 444, 6] → [256, 444, 2]
[s0]  loss=separated  dpa_w=1.0  gng_w=1.0  go_w=1.0  nogo_w=1.0  aux_w=1.0  bl_w=1.0  go_hinge=1.0
Epoch 005/100 | lr: 0.10000 | train: 0.9012 | val: 0.6385
Epoch 010/100 | lr: 0.10000 | train: 0.3252 | val: 0.3222
Epoch 015/100 | lr: 0.10000 | train: 0.2287 | val: 0.2250
Epoch 020/100 | lr: 0.10000 | train: 0.1864 | val: 0.1746
Epoch 025/100 | lr: 0.10000 | train: 0.1460 | val: 0.1597
Epoch 030/100 | lr: 0.10000 | train: 0.1234 | val: 0.1258
Epoch 035/100 | lr: 0.10000 | train: 0.1063 | val: 0.1094
Epoch 040/100 | lr: 0.10000 | train: 0.0871 | val: 0.1000
Stopping: losses below 0.1.
[s0]  loss components: {'dpa': 0.0011, 'gng': 0.0627, 'gng_go': 0.0148, 'gng_nogo': 0.0479, 'baseline': 0.0189, 'aux': 0.0204}
[s0]   after Dual: dpa=1.000 (pair=1.000 unpair=1.000)  gng=1.000 (go=1.000 nogo=1.000)
[s0]  Dual done in 220.0s  final train=0.0871  val=0.1000  dpa=1.000  gng=1.000
[s0]  ┌── params: after Dual
[s0]  │  rank 0: ||m||=238.821  ||n||=113.446  corr(m,n)=+0.829
[s0]  │  rank 1: ||m||=222.295  ||n||=129.364  corr(m,n)=+0.276
[s0]  │  low-rank overlap n^Tm/N (modulates STP E→E): +28.6574  +11.8740
[s0]  │  Wi: ||·||_F=66.907  per-channel=27.00 27.43 27.35 27.74 27.30 27.05
[s0]  └──────────────────────────────────────────────────
[s0] ════════════════════════════════════════════════════════════
[s0]  RUN COMPLETE  2026-07-01 19:09:38  total=707.8s
[s0]  ACCURACY SUMMARY
[s0]    after DPA : dpa=1.000  gng=0.458
[s0]    after GNG : dpa=1.000  gng=1.000
[s0]    after Dual: dpa=1.000  gng=1.000  dual_dpa=1.000  dual_gng=1.000
[s0] ════════════════════════════════════════════════════════════
