[s4_random] ════════════════════════════════════════════════════════════
[s4_random]  RUN START  2026-06-05 17:17:28
[s4_random]  run_id=s4_random  seed=4  device=cuda:1
[s4_random]  arch:  hidden=512  rank=2  gain=1.0  input_size=7  params=6,144
[s4_random]  task:  cue_on_go=True  rwd=True  rwd_scale=1.0  freeze_input_stages=['gng', 'dual']  init=random
[s4_random]  dynamics: alpha=0.0750  alpha_rec=0.1000  dt=0.0225  tau=0.3  tau_rec_frac=0.75
[s4_random]  noise:  input_sigma=0.3732 (×1.0)  model_sigma=0.3732 (×1.0)
[s4_random]  optim:  lr=0.01  wd=0.01  batch=64  n_batch=516  clip=None
[s4_random]  epochs: dpa=200  gng=200  dual=200  loss=separated
[s4_random]  shapes: m[512, 2]  n[512, 2]  Wi[512, 7]
[s4_random]  ┌── params: init
[s4_random]  │  rank 0: ||m||=22.881  ||n||=22.605  corr(m,n)=+0.032
[s4_random]  │  rank 1: ||m||=21.856  ||n||=21.161  corr(m,n)=-0.015
[s4_random]  │  κ-Jacobian eigvals (gain·n^Tm/N): +0.0282  -0.0090
[s4_random]  │  Wi: ||·||_F=59.728  per-channel=22.05 23.03 22.37 22.64 22.42 22.96 22.55
[s4_random]  └──────────────────────────────────────────────────
[s4_random] ────────────────────────────────────────────────────────────
[s4_random]  STAGE: DPA   device=cuda:1   epochs=200
[s4_random] ────────────────────────────────────────────────────────────
[s4_random]  data: [516, 444, 7] → [516, 444, 2]
Epoch 005/200 | lr: 0.01000 | train: 1.9696 | val: 1.9578
Epoch 010/200 | lr: 0.01000 | train: 1.7494 | val: 1.6076
Epoch 015/200 | lr: 0.01000 | train: 1.0457 | val: 1.0363
Epoch 020/200 | lr: 0.01000 | train: 1.0063 | val: 0.9979
Epoch 025/200 | lr: 0.01000 | train: 0.9737 | val: 0.9568
Epoch 030/200 | lr: 0.01000 | train: 0.9079 | val: 0.8846
Epoch 035/200 | lr: 0.01000 | train: 0.7915 | val: 0.7438
Epoch 040/200 | lr: 0.01000 | train: 0.5657 | val: 0.5212
Epoch 045/200 | lr: 0.01000 | train: 0.4256 | val: 0.4159
Epoch 050/200 | lr: 0.01000 | train: 0.3775 | val: 0.3689
Epoch 055/200 | lr: 0.01000 | train: 0.3846 | val: 0.3696
Epoch 060/200 | lr: 0.01000 | train: 0.3338 | val: 0.3037
Epoch 065/200 | lr: 0.01000 | train: 0.2931 | val: 0.3163
Epoch 070/200 | lr: 0.01000 | train: 0.2584 | val: 0.2811
Epoch 075/200 | lr: 0.01000 | train: 0.2359 | val: 0.2178
Epoch 080/200 | lr: 0.01000 | train: 0.2112 | val: 0.2453
Epoch 085/200 | lr: 0.01000 | train: 0.1825 | val: 0.1588
Epoch 090/200 | lr: 0.01000 | train: 0.1658 | val: 0.1688
Epoch 095/200 | lr: 0.00500 | train: 0.1424 | val: 0.1430
Epoch 100/200 | lr: 0.00500 | train: 0.1352 | val: 0.1394
Epoch 105/200 | lr: 0.00500 | train: 0.1361 | val: 0.1266
Epoch 110/200 | lr: 0.00250 | train: 0.1341 | val: 0.1236
Epoch 115/200 | lr: 0.00250 | train: 0.1251 | val: 0.1250
Epoch 120/200 | lr: 0.00125 | train: 0.1183 | val: 0.1198
Epoch 125/200 | lr: 0.00063 | train: 0.1192 | val: 0.1139
Epoch 130/200 | lr: 0.00063 | train: 0.1174 | val: 0.1258
Epoch 135/200 | lr: 0.00031 | train: 0.1203 | val: 0.1172
Epoch 140/200 | lr: 0.00016 | train: 0.1180 | val: 0.1222
Epoch 145/200 | lr: 0.00016 | train: 0.1223 | val: 0.1106
Epoch 150/200 | lr: 0.00008 | train: 0.1172 | val: 0.1132
Epoch 155/200 | lr: 0.00004 | train: 0.1194 | val: 0.1198
Epoch 160/200 | lr: 0.00002 | train: 0.1160 | val: 0.1139
Epoch 165/200 | lr: 0.00001 | train: 0.1149 | val: 0.1050
Epoch 170/200 | lr: 0.00001 | train: 0.1193 | val: 0.1187
Epoch 175/200 | lr: 0.00001 | train: 0.1172 | val: 0.1172
Epoch 180/200 | lr: 0.00001 | train: 0.1164 | val: 0.1165
Epoch 185/200 | lr: 0.00001 | train: 0.1156 | val: 0.1091
Epoch 190/200 | lr: 0.00001 | train: 0.1198 | val: 0.1175
Epoch 195/200 | lr: 0.00001 | train: 0.1217 | val: 0.1272
Epoch 200/200 | lr: 0.00001 | train: 0.1206 | val: 0.1228
[s4_random]   after DPA: dpa=0.997  gng=0.562
[s4_random]  DPA done in 1760.5s  final train=0.1206  val=0.1228  dpa=0.997  gng=0.562
[s4_random]  ┌── params: after DPA
[s4_random]  │  rank 0: ||m||=44.084  ||n||=38.843  corr(m,n)=+0.826
[s4_random]  │  rank 1: ||m||=35.942  ||n||=49.359  corr(m,n)=+0.825
[s4_random]  │  κ-Jacobian eigvals (gain·n^Tm/N): +2.8117+0.0815j  +2.8117-0.0815j
[s4_random]  │  Wi: ||·||_F=73.587  per-channel=24.98 24.07 39.18 45.77 10.15 11.74 18.45
[s4_random]  └──────────────────────────────────────────────────
[s4_random] ────────────────────────────────────────────────────────────
[s4_random]  STAGE: GNG   device=cuda:1   epochs=200
[s4_random]  freeze recurrent cols: [0]
[s4_random]  freeze input dims:     [0, 1, 2, 3, 4, 5, 6]
[s4_random] ────────────────────────────────────────────────────────────
[s4_random]  data: [516, 266, 7] → [516, 266, 2]
Epoch 005/200 | lr: 0.01000 | train: 0.8958 | val: 0.8217
Epoch 010/200 | lr: 0.01000 | train: 0.8104 | val: 0.7275
Epoch 015/200 | lr: 0.01000 | train: 0.7542 | val: 0.6827
Epoch 020/200 | lr: 0.01000 | train: 0.6526 | val: 0.5734
Epoch 025/200 | lr: 0.01000 | train: 0.5967 | val: 0.4869
Epoch 030/200 | lr: 0.01000 | train: 0.5323 | val: 0.4699
Epoch 035/200 | lr: 0.01000 | train: 0.4571 | val: 0.4020
Epoch 040/200 | lr: 0.01000 | train: 0.4458 | val: 0.3770
Epoch 045/200 | lr: 0.01000 | train: 0.3966 | val: 0.3064
Epoch 050/200 | lr: 0.01000 | train: 0.3646 | val: 0.2874
Epoch 055/200 | lr: 0.01000 | train: 0.3007 | val: 0.2489
Epoch 060/200 | lr: 0.01000 | train: 0.3124 | val: 0.2473
Epoch 065/200 | lr: 0.01000 | train: 0.2579 | val: 0.1796
Epoch 070/200 | lr: 0.01000 | train: 0.2384 | val: 0.1896
Epoch 075/200 | lr: 0.01000 | train: 0.2156 | val: 0.1842
Epoch 080/200 | lr: 0.01000 | train: 0.1965 | val: 0.1578
Epoch 085/200 | lr: 0.01000 | train: 0.1824 | val: 0.1876
Epoch 090/200 | lr: 0.00500 | train: 0.1717 | val: 0.1728
Epoch 095/200 | lr: 0.00250 | train: 0.1673 | val: 0.1706
Epoch 100/200 | lr: 0.00250 | train: 0.1566 | val: 0.1406
Epoch 105/200 | lr: 0.00125 | train: 0.1550 | val: 0.1189
Epoch 110/200 | lr: 0.00063 | train: 0.1586 | val: 0.1440
Epoch 115/200 | lr: 0.00031 | train: 0.1564 | val: 0.1225
Epoch 120/200 | lr: 0.00031 | train: 0.1549 | val: 0.1260
Epoch 125/200 | lr: 0.00016 | train: 0.1608 | val: 0.1564
Epoch 130/200 | lr: 0.00016 | train: 0.1582 | val: 0.1435
Epoch 135/200 | lr: 0.00008 | train: 0.1572 | val: 0.1465
Epoch 140/200 | lr: 0.00008 | train: 0.1407 | val: 0.1331
Epoch 145/200 | lr: 0.00004 | train: 0.1379 | val: 0.1524
Epoch 150/200 | lr: 0.00002 | train: 0.1622 | val: 0.1405
Epoch 155/200 | lr: 0.00001 | train: 0.1589 | val: 0.1358
Epoch 160/200 | lr: 0.00001 | train: 0.1486 | val: 0.1174
Epoch 165/200 | lr: 0.00001 | train: 0.1490 | val: 0.1265
Epoch 170/200 | lr: 0.00001 | train: 0.1642 | val: 0.1346
Epoch 175/200 | lr: 0.00001 | train: 0.1531 | val: 0.1275
Epoch 180/200 | lr: 0.00001 | train: 0.1514 | val: 0.1273
Epoch 185/200 | lr: 0.00001 | train: 0.1481 | val: 0.1255
Epoch 190/200 | lr: 0.00001 | train: 0.1574 | val: 0.1271
Epoch 195/200 | lr: 0.00001 | train: 0.1603 | val: 0.1164
Epoch 200/200 | lr: 0.00001 | train: 0.1630 | val: 0.1255
[s4_random]   after GNG: dpa=0.837  gng=0.961
[s4_random]  GNG done in 1094.1s  final train=0.1630  val=0.1255  dpa=0.837  gng=0.961
[s4_random]  ┌── params: after GNG
[s4_random]  │  rank 0: ||m||=44.084  ||n||=38.843  corr(m,n)=+0.826
[s4_random]  │  rank 1: ||m||=41.662  ||n||=58.254  corr(m,n)=+0.602
[s4_random]  │  κ-Jacobian eigvals (gain·n^Tm/N): +2.6419  +2.9772
[s4_random]  │  Wi: ||·||_F=73.587  per-channel=24.98 24.07 39.18 45.77 10.15 11.74 18.45
[s4_random]  └──────────────────────────────────────────────────
[s4_random] ────────────────────────────────────────────────────────────
[s4_random]  STAGE: Dual   device=cuda:1   epochs=200
[s4_random]  freeze recurrent cols: [0]
[s4_random]  freeze input dims:     [0, 1, 2, 3, 4, 5, 6]
[s4_random] ────────────────────────────────────────────────────────────
[s4_random]  data: [516, 444, 7] → [516, 444, 2]
[s4_random]  loss=separated  dpa_w=1.0  gng_w=1.0  aux_w=1.0  bl_w=1.0
Epoch 005/200 | lr: 0.01000 | train: 0.9388 | val: 0.9716
Epoch 010/200 | lr: 0.01000 | train: 0.8851 | val: 0.9498
Epoch 015/200 | lr: 0.01000 | train: 0.8450 | val: 0.8392
Epoch 020/200 | lr: 0.01000 | train: 0.8082 | val: 0.8817
Epoch 025/200 | lr: 0.01000 | train: 0.7678 | val: 0.8329
Epoch 030/200 | lr: 0.01000 | train: 0.7601 | val: 0.7642
Epoch 035/200 | lr: 0.01000 | train: 0.7190 | val: 0.7281
Epoch 040/200 | lr: 0.01000 | train: 0.6928 | val: 0.7190
Epoch 045/200 | lr: 0.01000 | train: 0.6496 | val: 0.6540
Epoch 050/200 | lr: 0.01000 | train: 0.6533 | val: 0.6956
Epoch 055/200 | lr: 0.00500 | train: 0.6340 | val: 0.6942
Epoch 060/200 | lr: 0.00250 | train: 0.6142 | val: 0.6827
Epoch 065/200 | lr: 0.00250 | train: 0.6027 | val: 0.6456
Epoch 070/200 | lr: 0.00250 | train: 0.6053 | val: 0.6912
Epoch 075/200 | lr: 0.00250 | train: 0.6231 | val: 0.6485
Epoch 080/200 | lr: 0.00125 | train: 0.6012 | val: 0.6181
Epoch 085/200 | lr: 0.00125 | train: 0.6034 | val: 0.6533
Epoch 090/200 | lr: 0.00063 | train: 0.5993 | val: 0.6545
Epoch 095/200 | lr: 0.00031 | train: 0.6000 | val: 0.6089
Epoch 100/200 | lr: 0.00031 | train: 0.5972 | val: 0.6038
Epoch 105/200 | lr: 0.00031 | train: 0.5852 | val: 0.6309
Epoch 110/200 | lr: 0.00016 | train: 0.6042 | val: 0.6127
Epoch 115/200 | lr: 0.00008 | train: 0.5955 | val: 0.6741
Epoch 120/200 | lr: 0.00004 | train: 0.6136 | val: 0.6499
Epoch 125/200 | lr: 0.00002 | train: 0.6002 | val: 0.6452
Epoch 130/200 | lr: 0.00001 | train: 0.5935 | val: 0.6303
Epoch 135/200 | lr: 0.00001 | train: 0.5926 | val: 0.6261
Epoch 140/200 | lr: 0.00001 | train: 0.5965 | val: 0.6458
Epoch 145/200 | lr: 0.00001 | train: 0.5941 | val: 0.6496
Epoch 150/200 | lr: 0.00001 | train: 0.5991 | val: 0.6153
Epoch 155/200 | lr: 0.00001 | train: 0.6144 | val: 0.6216
Epoch 160/200 | lr: 0.00001 | train: 0.6144 | val: 0.6238
Epoch 165/200 | lr: 0.00001 | train: 0.6004 | val: 0.6402
Epoch 170/200 | lr: 0.00001 | train: 0.6011 | val: 0.6378
Epoch 175/200 | lr: 0.00001 | train: 0.5927 | val: 0.6382
Epoch 180/200 | lr: 0.00001 | train: 0.5927 | val: 0.6393
Epoch 185/200 | lr: 0.00001 | train: 0.6154 | val: 0.6360
Epoch 190/200 | lr: 0.00001 | train: 0.6008 | val: 0.6249
Epoch 195/200 | lr: 0.00001 | train: 0.5909 | val: 0.6420
Epoch 200/200 | lr: 0.00001 | train: 0.5969 | val: 0.6346
[s4_random]  loss components: {'dpa': 0.1781, 'gng': 0.417, 'baseline': 0.0233, 'aux': 0.0163}
[s4_random]   after Dual: dpa=0.992  gng=0.907
[s4_random]  Dual done in 1379.2s  final train=0.5969  val=0.6346  dpa=0.992  gng=0.907
[s4_random]  ┌── params: after Dual
[s4_random]  │  rank 0: ||m||=44.084  ||n||=38.843  corr(m,n)=+0.826
[s4_random]  │  rank 1: ||m||=33.084  ||n||=67.583  corr(m,n)=+0.653
[s4_random]  │  κ-Jacobian eigvals (gain·n^Tm/N): +2.6437  +2.9702
[s4_random]  │  Wi: ||·||_F=73.587  per-channel=24.98 24.07 39.18 45.77 10.15 11.74 18.45
[s4_random]  └──────────────────────────────────────────────────
[s4_random] ════════════════════════════════════════════════════════════
[s4_random]  RUN COMPLETE  2026-06-05 18:28:02  total=4236.0s
[s4_random]  ACCURACY SUMMARY
[s4_random]    after DPA : dpa=0.997  gng=0.562
[s4_random]    after GNG : dpa=0.837  gng=0.961
[s4_random]    after Dual: dpa=0.992  gng=0.907  dual_dpa=0.993  dual_gng=0.845
[s4_random] ════════════════════════════════════════════════════════════
