[s4] ════════════════════════════════════════════════════════════
[s4]  RUN START  2026-07-01 19:44:06
[s4]  run_id=s4  seed=4  device=cuda:0
[s4]  arch:  N=1000 (E=750 I=250)  K=125 (prob 0.167)  rank=2  gain=1.0  input_size=6  params=3,000
[s4]  task:  cue_on_go=True  rwd=False  rwd_scale=1.0  freeze_input_stages=['dual']  init=random
[s4]  dynamics: dt=0.0225  tau=(0.4, 0.2)s  tau_syn=(0.2, 0.1)s  STP(use=0.05 tau_fac=1.0s tau_rec=0.2s)  j_stp=1.0
[s4]  noise:  input_sigma=0.3732 (×1.0)  model_sigma=0.0000 (×0.0)
[s4]  optim:  lr=0.1  wd=0.01  batch=32  n_batch=256  clip=None
[s4]  epochs: dpa=200  gng=100  dual=100  loss=separated
[s4]  shapes: m[750, 2]  n[750, 2]  Wi[750, 6]
[s4]  ┌── params: init
[s4]  │  rank 0: ||m||=26.666  ||n||=26.666  corr(m,n)=+1.000
[s4]  │  rank 1: ||m||=27.228  ||n||=27.228  corr(m,n)=+1.000
[s4]  │  low-rank overlap n^Tm/N (modulates STP E→E): +0.9330  +1.0035
[s4]  │  Wi: ||·||_F=67.977  per-channel=28.28 26.89 27.67 28.75 27.04 27.83
[s4]  └──────────────────────────────────────────────────
[s4] ────────────────────────────────────────────────────────────
[s4]  STAGE: DPA   device=cuda:0   epochs=200
[s4] ────────────────────────────────────────────────────────────
[s4]  data: [256, 444, 6] → [256, 444, 2]
Epoch 005/200 | lr: 0.10000 | train: 3.5009 | val: 3.5569
Epoch 010/200 | lr: 0.10000 | train: 2.4365 | val: 2.2178
Epoch 015/200 | lr: 0.10000 | train: 0.4271 | val: 0.1844
Stopping: losses below 0.1.
[s4]   after DPA: dpa=1.000 (pair=1.000 unpair=1.000)  gng=0.481 (go=0.131 nogo=0.834)
[s4]  DPA done in 98.8s  final train=0.0593  val=0.0362  dpa=1.000  gng=0.481
[s4]  ┌── params: after DPA
[s4]  │  rank 0: ||m||=244.638  ||n||=116.786  corr(m,n)=+0.767
[s4]  │  rank 1: ||m||=130.428  ||n||=75.579  corr(m,n)=+0.577
[s4]  │  low-rank overlap n^Tm/N (modulates STP E→E): +29.1833  +7.6155
[s4]  │  Wi: ||·||_F=67.977  per-channel=28.28 26.89 27.67 28.75 27.04 27.83
[s4]  └──────────────────────────────────────────────────
[s4] ────────────────────────────────────────────────────────────
[s4]  STAGE: GNG   device=cuda:0   epochs=100
[s4]  freeze recurrent cols: [0]
[s4]  freeze input dims:     [0, 1, 2, 3]
[s4] ────────────────────────────────────────────────────────────
[s4]  data: [256, 266, 6] → [256, 266, 2]
Epoch 005/100 | lr: 0.10000 | train: 0.7755 | val: 0.6342
Epoch 010/100 | lr: 0.10000 | train: 0.5211 | val: 0.4233
Epoch 015/100 | lr: 0.10000 | train: 0.3815 | val: 0.2996
Epoch 020/100 | lr: 0.10000 | train: 0.2791 | val: 0.2125
Epoch 025/100 | lr: 0.10000 | train: 0.1991 | val: 0.1578
Epoch 030/100 | lr: 0.10000 | train: 0.1618 | val: 0.1333
Epoch 035/100 | lr: 0.10000 | train: 0.1248 | val: 0.1043
Epoch 040/100 | lr: 0.10000 | train: 0.0980 | val: 0.0777
Stopping: losses below 0.1.
[s4]   after GNG: dpa=0.648 (pair=0.321 unpair=0.988)  gng=1.000 (go=1.000 nogo=1.000)
[s4]  GNG done in 121.6s  final train=0.0980  val=0.0777  dpa=0.648  gng=1.000
[s4]  ┌── params: after GNG
[s4]  │  rank 0: ||m||=244.638  ||n||=116.786  corr(m,n)=+0.767
[s4]  │  rank 1: ||m||=229.727  ||n||=121.726  corr(m,n)=+0.258
[s4]  │  low-rank overlap n^Tm/N (modulates STP E→E): +21.1419  +17.6850
[s4]  │  Wi: ||·||_F=67.977  per-channel=28.28 26.89 27.67 28.75 27.04 27.83
[s4]  └──────────────────────────────────────────────────
[s4] ────────────────────────────────────────────────────────────
[s4]  STAGE: Dual   device=cuda:0   epochs=100
[s4]  freeze input dims:     [0, 1, 2, 3, 4, 5]
[s4] ────────────────────────────────────────────────────────────
[s4]  data: [256, 444, 6] → [256, 444, 2]
[s4]  loss=separated  dpa_w=1.0  gng_w=1.0  go_w=1.0  nogo_w=1.0  aux_w=1.0  bl_w=1.0  go_hinge=1.0
Epoch 005/100 | lr: 0.10000 | train: 0.8889 | val: 0.7902
Epoch 010/100 | lr: 0.10000 | train: 0.1943 | val: 0.1967
Epoch 015/100 | lr: 0.10000 | train: 0.1031 | val: 0.1284
Epoch 020/100 | lr: 0.10000 | train: 0.0775 | val: 0.1030
Stopping: losses below 0.1.
[s4]  loss components: {'dpa': 0.0037, 'gng': 0.006, 'gng_go': 0.0005, 'gng_nogo': 0.0055, 'baseline': 0.0279, 'aux': 0.0679}
[s4]   after Dual: dpa=1.000 (pair=1.000 unpair=1.000)  gng=1.000 (go=1.000 nogo=1.000)
[s4]  Dual done in 116.3s  final train=0.0739  val=0.0946  dpa=1.000  gng=1.000
[s4]  ┌── params: after Dual
[s4]  │  rank 0: ||m||=247.894  ||n||=123.897  corr(m,n)=+0.827
[s4]  │  rank 1: ||m||=230.389  ||n||=121.211  corr(m,n)=+0.269
[s4]  │  low-rank overlap n^Tm/N (modulates STP E→E): +28.0568  +15.8262
[s4]  │  Wi: ||·||_F=67.977  per-channel=28.28 26.89 27.67 28.75 27.04 27.83
[s4]  └──────────────────────────────────────────────────
[s4] ════════════════════════════════════════════════════════════
[s4]  RUN COMPLETE  2026-07-01 19:49:42  total=337.7s
[s4]  ACCURACY SUMMARY
[s4]    after DPA : dpa=1.000  gng=0.481
[s4]    after GNG : dpa=0.648  gng=1.000
[s4]    after Dual: dpa=1.000  gng=1.000  dual_dpa=1.000  dual_gng=0.988
[s4] ════════════════════════════════════════════════════════════
