[s8_goH1] ════════════════════════════════════════════════════════════
[s8_goH1]  RUN START  2026-06-08 18:36:41
[s8_goH1]  run_id=s8_goH1  seed=8  device=cuda:0
[s8_goH1]  arch:  hidden=512  rank=2  gain=1.0  input_size=7  params=6,144
[s8_goH1]  task:  cue_on_go=True  rwd=True  rwd_scale=1.0  freeze_input_stages=['dual']  init=random
[s8_goH1]  dynamics: alpha=0.0750  alpha_rec=0.1000  dt=0.0225  tau=0.3  tau_rec_frac=0.75
[s8_goH1]  noise:  input_sigma=0.3732 (×1.0)  model_sigma=0.0000 (×0.0)
[s8_goH1]  optim:  lr=0.01  wd=0.01  batch=64  n_batch=516  clip=None
[s8_goH1]  epochs: dpa=100  gng=100  dual=100  loss=separated
[s8_goH1]  shapes: m[512, 2]  n[512, 2]  Wi[512, 7]
[s8_goH1]  ┌── params: init
[s8_goH1]  │  rank 0: ||m||=21.882  ||n||=22.260  corr(m,n)=+0.051
[s8_goH1]  │  rank 1: ||m||=23.191  ||n||=22.746  corr(m,n)=+0.052
[s8_goH1]  │  κ-Jacobian eigvals (gain·n^Tm/N): +0.0400  +0.0614
[s8_goH1]  │  Wi: ||·||_F=58.682  per-channel=22.28 22.71 21.71 21.44 22.33 22.66 22.10
[s8_goH1]  └──────────────────────────────────────────────────
[s8_goH1] ────────────────────────────────────────────────────────────
[s8_goH1]  STAGE: DPA   device=cuda:0   epochs=100
[s8_goH1] ────────────────────────────────────────────────────────────
[s8_goH1]  data: [516, 444, 7] → [516, 444, 2]
Epoch 005/100 | lr: 0.01000 | train: 1.9654 | val: 1.9791
Epoch 010/100 | lr: 0.01000 | train: 1.5632 | val: 1.3712
Epoch 015/100 | lr: 0.01000 | train: 1.0543 | val: 1.0649
Epoch 020/100 | lr: 0.01000 | train: 0.9836 | val: 1.0114
Epoch 025/100 | lr: 0.01000 | train: 0.8918 | val: 0.9346
Epoch 030/100 | lr: 0.01000 | train: 0.6734 | val: 0.7263
Epoch 035/100 | lr: 0.01000 | train: 0.4573 | val: 0.5002
Epoch 040/100 | lr: 0.01000 | train: 0.3444 | val: 0.4228
Epoch 045/100 | lr: 0.01000 | train: 0.2803 | val: 0.3414
Epoch 050/100 | lr: 0.01000 | train: 0.2128 | val: 0.3065
Epoch 055/100 | lr: 0.01000 | train: 0.2012 | val: 0.2422
Epoch 060/100 | lr: 0.01000 | train: 0.1492 | val: 0.2175
Epoch 065/100 | lr: 0.01000 | train: 0.1521 | val: 0.2034
Epoch 070/100 | lr: 0.01000 | train: 0.1122 | val: 0.1805
Epoch 075/100 | lr: 0.00500 | train: 0.0932 | val: 0.1712
Epoch 080/100 | lr: 0.00250 | train: 0.0870 | val: 0.1703
Epoch 085/100 | lr: 0.00250 | train: 0.0837 | val: 0.1653
Epoch 090/100 | lr: 0.00125 | train: 0.0819 | val: 0.1657
Epoch 095/100 | lr: 0.00063 | train: 0.0809 | val: 0.1727
Epoch 100/100 | lr: 0.00031 | train: 0.0803 | val: 0.1682
[s8_goH1]   after DPA: dpa=0.998 (pair=0.998 unpair=0.998)  gng=0.483 (go=0.267 nogo=0.680)
[s8_goH1]  DPA done in 684.6s  final train=0.0803  val=0.1682  dpa=0.998  gng=0.483
[s8_goH1]  ┌── params: after DPA
[s8_goH1]  │  rank 0: ||m||=35.705  ||n||=37.483  corr(m,n)=+0.808
[s8_goH1]  │  rank 1: ||m||=30.934  ||n||=49.768  corr(m,n)=+0.877
[s8_goH1]  │  κ-Jacobian eigvals (gain·n^Tm/N): +2.1143  +2.6347
[s8_goH1]  │  Wi: ||·||_F=59.980  per-channel=19.91 19.37 37.13 32.85 10.78 12.11 10.26
[s8_goH1]  └──────────────────────────────────────────────────
[s8_goH1] ────────────────────────────────────────────────────────────
[s8_goH1]  STAGE: GNG   device=cuda:0   epochs=100
[s8_goH1]  freeze recurrent cols: [0]
[s8_goH1]  freeze input dims:     [0, 1, 2, 3, 6]
[s8_goH1] ────────────────────────────────────────────────────────────
[s8_goH1]  data: [516, 266, 7] → [516, 266, 2]
Epoch 005/100 | lr: 0.01000 | train: 0.2642 | val: 0.2454
Epoch 010/100 | lr: 0.01000 | train: 0.1406 | val: 0.1513
Epoch 015/100 | lr: 0.01000 | train: 0.1114 | val: 0.1241
Epoch 020/100 | lr: 0.01000 | train: 0.0967 | val: 0.1070
Stopping: losses below 0.1.
[s8_goH1]   after GNG: dpa=1.000 (pair=1.000 unpair=1.000)  gng=0.994 (go=1.000 nogo=0.988)
[s8_goH1]  GNG done in 85.3s  final train=0.0900  val=0.0982  dpa=1.000  gng=0.994
[s8_goH1]  ┌── params: after GNG
[s8_goH1]  │  rank 0: ||m||=35.705  ||n||=37.483  corr(m,n)=+0.808
[s8_goH1]  │  rank 1: ||m||=27.839  ||n||=48.776  corr(m,n)=+0.851
[s8_goH1]  │  κ-Jacobian eigvals (gain·n^Tm/N): +2.1115  +2.2587
[s8_goH1]  │  Wi: ||·||_F=60.694  per-channel=19.91 19.37 37.13 32.85 12.04 14.28 10.26
[s8_goH1]  └──────────────────────────────────────────────────
[s8_goH1] ────────────────────────────────────────────────────────────
[s8_goH1]  STAGE: Dual   device=cuda:0   epochs=100
[s8_goH1]  freeze recurrent cols: [0]
[s8_goH1]  freeze input dims:     [0, 1, 2, 3, 4, 5, 6]
[s8_goH1] ────────────────────────────────────────────────────────────
[s8_goH1]  data: [516, 444, 7] → [516, 444, 2]
[s8_goH1]  loss=separated  dpa_w=1.0  gng_w=1.0  go_w=1.0  nogo_w=2.0  aux_w=1.0  bl_w=1.0  go_hinge=1.0
Epoch 005/100 | lr: 0.01000 | train: 0.5500 | val: 0.5602
Epoch 010/100 | lr: 0.01000 | train: 0.5160 | val: 0.5348
Epoch 015/100 | lr: 0.01000 | train: 0.4775 | val: 0.5032
Epoch 020/100 | lr: 0.01000 | train: 0.4591 | val: 0.4725
Epoch 025/100 | lr: 0.01000 | train: 0.4377 | val: 0.4359
Epoch 030/100 | lr: 0.01000 | train: 0.3890 | val: 0.4217
Epoch 035/100 | lr: 0.01000 | train: 0.3759 | val: 0.3904
Epoch 040/100 | lr: 0.01000 | train: 0.3764 | val: 0.3661
Epoch 045/100 | lr: 0.01000 | train: 0.3323 | val: 0.3599
Epoch 050/100 | lr: 0.01000 | train: 0.3134 | val: 0.3350
Epoch 055/100 | lr: 0.01000 | train: 0.2927 | val: 0.3277
Epoch 060/100 | lr: 0.01000 | train: 0.2946 | val: 0.3090
Epoch 065/100 | lr: 0.01000 | train: 0.2742 | val: 0.2985
Epoch 070/100 | lr: 0.01000 | train: 0.2695 | val: 0.2804
Epoch 075/100 | lr: 0.01000 | train: 0.2470 | val: 0.2883
Epoch 080/100 | lr: 0.01000 | train: 0.2419 | val: 0.2690
Epoch 085/100 | lr: 0.01000 | train: 0.2319 | val: 0.2546
Epoch 090/100 | lr: 0.01000 | train: 0.2229 | val: 0.2465
Epoch 095/100 | lr: 0.01000 | train: 0.2152 | val: 0.2360
Epoch 100/100 | lr: 0.01000 | train: 0.2094 | val: 0.2259
[s8_goH1]  loss components: {'dpa': 0.1604, 'gng': 0.0751, 'gng_go': 0.0601, 'gng_nogo': 0.0075, 'baseline': 0.013, 'aux': 0.0147}
[s8_goH1]   after Dual: dpa=0.997 (pair=0.994 unpair=1.000)  gng=0.999 (go=0.998 nogo=1.000)
[s8_goH1]  Dual done in 608.5s  final train=0.2094  val=0.2259  dpa=0.997  gng=0.999
[s8_goH1]  ┌── params: after Dual
[s8_goH1]  │  rank 0: ||m||=35.705  ||n||=37.483  corr(m,n)=+0.808
[s8_goH1]  │  rank 1: ||m||=24.880  ||n||=66.605  corr(m,n)=+0.736
[s8_goH1]  │  κ-Jacobian eigvals (gain·n^Tm/N): +2.0828  +2.4102
[s8_goH1]  │  Wi: ||·||_F=60.694  per-channel=19.91 19.37 37.13 32.85 12.04 14.28 10.26
[s8_goH1]  └──────────────────────────────────────────────────
[s8_goH1] ════════════════════════════════════════════════════════════
[s8_goH1]  RUN COMPLETE  2026-06-08 18:59:39  total=1380.3s
[s8_goH1]  ACCURACY SUMMARY
[s8_goH1]    after DPA : dpa=0.998  gng=0.483
[s8_goH1]    after GNG : dpa=1.000  gng=0.994
[s8_goH1]    after Dual: dpa=0.997  gng=0.999  dual_dpa=0.994  dual_gng=0.991
[s8_goH1] ════════════════════════════════════════════════════════════
