[s6_fixedW] ════════════════════════════════════════════════════════════
[s6_fixedW]  RUN START  2026-06-08 16:37:48
[s6_fixedW]  run_id=s6_fixedW  seed=6  device=cuda:0
[s6_fixedW]  arch:  hidden=512  rank=2  gain=1.0  input_size=7  params=6,144
[s6_fixedW]  task:  cue_on_go=True  rwd=True  rwd_scale=1.0  freeze_input_stages=['dual']  init=random
[s6_fixedW]  dynamics: alpha=0.0750  alpha_rec=0.1000  dt=0.0225  tau=0.3  tau_rec_frac=0.75
[s6_fixedW]  noise:  input_sigma=0.3732 (×1.0)  model_sigma=0.0000 (×0.0)
[s6_fixedW]  optim:  lr=0.01  wd=0.01  batch=64  n_batch=516  clip=None
[s6_fixedW]  epochs: dpa=100  gng=100  dual=100  loss=separated
[s6_fixedW]  shapes: m[512, 2]  n[512, 2]  Wi[512, 7]
[s6_fixedW]  ┌── params: init
[s6_fixedW]  │  rank 0: ||m||=23.754  ||n||=22.561  corr(m,n)=+0.074
[s6_fixedW]  │  rank 1: ||m||=21.713  ||n||=23.345  corr(m,n)=-0.005
[s6_fixedW]  │  κ-Jacobian eigvals (gain·n^Tm/N): +0.0778  -0.0054
[s6_fixedW]  │  Wi: ||·||_F=60.072  per-channel=23.10 21.97 23.40 22.89 22.22 23.84 21.41
[s6_fixedW]  └──────────────────────────────────────────────────
[s6_fixedW] ────────────────────────────────────────────────────────────
[s6_fixedW]  STAGE: DPA   device=cuda:0   epochs=100
[s6_fixedW] ────────────────────────────────────────────────────────────
[s6_fixedW]  data: [516, 444, 7] → [516, 444, 2]
Epoch 005/100 | lr: 0.01000 | train: 1.9404 | val: 1.9337
Epoch 010/100 | lr: 0.01000 | train: 1.2514 | val: 1.2303
Epoch 015/100 | lr: 0.01000 | train: 0.9998 | val: 0.9831
Epoch 020/100 | lr: 0.01000 | train: 0.8824 | val: 0.8664
Epoch 025/100 | lr: 0.01000 | train: 0.7118 | val: 0.7019
Epoch 030/100 | lr: 0.01000 | train: 0.4423 | val: 0.4360
Epoch 035/100 | lr: 0.01000 | train: 0.3510 | val: 0.3570
Epoch 040/100 | lr: 0.01000 | train: 0.2905 | val: 0.5398
Epoch 045/100 | lr: 0.00500 | train: 0.2622 | val: 0.2671
Epoch 050/100 | lr: 0.00500 | train: 0.2092 | val: 0.2182
Epoch 055/100 | lr: 0.00500 | train: 0.2358 | val: 0.2410
Epoch 060/100 | lr: 0.00250 | train: 0.2113 | val: 0.2234
Epoch 065/100 | lr: 0.00250 | train: 0.1967 | val: 0.2138
Epoch 070/100 | lr: 0.00250 | train: 0.1860 | val: 0.2093
Epoch 075/100 | lr: 0.00250 | train: 0.1758 | val: 0.1973
Epoch 080/100 | lr: 0.00250 | train: 0.1731 | val: 0.1914
Epoch 085/100 | lr: 0.00125 | train: 0.1620 | val: 0.2025
Epoch 090/100 | lr: 0.00125 | train: 0.1579 | val: 0.1968
Epoch 095/100 | lr: 0.00063 | train: 0.1560 | val: 0.1940
Epoch 100/100 | lr: 0.00031 | train: 0.1548 | val: 0.1947
[s6_fixedW]   after DPA: dpa=0.983  gng=0.513
[s6_fixedW]  DPA done in 813.3s  final train=0.1548  val=0.1947  dpa=0.983  gng=0.513
[s6_fixedW]  ┌── params: after DPA
[s6_fixedW]  │  rank 0: ||m||=33.090  ||n||=37.021  corr(m,n)=+0.780
[s6_fixedW]  │  rank 1: ||m||=38.125  ||n||=41.349  corr(m,n)=+0.776
[s6_fixedW]  │  κ-Jacobian eigvals (gain·n^Tm/N): +2.1283+0.3451j  +2.1283-0.3451j
[s6_fixedW]  │  Wi: ||·||_F=53.428  per-channel=18.16 18.22 29.97 28.63 11.56 12.00 14.05
[s6_fixedW]  └──────────────────────────────────────────────────
[s6_fixedW] ────────────────────────────────────────────────────────────
[s6_fixedW]  STAGE: GNG   device=cuda:0   epochs=100
[s6_fixedW]  freeze recurrent cols: [0]
[s6_fixedW]  freeze input dims:     [0, 1, 2, 3, 6]
[s6_fixedW] ────────────────────────────────────────────────────────────
[s6_fixedW]  data: [516, 266, 7] → [516, 266, 2]
Epoch 005/100 | lr: 0.01000 | train: 0.1680 | val: 0.1479
Stopping: losses below 0.1.
[s6_fixedW]   after GNG: dpa=0.867  gng=0.998
[s6_fixedW]  GNG done in 46.1s  final train=0.0951  val=0.0895  dpa=0.867  gng=0.998
[s6_fixedW]  ┌── params: after GNG
[s6_fixedW]  │  rank 0: ||m||=33.090  ||n||=37.021  corr(m,n)=+0.780
[s6_fixedW]  │  rank 1: ||m||=37.080  ||n||=42.338  corr(m,n)=+0.787
[s6_fixedW]  │  κ-Jacobian eigvals (gain·n^Tm/N): +2.1394+0.2598j  +2.1394-0.2598j
[s6_fixedW]  │  Wi: ||·||_F=54.112  per-channel=18.16 18.22 29.97 28.63 12.61 13.87 14.05
[s6_fixedW]  └──────────────────────────────────────────────────
[s6_fixedW] ────────────────────────────────────────────────────────────
[s6_fixedW]  STAGE: Dual   device=cuda:0   epochs=100
[s6_fixedW]  freeze recurrent cols: [0]
[s6_fixedW]  freeze input dims:     [0, 1, 2, 3, 4, 5, 6]
[s6_fixedW] ────────────────────────────────────────────────────────────
[s6_fixedW]  data: [516, 444, 7] → [516, 444, 2]
[s6_fixedW]  loss=separated  dpa_w=1.0  gng_w=1.0  go_w=1.0  nogo_w=2.0  aux_w=1.0  bl_w=1.0
Epoch 005/100 | lr: 0.01000 | train: 0.7808 | val: 0.7081
Epoch 010/100 | lr: 0.01000 | train: 0.6750 | val: 0.6226
Epoch 015/100 | lr: 0.01000 | train: 0.6359 | val: 0.5928
Epoch 020/100 | lr: 0.01000 | train: 0.6068 | val: 0.5756
Epoch 025/100 | lr: 0.01000 | train: 0.5794 | val: 0.5599
Epoch 030/100 | lr: 0.01000 | train: 0.5516 | val: 0.5239
Epoch 035/100 | lr: 0.01000 | train: 0.5223 | val: 0.4945
Epoch 040/100 | lr: 0.01000 | train: 0.4908 | val: 0.4757
Epoch 045/100 | lr: 0.01000 | train: 0.4635 | val: 0.4415
Epoch 050/100 | lr: 0.01000 | train: 0.4266 | val: 0.4380
Epoch 055/100 | lr: 0.01000 | train: 0.3898 | val: 0.3870
Epoch 060/100 | lr: 0.01000 | train: 0.3669 | val: 0.3775
Epoch 065/100 | lr: 0.01000 | train: 0.3397 | val: 0.3445
Epoch 070/100 | lr: 0.01000 | train: 0.3095 | val: 0.3466
Epoch 075/100 | lr: 0.01000 | train: 0.2891 | val: 0.3067
Epoch 080/100 | lr: 0.01000 | train: 0.2785 | val: 0.2746
Epoch 085/100 | lr: 0.01000 | train: 0.2463 | val: 0.2777
Epoch 090/100 | lr: 0.01000 | train: 0.2297 | val: 0.2520
Epoch 095/100 | lr: 0.01000 | train: 0.2130 | val: 0.2522
Epoch 100/100 | lr: 0.01000 | train: 0.1979 | val: 0.2205
[s6_fixedW]  loss components: {'dpa': 0.173, 'gng': 0.0253, 'gng_go': 0.0224, 'gng_nogo': 0.0015, 'baseline': 0.0111, 'aux': 0.0082}
[s6_fixedW]   after Dual: dpa=0.993  gng=1.000
[s6_fixedW]  Dual done in 704.0s  final train=0.1979  val=0.2205  dpa=0.993  gng=1.000
[s6_fixedW]  ┌── params: after Dual
[s6_fixedW]  │  rank 0: ||m||=33.090  ||n||=37.021  corr(m,n)=+0.780
[s6_fixedW]  │  rank 1: ||m||=34.541  ||n||=57.915  corr(m,n)=+0.607
[s6_fixedW]  │  κ-Jacobian eigvals (gain·n^Tm/N): +1.9381  +2.3007
[s6_fixedW]  │  Wi: ||·||_F=54.112  per-channel=18.16 18.22 29.97 28.63 12.61 13.87 14.05
[s6_fixedW]  └──────────────────────────────────────────────────
[s6_fixedW] ════════════════════════════════════════════════════════════
[s6_fixedW]  RUN COMPLETE  2026-06-08 17:03:52  total=1565.7s
[s6_fixedW]  ACCURACY SUMMARY
[s6_fixedW]    after DPA : dpa=0.983  gng=0.513
[s6_fixedW]    after GNG : dpa=0.867  gng=0.998
[s6_fixedW]    after Dual: dpa=0.993  gng=1.000  dual_dpa=0.995  dual_gng=0.996
[s6_fixedW] ════════════════════════════════════════════════════════════
