[s4_noSched] ════════════════════════════════════════════════════════════
[s4_noSched]  RUN START  2026-06-08 22:40:15
[s4_noSched]  run_id=s4_noSched  seed=4  device=cuda:0
[s4_noSched]  arch:  hidden=512  rank=2  gain=1.0  input_size=7  params=6,144
[s4_noSched]  task:  cue_on_go=True  rwd=True  rwd_scale=1.0  freeze_input_stages=['gng', 'dual']  init=random
[s4_noSched]  dynamics: alpha=0.0750  alpha_rec=0.1000  dt=0.0225  tau=0.3  tau_rec_frac=0.75
[s4_noSched]  noise:  input_sigma=0.3732 (×1.0)  model_sigma=0.0000 (×0.0)
[s4_noSched]  optim:  lr=0.01  wd=0.01  batch=64  n_batch=516  clip=None
[s4_noSched]  epochs: dpa=100  gng=100  dual=100  loss=separated
[s4_noSched]  shapes: m[512, 2]  n[512, 2]  Wi[512, 7]
[s4_noSched]  ┌── params: init
[s4_noSched]  │  rank 0: ||m||=22.881  ||n||=22.605  corr(m,n)=+0.032
[s4_noSched]  │  rank 1: ||m||=21.856  ||n||=21.161  corr(m,n)=-0.015
[s4_noSched]  │  κ-Jacobian eigvals (gain·n^Tm/N): +0.0282  -0.0090
[s4_noSched]  │  Wi: ||·||_F=59.728  per-channel=22.05 23.03 22.37 22.64 22.42 22.96 22.55
[s4_noSched]  └──────────────────────────────────────────────────
[s4_noSched]  DPA: loading checkpoint from results/dual/sweep_frzGNG/s4_frzGNG/dpa_s4_frzGNG.pth
[s4_noSched]   after DPA: dpa=0.997 (pair=0.998 unpair=0.996)  gng=0.523 (go=0.000 nogo=1.000)
[s4_noSched]  DPA done in 1.5s  (checkpoint)  dpa=0.997  gng=0.523
[s4_noSched]  ┌── params: after DPA
[s4_noSched]  │  rank 0: ||m||=35.334  ||n||=35.975  corr(m,n)=+0.791
[s4_noSched]  │  rank 1: ||m||=40.528  ||n||=42.517  corr(m,n)=+0.798
[s4_noSched]  │  κ-Jacobian eigvals (gain·n^Tm/N): +2.3241+0.4974j  +2.3241-0.4974j
[s4_noSched]  │  Wi: ||·||_F=64.535  per-channel=18.88 18.46 30.47 35.95 22.42 22.96 14.73
[s4_noSched]  └──────────────────────────────────────────────────
[s4_noSched] ────────────────────────────────────────────────────────────
[s4_noSched]  STAGE: GNG   device=cuda:0   epochs=100
[s4_noSched]  freeze recurrent cols: [0]
[s4_noSched]  freeze input dims:     [0, 1, 2, 3, 4, 5, 6]
[s4_noSched] ────────────────────────────────────────────────────────────
[s4_noSched]  data: [516, 266, 7] → [516, 266, 2]
Epoch 005/100 | lr: 0.01000 | train: 0.7743 | val: 0.6960
Epoch 010/100 | lr: 0.01000 | train: 0.3797 | val: 0.3850
Epoch 015/100 | lr: 0.01000 | train: 0.2606 | val: 0.2560
Epoch 020/100 | lr: 0.01000 | train: 0.1996 | val: 0.2074
Epoch 025/100 | lr: 0.01000 | train: 0.1663 | val: 0.1635
Epoch 030/100 | lr: 0.01000 | train: 0.1429 | val: 0.1365
Epoch 035/100 | lr: 0.01000 | train: 0.1244 | val: 0.1137
Epoch 040/100 | lr: 0.01000 | train: 0.1094 | val: 0.1008
Epoch 045/100 | lr: 0.01000 | train: 0.1002 | val: 0.0934
Stopping: losses below 0.1.
[s4_noSched]   after GNG: dpa=0.536 (pair=0.522 unpair=0.552)  gng=0.999 (go=1.000 nogo=0.998)
[s4_noSched]  GNG done in 209.3s  final train=0.0967  val=0.0888  dpa=0.536  gng=0.999
[s4_noSched]  ┌── params: after GNG
[s4_noSched]  │  rank 0: ||m||=35.334  ||n||=35.975  corr(m,n)=+0.791
[s4_noSched]  │  rank 1: ||m||=39.055  ||n||=46.838  corr(m,n)=+0.775
[s4_noSched]  │  κ-Jacobian eigvals (gain·n^Tm/N): +2.3654+0.4800j  +2.3654-0.4800j
[s4_noSched]  │  Wi: ||·||_F=64.535  per-channel=18.88 18.46 30.47 35.95 22.42 22.96 14.73
[s4_noSched]  └──────────────────────────────────────────────────
[s4_noSched] ────────────────────────────────────────────────────────────
[s4_noSched]  STAGE: Dual   device=cuda:0   epochs=100
[s4_noSched]  freeze recurrent cols: [0]
[s4_noSched]  freeze input dims:     [0, 1, 2, 3, 4, 5, 6]
[s4_noSched] ────────────────────────────────────────────────────────────
[s4_noSched]  data: [516, 444, 7] → [516, 444, 2]
[s4_noSched]  loss=separated  dpa_w=1.0  gng_w=1.0  go_w=1.0  nogo_w=2.0  aux_w=1.0  bl_w=1.0  go_hinge=1.0
Epoch 005/100 | lr: 0.01000 | train: 0.8256 | val: 0.7487
Epoch 010/100 | lr: 0.01000 | train: 0.7779 | val: 0.7133
Epoch 015/100 | lr: 0.01000 | train: 0.7498 | val: 0.6785
Epoch 020/100 | lr: 0.01000 | train: 0.7249 | val: 0.6661
Epoch 025/100 | lr: 0.01000 | train: 0.7095 | val: 0.6392
Epoch 030/100 | lr: 0.01000 | train: 0.6992 | val: 0.6307
Epoch 035/100 | lr: 0.01000 | train: 0.7077 | val: 0.6236
Epoch 040/100 | lr: 0.01000 | train: 0.6804 | val: 0.6181
Epoch 045/100 | lr: 0.01000 | train: 0.6643 | val: 0.6057
Epoch 050/100 | lr: 0.01000 | train: 0.6634 | val: 0.5986
Epoch 055/100 | lr: 0.01000 | train: 0.6641 | val: 0.5987
Epoch 060/100 | lr: 0.01000 | train: 0.6374 | val: 0.5802
