[s1_cue2_nomnoise] ════════════════════════════════════════════════════════════
[s1_cue2_nomnoise]  RUN START  2026-06-08 14:31:20
[s1_cue2_nomnoise]  run_id=s1_cue2_nomnoise  seed=1  device=cuda:0
[s1_cue2_nomnoise]  arch:  hidden=512  rank=2  gain=1.0  input_size=7  params=6,144
[s1_cue2_nomnoise]  task:  cue_on_go=True  rwd=True  rwd_scale=1.0  freeze_input_stages=['dual']  init=random
[s1_cue2_nomnoise]  dynamics: alpha=0.0750  alpha_rec=0.1000  dt=0.0225  tau=0.3  tau_rec_frac=0.75
[s1_cue2_nomnoise]  noise:  input_sigma=0.3732 (×1.0)  model_sigma=0.0000 (×0.0)
[s1_cue2_nomnoise]  optim:  lr=0.01  wd=0.01  batch=64  n_batch=516  clip=None
[s1_cue2_nomnoise]  epochs: dpa=100  gng=100  dual=100  loss=separated
[s1_cue2_nomnoise]  shapes: m[512, 2]  n[512, 2]  Wi[512, 7]
[s1_cue2_nomnoise]  ┌── params: init
[s1_cue2_nomnoise]  │  rank 0: ||m||=22.898  ||n||=22.288  corr(m,n)=-0.020
[s1_cue2_nomnoise]  │  rank 1: ||m||=23.302  ||n||=22.428  corr(m,n)=+0.009
[s1_cue2_nomnoise]  │  κ-Jacobian eigvals (gain·n^Tm/N): -0.0155  +0.0043
[s1_cue2_nomnoise]  │  Wi: ||·||_F=58.820  per-channel=21.94 22.58 22.12 21.70 21.92 23.07 22.27
[s1_cue2_nomnoise]  └──────────────────────────────────────────────────
[s1_cue2_nomnoise] ────────────────────────────────────────────────────────────
[s1_cue2_nomnoise]  STAGE: DPA   device=cuda:0   epochs=100
[s1_cue2_nomnoise] ────────────────────────────────────────────────────────────
[s1_cue2_nomnoise]  data: [516, 444, 7] → [516, 444, 2]
Epoch 005/100 | lr: 0.01000 | train: 1.9663 | val: 1.9532
Epoch 010/100 | lr: 0.01000 | train: 1.3829 | val: 1.2566
Epoch 015/100 | lr: 0.01000 | train: 1.0077 | val: 1.0153
Epoch 020/100 | lr: 0.01000 | train: 0.9114 | val: 0.9326
Epoch 025/100 | lr: 0.01000 | train: 0.8309 | val: 0.8525
Epoch 030/100 | lr: 0.01000 | train: 0.6907 | val: 0.6848
Epoch 035/100 | lr: 0.01000 | train: 0.4860 | val: 0.4487
Epoch 040/100 | lr: 0.01000 | train: 0.3418 | val: 0.3453
Epoch 045/100 | lr: 0.01000 | train: 0.2835 | val: 0.2758
Epoch 050/100 | lr: 0.01000 | train: 0.2270 | val: 0.2229
Epoch 055/100 | lr: 0.01000 | train: 0.1680 | val: 0.1709
Epoch 060/100 | lr: 0.01000 | train: 0.1343 | val: 0.1355
Epoch 065/100 | lr: 0.01000 | train: 0.1131 | val: 0.1154
Epoch 070/100 | lr: 0.01000 | train: 0.0977 | val: 0.1025
Stopping: losses below 0.1.
[s1_cue2_nomnoise]   after DPA: dpa=0.997  gng=0.579
[s1_cue2_nomnoise]  DPA done in 543.0s  final train=0.0972  val=0.0991  dpa=0.997  gng=0.579
[s1_cue2_nomnoise]  ┌── params: after DPA
[s1_cue2_nomnoise]  │  rank 0: ||m||=35.666  ||n||=38.931  corr(m,n)=+0.816
[s1_cue2_nomnoise]  │  rank 1: ||m||=30.853  ||n||=47.521  corr(m,n)=+0.834
[s1_cue2_nomnoise]  │  κ-Jacobian eigvals (gain·n^Tm/N): +2.1541  +2.4482
[s1_cue2_nomnoise]  │  Wi: ||·||_F=58.072  per-channel=20.40 20.88 29.56 33.27 10.75 12.08 16.66
[s1_cue2_nomnoise]  └──────────────────────────────────────────────────
[s1_cue2_nomnoise] ────────────────────────────────────────────────────────────
[s1_cue2_nomnoise]  STAGE: GNG   device=cuda:0   epochs=100
[s1_cue2_nomnoise]  freeze recurrent cols: [0]
[s1_cue2_nomnoise]  freeze input dims:     [0, 1, 2, 3, 6]
[s1_cue2_nomnoise] ────────────────────────────────────────────────────────────
[s1_cue2_nomnoise]  data: [516, 266, 7] → [516, 266, 2]
Epoch 005/100 | lr: 0.01000 | train: 0.2092 | val: 0.2408
Epoch 010/100 | lr: 0.01000 | train: 0.1234 | val: 0.1645
Epoch 015/100 | lr: 0.01000 | train: 0.0939 | val: 0.1270
Epoch 020/100 | lr: 0.01000 | train: 0.0763 | val: 0.1061
Stopping: losses below 0.1.
[s1_cue2_nomnoise]   after GNG: dpa=1.000  gng=1.000
[s1_cue2_nomnoise]  GNG done in 97.2s  final train=0.0734  val=0.0983  dpa=1.000  gng=1.000
[s1_cue2_nomnoise]  ┌── params: after GNG
[s1_cue2_nomnoise]  │  rank 0: ||m||=35.666  ||n||=38.931  corr(m,n)=+0.816
[s1_cue2_nomnoise]  │  rank 1: ||m||=29.258  ||n||=46.610  corr(m,n)=+0.801
[s1_cue2_nomnoise]  │  κ-Jacobian eigvals (gain·n^Tm/N): +2.3044  +2.0433
[s1_cue2_nomnoise]  │  Wi: ||·||_F=59.660  per-channel=20.40 20.88 29.56 33.27 12.84 16.84 16.66
[s1_cue2_nomnoise]  └──────────────────────────────────────────────────
[s1_cue2_nomnoise] ────────────────────────────────────────────────────────────
[s1_cue2_nomnoise]  STAGE: Dual   device=cuda:0   epochs=100
[s1_cue2_nomnoise]  freeze recurrent cols: [0]
[s1_cue2_nomnoise]  freeze input dims:     [0, 1, 2, 3, 4, 5, 6]
[s1_cue2_nomnoise] ────────────────────────────────────────────────────────────
[s1_cue2_nomnoise]  data: [516, 444, 7] → [516, 444, 2]
[s1_cue2_nomnoise]  loss=separated  dpa_w=1.0  gng_w=1.0  go_w=1.0  nogo_w=1.0  aux_w=1.0  bl_w=1.0
Epoch 005/100 | lr: 0.01000 | train: 0.4489 | val: 0.4517
Epoch 010/100 | lr: 0.01000 | train: 0.3881 | val: 0.3885
Epoch 015/100 | lr: 0.01000 | train: 0.3336 | val: 0.3421
Epoch 020/100 | lr: 0.01000 | train: 0.2978 | val: 0.3035
Epoch 025/100 | lr: 0.01000 | train: 0.2716 | val: 0.2775
Epoch 030/100 | lr: 0.01000 | train: 0.2364 | val: 0.2469
Epoch 035/100 | lr: 0.01000 | train: 0.2182 | val: 0.2258
Epoch 040/100 | lr: 0.01000 | train: 0.1985 | val: 0.2160
Epoch 045/100 | lr: 0.01000 | train: 0.1824 | val: 0.2077
Epoch 050/100 | lr: 0.01000 | train: 0.1733 | val: 0.1866
Epoch 055/100 | lr: 0.01000 | train: 0.1647 | val: 0.1889
Epoch 060/100 | lr: 0.01000 | train: 0.1571 | val: 0.1586
Epoch 065/100 | lr: 0.01000 | train: 0.1516 | val: 0.1529
Epoch 070/100 | lr: 0.01000 | train: 0.1433 | val: 0.1554
Epoch 075/100 | lr: 0.01000 | train: 0.1388 | val: 0.1493
Epoch 080/100 | lr: 0.01000 | train: 0.1335 | val: 0.1358
Epoch 085/100 | lr: 0.01000 | train: 0.1316 | val: 0.1487
Epoch 090/100 | lr: 0.01000 | train: 0.1275 | val: 0.1238
Epoch 095/100 | lr: 0.01000 | train: 0.1235 | val: 0.1260
Epoch 100/100 | lr: 0.01000 | train: 0.1208 | val: 0.1191
[s1_cue2_nomnoise]  loss components: {'dpa': 0.0404, 'gng': 0.026, 'gng_go': 0.013, 'gng_nogo': 0.0129, 'baseline': 0.0202, 'aux': 0.0149}
[s1_cue2_nomnoise]   after Dual: dpa=0.999  gng=0.992
[s1_cue2_nomnoise]  Dual done in 767.5s  final train=0.1208  val=0.1191  dpa=0.999  gng=0.992
[s1_cue2_nomnoise]  ┌── params: after Dual
[s1_cue2_nomnoise]  │  rank 0: ||m||=35.666  ||n||=38.931  corr(m,n)=+0.816
[s1_cue2_nomnoise]  │  rank 1: ||m||=28.249  ||n||=69.354  corr(m,n)=+0.614
[s1_cue2_nomnoise]  │  κ-Jacobian eigvals (gain·n^Tm/N): +2.1289  +2.4350
[s1_cue2_nomnoise]  │  Wi: ||·||_F=59.660  per-channel=20.40 20.88 29.56 33.27 12.84 16.84 16.66
[s1_cue2_nomnoise]  └──────────────────────────────────────────────────
[s1_cue2_nomnoise] ════════════════════════════════════════════════════════════
[s1_cue2_nomnoise]  RUN COMPLETE  2026-06-08 14:54:48  total=1411.3s
[s1_cue2_nomnoise]  ACCURACY SUMMARY
[s1_cue2_nomnoise]    after DPA : dpa=0.997  gng=0.579
[s1_cue2_nomnoise]    after GNG : dpa=1.000  gng=1.000
[s1_cue2_nomnoise]    after Dual: dpa=0.999  gng=0.992  dual_dpa=0.998  dual_gng=1.000
[s1_cue2_nomnoise] ════════════════════════════════════════════════════════════
