[s7_nogo0_cue5] ════════════════════════════════════════════════════════════
[s7_nogo0_cue5]  RUN START  2026-06-08 11:41:06
[s7_nogo0_cue5]  run_id=s7_nogo0_cue5  seed=7  device=cuda:0
[s7_nogo0_cue5]  arch:  hidden=512  rank=2  gain=1.0  input_size=7  params=6,144
[s7_nogo0_cue5]  task:  cue_on_go=True  rwd=True  rwd_scale=1.0  freeze_input_stages=['dual']  init=random
[s7_nogo0_cue5]  dynamics: alpha=0.0750  alpha_rec=0.1000  dt=0.0225  tau=0.3  tau_rec_frac=0.75
[s7_nogo0_cue5]  noise:  input_sigma=0.3732 (×1.0)  model_sigma=0.3732 (×1.0)
[s7_nogo0_cue5]  optim:  lr=0.01  wd=0.01  batch=64  n_batch=516  clip=None
[s7_nogo0_cue5]  epochs: dpa=100  gng=100  dual=100  loss=separated
[s7_nogo0_cue5]  shapes: m[512, 2]  n[512, 2]  Wi[512, 7]
[s7_nogo0_cue5]  ┌── params: init
[s7_nogo0_cue5]  │  rank 0: ||m||=23.340  ||n||=23.513  corr(m,n)=-0.046
[s7_nogo0_cue5]  │  rank 1: ||m||=23.236  ||n||=22.508  corr(m,n)=-0.042
[s7_nogo0_cue5]  │  κ-Jacobian eigvals (gain·n^Tm/N): -0.0464+0.0483j  -0.0464-0.0483j
[s7_nogo0_cue5]  │  Wi: ||·||_F=60.688  per-channel=22.83 22.36 23.30 23.06 23.69 22.16 23.12
[s7_nogo0_cue5]  └──────────────────────────────────────────────────
[s7_nogo0_cue5] ────────────────────────────────────────────────────────────
[s7_nogo0_cue5]  STAGE: DPA   device=cuda:0   epochs=100
[s7_nogo0_cue5] ────────────────────────────────────────────────────────────
[s7_nogo0_cue5]  data: [516, 444, 7] → [516, 444, 2]
Epoch 005/100 | lr: 0.01000 | train: 1.9822 | val: 1.9758
Epoch 010/100 | lr: 0.01000 | train: 1.8556 | val: 1.7814
Epoch 015/100 | lr: 0.01000 | train: 1.0975 | val: 1.0678
Epoch 020/100 | lr: 0.01000 | train: 1.0059 | val: 0.9945
Epoch 025/100 | lr: 0.01000 | train: 0.9570 | val: 0.9376
Epoch 030/100 | lr: 0.01000 | train: 0.8784 | val: 0.8519
Epoch 035/100 | lr: 0.01000 | train: 0.7005 | val: 0.6528
Epoch 040/100 | lr: 0.01000 | train: 0.5026 | val: 0.4590
Epoch 045/100 | lr: 0.01000 | train: 0.3940 | val: 0.4309
Epoch 050/100 | lr: 0.01000 | train: 0.3489 | val: 0.3441
Epoch 055/100 | lr: 0.01000 | train: 0.3044 | val: 0.3012
Epoch 060/100 | lr: 0.01000 | train: 0.2767 | val: 0.2591
Epoch 065/100 | lr: 0.01000 | train: 0.2355 | val: 0.2257
Epoch 070/100 | lr: 0.00500 | train: 0.2395 | val: 0.2329
Epoch 075/100 | lr: 0.00500 | train: 0.1897 | val: 0.1849
Epoch 080/100 | lr: 0.00500 | train: 0.1713 | val: 0.1563
Epoch 085/100 | lr: 0.00500 | train: 0.1647 | val: 0.1451
Epoch 090/100 | lr: 0.00500 | train: 0.1488 | val: 0.1503
Epoch 095/100 | lr: 0.00500 | train: 0.1375 | val: 0.1314
Epoch 100/100 | lr: 0.00500 | train: 0.1274 | val: 0.1213
[s7_nogo0_cue5]   after DPA: dpa=0.997  gng=0.488
[s7_nogo0_cue5]  DPA done in 760.6s  final train=0.1274  val=0.1213  dpa=0.997  gng=0.488
[s7_nogo0_cue5]  ┌── params: after DPA
[s7_nogo0_cue5]  │  rank 0: ||m||=42.738  ||n||=39.222  corr(m,n)=+0.851
[s7_nogo0_cue5]  │  rank 1: ||m||=35.997  ||n||=51.495  corr(m,n)=+0.803
[s7_nogo0_cue5]  │  κ-Jacobian eigvals (gain·n^Tm/N): +2.6464  +3.0472
[s7_nogo0_cue5]  │  Wi: ||·||_F=66.253  per-channel=22.70 23.43 38.45 37.98 12.62 10.48 11.61
[s7_nogo0_cue5]  └──────────────────────────────────────────────────
[s7_nogo0_cue5] ────────────────────────────────────────────────────────────
[s7_nogo0_cue5]  STAGE: GNG   device=cuda:0   epochs=100
[s7_nogo0_cue5]  freeze recurrent cols: [0]
[s7_nogo0_cue5]  freeze input dims:     [0, 1, 2, 3, 6]
[s7_nogo0_cue5] ────────────────────────────────────────────────────────────
[s7_nogo0_cue5]  data: [516, 266, 7] → [516, 266, 2]
Epoch 005/100 | lr: 0.01000 | train: 0.4051 | val: 0.3794
Epoch 010/100 | lr: 0.01000 | train: 0.2551 | val: 0.2335
Epoch 015/100 | lr: 0.01000 | train: 0.1980 | val: 0.1874
Epoch 020/100 | lr: 0.01000 | train: 0.1614 | val: 0.1617
Epoch 025/100 | lr: 0.01000 | train: 0.1386 | val: 0.1389
Epoch 030/100 | lr: 0.01000 | train: 0.1241 | val: 0.1227
Epoch 035/100 | lr: 0.01000 | train: 0.1172 | val: 0.1092
Epoch 040/100 | lr: 0.01000 | train: 0.1074 | val: 0.1037
Epoch 045/100 | lr: 0.01000 | train: 0.0992 | val: 0.0987
Stopping: losses below 0.1.
[s7_nogo0_cue5]   after GNG: dpa=0.759  gng=0.996
[s7_nogo0_cue5]  GNG done in 203.9s  final train=0.0992  val=0.0987  dpa=0.759  gng=0.996
[s7_nogo0_cue5]  ┌── params: after GNG
[s7_nogo0_cue5]  │  rank 0: ||m||=42.738  ||n||=39.222  corr(m,n)=+0.851
[s7_nogo0_cue5]  │  rank 1: ||m||=32.866  ||n||=52.251  corr(m,n)=+0.711
[s7_nogo0_cue5]  │  κ-Jacobian eigvals (gain·n^Tm/N): +2.7978  +2.3737
[s7_nogo0_cue5]  │  Wi: ||·||_F=70.879  per-channel=22.70 23.43 38.45 37.98 20.45 22.03 11.61
[s7_nogo0_cue5]  └──────────────────────────────────────────────────
[s7_nogo0_cue5] ────────────────────────────────────────────────────────────
[s7_nogo0_cue5]  STAGE: Dual   device=cuda:0   epochs=100
[s7_nogo0_cue5]  freeze recurrent cols: [0]
[s7_nogo0_cue5]  freeze input dims:     [0, 1, 2, 3, 4, 5, 6]
[s7_nogo0_cue5] ────────────────────────────────────────────────────────────
[s7_nogo0_cue5]  data: [516, 444, 7] → [516, 444, 2]
[s7_nogo0_cue5]  loss=separated  dpa_w=1.0  gng_w=1.0  aux_w=1.0  bl_w=1.0
Epoch 005/100 | lr: 0.01000 | train: 0.7296 | val: 0.7726
Epoch 010/100 | lr: 0.01000 | train: 0.6540 | val: 0.7047
Epoch 015/100 | lr: 0.01000 | train: 0.6307 | val: 0.6782
Epoch 020/100 | lr: 0.01000 | train: 0.5957 | val: 0.6691
Epoch 025/100 | lr: 0.01000 | train: 0.5927 | val: 0.6524
Epoch 030/100 | lr: 0.01000 | train: 0.5606 | val: 0.6287
Epoch 035/100 | lr: 0.01000 | train: 0.5386 | val: 0.5887
Epoch 040/100 | lr: 0.01000 | train: 0.5241 | val: 0.5758
Epoch 045/100 | lr: 0.01000 | train: 0.5067 | val: 0.5647
Epoch 050/100 | lr: 0.01000 | train: 0.4992 | val: 0.5444
Epoch 055/100 | lr: 0.01000 | train: 0.4893 | val: 0.5394
Epoch 060/100 | lr: 0.01000 | train: 0.4773 | val: 0.5246
Epoch 065/100 | lr: 0.01000 | train: 0.4577 | val: 0.5028
Epoch 070/100 | lr: 0.01000 | train: 0.4600 | val: 0.5011
Epoch 075/100 | lr: 0.01000 | train: 0.4483 | val: 0.4743
Epoch 080/100 | lr: 0.01000 | train: 0.4278 | val: 0.4636
Epoch 085/100 | lr: 0.01000 | train: 0.4066 | val: 0.4666
Epoch 090/100 | lr: 0.01000 | train: 0.4089 | val: 0.4505
Epoch 095/100 | lr: 0.01000 | train: 0.3981 | val: 0.4514
Epoch 100/100 | lr: 0.00500 | train: 0.3929 | val: 0.4304
[s7_nogo0_cue5]  loss components: {'dpa': 0.2054, 'gng': 0.1343, 'baseline': 0.0362, 'aux': 0.0212}
[s7_nogo0_cue5]   after Dual: dpa=0.986  gng=0.939
[s7_nogo0_cue5]  Dual done in 763.5s  final train=0.3929  val=0.4304  dpa=0.986  gng=0.939
[s7_nogo0_cue5]  ┌── params: after Dual
[s7_nogo0_cue5]  │  rank 0: ||m||=42.738  ||n||=39.222  corr(m,n)=+0.851
[s7_nogo0_cue5]  │  rank 1: ||m||=37.263  ||n||=71.049  corr(m,n)=+0.533
[s7_nogo0_cue5]  │  κ-Jacobian eigvals (gain·n^Tm/N): +2.8337  +2.7099
[s7_nogo0_cue5]  │  Wi: ||·||_F=70.879  per-channel=22.70 23.43 38.45 37.98 20.45 22.03 11.61
[s7_nogo0_cue5]  └──────────────────────────────────────────────────
[s7_nogo0_cue5] ════════════════════════════════════════════════════════════
[s7_nogo0_cue5]  RUN COMPLETE  2026-06-08 12:09:54  total=1729.8s
[s7_nogo0_cue5]  ACCURACY SUMMARY
[s7_nogo0_cue5]    after DPA : dpa=0.997  gng=0.488
[s7_nogo0_cue5]    after GNG : dpa=0.759  gng=0.996
[s7_nogo0_cue5]    after Dual: dpa=0.986  gng=0.939  dual_dpa=0.991  dual_gng=0.704
[s7_nogo0_cue5] ════════════════════════════════════════════════════════════
