[s8_nogo0_cue5] ════════════════════════════════════════════════════════════
[s8_nogo0_cue5]  RUN START  2026-06-08 11:41:06
[s8_nogo0_cue5]  run_id=s8_nogo0_cue5  seed=8  device=cuda:1
[s8_nogo0_cue5]  arch:  hidden=512  rank=2  gain=1.0  input_size=7  params=6,144
[s8_nogo0_cue5]  task:  cue_on_go=True  rwd=True  rwd_scale=1.0  freeze_input_stages=['dual']  init=random
[s8_nogo0_cue5]  dynamics: alpha=0.0750  alpha_rec=0.1000  dt=0.0225  tau=0.3  tau_rec_frac=0.75
[s8_nogo0_cue5]  noise:  input_sigma=0.3732 (×1.0)  model_sigma=0.3732 (×1.0)
[s8_nogo0_cue5]  optim:  lr=0.01  wd=0.01  batch=64  n_batch=516  clip=None
[s8_nogo0_cue5]  epochs: dpa=100  gng=100  dual=100  loss=separated
[s8_nogo0_cue5]  shapes: m[512, 2]  n[512, 2]  Wi[512, 7]
[s8_nogo0_cue5]  ┌── params: init
[s8_nogo0_cue5]  │  rank 0: ||m||=21.882  ||n||=22.260  corr(m,n)=+0.051
[s8_nogo0_cue5]  │  rank 1: ||m||=23.191  ||n||=22.746  corr(m,n)=+0.052
[s8_nogo0_cue5]  │  κ-Jacobian eigvals (gain·n^Tm/N): +0.0400  +0.0614
[s8_nogo0_cue5]  │  Wi: ||·||_F=58.682  per-channel=22.28 22.71 21.71 21.44 22.33 22.66 22.10
[s8_nogo0_cue5]  └──────────────────────────────────────────────────
[s8_nogo0_cue5] ────────────────────────────────────────────────────────────
[s8_nogo0_cue5]  STAGE: DPA   device=cuda:1   epochs=100
[s8_nogo0_cue5] ────────────────────────────────────────────────────────────
[s8_nogo0_cue5]  data: [516, 444, 7] → [516, 444, 2]
Epoch 005/100 | lr: 0.01000 | train: 1.9747 | val: 1.9921
Epoch 010/100 | lr: 0.01000 | train: 1.8686 | val: 1.8453
Epoch 015/100 | lr: 0.01000 | train: 1.0783 | val: 1.1030
Epoch 020/100 | lr: 0.01000 | train: 1.0068 | val: 1.0179
Epoch 025/100 | lr: 0.01000 | train: 0.9535 | val: 0.9848
Epoch 030/100 | lr: 0.01000 | train: 0.8066 | val: 0.8477
Epoch 035/100 | lr: 0.01000 | train: 0.5464 | val: 0.5704
Epoch 040/100 | lr: 0.01000 | train: 0.4375 | val: 0.4520
Epoch 045/100 | lr: 0.01000 | train: 0.3522 | val: 0.4435
Epoch 050/100 | lr: 0.01000 | train: 0.3091 | val: 0.3221
Epoch 055/100 | lr: 0.01000 | train: 0.2466 | val: 0.2989
Epoch 060/100 | lr: 0.01000 | train: 0.2029 | val: 0.2123
Epoch 065/100 | lr: 0.01000 | train: 0.1753 | val: 0.2102
Epoch 070/100 | lr: 0.01000 | train: 0.1558 | val: 0.1496
Epoch 075/100 | lr: 0.01000 | train: 0.1402 | val: 0.1455
Epoch 080/100 | lr: 0.01000 | train: 0.1320 | val: 0.1418
Epoch 085/100 | lr: 0.01000 | train: 0.1084 | val: 0.1165
Epoch 090/100 | lr: 0.01000 | train: 0.0955 | val: 0.1038
Stopping: losses below 0.1.
[s8_nogo0_cue5]   after DPA: dpa=0.996  gng=0.533
[s8_nogo0_cue5]  DPA done in 888.4s  final train=0.0939  val=0.0878  dpa=0.996  gng=0.533
[s8_nogo0_cue5]  ┌── params: after DPA
[s8_nogo0_cue5]  │  rank 0: ||m||=44.521  ||n||=37.408  corr(m,n)=+0.841
[s8_nogo0_cue5]  │  rank 1: ||m||=33.060  ||n||=52.774  corr(m,n)=+0.871
[s8_nogo0_cue5]  │  κ-Jacobian eigvals (gain·n^Tm/N): +2.7014  +3.0007
[s8_nogo0_cue5]  │  Wi: ||·||_F=72.472  per-channel=23.01 24.50 45.62 41.25 9.68 10.51 11.65
[s8_nogo0_cue5]  └──────────────────────────────────────────────────
[s8_nogo0_cue5] ────────────────────────────────────────────────────────────
[s8_nogo0_cue5]  STAGE: GNG   device=cuda:1   epochs=100
[s8_nogo0_cue5]  freeze recurrent cols: [0]
[s8_nogo0_cue5]  freeze input dims:     [0, 1, 2, 3, 6]
[s8_nogo0_cue5] ────────────────────────────────────────────────────────────
[s8_nogo0_cue5]  data: [516, 266, 7] → [516, 266, 2]
Epoch 005/100 | lr: 0.01000 | train: 0.4498 | val: 0.4374
Epoch 010/100 | lr: 0.01000 | train: 0.2833 | val: 0.2973
Epoch 015/100 | lr: 0.01000 | train: 0.2301 | val: 0.2391
Epoch 020/100 | lr: 0.01000 | train: 0.1941 | val: 0.2100
Epoch 025/100 | lr: 0.01000 | train: 0.1719 | val: 0.1720
Epoch 030/100 | lr: 0.01000 | train: 0.1534 | val: 0.1573
Epoch 035/100 | lr: 0.01000 | train: 0.1404 | val: 0.1477
Epoch 040/100 | lr: 0.01000 | train: 0.1355 | val: 0.1350
Epoch 045/100 | lr: 0.01000 | train: 0.1276 | val: 0.1311
Epoch 050/100 | lr: 0.01000 | train: 0.1228 | val: 0.1226
Epoch 055/100 | lr: 0.01000 | train: 0.1174 | val: 0.1225
Epoch 060/100 | lr: 0.01000 | train: 0.1158 | val: 0.1149
Epoch 065/100 | lr: 0.01000 | train: 0.1093 | val: 0.1165
Epoch 070/100 | lr: 0.01000 | train: 0.1086 | val: 0.1130
Epoch 075/100 | lr: 0.01000 | train: 0.1062 | val: 0.1092
Epoch 080/100 | lr: 0.01000 | train: 0.1021 | val: 0.1094
Epoch 085/100 | lr: 0.01000 | train: 0.1005 | val: 0.1114
Epoch 090/100 | lr: 0.01000 | train: 0.1002 | val: 0.1032
Epoch 095/100 | lr: 0.01000 | train: 0.0967 | val: 0.1038
Epoch 100/100 | lr: 0.01000 | train: 0.0963 | val: 0.1012
[s8_nogo0_cue5]   after GNG: dpa=0.980  gng=0.996
[s8_nogo0_cue5]  GNG done in 585.0s  final train=0.0963  val=0.1012  dpa=0.980  gng=0.996
[s8_nogo0_cue5]  ┌── params: after GNG
[s8_nogo0_cue5]  │  rank 0: ||m||=44.521  ||n||=37.408  corr(m,n)=+0.841
[s8_nogo0_cue5]  │  rank 1: ||m||=30.079  ||n||=52.637  corr(m,n)=+0.711
[s8_nogo0_cue5]  │  κ-Jacobian eigvals (gain·n^Tm/N): +2.7366  +2.1987
[s8_nogo0_cue5]  │  Wi: ||·||_F=78.063  per-channel=23.01 24.50 45.62 41.25 18.95 26.20 11.65
[s8_nogo0_cue5]  └──────────────────────────────────────────────────
[s8_nogo0_cue5] ────────────────────────────────────────────────────────────
[s8_nogo0_cue5]  STAGE: Dual   device=cuda:1   epochs=100
[s8_nogo0_cue5]  freeze recurrent cols: [0]
[s8_nogo0_cue5]  freeze input dims:     [0, 1, 2, 3, 4, 5, 6]
[s8_nogo0_cue5] ────────────────────────────────────────────────────────────
[s8_nogo0_cue5]  data: [516, 444, 7] → [516, 444, 2]
[s8_nogo0_cue5]  loss=separated  dpa_w=1.0  gng_w=1.0  aux_w=1.0  bl_w=1.0
Epoch 005/100 | lr: 0.01000 | train: 0.6789 | val: 0.7497
Epoch 010/100 | lr: 0.01000 | train: 0.5936 | val: 0.6421
Epoch 015/100 | lr: 0.01000 | train: 0.5619 | val: 0.5883
Epoch 020/100 | lr: 0.01000 | train: 0.5027 | val: 0.5381
Epoch 025/100 | lr: 0.01000 | train: 0.4564 | val: 0.5035
Epoch 030/100 | lr: 0.01000 | train: 0.4168 | val: 0.4471
Epoch 035/100 | lr: 0.01000 | train: 0.3892 | val: 0.4349
Epoch 040/100 | lr: 0.01000 | train: 0.3547 | val: 0.4210
Epoch 045/100 | lr: 0.01000 | train: 0.3451 | val: 0.4049
Epoch 050/100 | lr: 0.01000 | train: 0.3347 | val: 0.3754
Epoch 055/100 | lr: 0.01000 | train: 0.3168 | val: 0.3981
Epoch 060/100 | lr: 0.01000 | train: 0.3147 | val: 0.3860
Epoch 065/100 | lr: 0.01000 | train: 0.3007 | val: 0.3328
Epoch 070/100 | lr: 0.01000 | train: 0.2855 | val: 0.3377
Epoch 075/100 | lr: 0.00500 | train: 0.2808 | val: 0.3475
Epoch 080/100 | lr: 0.00250 | train: 0.2856 | val: 0.3433
Epoch 085/100 | lr: 0.00250 | train: 0.2852 | val: 0.3438
Epoch 090/100 | lr: 0.00125 | train: 0.2854 | val: 0.3337
Epoch 095/100 | lr: 0.00063 | train: 0.2765 | val: 0.3455
Epoch 100/100 | lr: 0.00063 | train: 0.2839 | val: 0.3341
[s8_nogo0_cue5]  loss components: {'dpa': 0.1417, 'gng': 0.0783, 'baseline': 0.0553, 'aux': 0.0219}
[s8_nogo0_cue5]   after Dual: dpa=0.999  gng=0.962
[s8_nogo0_cue5]  Dual done in 871.1s  final train=0.2839  val=0.3341  dpa=0.999  gng=0.962
[s8_nogo0_cue5]  ┌── params: after Dual
[s8_nogo0_cue5]  │  rank 0: ||m||=44.521  ||n||=37.408  corr(m,n)=+0.841
[s8_nogo0_cue5]  │  rank 1: ||m||=33.842  ||n||=76.874  corr(m,n)=+0.557
[s8_nogo0_cue5]  │  κ-Jacobian eigvals (gain·n^Tm/N): +2.6539  +2.9128
[s8_nogo0_cue5]  │  Wi: ||·||_F=78.063  per-channel=23.01 24.50 45.62 41.25 18.95 26.20 11.65
[s8_nogo0_cue5]  └──────────────────────────────────────────────────
[s8_nogo0_cue5] ════════════════════════════════════════════════════════════
[s8_nogo0_cue5]  RUN COMPLETE  2026-06-08 12:20:11  total=2346.3s
[s8_nogo0_cue5]  ACCURACY SUMMARY
[s8_nogo0_cue5]    after DPA : dpa=0.996  gng=0.533
[s8_nogo0_cue5]    after GNG : dpa=0.980  gng=0.996
[s8_nogo0_cue5]    after Dual: dpa=0.999  gng=0.962  dual_dpa=0.998  dual_gng=0.925
[s8_nogo0_cue5] ════════════════════════════════════════════════════════════
