[s7_relu2] ════════════════════════════════════════════════════════════
[s7_relu2]  RUN START  2026-06-09 12:39:20
[s7_relu2]  run_id=s7_relu2  seed=7  device=cuda:1
[s7_relu2]  arch:  hidden=512  rank=2  gain=1.0  input_size=7  params=6,144
[s7_relu2]  task:  cue_on_go=True  rwd=True  rwd_scale=1.0  freeze_input_stages=['gng', 'dual']  init=random
[s7_relu2]  dynamics: alpha=0.0750  alpha_rec=0.1000  dt=0.0225  tau=0.3  tau_rec_frac=0.75
[s7_relu2]  noise:  input_sigma=0.3732 (×1.0)  model_sigma=0.0000 (×0.0)
[s7_relu2]  optim:  lr=0.01  wd=0.01  batch=64  n_batch=516  clip=None
[s7_relu2]  epochs: dpa=100  gng=100  dual=100  loss=separated
[s7_relu2]  shapes: m[512, 2]  n[512, 2]  Wi[512, 7]
[s7_relu2]  ┌── params: init
[s7_relu2]  │  rank 0: ||m||=23.340  ||n||=23.513  corr(m,n)=-0.046
[s7_relu2]  │  rank 1: ||m||=23.236  ||n||=22.508  corr(m,n)=-0.042
[s7_relu2]  │  κ-Jacobian eigvals (gain·n^Tm/N): -0.0464+0.0483j  -0.0464-0.0483j
[s7_relu2]  │  Wi: ||·||_F=60.688  per-channel=22.83 22.36 23.30 23.06 23.69 22.16 23.12
[s7_relu2]  └──────────────────────────────────────────────────
[s7_relu2]  DPA: loading checkpoint from results/dual/sweep_relu/s7_relu/expert_s7_relu.pth
[s7_relu2]   after DPA: dpa=1.000 (pair=1.000 unpair=1.000)  gng=0.996 (go=1.000 nogo=0.992)
[s7_relu2]  DPA done in 2.2s  (checkpoint)  dpa=1.000  gng=0.996
[s7_relu2]  ┌── params: after DPA
[s7_relu2]  │  rank 0: ||m||=39.427  ||n||=30.703  corr(m,n)=+0.736
[s7_relu2]  │  rank 1: ||m||=39.645  ||n||=33.189  corr(m,n)=+0.630
[s7_relu2]  │  κ-Jacobian eigvals (gain·n^Tm/N): +1.6790+0.0914j  +1.6790-0.0914j
[s7_relu2]  │  Wi: ||·||_F=71.583  per-channel=25.32 22.81 34.67 33.65 23.69 22.16 24.00
[s7_relu2]  └──────────────────────────────────────────────────
[s7_relu2]  GNG: loading checkpoint from results/dual/sweep_relu/s7_relu/expert_s7_relu.pth
[s7_relu2]   after GNG: dpa=1.000 (pair=1.000 unpair=1.000)  gng=1.000 (go=1.000 nogo=1.000)
[s7_relu2]  GNG done in 1.3s  (checkpoint)  dpa=1.000  gng=1.000
[s7_relu2]  ┌── params: after GNG
[s7_relu2]  │  rank 0: ||m||=39.427  ||n||=30.703  corr(m,n)=+0.736
[s7_relu2]  │  rank 1: ||m||=39.645  ||n||=33.189  corr(m,n)=+0.630
[s7_relu2]  │  κ-Jacobian eigvals (gain·n^Tm/N): +1.6790+0.0914j  +1.6790-0.0914j
[s7_relu2]  │  Wi: ||·||_F=71.583  per-channel=25.32 22.81 34.67 33.65 23.69 22.16 24.00
[s7_relu2]  └──────────────────────────────────────────────────
[s7_relu2] ────────────────────────────────────────────────────────────
[s7_relu2]  STAGE: Dual   device=cuda:1   epochs=100
[s7_relu2]  freeze recurrent cols: [0]
[s7_relu2]  freeze input dims:     [0, 1, 2, 3, 4, 5, 6]
[s7_relu2] ────────────────────────────────────────────────────────────
[s7_relu2]  data: [516, 444, 7] → [516, 444, 2]
[s7_relu2]  loss=separated  dpa_w=1.0  gng_w=1.0  go_w=1.0  nogo_w=2.0  aux_w=1.0  bl_w=1.0  go_hinge=1.0
Epoch 005/100 | lr: 0.01000 | train: 0.2971 | val: 0.3008
Epoch 010/100 | lr: 0.01000 | train: 0.2601 | val: 0.2623
Epoch 015/100 | lr: 0.01000 | train: 0.2389 | val: 0.2342
Epoch 020/100 | lr: 0.01000 | train: 0.2228 | val: 0.2157
Epoch 025/100 | lr: 0.01000 | train: 0.2133 | val: 0.2003
Epoch 030/100 | lr: 0.01000 | train: 0.2009 | val: 0.1972
Epoch 035/100 | lr: 0.01000 | train: 0.1876 | val: 0.1842
Epoch 040/100 | lr: 0.01000 | train: 0.1755 | val: 0.1758
Epoch 045/100 | lr: 0.01000 | train: 0.1696 | val: 0.1698
Epoch 050/100 | lr: 0.01000 | train: 0.1644 | val: 0.1514
Epoch 055/100 | lr: 0.01000 | train: 0.1490 | val: 0.1453
Epoch 060/100 | lr: 0.01000 | train: 0.1451 | val: 0.1389
Epoch 065/100 | lr: 0.01000 | train: 0.1503 | val: 0.1537
Epoch 070/100 | lr: 0.01000 | train: 0.1356 | val: 0.1262
Epoch 075/100 | lr: 0.01000 | train: 0.1268 | val: 0.1165
Epoch 080/100 | lr: 0.01000 | train: 0.1217 | val: 0.1292
Epoch 085/100 | lr: 0.01000 | train: 0.1203 | val: 0.1092
Epoch 090/100 | lr: 0.01000 | train: 0.1158 | val: 0.1079
Epoch 095/100 | lr: 0.01000 | train: 0.1146 | val: 0.0986
Epoch 100/100 | lr: 0.01000 | train: 0.1386 | val: 0.0985
[s7_relu2]  loss components: {'dpa': 0.0422, 'gng': 0.0238, 'gng_go': 0.0159, 'gng_nogo': 0.0039, 'baseline': 0.023, 'aux': 0.0031}
[s7_relu2]   after Dual: dpa=1.000 (pair=1.000 unpair=1.000)  gng=0.999 (go=1.000 nogo=0.998)
[s7_relu2]  Dual done in 711.9s  final train=0.1386  val=0.0985  dpa=1.000  gng=0.999
[s7_relu2]  ┌── params: after Dual
[s7_relu2]  │  rank 0: ||m||=39.427  ||n||=30.703  corr(m,n)=+0.736
[s7_relu2]  │  rank 1: ||m||=46.553  ||n||=37.960  corr(m,n)=+0.416
[s7_relu2]  │  κ-Jacobian eigvals (gain·n^Tm/N): +1.7261  +1.4481
[s7_relu2]  │  Wi: ||·||_F=71.583  per-channel=25.32 22.81 34.67 33.65 23.69 22.16 24.00
[s7_relu2]  └──────────────────────────────────────────────────
[s7_relu2] ════════════════════════════════════════════════════════════
[s7_relu2]  RUN COMPLETE  2026-06-09 12:51:16  total=717.7s
[s7_relu2]  ACCURACY SUMMARY
[s7_relu2]    after DPA : dpa=1.000  gng=0.996
[s7_relu2]    after GNG : dpa=1.000  gng=1.000
[s7_relu2]    after Dual: dpa=1.000  gng=0.999  dual_dpa=1.000  dual_gng=0.994
[s7_relu2] ════════════════════════════════════════════════════════════
