[s0_adam] ════════════════════════════════════════════════════════════
[s0_adam]  RUN START  2026-06-08 22:53:12
[s0_adam]  run_id=s0_adam  seed=0  device=cuda:0
[s0_adam]  arch:  hidden=512  rank=2  gain=1.0  input_size=7  params=6,144
[s0_adam]  task:  cue_on_go=True  rwd=True  rwd_scale=1.0  freeze_input_stages=['gng', 'dual']  init=random
[s0_adam]  dynamics: alpha=0.0750  alpha_rec=0.1000  dt=0.0225  tau=0.3  tau_rec_frac=0.75
[s0_adam]  noise:  input_sigma=0.3732 (×1.0)  model_sigma=0.0000 (×0.0)
[s0_adam]  optim:  lr=0.01  wd=0.01  batch=64  n_batch=516  clip=None
[s0_adam]  epochs: dpa=100  gng=100  dual=100  loss=separated
[s0_adam]  shapes: m[512, 2]  n[512, 2]  Wi[512, 7]
[s0_adam]  ┌── params: init
[s0_adam]  │  rank 0: ||m||=22.187  ||n||=22.116  corr(m,n)=-0.011
[s0_adam]  │  rank 1: ||m||=22.375  ||n||=22.846  corr(m,n)=+0.037
[s0_adam]  │  κ-Jacobian eigvals (gain·n^Tm/N): +0.0132+0.0342j  +0.0132-0.0342j
[s0_adam]  │  Wi: ||·||_F=59.379  per-channel=22.21 22.79 22.15 22.73 21.77 21.92 23.48
[s0_adam]  └──────────────────────────────────────────────────
[s0_adam]  DPA: loading checkpoint from results/dual/sweep_frzGNG/s0_frzGNG/dpa_s0_frzGNG.pth
[s0_adam]   after DPA: dpa=0.998 (pair=0.998 unpair=0.998)  gng=0.660 (go=0.552 nogo=0.777)
[s0_adam]  DPA done in 1.5s  (checkpoint)  dpa=0.998  gng=0.660
[s0_adam]  ┌── params: after DPA
[s0_adam]  │  rank 0: ||m||=37.253  ||n||=38.448  corr(m,n)=+0.816
[s0_adam]  │  rank 1: ||m||=33.194  ||n||=49.224  corr(m,n)=+0.817
[s0_adam]  │  κ-Jacobian eigvals (gain·n^Tm/N): +2.3285  +2.5602
[s0_adam]  │  Wi: ||·||_F=64.625  per-channel=20.46 19.62 35.23 31.58 21.77 21.92 13.41
[s0_adam]  └──────────────────────────────────────────────────
[s0_adam] ────────────────────────────────────────────────────────────
[s0_adam]  STAGE: GNG   device=cuda:0   epochs=100
[s0_adam]  freeze recurrent cols: [0]
[s0_adam]  freeze input dims:     [0, 1, 2, 3, 4, 5, 6]
[s0_adam] ────────────────────────────────────────────────────────────
[s0_adam]  data: [516, 266, 7] → [516, 266, 2]
Epoch 005/100 | lr: 0.01000 | train: 0.8127 | val: 0.7318
Epoch 010/100 | lr: 0.01000 | train: 0.4963 | val: 0.4645
Epoch 015/100 | lr: 0.01000 | train: 0.3918 | val: 0.2975
Epoch 020/100 | lr: 0.01000 | train: 0.3007 | val: 0.2465
Epoch 025/100 | lr: 0.01000 | train: 0.2415 | val: 0.1997
Epoch 030/100 | lr: 0.01000 | train: 0.2214 | val: 0.1607
Epoch 035/100 | lr: 0.01000 | train: 0.1841 | val: 0.1388
Epoch 040/100 | lr: 0.01000 | train: 0.1549 | val: 0.1124
Epoch 045/100 | lr: 0.01000 | train: 0.1369 | val: 0.1013
Epoch 050/100 | lr: 0.01000 | train: 0.1248 | val: 0.0945
Epoch 055/100 | lr: 0.01000 | train: 0.1111 | val: 0.0810
Epoch 060/100 | lr: 0.01000 | train: 0.1006 | val: 0.0766
Stopping: losses below 0.1.
[s0_adam]   after GNG: dpa=0.986 (pair=0.984 unpair=0.988)  gng=1.000 (go=1.000 nogo=1.000)
[s0_adam]  GNG done in 264.3s  final train=0.0984  val=0.0771  dpa=0.986  gng=1.000
[s0_adam]  ┌── params: after GNG
[s0_adam]  │  rank 0: ||m||=37.253  ||n||=38.448  corr(m,n)=+0.816
[s0_adam]  │  rank 1: ||m||=31.711  ||n||=54.401  corr(m,n)=+0.735
[s0_adam]  │  κ-Jacobian eigvals (gain·n^Tm/N): +2.1819  +2.5759
[s0_adam]  │  Wi: ||·||_F=64.625  per-channel=20.46 19.62 35.23 31.58 21.77 21.92 13.41
[s0_adam]  └──────────────────────────────────────────────────
[s0_adam] ────────────────────────────────────────────────────────────
[s0_adam]  STAGE: Dual   device=cuda:0   epochs=100
[s0_adam]  freeze recurrent cols: [0]
[s0_adam]  freeze input dims:     [0, 1, 2, 3, 4, 5, 6]
[s0_adam] ────────────────────────────────────────────────────────────
[s0_adam]  data: [516, 444, 7] → [516, 444, 2]
[s0_adam]  loss=separated  dpa_w=1.0  gng_w=1.0  go_w=1.0  nogo_w=2.0  aux_w=1.0  bl_w=1.0  go_hinge=1.0
Epoch 005/100 | lr: 0.01000 | train: 0.6528 | val: 0.7007
Epoch 010/100 | lr: 0.01000 | train: 0.5992 | val: 0.6698
Epoch 015/100 | lr: 0.01000 | train: 0.5757 | val: 0.6370
Epoch 020/100 | lr: 0.01000 | train: 0.5234 | val: 0.5986
Epoch 025/100 | lr: 0.01000 | train: 0.4964 | val: 0.5808
Epoch 030/100 | lr: 0.01000 | train: 0.4604 | val: 0.5261
Epoch 035/100 | lr: 0.01000 | train: 0.4349 | val: 0.4930
Epoch 040/100 | lr: 0.01000 | train: 0.3973 | val: 0.4655
Epoch 045/100 | lr: 0.01000 | train: 0.3629 | val: 0.4482
Epoch 050/100 | lr: 0.01000 | train: 0.3455 | val: 0.4157
Epoch 055/100 | lr: 0.01000 | train: 0.3226 | val: 0.4021
Epoch 060/100 | lr: 0.01000 | train: 0.3043 | val: 0.3765
Epoch 065/100 | lr: 0.01000 | train: 0.2882 | val: 0.3727
Epoch 070/100 | lr: 0.01000 | train: 0.2753 | val: 0.3481
Epoch 075/100 | lr: 0.01000 | train: 0.2690 | val: 0.3372
Epoch 080/100 | lr: 0.01000 | train: 0.2481 | val: 0.3221
Epoch 085/100 | lr: 0.01000 | train: 0.2395 | val: 0.2949
Epoch 090/100 | lr: 0.01000 | train: 0.2235 | val: 0.2910
Epoch 095/100 | lr: 0.01000 | train: 0.2201 | val: 0.2800
Epoch 100/100 | lr: 0.01000 | train: 0.2130 | val: 0.2685
[s0_adam]  loss components: {'dpa': 0.1666, 'gng': 0.0835, 'gng_go': 0.0561, 'gng_nogo': 0.0137, 'baseline': 0.0149, 'aux': 0.0183}
[s0_adam]   after Dual: dpa=0.999 (pair=0.998 unpair=1.000)  gng=0.999 (go=0.998 nogo=1.000)
[s0_adam]  Dual done in 699.2s  final train=0.2130  val=0.2685  dpa=0.999  gng=0.999
[s0_adam]  ┌── params: after Dual
[s0_adam]  │  rank 0: ||m||=37.253  ||n||=38.448  corr(m,n)=+0.816
[s0_adam]  │  rank 1: ||m||=28.758  ||n||=75.904  corr(m,n)=+0.606
[s0_adam]  │  κ-Jacobian eigvals (gain·n^Tm/N): +2.3274  +2.5376
[s0_adam]  │  Wi: ||·||_F=64.625  per-channel=20.46 19.62 35.23 31.58 21.77 21.92 13.41
[s0_adam]  └──────────────────────────────────────────────────
[s0_adam] ════════════════════════════════════════════════════════════
[s0_adam]  RUN COMPLETE  2026-06-08 23:09:17  total=966.6s
[s0_adam]  ACCURACY SUMMARY
[s0_adam]    after DPA : dpa=0.998  gng=0.660
[s0_adam]    after GNG : dpa=0.986  gng=1.000
[s0_adam]    after Dual: dpa=0.999  gng=0.999  dual_dpa=0.985  dual_gng=0.987
[s0_adam] ════════════════════════════════════════════════════════════
