[s2_random] ════════════════════════════════════════════════════════════
[s2_random]  RUN START  2026-06-05 01:09:46
[s2_random]  run_id=s2_random  seed=2  device=cuda:0
[s2_random]  arch:  hidden=512  rank=2  gain=2.0  input_size=7  params=6,144
[s2_random]  task:  cue_on_go=True  rwd=True  rwd_scale=2.0  freeze_input_stages=['gng', 'dual']  init=random
[s2_random]  dynamics: alpha=0.0750  alpha_rec=0.1000  dt=0.0225  tau=0.3  tau_rec_frac=0.75
[s2_random]  noise:  input_sigma=0.1866 (×0.5)  model_sigma=0.0000 (×0.0)
[s2_random]  optim:  lr=0.01  wd=0.01  batch=64  n_batch=516  clip=1.0
[s2_random]  epochs: dpa=100  gng=100  dual=100  loss=separated
[s2_random]  shapes: m[512, 2]  n[512, 2]  Wi[512, 7]
[s2_random]  ┌── params: init
[s2_random]  │  rank 0: ||m||=22.730  ||n||=22.312  corr(m,n)=+0.023
[s2_random]  │  rank 1: ||m||=22.626  ||n||=22.176  corr(m,n)=-0.024
[s2_random]  │  κ-Jacobian eigvals (gain·n^Tm/N): +0.0690  -0.0706
[s2_random]  │  Wi: ||·||_F=58.692  per-channel=22.57 21.62 22.94 22.02 22.37 21.28 22.45
[s2_random]  └──────────────────────────────────────────────────
[s2_random] ────────────────────────────────────────────────────────────
[s2_random]  STAGE: DPA   device=cuda:0   epochs=100
[s2_random] ────────────────────────────────────────────────────────────
[s2_random]  data: [516, 444, 7] → [516, 444, 2]
Epoch 005/100 | lr: 0.01000 | train: 1.8419 | val: 1.7020
Epoch 010/100 | lr: 0.01000 | train: 1.1035 | val: 1.0544
Epoch 015/100 | lr: 0.01000 | train: 0.9414 | val: 0.9159
Epoch 020/100 | lr: 0.01000 | train: 0.5789 | val: 0.8307
Epoch 025/100 | lr: 0.01000 | train: 0.4308 | val: 0.4284
Epoch 030/100 | lr: 0.01000 | train: 0.3561 | val: 0.3652
Epoch 035/100 | lr: 0.01000 | train: 0.2632 | val: 0.2947
Epoch 040/100 | lr: 0.01000 | train: 0.1937 | val: 0.2271
Epoch 045/100 | lr: 0.01000 | train: 0.1880 | val: 0.1776
Epoch 050/100 | lr: 0.01000 | train: 0.1538 | val: 0.1296
Epoch 055/100 | lr: 0.01000 | train: 0.1211 | val: 0.1168
Epoch 060/100 | lr: 0.01000 | train: 0.1009 | val: 0.1345
Epoch 065/100 | lr: 0.01000 | train: 0.0931 | val: 0.0764
Epoch 070/100 | lr: 0.01000 | train: 0.0727 | val: 0.1101
Epoch 075/100 | lr: 0.01000 | train: 0.0582 | val: 0.0554
Epoch 080/100 | lr: 0.00500 | train: 0.0649 | val: 0.0553
Epoch 085/100 | lr: 0.00500 | train: 0.0494 | val: 0.0568
Epoch 090/100 | lr: 0.00500 | train: 0.0453 | val: 0.0477
Epoch 095/100 | lr: 0.00250 | train: 0.0426 | val: 0.0706
Epoch 100/100 | lr: 0.00250 | train: 0.0414 | val: 0.0762
[s2_random]   after DPA: dpa=0.997  gng=0.615
[s2_random]  DPA done in 852.1s  final train=0.0414  val=0.0762  dpa=0.997  gng=0.615
[s2_random]  ┌── params: after DPA
[s2_random]  │  rank 0: ||m||=20.064  ||n||=35.742  corr(m,n)=+0.627
[s2_random]  │  rank 1: ||m||=21.793  ||n||=39.174  corr(m,n)=+0.792
[s2_random]  │  κ-Jacobian eigvals (gain·n^Tm/N): +1.8413  +2.5567
[s2_random]  │  Wi: ||·||_F=71.673  per-channel=24.04 22.80 39.61 36.69 19.81 18.20 20.03
[s2_random]  └──────────────────────────────────────────────────
[s2_random] ────────────────────────────────────────────────────────────
[s2_random]  STAGE: GNG   device=cuda:0   epochs=100
[s2_random]  freeze recurrent cols: [0]
[s2_random]  freeze input dims:     [0, 1, 2, 3, 4, 5, 6]
[s2_random] ────────────────────────────────────────────────────────────
[s2_random]  data: [516, 266, 7] → [516, 266, 2]
Epoch 005/100 | lr: 0.01000 | train: 0.6976 | val: 0.5965
Epoch 010/100 | lr: 0.01000 | train: 0.4390 | val: 0.3804
Epoch 015/100 | lr: 0.01000 | train: 0.3543 | val: 0.3467
Epoch 020/100 | lr: 0.01000 | train: 0.3063 | val: 0.2795
Epoch 025/100 | lr: 0.01000 | train: 0.2667 | val: 0.2428
Epoch 030/100 | lr: 0.01000 | train: 0.2416 | val: 0.2232
Epoch 035/100 | lr: 0.01000 | train: 0.2132 | val: 0.1951
Epoch 040/100 | lr: 0.01000 | train: 0.1859 | val: 0.1730
Epoch 045/100 | lr: 0.01000 | train: 0.1692 | val: 0.1579
Epoch 050/100 | lr: 0.01000 | train: 0.1569 | val: 0.1481
Epoch 055/100 | lr: 0.01000 | train: 0.1480 | val: 0.1405
Epoch 060/100 | lr: 0.01000 | train: 0.1396 | val: 0.1351
Epoch 065/100 | lr: 0.01000 | train: 0.1338 | val: 0.1289
Epoch 070/100 | lr: 0.01000 | train: 0.1280 | val: 0.1252
Epoch 075/100 | lr: 0.01000 | train: 0.1233 | val: 0.1216
Epoch 080/100 | lr: 0.01000 | train: 0.1190 | val: 0.1174
Epoch 085/100 | lr: 0.01000 | train: 0.1152 | val: 0.1147
Epoch 090/100 | lr: 0.01000 | train: 0.1121 | val: 0.1108
Epoch 095/100 | lr: 0.01000 | train: 0.1089 | val: 0.1079
Epoch 100/100 | lr: 0.01000 | train: 0.1069 | val: 0.1055
[s2_random]   after GNG: dpa=0.564  gng=0.996
[s2_random]  GNG done in 513.6s  final train=0.1069  val=0.1055  dpa=0.564  gng=0.996
[s2_random]  ┌── params: after GNG
[s2_random]  │  rank 0: ||m||=20.064  ||n||=35.742  corr(m,n)=+0.627
[s2_random]  │  rank 1: ||m||=19.229  ||n||=45.123  corr(m,n)=+0.564
[s2_random]  │  κ-Jacobian eigvals (gain·n^Tm/N): +1.8344+0.5081j  +1.8344-0.5081j
[s2_random]  │  Wi: ||·||_F=71.673  per-channel=24.04 22.80 39.61 36.69 19.81 18.20 20.03
[s2_random]  └──────────────────────────────────────────────────
[s2_random] ────────────────────────────────────────────────────────────
[s2_random]  STAGE: Dual   device=cuda:0   epochs=100
[s2_random]  freeze input dims:     [0, 1, 2, 3, 4, 5, 6]
[s2_random] ────────────────────────────────────────────────────────────
[s2_random]  data: [516, 444, 7] → [516, 444, 2]
[s2_random]  loss=separated  dpa_w=1.0  gng_w=1.0  aux_w=1.0  bl_w=1.0
Epoch 005/100 | lr: 0.01000 | train: 0.4447 | val: 0.4669
Epoch 010/100 | lr: 0.01000 | train: 0.4333 | val: 0.4836
Epoch 015/100 | lr: 0.01000 | train: 0.3891 | val: 0.4465
Epoch 020/100 | lr: 0.01000 | train: 0.3862 | val: 0.4311
Epoch 025/100 | lr: 0.01000 | train: 0.3485 | val: 0.4010
Epoch 030/100 | lr: 0.01000 | train: 0.3453 | val: 0.4041
Epoch 035/100 | lr: 0.01000 | train: 0.3308 | val: 0.3746
Epoch 040/100 | lr: 0.01000 | train: 0.3519 | val: 0.3996
Epoch 045/100 | lr: 0.01000 | train: 0.3040 | val: 0.3762
Epoch 050/100 | lr: 0.01000 | train: 0.2972 | val: 0.3464
Epoch 055/100 | lr: 0.01000 | train: 0.2850 | val: 0.3265
Epoch 060/100 | lr: 0.01000 | train: 0.2436 | val: 0.2835
Epoch 065/100 | lr: 0.01000 | train: 0.1927 | val: 0.2159
Epoch 070/100 | lr: 0.01000 | train: 0.1316 | val: 0.1398
Epoch 075/100 | lr: 0.01000 | train: 0.1084 | val: 0.1071
Epoch 080/100 | lr: 0.01000 | train: 0.0908 | val: 0.0942
Epoch 085/100 | lr: 0.01000 | train: 0.0824 | val: 0.0816
Epoch 090/100 | lr: 0.01000 | train: 0.0747 | val: 0.0747
Epoch 095/100 | lr: 0.01000 | train: 0.0703 | val: 0.0698
Epoch 100/100 | lr: 0.01000 | train: 0.0668 | val: 0.0661
[s2_random]  loss components: {'dpa': 0.0211, 'gng': 0.0267, 'baseline': 0.0061, 'aux': 0.0083}
[s2_random]   after Dual: dpa=1.000  gng=1.000
[s2_random]  Dual done in 861.6s  final train=0.0668  val=0.0661  dpa=1.000  gng=1.000
[s2_random]  ┌── params: after Dual
[s2_random]  │  rank 0: ||m||=24.995  ||n||=35.581  corr(m,n)=+0.603
[s2_random]  │  rank 1: ||m||=19.583  ||n||=56.486  corr(m,n)=+0.440
[s2_random]  │  κ-Jacobian eigvals (gain·n^Tm/N): +2.2422  +1.7541
[s2_random]  │  Wi: ||·||_F=71.673  per-channel=24.04 22.80 39.61 36.69 19.81 18.20 20.03
[s2_random]  └──────────────────────────────────────────────────
[s2_random] ════════════════════════════════════════════════════════════
[s2_random]  RUN COMPLETE  2026-06-05 01:46:53  total=2229.2s
[s2_random]  ACCURACY SUMMARY
[s2_random]    after DPA : dpa=0.997  gng=0.615
[s2_random]    after GNG : dpa=0.564  gng=0.996
[s2_random]    after Dual: dpa=1.000  gng=1.000  dual_dpa=1.000  dual_gng=0.996
[s2_random] ════════════════════════════════════════════════════════════
