[s0_noHinge2] ════════════════════════════════════════════════════════════
[s0_noHinge2]  RUN START  2026-06-09 00:46:37
[s0_noHinge2]  run_id=s0_noHinge2  seed=0  device=cuda:0
[s0_noHinge2]  arch:  hidden=512  rank=2  gain=1.0  input_size=7  params=6,144
[s0_noHinge2]  task:  cue_on_go=True  rwd=True  rwd_scale=1.0  freeze_input_stages=['gng', 'dual']  init=random
[s0_noHinge2]  dynamics: alpha=0.0750  alpha_rec=0.1000  dt=0.0225  tau=0.3  tau_rec_frac=0.75
[s0_noHinge2]  noise:  input_sigma=0.3732 (×1.0)  model_sigma=0.0000 (×0.0)
[s0_noHinge2]  optim:  lr=0.01  wd=0.01  batch=64  n_batch=516  clip=None
[s0_noHinge2]  epochs: dpa=100  gng=100  dual=100  loss=separated
[s0_noHinge2]  shapes: m[512, 2]  n[512, 2]  Wi[512, 7]
[s0_noHinge2]  ┌── params: init
[s0_noHinge2]  │  rank 0: ||m||=22.187  ||n||=22.116  corr(m,n)=-0.011
[s0_noHinge2]  │  rank 1: ||m||=22.375  ||n||=22.846  corr(m,n)=+0.037
[s0_noHinge2]  │  κ-Jacobian eigvals (gain·n^Tm/N): +0.0132+0.0342j  +0.0132-0.0342j
[s0_noHinge2]  │  Wi: ||·||_F=59.379  per-channel=22.21 22.79 22.15 22.73 21.77 21.92 23.48
[s0_noHinge2]  └──────────────────────────────────────────────────
[s0_noHinge2]  DPA: loading checkpoint from results/dual/sweep_adam2/s0_adam2/dpa_s0_adam2.pth
[s0_noHinge2]   after DPA: dpa=1.000 (pair=1.000 unpair=1.000)  gng=0.548 (go=0.177 nogo=0.947)
[s0_noHinge2]  DPA done in 1.0s  (checkpoint)  dpa=1.000  gng=0.548
[s0_noHinge2]  ┌── params: after DPA
[s0_noHinge2]  │  rank 0: ||m||=39.389  ||n||=39.539  corr(m,n)=+0.796
[s0_noHinge2]  │  rank 1: ||m||=32.456  ||n||=52.659  corr(m,n)=+0.801
[s0_noHinge2]  │  κ-Jacobian eigvals (gain·n^Tm/N): +2.3771  +2.7177
[s0_noHinge2]  │  Wi: ||·||_F=70.281  per-channel=23.12 22.41 38.14 35.66 21.77 21.92 14.91
[s0_noHinge2]  └──────────────────────────────────────────────────
[s0_noHinge2]  GNG: loading checkpoint from results/dual/sweep_adam2/s0_adam2/naive_s0_adam2.pth
[s0_noHinge2]   after GNG: dpa=1.000 (pair=1.000 unpair=1.000)  gng=0.995 (go=1.000 nogo=0.990)
[s0_noHinge2]  GNG done in 0.7s  (checkpoint)  dpa=1.000  gng=0.995
[s0_noHinge2]  ┌── params: after GNG
[s0_noHinge2]  │  rank 0: ||m||=39.389  ||n||=39.539  corr(m,n)=+0.796
[s0_noHinge2]  │  rank 1: ||m||=34.033  ||n||=58.600  corr(m,n)=+0.647
[s0_noHinge2]  │  κ-Jacobian eigvals (gain·n^Tm/N): +2.3013  +2.6405
[s0_noHinge2]  │  Wi: ||·||_F=70.281  per-channel=23.12 22.41 38.14 35.66 21.77 21.92 14.91
[s0_noHinge2]  └──────────────────────────────────────────────────
[s0_noHinge2] ────────────────────────────────────────────────────────────
[s0_noHinge2]  STAGE: Dual   device=cuda:0   epochs=100
[s0_noHinge2]  freeze recurrent cols: [0]
[s0_noHinge2]  freeze input dims:     [0, 1, 2, 3, 4, 5, 6]
[s0_noHinge2] ────────────────────────────────────────────────────────────
[s0_noHinge2]  data: [516, 444, 7] → [516, 444, 2]
[s0_noHinge2]  loss=separated  dpa_w=1.0  gng_w=1.0  go_w=1.0  nogo_w=2.0  aux_w=1.0  bl_w=1.0  go_hinge=None
Epoch 005/100 | lr: 0.01000 | train: 1.3228 | val: 1.3272
Epoch 010/100 | lr: 0.01000 | train: 1.1688 | val: 1.1785
Epoch 015/100 | lr: 0.01000 | train: 1.0943 | val: 1.0853
Epoch 020/100 | lr: 0.01000 | train: 1.0159 | val: 1.0133
Epoch 025/100 | lr: 0.01000 | train: 0.9743 | val: 0.9514
Epoch 030/100 | lr: 0.01000 | train: 0.9379 | val: 0.9204
Epoch 035/100 | lr: 0.01000 | train: 0.8792 | val: 0.8820
Epoch 040/100 | lr: 0.01000 | train: 0.8483 | val: 0.8533
Epoch 045/100 | lr: 0.01000 | train: 0.8185 | val: 0.8174
Epoch 050/100 | lr: 0.01000 | train: 0.7963 | val: 0.8057
Epoch 055/100 | lr: 0.01000 | train: 0.7710 | val: 0.7681
Epoch 060/100 | lr: 0.01000 | train: 0.7475 | val: 0.7496
Epoch 065/100 | lr: 0.01000 | train: 0.7240 | val: 0.7207
Epoch 070/100 | lr: 0.01000 | train: 0.6921 | val: 0.7011
Epoch 075/100 | lr: 0.01000 | train: 0.6942 | val: 0.6807
Epoch 080/100 | lr: 0.01000 | train: 0.6707 | val: 0.6715
Epoch 085/100 | lr: 0.01000 | train: 0.6261 | val: 0.6338
Epoch 090/100 | lr: 0.01000 | train: 0.5994 | val: 0.6151
Epoch 095/100 | lr: 0.01000 | train: 0.5799 | val: 0.5952
Epoch 100/100 | lr: 0.01000 | train: 0.5574 | val: 0.5720
[s0_noHinge2]  loss components: {'dpa': 0.3627, 'gng': 0.2155, 'gng_go': 0.1725, 'gng_nogo': 0.0215, 'baseline': 0.02, 'aux': 0.011}
[s0_noHinge2]   after Dual: dpa=0.988 (pair=0.980 unpair=0.998)  gng=1.000 (go=1.000 nogo=1.000)
[s0_noHinge2]  Dual done in 722.9s  final train=0.5574  val=0.5720  dpa=0.988  gng=1.000
[s0_noHinge2]  ┌── params: after Dual
[s0_noHinge2]  │  rank 0: ||m||=39.389  ||n||=39.539  corr(m,n)=+0.796
[s0_noHinge2]  │  rank 1: ||m||=38.986  ||n||=78.520  corr(m,n)=+0.514
[s0_noHinge2]  │  κ-Jacobian eigvals (gain·n^Tm/N): +2.3949  +3.0999
[s0_noHinge2]  │  Wi: ||·||_F=70.281  per-channel=23.12 22.41 38.14 35.66 21.77 21.92 14.91
[s0_noHinge2]  └──────────────────────────────────────────────────
[s0_noHinge2] ════════════════════════════════════════════════════════════
[s0_noHinge2]  RUN COMPLETE  2026-06-09 00:58:41  total=725.9s
[s0_noHinge2]  ACCURACY SUMMARY
[s0_noHinge2]    after DPA : dpa=1.000  gng=0.548
[s0_noHinge2]    after GNG : dpa=1.000  gng=0.995
[s0_noHinge2]    after Dual: dpa=0.988  gng=1.000  dual_dpa=0.887  dual_gng=0.984
[s0_noHinge2] ════════════════════════════════════════════════════════════
