[s3_softplus] ════════════════════════════════════════════════════════════
[s3_softplus]  RUN START  2026-06-09 04:17:39
[s3_softplus]  run_id=s3_softplus  seed=3  device=cuda:1
[s3_softplus]  arch:  hidden=512  rank=2  gain=1.0  input_size=7  params=6,144
[s3_softplus]  task:  cue_on_go=True  rwd=True  rwd_scale=1.0  freeze_input_stages=['gng', 'dual']  init=random
[s3_softplus]  dynamics: alpha=0.0750  alpha_rec=0.1000  dt=0.0225  tau=0.3  tau_rec_frac=0.75
[s3_softplus]  noise:  input_sigma=0.3732 (×1.0)  model_sigma=0.0000 (×0.0)
[s3_softplus]  optim:  lr=0.01  wd=0.01  batch=64  n_batch=516  clip=None
[s3_softplus]  epochs: dpa=100  gng=100  dual=100  loss=separated
[s3_softplus]  shapes: m[512, 2]  n[512, 2]  Wi[512, 7]
[s3_softplus]  ┌── params: init
[s3_softplus]  │  rank 0: ||m||=22.816  ||n||=22.436  corr(m,n)=+0.020
[s3_softplus]  │  rank 1: ||m||=21.350  ||n||=23.585  corr(m,n)=+0.075
[s3_softplus]  │  κ-Jacobian eigvals (gain·n^Tm/N): +0.0115  +0.0822
[s3_softplus]  │  Wi: ||·||_F=61.487  per-channel=24.64 23.94 21.69 23.93 23.19 21.98 23.15
[s3_softplus]  └──────────────────────────────────────────────────
[s3_softplus] ────────────────────────────────────────────────────────────
[s3_softplus]  STAGE: DPA   device=cuda:1   epochs=100
[s3_softplus]  freeze input dims:     [4, 5]
[s3_softplus] ────────────────────────────────────────────────────────────
[s3_softplus]  data: [516, 444, 7] → [516, 444, 2]
Epoch 005/100 | lr: 0.01000 | train: 1.9751 | val: 1.9681
Epoch 010/100 | lr: 0.01000 | train: 1.8640 | val: 1.8184
Epoch 015/100 | lr: 0.01000 | train: 1.0822 | val: 1.0230
Epoch 020/100 | lr: 0.01000 | train: 0.9452 | val: 0.8726
Epoch 025/100 | lr: 0.01000 | train: 0.7691 | val: 0.6257
Epoch 030/100 | lr: 0.01000 | train: 0.3501 | val: 0.2711
Epoch 035/100 | lr: 0.01000 | train: 0.1036 | val: 0.1049
Stopping: losses below 0.1.
[s3_softplus]   after DPA: dpa=1.000 (pair=1.000 unpair=1.000)  gng=0.491 (go=0.000 nogo=1.000)
[s3_softplus]  DPA done in 702.3s  final train=0.0956  val=0.0925  dpa=1.000  gng=0.491
[s3_softplus]  ┌── params: after DPA
[s3_softplus]  │  rank 0: ||m||=41.221  ||n||=28.824  corr(m,n)=+0.800
[s3_softplus]  │  rank 1: ||m||=36.926  ||n||=29.235  corr(m,n)=+0.785
[s3_softplus]  │  κ-Jacobian eigvals (gain·n^Tm/N): +1.8963  +1.6146
[s3_softplus]  │  Wi: ||·||_F=77.138  per-channel=26.20 25.35 37.47 39.77 23.19 21.98 24.77
[s3_softplus]  └──────────────────────────────────────────────────
[s3_softplus] ────────────────────────────────────────────────────────────
[s3_softplus]  STAGE: GNG   device=cuda:1   epochs=100
[s3_softplus]  freeze recurrent cols: [0]
[s3_softplus]  freeze input dims:     [0, 1, 2, 3, 4, 5, 6]
[s3_softplus] ────────────────────────────────────────────────────────────
[s3_softplus]  data: [516, 266, 7] → [516, 266, 2]
Epoch 005/100 | lr: 0.01000 | train: 1.1328 | val: 1.1009
Epoch 010/100 | lr: 0.01000 | train: 0.4569 | val: 0.4575
Epoch 015/100 | lr: 0.01000 | train: 0.2966 | val: 0.3181
Epoch 020/100 | lr: 0.01000 | train: 0.2248 | val: 0.2538
Epoch 025/100 | lr: 0.01000 | train: 0.1881 | val: 0.2323
Epoch 030/100 | lr: 0.01000 | train: 0.1469 | val: 0.1708
Epoch 035/100 | lr: 0.01000 | train: 0.1280 | val: 0.1450
Epoch 040/100 | lr: 0.01000 | train: 0.1128 | val: 0.1340
Epoch 045/100 | lr: 0.01000 | train: 0.1021 | val: 0.1171
Epoch 050/100 | lr: 0.01000 | train: 0.0908 | val: 0.1117
Stopping: losses below 0.1.
[s3_softplus]   after GNG: dpa=0.717 (pair=0.483 unpair=0.966)  gng=0.983 (go=1.000 nogo=0.967)
[s3_softplus]  GNG done in 762.2s  final train=0.0879  val=0.0957  dpa=0.717  gng=0.983
[s3_softplus]  ┌── params: after GNG
[s3_softplus]  │  rank 0: ||m||=41.221  ||n||=28.824  corr(m,n)=+0.800
[s3_softplus]  │  rank 1: ||m||=42.489  ||n||=32.487  corr(m,n)=+0.745
[s3_softplus]  │  κ-Jacobian eigvals (gain·n^Tm/N): +1.8431  +2.0223
[s3_softplus]  │  Wi: ||·||_F=77.138  per-channel=26.20 25.35 37.47 39.77 23.19 21.98 24.77
[s3_softplus]  └──────────────────────────────────────────────────
[s3_softplus] ────────────────────────────────────────────────────────────
[s3_softplus]  STAGE: Dual   device=cuda:1   epochs=100
[s3_softplus]  freeze recurrent cols: [0]
[s3_softplus]  freeze input dims:     [0, 1, 2, 3, 4, 5, 6]
[s3_softplus] ────────────────────────────────────────────────────────────
[s3_softplus]  data: [516, 444, 7] → [516, 444, 2]
[s3_softplus]  loss=separated  dpa_w=1.0  gng_w=1.0  go_w=1.0  nogo_w=2.0  aux_w=1.0  bl_w=1.0  go_hinge=1.0
Epoch 005/100 | lr: 0.01000 | train: 0.5848 | val: 0.5156
Epoch 010/100 | lr: 0.01000 | train: 0.4550 | val: 0.4520
Epoch 015/100 | lr: 0.01000 | train: 0.4296 | val: 0.4417
Epoch 020/100 | lr: 0.01000 | train: 0.4228 | val: 0.4265
Epoch 025/100 | lr: 0.01000 | train: 0.4118 | val: 0.4183
Epoch 030/100 | lr: 0.01000 | train: 0.4001 | val: 0.4118
Epoch 035/100 | lr: 0.01000 | train: 0.3904 | val: 0.3985
Epoch 040/100 | lr: 0.01000 | train: 0.3858 | val: 0.3939
Epoch 045/100 | lr: 0.01000 | train: 0.3763 | val: 0.3812
Epoch 050/100 | lr: 0.01000 | train: 0.3732 | val: 0.3805
Epoch 055/100 | lr: 0.01000 | train: 0.3621 | val: 0.3640
Epoch 060/100 | lr: 0.01000 | train: 0.3558 | val: 0.3589
Epoch 065/100 | lr: 0.01000 | train: 0.3525 | val: 0.3537
Epoch 070/100 | lr: 0.01000 | train: 0.3458 | val: 0.3482
Epoch 075/100 | lr: 0.01000 | train: 0.3427 | val: 0.3380
Epoch 080/100 | lr: 0.01000 | train: 0.3327 | val: 0.3321
Epoch 085/100 | lr: 0.01000 | train: 0.3290 | val: 0.3246
Epoch 090/100 | lr: 0.01000 | train: 0.3227 | val: 0.3193
Epoch 095/100 | lr: 0.01000 | train: 0.3164 | val: 0.3177
Epoch 100/100 | lr: 0.01000 | train: 0.3087 | val: 0.3070
[s3_softplus]  loss components: {'dpa': 0.0964, 'gng': 0.2202, 'gng_go': 0.1394, 'gng_nogo': 0.0404, 'baseline': 0.0031, 'aux': 0.0049}
[s3_softplus]   after Dual: dpa=1.000 (pair=1.000 unpair=1.000)  gng=0.994 (go=1.000 nogo=0.988)
[s3_softplus]  Dual done in 2168.0s  final train=0.3087  val=0.3070  dpa=1.000  gng=0.994
[s3_softplus]  ┌── params: after Dual
[s3_softplus]  │  rank 0: ||m||=41.221  ||n||=28.824  corr(m,n)=+0.800
[s3_softplus]  │  rank 1: ||m||=40.510  ||n||=31.652  corr(m,n)=+0.665
[s3_softplus]  │  κ-Jacobian eigvals (gain·n^Tm/N): +1.8491  +1.6724
[s3_softplus]  │  Wi: ||·||_F=77.138  per-channel=26.20 25.35 37.47 39.77 23.19 21.98 24.77
[s3_softplus]  └──────────────────────────────────────────────────
[s3_softplus] ════════════════════════════════════════════════════════════
[s3_softplus]  RUN COMPLETE  2026-06-09 05:18:12  total=3636.0s
[s3_softplus]  ACCURACY SUMMARY
[s3_softplus]    after DPA : dpa=1.000  gng=0.491
[s3_softplus]    after GNG : dpa=0.717  gng=0.983
[s3_softplus]    after Dual: dpa=1.000  gng=0.994  dual_dpa=1.000  dual_gng=0.987
[s3_softplus] ════════════════════════════════════════════════════════════
