[s6_cueb] ════════════════════════════════════════════════════════════
[s6_cueb]  RUN START  2026-06-07 15:53:30
[s6_cueb]  run_id=s6_cueb  seed=6  device=cuda:1
[s6_cueb]  arch:  hidden=512  rank=2  gain=1.0  input_size=7  params=6,144
[s6_cueb]  task:  cue_on_go=True  rwd=True  rwd_scale=1.0  freeze_input_stages=['dual']  init=random
[s6_cueb]  dynamics: alpha=0.0750  alpha_rec=0.1000  dt=0.0225  tau=0.3  tau_rec_frac=0.75
[s6_cueb]  noise:  input_sigma=0.3732 (×1.0)  model_sigma=0.3732 (×1.0)
[s6_cueb]  optim:  lr=0.01  wd=0.01  batch=64  n_batch=516  clip=None
[s6_cueb]  epochs: dpa=200  gng=200  dual=200  loss=separated
[s6_cueb]  shapes: m[512, 2]  n[512, 2]  Wi[512, 7]
[s6_cueb]  ┌── params: init
[s6_cueb]  │  rank 0: ||m||=23.754  ||n||=22.561  corr(m,n)=+0.074
[s6_cueb]  │  rank 1: ||m||=21.713  ||n||=23.345  corr(m,n)=-0.005
[s6_cueb]  │  κ-Jacobian eigvals (gain·n^Tm/N): +0.0778  -0.0054
[s6_cueb]  │  Wi: ||·||_F=60.072  per-channel=23.10 21.97 23.40 22.89 22.22 23.84 21.41
[s6_cueb]  └──────────────────────────────────────────────────
[s6_cueb] ────────────────────────────────────────────────────────────
[s6_cueb]  STAGE: DPA   device=cuda:1   epochs=200
[s6_cueb] ────────────────────────────────────────────────────────────
[s6_cueb]  data: [516, 444, 7] → [516, 444, 2]
Epoch 005/200 | lr: 0.01000 | train: 1.9679 | val: 1.9721
Epoch 010/200 | lr: 0.01000 | train: 1.5852 | val: 1.4039
Epoch 015/200 | lr: 0.01000 | train: 1.0570 | val: 1.0414
Epoch 020/200 | lr: 0.01000 | train: 0.9958 | val: 0.9926
Epoch 025/200 | lr: 0.01000 | train: 0.9533 | val: 0.9381
Epoch 030/200 | lr: 0.01000 | train: 0.8653 | val: 0.8536
Epoch 035/200 | lr: 0.01000 | train: 0.7090 | val: 0.7055
Epoch 040/200 | lr: 0.01000 | train: 0.5013 | val: 0.5110
Epoch 045/200 | lr: 0.01000 | train: 0.4187 | val: 0.4390
Epoch 050/200 | lr: 0.01000 | train: 0.3574 | val: 0.3730
Epoch 055/200 | lr: 0.01000 | train: 0.3284 | val: 0.3041
Epoch 060/200 | lr: 0.01000 | train: 0.2926 | val: 0.3166
Epoch 065/200 | lr: 0.01000 | train: 0.2914 | val: 0.3376
Epoch 070/200 | lr: 0.01000 | train: 0.2520 | val: 0.2303
Epoch 075/200 | lr: 0.01000 | train: 0.2288 | val: 0.2135
Epoch 080/200 | lr: 0.01000 | train: 0.2222 | val: 0.2472
Epoch 085/200 | lr: 0.01000 | train: 0.1817 | val: 0.2070
Epoch 090/200 | lr: 0.01000 | train: 0.1822 | val: 0.1590
Epoch 095/200 | lr: 0.01000 | train: 0.1713 | val: 0.1619
Epoch 100/200 | lr: 0.01000 | train: 0.1494 | val: 0.1585
Epoch 105/200 | lr: 0.01000 | train: 0.1395 | val: 0.1263
Epoch 110/200 | lr: 0.01000 | train: 0.1324 | val: 0.1150
Epoch 115/200 | lr: 0.01000 | train: 0.1124 | val: 0.1045
Epoch 120/200 | lr: 0.01000 | train: 0.1192 | val: 0.1382
Stopping: losses below 0.1.
[s6_cueb]   after DPA: dpa=0.996  gng=0.506
[s6_cueb]  DPA done in 892.3s  final train=0.0989  val=0.0937  dpa=0.996  gng=0.506
[s6_cueb]  ┌── params: after DPA
[s6_cueb]  │  rank 0: ||m||=44.346  ||n||=38.274  corr(m,n)=+0.839
[s6_cueb]  │  rank 1: ||m||=34.161  ||n||=51.397  corr(m,n)=+0.823
[s6_cueb]  │  κ-Jacobian eigvals (gain·n^Tm/N): +2.8016+0.1146j  +2.8016-0.1146j
[s6_cueb]  │  Wi: ||·||_F=72.188  per-channel=24.55 23.00 43.55 42.11 10.77 10.07 13.86
[s6_cueb]  └──────────────────────────────────────────────────
[s6_cueb] ────────────────────────────────────────────────────────────
[s6_cueb]  STAGE: GNG   device=cuda:1   epochs=200
[s6_cueb]  freeze recurrent cols: [0]
[s6_cueb]  freeze input dims:     [0, 1, 2, 3, 6]
[s6_cueb] ────────────────────────────────────────────────────────────
[s6_cueb]  data: [516, 266, 7] → [516, 266, 2]
Epoch 005/200 | lr: 0.01000 | train: 0.3521 | val: 0.3134
Epoch 010/200 | lr: 0.01000 | train: 0.2398 | val: 0.2308
Epoch 015/200 | lr: 0.01000 | train: 0.1822 | val: 0.1633
Epoch 020/200 | lr: 0.01000 | train: 0.1342 | val: 0.1300
Epoch 025/200 | lr: 0.01000 | train: 0.1004 | val: 0.1047
Stopping: losses below 0.1.
[s6_cueb]   after GNG: dpa=0.929  gng=0.970
[s6_cueb]  GNG done in 116.7s  final train=0.0982  val=0.0799  dpa=0.929  gng=0.970
[s6_cueb]  ┌── params: after GNG
[s6_cueb]  │  rank 0: ||m||=44.346  ||n||=38.274  corr(m,n)=+0.839
[s6_cueb]  │  rank 1: ||m||=36.576  ||n||=50.120  corr(m,n)=+0.774
[s6_cueb]  │  κ-Jacobian eigvals (gain·n^Tm/N): +2.9709  +2.5816
[s6_cueb]  │  Wi: ||·||_F=74.196  per-channel=24.55 23.00 43.55 42.11 12.56 18.80 13.86
[s6_cueb]  └──────────────────────────────────────────────────
[s6_cueb] ────────────────────────────────────────────────────────────
[s6_cueb]  STAGE: Dual   device=cuda:1   epochs=200
[s6_cueb]  freeze recurrent cols: [0]
[s6_cueb]  freeze input dims:     [0, 1, 2, 3, 4, 5, 6]
[s6_cueb] ────────────────────────────────────────────────────────────
[s6_cueb]  data: [516, 444, 7] → [516, 444, 2]
[s6_cueb]  loss=separated  dpa_w=1.0  gng_w=1.0  aux_w=1.0  bl_w=1.0
Epoch 005/200 | lr: 0.01000 | train: 0.8199 | val: 0.8521
Epoch 010/200 | lr: 0.01000 | train: 0.7515 | val: 0.8045
Epoch 015/200 | lr: 0.01000 | train: 0.7260 | val: 0.8049
Epoch 020/200 | lr: 0.01000 | train: 0.7173 | val: 0.7729
Epoch 025/200 | lr: 0.01000 | train: 0.6998 | val: 0.7882
Epoch 030/200 | lr: 0.01000 | train: 0.6888 | val: 0.7304
Epoch 035/200 | lr: 0.01000 | train: 0.6590 | val: 0.6717
Epoch 040/200 | lr: 0.01000 | train: 0.6279 | val: 0.6616
Epoch 045/200 | lr: 0.01000 | train: 0.6028 | val: 0.6450
Epoch 050/200 | lr: 0.01000 | train: 0.6160 | val: 0.6119
Epoch 055/200 | lr: 0.01000 | train: 0.5600 | val: 0.5643
Epoch 060/200 | lr: 0.01000 | train: 0.5458 | val: 0.5773
Epoch 065/200 | lr: 0.01000 | train: 0.5225 | val: 0.5218
Epoch 070/200 | lr: 0.01000 | train: 0.5033 | val: 0.4567
Epoch 075/200 | lr: 0.01000 | train: 0.4967 | val: 0.4619
Epoch 080/200 | lr: 0.00500 | train: 0.4693 | val: 0.4706
Epoch 085/200 | lr: 0.00250 | train: 0.4689 | val: 0.4622
Epoch 090/200 | lr: 0.00250 | train: 0.4646 | val: 0.4498
Epoch 095/200 | lr: 0.00250 | train: 0.4672 | val: 0.4614
Epoch 100/200 | lr: 0.00125 | train: 0.4638 | val: 0.4623
Epoch 105/200 | lr: 0.00125 | train: 0.4544 | val: 0.4873
Epoch 110/200 | lr: 0.00063 | train: 0.4624 | val: 0.4409
Epoch 115/200 | lr: 0.00031 | train: 0.4626 | val: 0.4620
Epoch 120/200 | lr: 0.00031 | train: 0.4491 | val: 0.4686
Epoch 125/200 | lr: 0.00031 | train: 0.4388 | val: 0.4315
Epoch 130/200 | lr: 0.00016 | train: 0.4580 | val: 0.4730
Epoch 135/200 | lr: 0.00008 | train: 0.4594 | val: 0.4454
Epoch 140/200 | lr: 0.00008 | train: 0.4532 | val: 0.4720
Epoch 145/200 | lr: 0.00004 | train: 0.4519 | val: 0.4794
Epoch 150/200 | lr: 0.00004 | train: 0.4529 | val: 0.4289
Epoch 155/200 | lr: 0.00002 | train: 0.4447 | val: 0.4257
Epoch 160/200 | lr: 0.00001 | train: 0.4633 | val: 0.4537
Epoch 165/200 | lr: 0.00001 | train: 0.4409 | val: 0.4169
Epoch 170/200 | lr: 0.00001 | train: 0.4410 | val: 0.4324
Epoch 175/200 | lr: 0.00001 | train: 0.4403 | val: 0.4784
Epoch 180/200 | lr: 0.00001 | train: 0.4503 | val: 0.4455
Epoch 185/200 | lr: 0.00001 | train: 0.4526 | val: 0.4458
Epoch 190/200 | lr: 0.00001 | train: 0.4570 | val: 0.4225
Epoch 195/200 | lr: 0.00001 | train: 0.4575 | val: 0.4589
Epoch 200/200 | lr: 0.00001 | train: 0.4555 | val: 0.4340
[s6_cueb]  loss components: {'dpa': 0.1805, 'gng': 0.2378, 'baseline': 0.0216, 'aux': 0.0204}
[s6_cueb]   after Dual: dpa=0.981  gng=0.968
[s6_cueb]  Dual done in 1323.2s  final train=0.4555  val=0.4340  dpa=0.981  gng=0.968
[s6_cueb]  ┌── params: after Dual
[s6_cueb]  │  rank 0: ||m||=44.346  ||n||=38.274  corr(m,n)=+0.839
[s6_cueb]  │  rank 1: ||m||=31.418  ||n||=68.039  corr(m,n)=+0.661
[s6_cueb]  │  κ-Jacobian eigvals (gain·n^Tm/N): +2.9281  +2.6119
[s6_cueb]  │  Wi: ||·||_F=74.196  per-channel=24.55 23.00 43.55 42.11 12.56 18.80 13.86
[s6_cueb]  └──────────────────────────────────────────────────
[s6_cueb] ════════════════════════════════════════════════════════════
[s6_cueb]  RUN COMPLETE  2026-06-07 16:32:23  total=2332.1s
[s6_cueb]  ACCURACY SUMMARY
[s6_cueb]    after DPA : dpa=0.996  gng=0.506
[s6_cueb]    after GNG : dpa=0.929  gng=0.970
[s6_cueb]    after Dual: dpa=0.981  gng=0.968  dual_dpa=0.995  dual_gng=0.855
[s6_cueb] ════════════════════════════════════════════════════════════
