[s1_random] ════════════════════════════════════════════════════════════
[s1_random]  RUN START  2026-06-04 23:34:38
[s1_random]  run_id=s1_random  seed=1  device=cuda:1
[s1_random]  arch:  hidden=512  rank=2  gain=2.0  input_size=7  params=6,144
[s1_random]  task:  cue_on_go=True  rwd=True  freeze_input_stages=['gng', 'dual']  init=random
[s1_random]  dynamics: alpha=0.0750  alpha_rec=0.1000  dt=0.0225  tau=0.3  tau_rec_frac=0.75
[s1_random]  noise:  input_sigma=0.1866 (×0.5)  model_sigma=0.0000 (×0.0)
[s1_random]  optim:  lr=0.01  wd=0.01  batch=64  n_batch=516  clip=1.0
[s1_random]  epochs: dpa=100  gng=100  dual=100  loss=separated
[s1_random]  shapes: m[512, 2]  n[512, 2]  Wi[512, 7]
[s1_random]  ┌── params: init
[s1_random]  │  rank 0: ||m||=22.898  ||n||=22.288  corr(m,n)=-0.020
[s1_random]  │  rank 1: ||m||=23.302  ||n||=22.428  corr(m,n)=+0.009
[s1_random]  │  κ-Jacobian eigvals (gain·n^Tm/N): -0.0310  +0.0087
[s1_random]  │  Wi: ||·||_F=58.820  per-channel=21.94 22.58 22.12 21.70 21.92 23.07 22.27
[s1_random]  └──────────────────────────────────────────────────
[s1_random] ────────────────────────────────────────────────────────────
[s1_random]  STAGE: DPA   device=cuda:1   epochs=100
[s1_random] ────────────────────────────────────────────────────────────
[s1_random]  data: [516, 444, 7] → [516, 444, 2]
Epoch 005/100 | lr: 0.01000 | train: 1.8470 | val: 1.6960
Epoch 010/100 | lr: 0.01000 | train: 1.1069 | val: 1.0722
Epoch 015/100 | lr: 0.01000 | train: 0.8922 | val: 0.8566
Epoch 020/100 | lr: 0.01000 | train: 0.5348 | val: 0.5218
Epoch 025/100 | lr: 0.01000 | train: 0.3943 | val: 0.4101
Epoch 030/100 | lr: 0.01000 | train: 0.3501 | val: 0.3502
Epoch 035/100 | lr: 0.01000 | train: 0.2425 | val: 0.3111
Epoch 040/100 | lr: 0.01000 | train: 0.2072 | val: 0.2056
Epoch 045/100 | lr: 0.01000 | train: 0.2225 | val: 0.2242
Epoch 050/100 | lr: 0.00500 | train: 0.1634 | val: 0.1668
Epoch 055/100 | lr: 0.00500 | train: 0.1816 | val: 0.1395
Epoch 060/100 | lr: 0.00500 | train: 0.1151 | val: 0.1225
Epoch 065/100 | lr: 0.00500 | train: 0.1254 | val: 0.1100
Epoch 070/100 | lr: 0.00500 | train: 0.0964 | val: 0.1326
Epoch 075/100 | lr: 0.00500 | train: 0.0827 | val: 0.0879
Epoch 080/100 | lr: 0.00500 | train: 0.0852 | val: 0.1267
Epoch 085/100 | lr: 0.00500 | train: 0.0793 | val: 0.2025
Epoch 090/100 | lr: 0.00500 | train: 0.0648 | val: 0.1075
Epoch 095/100 | lr: 0.00500 | train: 0.0682 | val: 0.0718
Epoch 100/100 | lr: 0.00500 | train: 0.0777 | val: 0.0677
[s1_random]   after DPA: dpa=1.000  gng=0.427
[s1_random]  DPA done in 719.3s  final train=0.0777  val=0.0677  dpa=1.000  gng=0.427
[s1_random]  ┌── params: after DPA
[s1_random]  │  rank 0: ||m||=20.133  ||n||=35.690  corr(m,n)=+0.656
[s1_random]  │  rank 1: ||m||=23.739  ||n||=37.398  corr(m,n)=+0.790
[s1_random]  │  κ-Jacobian eigvals (gain·n^Tm/N): +1.9616  +2.6214
[s1_random]  │  Wi: ||·||_F=72.044  per-channel=25.22 25.47 34.87 39.96 17.80 19.41 19.99
[s1_random]  └──────────────────────────────────────────────────
[s1_random] ────────────────────────────────────────────────────────────
[s1_random]  STAGE: GNG   device=cuda:1   epochs=100
[s1_random]  freeze recurrent cols: [0]
[s1_random]  freeze input dims:     [0, 1, 2, 3, 4, 5, 6]
[s1_random] ────────────────────────────────────────────────────────────
[s1_random]  data: [516, 266, 7] → [516, 266, 2]
Epoch 005/100 | lr: 0.01000 | train: 0.8903 | val: 0.8193
Epoch 010/100 | lr: 0.01000 | train: 0.4416 | val: 0.4267
Epoch 015/100 | lr: 0.01000 | train: 0.3530 | val: 0.3378
Epoch 020/100 | lr: 0.01000 | train: 0.3134 | val: 0.2966
Epoch 025/100 | lr: 0.01000 | train: 0.2769 | val: 0.2665
Epoch 030/100 | lr: 0.01000 | train: 0.2509 | val: 0.2391
Epoch 035/100 | lr: 0.01000 | train: 0.2307 | val: 0.2211
Epoch 040/100 | lr: 0.01000 | train: 0.2151 | val: 0.2056
Epoch 045/100 | lr: 0.01000 | train: 0.1994 | val: 0.1916
Epoch 050/100 | lr: 0.01000 | train: 0.1871 | val: 0.1796
Epoch 055/100 | lr: 0.01000 | train: 0.1746 | val: 0.1694
Epoch 060/100 | lr: 0.01000 | train: 0.1649 | val: 0.1609
Epoch 065/100 | lr: 0.01000 | train: 0.1572 | val: 0.1534
Epoch 070/100 | lr: 0.01000 | train: 0.1495 | val: 0.1471
Epoch 075/100 | lr: 0.01000 | train: 0.1431 | val: 0.1415
Epoch 080/100 | lr: 0.01000 | train: 0.1384 | val: 0.1368
Epoch 085/100 | lr: 0.01000 | train: 0.1336 | val: 0.1322
Epoch 090/100 | lr: 0.01000 | train: 0.1292 | val: 0.1277
Epoch 095/100 | lr: 0.01000 | train: 0.1254 | val: 0.1241
Epoch 100/100 | lr: 0.01000 | train: 0.1219 | val: 0.1207
[s1_random]   after GNG: dpa=1.000  gng=0.999
[s1_random]  GNG done in 446.4s  final train=0.1219  val=0.1207  dpa=1.000  gng=0.999
[s1_random]  ┌── params: after GNG
[s1_random]  │  rank 0: ||m||=20.133  ||n||=35.690  corr(m,n)=+0.656
[s1_random]  │  rank 1: ||m||=21.686  ||n||=44.470  corr(m,n)=+0.555
[s1_random]  │  κ-Jacobian eigvals (gain·n^Tm/N): +1.9659+0.3152j  +1.9659-0.3152j
[s1_random]  │  Wi: ||·||_F=72.044  per-channel=25.22 25.47 34.87 39.96 17.80 19.41 19.99
[s1_random]  └──────────────────────────────────────────────────
[s1_random] ────────────────────────────────────────────────────────────
[s1_random]  STAGE: Dual   device=cuda:1   epochs=100
[s1_random]  freeze input dims:     [0, 1, 2, 3, 4, 5, 6]
[s1_random] ────────────────────────────────────────────────────────────
[s1_random]  data: [516, 444, 7] → [516, 444, 2]
[s1_random]  loss=separated  dpa_w=1.0  gng_w=1.0  aux_w=1.0  bl_w=1.0
Epoch 005/100 | lr: 0.01000 | train: 0.5164 | val: 0.5012
Epoch 010/100 | lr: 0.01000 | train: 0.4702 | val: 0.4673
Epoch 015/100 | lr: 0.01000 | train: 0.4485 | val: 0.4151
Epoch 020/100 | lr: 0.01000 | train: 0.4294 | val: 0.4037
Epoch 025/100 | lr: 0.01000 | train: 0.4126 | val: 0.3982
Epoch 030/100 | lr: 0.01000 | train: 0.3715 | val: 0.3533
Epoch 035/100 | lr: 0.01000 | train: 0.3866 | val: 0.3915
Epoch 040/100 | lr: 0.01000 | train: 0.3646 | val: 0.3486
Epoch 045/100 | lr: 0.01000 | train: 0.3123 | val: 0.3004
Epoch 050/100 | lr: 0.01000 | train: 0.2858 | val: 0.2758
Epoch 055/100 | lr: 0.01000 | train: 0.2345 | val: 0.2267
Epoch 060/100 | lr: 0.01000 | train: 0.1775 | val: 0.1747
Epoch 065/100 | lr: 0.01000 | train: 0.1410 | val: 0.1386
Epoch 070/100 | lr: 0.01000 | train: 0.1186 | val: 0.1214
Epoch 075/100 | lr: 0.01000 | train: 0.1037 | val: 0.1080
Epoch 080/100 | lr: 0.01000 | train: 0.0926 | val: 0.0955
Epoch 085/100 | lr: 0.01000 | train: 0.0843 | val: 0.0888
Epoch 090/100 | lr: 0.01000 | train: 0.0770 | val: 0.0815
Epoch 095/100 | lr: 0.01000 | train: 0.0728 | val: 0.0759
Epoch 100/100 | lr: 0.01000 | train: 0.0680 | val: 0.0736
[s1_random]  loss components: {'dpa': 0.0232, 'gng': 0.0367, 'baseline': 0.0092, 'aux': 0.0082}
[s1_random]   after Dual: dpa=0.999  gng=0.997
[s1_random]  Dual done in 724.8s  final train=0.0680  val=0.0736  dpa=0.999  gng=0.997
[s1_random]  ┌── params: after Dual
[s1_random]  │  rank 0: ||m||=23.172  ||n||=35.573  corr(m,n)=+0.650
[s1_random]  │  rank 1: ||m||=20.710  ||n||=55.789  corr(m,n)=+0.469
[s1_random]  │  κ-Jacobian eigvals (gain·n^Tm/N): +1.9757  +2.2335
[s1_random]  │  Wi: ||·||_F=72.044  per-channel=25.22 25.47 34.87 39.96 17.80 19.41 19.99
[s1_random]  └──────────────────────────────────────────────────
[s1_random] ════════════════════════════════════════════════════════════
[s1_random]  RUN COMPLETE  2026-06-05 00:06:08  total=1892.4s
[s1_random]  ACCURACY SUMMARY
[s1_random]    after DPA : dpa=1.000  gng=0.427
[s1_random]    after GNG : dpa=1.000  gng=0.999
[s1_random]    after Dual: dpa=0.999  gng=0.997  dual_dpa=1.000  dual_gng=0.996
[s1_random] ════════════════════════════════════════════════════════════
