[s1_norwd] ════════════════════════════════════════════════════════════
[s1_norwd]  RUN START  2026-06-07 17:49:11
[s1_norwd]  run_id=s1_norwd  seed=1  device=cuda:1
[s1_norwd]  arch:  hidden=512  rank=2  gain=1.0  input_size=7  params=6,144
[s1_norwd]  task:  cue_on_go=True  rwd=True  rwd_scale=1.0  freeze_input_stages=['dual']  init=random
[s1_norwd]  dynamics: alpha=0.0750  alpha_rec=0.1000  dt=0.0225  tau=0.3  tau_rec_frac=0.75
[s1_norwd]  noise:  input_sigma=0.3732 (×1.0)  model_sigma=0.3732 (×1.0)
[s1_norwd]  optim:  lr=0.01  wd=0.01  batch=64  n_batch=516  clip=None
[s1_norwd]  epochs: dpa=200  gng=200  dual=200  loss=separated
[s1_norwd]  shapes: m[512, 2]  n[512, 2]  Wi[512, 7]
[s1_norwd]  ┌── params: init
[s1_norwd]  │  rank 0: ||m||=22.898  ||n||=22.288  corr(m,n)=-0.020
[s1_norwd]  │  rank 1: ||m||=23.302  ||n||=22.428  corr(m,n)=+0.009
[s1_norwd]  │  κ-Jacobian eigvals (gain·n^Tm/N): -0.0155  +0.0043
[s1_norwd]  │  Wi: ||·||_F=58.820  per-channel=21.94 22.58 22.12 21.70 21.92 23.07 22.27
[s1_norwd]  └──────────────────────────────────────────────────
[s1_norwd] ────────────────────────────────────────────────────────────
[s1_norwd]  STAGE: DPA   device=cuda:1   epochs=200
[s1_norwd] ────────────────────────────────────────────────────────────
[s1_norwd]  data: [516, 444, 7] → [516, 444, 2]
Epoch 005/200 | lr: 0.01000 | train: 1.9785 | val: 1.9689
Epoch 010/200 | lr: 0.01000 | train: 1.8293 | val: 1.7481
Epoch 015/200 | lr: 0.01000 | train: 1.0532 | val: 1.0718
Epoch 020/200 | lr: 0.01000 | train: 0.9910 | val: 1.0038
Epoch 025/200 | lr: 0.01000 | train: 0.9278 | val: 0.9435
Epoch 030/200 | lr: 0.01000 | train: 0.8662 | val: 0.8988
Epoch 035/200 | lr: 0.01000 | train: 0.7993 | val: 0.8175
Epoch 040/200 | lr: 0.01000 | train: 0.6185 | val: 0.6130
Epoch 045/200 | lr: 0.01000 | train: 0.4334 | val: 0.4223
Epoch 050/200 | lr: 0.01000 | train: 0.3487 | val: 0.3505
Epoch 055/200 | lr: 0.01000 | train: 0.2818 | val: 0.3056
Epoch 060/200 | lr: 0.01000 | train: 0.2421 | val: 0.2436
Epoch 065/200 | lr: 0.01000 | train: 0.1940 | val: 0.1946
Epoch 070/200 | lr: 0.01000 | train: 0.1802 | val: 0.1836
Epoch 075/200 | lr: 0.01000 | train: 0.1286 | val: 0.1391
Epoch 080/200 | lr: 0.01000 | train: 0.1080 | val: 0.1082
Epoch 085/200 | lr: 0.01000 | train: 0.1059 | val: 0.1116
Stopping: losses below 0.1.
[s1_norwd]  projected go ch=4 onto n₁ unit vector
[s1_norwd]   after DPA: dpa=0.998  gng=0.665
[s1_norwd]  DPA done in 617.0s  final train=0.0963  val=0.0917  dpa=0.998  gng=0.665
[s1_norwd]  ┌── params: after DPA
[s1_norwd]  │  rank 0: ||m||=43.997  ||n||=38.008  corr(m,n)=+0.850
[s1_norwd]  │  rank 1: ||m||=33.750  ||n||=51.697  corr(m,n)=+0.842
[s1_norwd]  │  κ-Jacobian eigvals (gain·n^Tm/N): +2.6285  +3.0181
[s1_norwd]  │  Wi: ||·||_F=70.306  per-channel=24.17 24.21 37.03 41.86 10.56 11.69 20.02
[s1_norwd]  └──────────────────────────────────────────────────
[s1_norwd] ────────────────────────────────────────────────────────────
[s1_norwd]  STAGE: GNG   device=cuda:1   epochs=200
[s1_norwd]  freeze recurrent cols: [0]
[s1_norwd]  freeze input dims:     [0, 1, 2, 3, 6]
[s1_norwd] ────────────────────────────────────────────────────────────
[s1_norwd]  data: [516, 266, 7] → [516, 266, 2]
Epoch 005/200 | lr: 0.01000 | train: 0.1837 | val: 0.1813
Epoch 010/200 | lr: 0.01000 | train: 0.1304 | val: 0.1397
Epoch 015/200 | lr: 0.01000 | train: 0.1112 | val: 0.1142
Epoch 020/200 | lr: 0.01000 | train: 0.0944 | val: 0.1013
Stopping: losses below 0.1.
[s1_norwd]   after GNG: dpa=0.993  gng=0.968
[s1_norwd]  GNG done in 104.1s  final train=0.0855  val=0.0871  dpa=0.993  gng=0.968
[s1_norwd]  ┌── params: after GNG
[s1_norwd]  │  rank 0: ||m||=43.997  ||n||=38.008  corr(m,n)=+0.850
[s1_norwd]  │  rank 1: ||m||=34.401  ||n||=50.618  corr(m,n)=+0.851
[s1_norwd]  │  κ-Jacobian eigvals (gain·n^Tm/N): +2.6647  +3.0075
[s1_norwd]  │  Wi: ||·||_F=72.513  per-channel=24.17 24.21 37.03 41.86 13.28 19.67 20.02
[s1_norwd]  └──────────────────────────────────────────────────
[s1_norwd] ────────────────────────────────────────────────────────────
[s1_norwd]  STAGE: Dual   device=cuda:1   epochs=200
[s1_norwd]  freeze recurrent cols: [0]
[s1_norwd]  freeze input dims:     [0, 1, 2, 3, 4, 5, 6]
[s1_norwd] ────────────────────────────────────────────────────────────
[s1_norwd]  data: [516, 444, 7] → [516, 444, 2]
[s1_norwd]  loss=separated  dpa_w=1.0  gng_w=1.0  aux_w=1.0  bl_w=1.0
Epoch 005/200 | lr: 0.01000 | train: 0.7834 | val: 0.8103
Epoch 010/200 | lr: 0.01000 | train: 0.7461 | val: 0.7721
Epoch 015/200 | lr: 0.01000 | train: 0.7220 | val: 0.7347
Epoch 020/200 | lr: 0.01000 | train: 0.6806 | val: 0.7249
Epoch 025/200 | lr: 0.01000 | train: 0.6520 | val: 0.6617
Epoch 030/200 | lr: 0.01000 | train: 0.6430 | val: 0.6638
Epoch 035/200 | lr: 0.01000 | train: 0.6129 | val: 0.6227
Epoch 040/200 | lr: 0.01000 | train: 0.5628 | val: 0.6416
Epoch 045/200 | lr: 0.01000 | train: 0.5571 | val: 0.5710
Epoch 050/200 | lr: 0.01000 | train: 0.5151 | val: 0.6026
Epoch 055/200 | lr: 0.01000 | train: 0.5390 | val: 0.5839
Epoch 060/200 | lr: 0.01000 | train: 0.5114 | val: 0.5102
Epoch 065/200 | lr: 0.01000 | train: 0.5033 | val: 0.5154
Epoch 070/200 | lr: 0.00500 | train: 0.4890 | val: 0.5319
Epoch 075/200 | lr: 0.00500 | train: 0.4680 | val: 0.5022
Epoch 080/200 | lr: 0.00500 | train: 0.4695 | val: 0.4839
Epoch 085/200 | lr: 0.00500 | train: 0.4656 | val: 0.4615
Epoch 090/200 | lr: 0.00500 | train: 0.4527 | val: 0.4976
Epoch 095/200 | lr: 0.00250 | train: 0.4426 | val: 0.4700
Epoch 100/200 | lr: 0.00125 | train: 0.4400 | val: 0.4931
Epoch 105/200 | lr: 0.00063 | train: 0.4421 | val: 0.5040
Epoch 110/200 | lr: 0.00031 | train: 0.4374 | val: 0.4731
Epoch 115/200 | lr: 0.00016 | train: 0.4331 | val: 0.4963
Epoch 120/200 | lr: 0.00016 | train: 0.4425 | val: 0.4756
Epoch 125/200 | lr: 0.00008 | train: 0.4260 | val: 0.4655
Epoch 130/200 | lr: 0.00004 | train: 0.4409 | val: 0.4916
Epoch 135/200 | lr: 0.00004 | train: 0.4232 | val: 0.4691
Epoch 140/200 | lr: 0.00002 | train: 0.4486 | val: 0.4834
Epoch 145/200 | lr: 0.00001 | train: 0.4535 | val: 0.4674
Epoch 150/200 | lr: 0.00001 | train: 0.4556 | val: 0.4770
Epoch 155/200 | lr: 0.00001 | train: 0.4509 | val: 0.4444
Epoch 160/200 | lr: 0.00001 | train: 0.4379 | val: 0.4874
Epoch 165/200 | lr: 0.00001 | train: 0.4426 | val: 0.4806
Epoch 170/200 | lr: 0.00001 | train: 0.4372 | val: 0.4853
Epoch 175/200 | lr: 0.00001 | train: 0.4340 | val: 0.4803
Epoch 180/200 | lr: 0.00001 | train: 0.4309 | val: 0.4912
Epoch 185/200 | lr: 0.00001 | train: 0.4538 | val: 0.4910
Epoch 190/200 | lr: 0.00001 | train: 0.4368 | val: 0.4717
Epoch 195/200 | lr: 0.00001 | train: 0.4332 | val: 0.4555
Epoch 200/200 | lr: 0.00001 | train: 0.4400 | val: 0.4686
[s1_norwd]  loss components: {'dpa': 0.0722, 'gng': 0.3436, 'baseline': 0.0551, 'aux': 0.0174}
[s1_norwd]   after Dual: dpa=0.997  gng=0.992
[s1_norwd]  Dual done in 1477.3s  final train=0.4400  val=0.4686  dpa=0.997  gng=0.992
[s1_norwd]  ┌── params: after Dual
[s1_norwd]  │  rank 0: ||m||=43.997  ||n||=38.008  corr(m,n)=+0.850
[s1_norwd]  │  rank 1: ||m||=32.056  ||n||=61.873  corr(m,n)=+0.753
[s1_norwd]  │  κ-Jacobian eigvals (gain·n^Tm/N): +2.6691  +3.0240
[s1_norwd]  │  Wi: ||·||_F=72.513  per-channel=24.17 24.21 37.03 41.86 13.28 19.67 20.02
[s1_norwd]  └──────────────────────────────────────────────────
[s1_norwd] ════════════════════════════════════════════════════════════
[s1_norwd]  RUN COMPLETE  2026-06-07 18:25:50  total=2200.2s
[s1_norwd]  ACCURACY SUMMARY
[s1_norwd]    after DPA : dpa=0.998  gng=0.665
[s1_norwd]    after GNG : dpa=0.993  gng=0.968
[s1_norwd]    after Dual: dpa=0.997  gng=0.992  dual_dpa=0.997  dual_gng=0.736
[s1_norwd] ════════════════════════════════════════════════════════════
