[s6_hingeGNG] ════════════════════════════════════════════════════════════
[s6_hingeGNG]  RUN START  2026-06-09 01:47:15
[s6_hingeGNG]  run_id=s6_hingeGNG  seed=6  device=cuda:0
[s6_hingeGNG]  arch:  hidden=512  rank=2  gain=1.0  input_size=7  params=6,144
[s6_hingeGNG]  task:  cue_on_go=True  rwd=True  rwd_scale=1.0  freeze_input_stages=['gng', 'dual']  init=random
[s6_hingeGNG]  dynamics: alpha=0.0750  alpha_rec=0.1000  dt=0.0225  tau=0.3  tau_rec_frac=0.75
[s6_hingeGNG]  noise:  input_sigma=0.3732 (×1.0)  model_sigma=0.0000 (×0.0)
[s6_hingeGNG]  optim:  lr=0.01  wd=0.01  batch=64  n_batch=516  clip=None
[s6_hingeGNG]  epochs: dpa=100  gng=100  dual=100  loss=separated
[s6_hingeGNG]  shapes: m[512, 2]  n[512, 2]  Wi[512, 7]
[s6_hingeGNG]  ┌── params: init
[s6_hingeGNG]  │  rank 0: ||m||=23.754  ||n||=22.561  corr(m,n)=+0.074
[s6_hingeGNG]  │  rank 1: ||m||=21.713  ||n||=23.345  corr(m,n)=-0.005
[s6_hingeGNG]  │  κ-Jacobian eigvals (gain·n^Tm/N): +0.0778  -0.0054
[s6_hingeGNG]  │  Wi: ||·||_F=60.072  per-channel=23.10 21.97 23.40 22.89 22.22 23.84 21.41
[s6_hingeGNG]  └──────────────────────────────────────────────────
[s6_hingeGNG]  DPA: loading checkpoint from results/dual/sweep_adam2/s6_adam2/dpa_s6_adam2.pth
[s6_hingeGNG]   after DPA: dpa=0.999 (pair=1.000 unpair=0.998)  gng=0.484 (go=0.000 nogo=1.000)
[s6_hingeGNG]  DPA done in 1.2s  (checkpoint)  dpa=0.999  gng=0.484
[s6_hingeGNG]  ┌── params: after DPA
[s6_hingeGNG]  │  rank 0: ||m||=39.778  ||n||=37.319  corr(m,n)=+0.805
[s6_hingeGNG]  │  rank 1: ||m||=34.768  ||n||=47.957  corr(m,n)=+0.797
[s6_hingeGNG]  │  κ-Jacobian eigvals (gain·n^Tm/N): +2.4654+0.3916j  +2.4654-0.3916j
[s6_hingeGNG]  │  Wi: ||·||_F=70.959  per-channel=21.44 21.83 38.44 35.74 22.22 23.84 16.79
[s6_hingeGNG]  └──────────────────────────────────────────────────
[s6_hingeGNG] ────────────────────────────────────────────────────────────
[s6_hingeGNG]  STAGE: GNG   device=cuda:0   epochs=100
[s6_hingeGNG]  freeze recurrent cols: [0]
[s6_hingeGNG]  freeze input dims:     [0, 1, 2, 3, 4, 5, 6]
[s6_hingeGNG] ────────────────────────────────────────────────────────────
[s6_hingeGNG]  data: [516, 266, 7] → [516, 266, 2]
Epoch 005/100 | lr: 0.01000 | train: 1.1889 | val: 1.0393
Epoch 010/100 | lr: 0.01000 | train: 0.4836 | val: 0.4752
Epoch 015/100 | lr: 0.01000 | train: 0.3097 | val: 0.3280
Epoch 020/100 | lr: 0.01000 | train: 0.2352 | val: 0.2479
Epoch 025/100 | lr: 0.01000 | train: 0.1785 | val: 0.1873
Epoch 030/100 | lr: 0.01000 | train: 0.1464 | val: 0.1553
Epoch 035/100 | lr: 0.01000 | train: 0.1244 | val: 0.1343
Epoch 040/100 | lr: 0.01000 | train: 0.1099 | val: 0.1210
Epoch 045/100 | lr: 0.01000 | train: 0.0930 | val: 0.1067
Stopping: losses below 0.1.
[s6_hingeGNG]   after GNG: dpa=0.542 (pair=0.584 unpair=0.498)  gng=0.966 (go=1.000 nogo=0.932)
[s6_hingeGNG]  GNG done in 223.1s  final train=0.0912  val=0.0950  dpa=0.542  gng=0.966
[s6_hingeGNG]  ┌── params: after GNG
[s6_hingeGNG]  │  rank 0: ||m||=39.778  ||n||=37.319  corr(m,n)=+0.805
[s6_hingeGNG]  │  rank 1: ||m||=35.659  ||n||=53.135  corr(m,n)=+0.749
[s6_hingeGNG]  │  κ-Jacobian eigvals (gain·n^Tm/N): +2.5537+0.4521j  +2.5537-0.4521j
[s6_hingeGNG]  │  Wi: ||·||_F=70.959  per-channel=21.44 21.83 38.44 35.74 22.22 23.84 16.79
[s6_hingeGNG]  └──────────────────────────────────────────────────
[s6_hingeGNG] ────────────────────────────────────────────────────────────
[s6_hingeGNG]  STAGE: Dual   device=cuda:0   epochs=100
[s6_hingeGNG]  freeze recurrent cols: [0]
[s6_hingeGNG]  freeze input dims:     [0, 1, 2, 3, 4, 5, 6]
[s6_hingeGNG] ────────────────────────────────────────────────────────────
[s6_hingeGNG]  data: [516, 444, 7] → [516, 444, 2]
[s6_hingeGNG]  loss=separated  dpa_w=1.0  gng_w=1.0  go_w=1.0  nogo_w=2.0  aux_w=1.0  bl_w=1.0  go_hinge=1.0
Epoch 005/100 | lr: 0.01000 | train: 0.9974 | val: 1.0893
Epoch 010/100 | lr: 0.01000 | train: 0.8938 | val: 0.9111
Epoch 015/100 | lr: 0.01000 | train: 0.8225 | val: 0.8389
Epoch 020/100 | lr: 0.01000 | train: 0.7655 | val: 0.7826
Epoch 025/100 | lr: 0.01000 | train: 0.7062 | val: 0.7302
Epoch 030/100 | lr: 0.01000 | train: 0.6563 | val: 0.6793
Epoch 035/100 | lr: 0.01000 | train: 0.6087 | val: 0.6246
Epoch 040/100 | lr: 0.01000 | train: 0.5614 | val: 0.5789
Epoch 045/100 | lr: 0.01000 | train: 0.5263 | val: 0.5467
Epoch 050/100 | lr: 0.01000 | train: 0.4956 | val: 0.5098
Epoch 055/100 | lr: 0.01000 | train: 0.4733 | val: 0.4858
Epoch 060/100 | lr: 0.01000 | train: 0.4472 | val: 0.4605
Epoch 065/100 | lr: 0.01000 | train: 0.4277 | val: 0.4456
Epoch 070/100 | lr: 0.01000 | train: 0.4200 | val: 0.4230
Epoch 075/100 | lr: 0.01000 | train: 0.3928 | val: 0.4197
Epoch 080/100 | lr: 0.01000 | train: 0.3781 | val: 0.3901
Epoch 085/100 | lr: 0.01000 | train: 0.3609 | val: 0.3761
Epoch 090/100 | lr: 0.01000 | train: 0.3460 | val: 0.3688
Epoch 095/100 | lr: 0.01000 | train: 0.3343 | val: 0.3530
Epoch 100/100 | lr: 0.01000 | train: 0.3390 | val: 0.3409
[s6_hingeGNG]  loss components: {'dpa': 0.1274, 'gng': 0.1976, 'gng_go': 0.0894, 'gng_nogo': 0.0541, 'baseline': 0.0114, 'aux': 0.0095}
[s6_hingeGNG]   after Dual: dpa=1.000 (pair=1.000 unpair=1.000)  gng=0.999 (go=0.998 nogo=1.000)
[s6_hingeGNG]  Dual done in 762.6s  final train=0.3390  val=0.3409  dpa=1.000  gng=0.999
[s6_hingeGNG]  ┌── params: after Dual
[s6_hingeGNG]  │  rank 0: ||m||=39.778  ||n||=37.319  corr(m,n)=+0.805
[s6_hingeGNG]  │  rank 1: ||m||=33.684  ||n||=71.371  corr(m,n)=+0.556
[s6_hingeGNG]  │  κ-Jacobian eigvals (gain·n^Tm/N): +2.3221  +2.6214
[s6_hingeGNG]  │  Wi: ||·||_F=70.959  per-channel=21.44 21.83 38.44 35.74 22.22 23.84 16.79
[s6_hingeGNG]  └──────────────────────────────────────────────────
[s6_hingeGNG] ════════════════════════════════════════════════════════════
[s6_hingeGNG]  RUN COMPLETE  2026-06-09 02:03:42  total=988.8s
[s6_hingeGNG]  ACCURACY SUMMARY
[s6_hingeGNG]    after DPA : dpa=0.999  gng=0.484
[s6_hingeGNG]    after GNG : dpa=0.542  gng=0.966
[s6_hingeGNG]    after Dual: dpa=1.000  gng=0.999  dual_dpa=0.990  dual_gng=0.993
[s6_hingeGNG] ════════════════════════════════════════════════════════════
