[s8_relu2] ════════════════════════════════════════════════════════════
[s8_relu2]  RUN START  2026-06-09 12:39:20
[s8_relu2]  run_id=s8_relu2  seed=8  device=cuda:0
[s8_relu2]  arch:  hidden=512  rank=2  gain=1.0  input_size=7  params=6,144
[s8_relu2]  task:  cue_on_go=True  rwd=True  rwd_scale=1.0  freeze_input_stages=['gng', 'dual']  init=random
[s8_relu2]  dynamics: alpha=0.0750  alpha_rec=0.1000  dt=0.0225  tau=0.3  tau_rec_frac=0.75
[s8_relu2]  noise:  input_sigma=0.3732 (×1.0)  model_sigma=0.0000 (×0.0)
[s8_relu2]  optim:  lr=0.01  wd=0.01  batch=64  n_batch=516  clip=None
[s8_relu2]  epochs: dpa=100  gng=100  dual=100  loss=separated
[s8_relu2]  shapes: m[512, 2]  n[512, 2]  Wi[512, 7]
[s8_relu2]  ┌── params: init
[s8_relu2]  │  rank 0: ||m||=21.882  ||n||=22.260  corr(m,n)=+0.051
[s8_relu2]  │  rank 1: ||m||=23.191  ||n||=22.746  corr(m,n)=+0.052
[s8_relu2]  │  κ-Jacobian eigvals (gain·n^Tm/N): +0.0400  +0.0614
[s8_relu2]  │  Wi: ||·||_F=58.682  per-channel=22.28 22.71 21.71 21.44 22.33 22.66 22.10
[s8_relu2]  └──────────────────────────────────────────────────
[s8_relu2]  DPA: loading checkpoint from results/dual/sweep_relu/s8_relu/expert_s8_relu.pth
[s8_relu2]   after DPA: dpa=1.000 (pair=1.000 unpair=1.000)  gng=1.000 (go=1.000 nogo=1.000)
[s8_relu2]  DPA done in 2.0s  (checkpoint)  dpa=1.000  gng=1.000
[s8_relu2]  ┌── params: after DPA
[s8_relu2]  │  rank 0: ||m||=36.241  ||n||=30.382  corr(m,n)=+0.788
[s8_relu2]  │  rank 1: ||m||=36.797  ||n||=37.409  corr(m,n)=+0.597
[s8_relu2]  │  κ-Jacobian eigvals (gain·n^Tm/N): +1.6503+0.0161j  +1.6503-0.0161j
[s8_relu2]  │  Wi: ||·||_F=68.158  per-channel=25.85 24.72 31.57 29.83 22.33 22.66 21.61
[s8_relu2]  └──────────────────────────────────────────────────
[s8_relu2]  GNG: loading checkpoint from results/dual/sweep_relu/s8_relu/expert_s8_relu.pth
[s8_relu2]   after GNG: dpa=1.000 (pair=1.000 unpair=1.000)  gng=1.000 (go=1.000 nogo=1.000)
[s8_relu2]  GNG done in 1.2s  (checkpoint)  dpa=1.000  gng=1.000
[s8_relu2]  ┌── params: after GNG
[s8_relu2]  │  rank 0: ||m||=36.241  ||n||=30.382  corr(m,n)=+0.788
[s8_relu2]  │  rank 1: ||m||=36.797  ||n||=37.409  corr(m,n)=+0.597
[s8_relu2]  │  κ-Jacobian eigvals (gain·n^Tm/N): +1.6503+0.0161j  +1.6503-0.0161j
[s8_relu2]  │  Wi: ||·||_F=68.158  per-channel=25.85 24.72 31.57 29.83 22.33 22.66 21.61
[s8_relu2]  └──────────────────────────────────────────────────
[s8_relu2] ────────────────────────────────────────────────────────────
[s8_relu2]  STAGE: Dual   device=cuda:0   epochs=100
[s8_relu2]  freeze recurrent cols: [0]
[s8_relu2]  freeze input dims:     [0, 1, 2, 3, 4, 5, 6]
[s8_relu2] ────────────────────────────────────────────────────────────
[s8_relu2]  data: [516, 444, 7] → [516, 444, 2]
[s8_relu2]  loss=separated  dpa_w=1.0  gng_w=1.0  go_w=1.0  nogo_w=2.0  aux_w=1.0  bl_w=1.0  go_hinge=1.0
Epoch 005/100 | lr: 0.01000 | train: 0.1982 | val: 0.2119
Epoch 010/100 | lr: 0.01000 | train: 0.1984 | val: 0.2067
Epoch 015/100 | lr: 0.01000 | train: 0.1858 | val: 0.1950
Epoch 020/100 | lr: 0.01000 | train: 0.1769 | val: 0.2064
Epoch 025/100 | lr: 0.01000 | train: 0.1735 | val: 0.1938
Epoch 030/100 | lr: 0.01000 | train: 0.1665 | val: 0.1880
Epoch 035/100 | lr: 0.01000 | train: 0.1627 | val: 0.1789
Epoch 040/100 | lr: 0.01000 | train: 0.1518 | val: 0.1738
Epoch 045/100 | lr: 0.01000 | train: 0.1555 | val: 0.1824
Epoch 050/100 | lr: 0.01000 | train: 0.1432 | val: 0.1751
Epoch 055/100 | lr: 0.01000 | train: 0.1396 | val: 0.1617
Epoch 060/100 | lr: 0.01000 | train: 0.1339 | val: 0.1573
Epoch 065/100 | lr: 0.01000 | train: 0.1298 | val: 0.1562
Epoch 070/100 | lr: 0.01000 | train: 0.1257 | val: 0.1449
Epoch 075/100 | lr: 0.01000 | train: 0.1315 | val: 0.1429
Epoch 080/100 | lr: 0.01000 | train: 0.1155 | val: 0.1424
Epoch 085/100 | lr: 0.01000 | train: 0.1145 | val: 0.1321
Epoch 090/100 | lr: 0.01000 | train: 0.1132 | val: 0.1263
Epoch 095/100 | lr: 0.01000 | train: 0.1075 | val: 0.1278
Epoch 100/100 | lr: 0.01000 | train: 0.0987 | val: 0.1223
[s8_relu2]  loss components: {'dpa': 0.0457, 'gng': 0.0444, 'gng_go': 0.0178, 'gng_nogo': 0.0133, 'baseline': 0.0143, 'aux': 0.0106}
[s8_relu2]   after Dual: dpa=1.000 (pair=1.000 unpair=1.000)  gng=1.000 (go=1.000 nogo=1.000)
[s8_relu2]  Dual done in 730.4s  final train=0.0987  val=0.1223  dpa=1.000  gng=1.000
[s8_relu2]  ┌── params: after Dual
[s8_relu2]  │  rank 0: ||m||=36.241  ||n||=30.382  corr(m,n)=+0.788
[s8_relu2]  │  rank 1: ||m||=47.257  ||n||=42.515  corr(m,n)=+0.364
[s8_relu2]  │  κ-Jacobian eigvals (gain·n^Tm/N): +1.6923  +1.4319
[s8_relu2]  │  Wi: ||·||_F=68.158  per-channel=25.85 24.72 31.57 29.83 22.33 22.66 21.61
[s8_relu2]  └──────────────────────────────────────────────────
[s8_relu2] ════════════════════════════════════════════════════════════
[s8_relu2]  RUN COMPLETE  2026-06-09 12:51:34  total=735.8s
[s8_relu2]  ACCURACY SUMMARY
[s8_relu2]    after DPA : dpa=1.000  gng=1.000
[s8_relu2]    after GNG : dpa=1.000  gng=1.000
[s8_relu2]    after Dual: dpa=1.000  gng=1.000  dual_dpa=1.000  dual_gng=0.996
[s8_relu2] ════════════════════════════════════════════════════════════
