[s1] ════════════════════════════════════════════════════════════
[s1]  RUN START  2026-06-23 14:57:58
[s1]  run_id=s1  seed=1  device=cuda:1
[s1]  arch:  N=1000 (E=750 I=250)  K=125 (prob 0.167)  rank=2  gain=1.0  input_size=6  params=3,000
[s1]  task:  cue_on_go=True  rwd=False  rwd_scale=1.0  freeze_input_stages=['dual']  init=random
[s1]  dynamics: dt=0.0225  tau=(0.4, 0.2)s  tau_syn=(0.2, 0.1)s  STP(use=0.05 tau_fac=1.0s tau_rec=0.2s)  j_stp=5.0
[s1]  noise:  input_sigma=0.3732 (×1.0)  model_sigma=0.0000 (×0.0)
[s1]  optim:  lr=0.01  wd=0.01  batch=32  n_batch=256  clip=1.0
[s1]  epochs: dpa=100  gng=100  dual=100  loss=separated
[s1]  shapes: m[750, 2]  n[750, 2]  Wi[750, 6]
[s1]  ┌── params: init
[s1]  │  rank 0: ||m||=27.897  ||n||=27.365  corr(m,n)=+0.055
[s1]  │  rank 1: ||m||=27.443  ||n||=26.733  corr(m,n)=-0.017
[s1]  │  low-rank overlap n^Tm/N (modulates STP E→E): +0.0195+0.0064j  +0.0195-0.0064j
[s1]  │  Wi: ||·||_F=67.159  per-channel=27.93 27.41 27.36 27.12 27.00 27.69
[s1]  └──────────────────────────────────────────────────
[s1] ────────────────────────────────────────────────────────────
[s1]  STAGE: DPA   device=cuda:1   epochs=100
[s1] ────────────────────────────────────────────────────────────
[s1]  data: [256, 444, 6] → [256, 444, 2]
Epoch 005/100 | lr: 0.01000 | train: 3.7309 | val: 3.6689
Epoch 010/100 | lr: 0.01000 | train: 3.3550 | val: 3.2701
Epoch 015/100 | lr: 0.01000 | train: 2.5825 | val: 2.4072
Epoch 020/100 | lr: 0.01000 | train: 1.7643 | val: 1.5320
Epoch 025/100 | lr: 0.01000 | train: 0.7881 | val: 0.5249
Stopping: losses below 0.1.
[s1]   after DPA: dpa=1.000 (pair=1.000 unpair=1.000)  gng=0.503 (go=0.930 nogo=0.071)
[s1]  DPA done in 147.3s  final train=0.0818  val=0.0293  dpa=1.000  gng=0.503
[s1]  ┌── params: after DPA
[s1]  │  rank 0: ||m||=54.148  ||n||=52.017  corr(m,n)=+0.693
[s1]  │  rank 1: ||m||=41.817  ||n||=40.277  corr(m,n)=+0.340
[s1]  │  low-rank overlap n^Tm/N (modulates STP E→E): +2.6851  +0.6788
[s1]  │  Wi: ||·||_F=67.159  per-channel=27.93 27.41 27.36 27.12 27.00 27.69
[s1]  └──────────────────────────────────────────────────
[s1] ────────────────────────────────────────────────────────────
[s1]  STAGE: GNG   device=cuda:1   epochs=100
[s1]  freeze recurrent cols: [0]
[s1]  freeze input dims:     [0, 1, 2, 3]
[s1] ────────────────────────────────────────────────────────────
[s1]  data: [256, 266, 6] → [256, 266, 2]
Epoch 005/100 | lr: 0.01000 | train: 0.9695 | val: 0.9902
Epoch 010/100 | lr: 0.01000 | train: 0.7185 | val: 0.7568
Epoch 015/100 | lr: 0.01000 | train: 0.5432 | val: 0.6132
Epoch 020/100 | lr: 0.01000 | train: 0.4532 | val: 0.5366
Epoch 025/100 | lr: 0.01000 | train: 0.3932 | val: 0.4826
Epoch 030/100 | lr: 0.01000 | train: 0.3526 | val: 0.4377
Epoch 035/100 | lr: 0.01000 | train: 0.3233 | val: 0.4133
Epoch 040/100 | lr: 0.01000 | train: 0.3046 | val: 0.3905
Epoch 045/100 | lr: 0.01000 | train: 0.2844 | val: 0.3696
Epoch 050/100 | lr: 0.01000 | train: 0.2699 | val: 0.3559
Epoch 055/100 | lr: 0.01000 | train: 0.2524 | val: 0.3342
Epoch 060/100 | lr: 0.01000 | train: 0.2373 | val: 0.3146
Epoch 065/100 | lr: 0.01000 | train: 0.2242 | val: 0.2965
Epoch 070/100 | lr: 0.01000 | train: 0.2135 | val: 0.2805
Epoch 075/100 | lr: 0.01000 | train: 0.2022 | val: 0.2610
Epoch 080/100 | lr: 0.01000 | train: 0.1920 | val: 0.2536
Epoch 085/100 | lr: 0.01000 | train: 0.1813 | val: 0.2453
Epoch 090/100 | lr: 0.01000 | train: 0.1737 | val: 0.2285
Epoch 095/100 | lr: 0.01000 | train: 0.1666 | val: 0.2249
Epoch 100/100 | lr: 0.01000 | train: 0.1587 | val: 0.2214
[s1]   after GNG: dpa=0.834 (pair=0.656 unpair=1.000)  gng=1.000 (go=1.000 nogo=1.000)
[s1]  GNG done in 298.7s  final train=0.1587  val=0.2214  dpa=0.834  gng=1.000
[s1]  ┌── params: after GNG
[s1]  │  rank 0: ||m||=54.148  ||n||=52.017  corr(m,n)=+0.693
[s1]  │  rank 1: ||m||=68.741  ||n||=54.666  corr(m,n)=+0.188
[s1]  │  low-rank overlap n^Tm/N (modulates STP E→E): +2.6153  +0.9275
[s1]  │  Wi: ||·||_F=67.159  per-channel=27.93 27.41 27.36 27.12 27.00 27.69
[s1]  └──────────────────────────────────────────────────
[s1] ────────────────────────────────────────────────────────────
[s1]  STAGE: Dual   device=cuda:1   epochs=100
[s1]  freeze input dims:     [0, 1, 2, 3, 4, 5]
[s1] ────────────────────────────────────────────────────────────
[s1]  data: [256, 444, 6] → [256, 444, 2]
[s1]  loss=separated  dpa_w=1.0  gng_w=1.0  go_w=1.0  nogo_w=1.0  aux_w=1.0  bl_w=1.0  go_hinge=1.0
Epoch 005/100 | lr: 0.01000 | train: 3.3583 | val: 2.5854
Epoch 010/100 | lr: 0.01000 | train: 0.8905 | val: 0.7714
Epoch 015/100 | lr: 0.01000 | train: 0.4016 | val: 0.3800
Epoch 020/100 | lr: 0.01000 | train: 0.2464 | val: 0.2552
Epoch 025/100 | lr: 0.01000 | train: 0.1793 | val: 0.2050
Epoch 030/100 | lr: 0.01000 | train: 0.1338 | val: 0.1516
Epoch 035/100 | lr: 0.01000 | train: 0.1212 | val: 0.1305
Epoch 040/100 | lr: 0.01000 | train: 0.0954 | val: 0.1112
Epoch 045/100 | lr: 0.01000 | train: 0.0805 | val: 0.0958
Stopping: losses below 0.1.
[s1]  loss components: {'dpa': 0.0098, 'gng': 0.0481, 'gng_go': 0.0006, 'gng_nogo': 0.0475, 'baseline': 0.0186, 'aux': 0.0131}
[s1]   after Dual: dpa=0.999 (pair=0.998 unpair=1.000)  gng=1.000 (go=1.000 nogo=1.000)
[s1]  Dual done in 274.5s  final train=0.0805  val=0.0958  dpa=0.999  gng=1.000
[s1]  ┌── params: after Dual
[s1]  │  rank 0: ||m||=60.020  ||n||=53.521  corr(m,n)=+0.736
[s1]  │  rank 1: ||m||=59.599  ||n||=50.736  corr(m,n)=+0.330
[s1]  │  low-rank overlap n^Tm/N (modulates STP E→E): +3.1205  +1.3633
[s1]  │  Wi: ||·||_F=67.159  per-channel=27.93 27.41 27.36 27.12 27.00 27.69
[s1]  └──────────────────────────────────────────────────
[s1] ════════════════════════════════════════════════════════════
[s1]  RUN COMPLETE  2026-06-23 15:09:58  total=721.6s
[s1]  ACCURACY SUMMARY
[s1]    after DPA : dpa=1.000  gng=0.503
[s1]    after GNG : dpa=0.834  gng=1.000
[s1]    after Dual: dpa=0.999  gng=1.000  dual_dpa=1.000  dual_gng=1.000
[s1] ════════════════════════════════════════════════════════════
