[s5_nogo0_cue5] ════════════════════════════════════════════════════════════
[s5_nogo0_cue5]  RUN START  2026-06-08 11:41:06
[s5_nogo0_cue5]  run_id=s5_nogo0_cue5  seed=5  device=cuda:0
[s5_nogo0_cue5]  arch:  hidden=512  rank=2  gain=1.0  input_size=7  params=6,144
[s5_nogo0_cue5]  task:  cue_on_go=True  rwd=True  rwd_scale=1.0  freeze_input_stages=['dual']  init=random
[s5_nogo0_cue5]  dynamics: alpha=0.0750  alpha_rec=0.1000  dt=0.0225  tau=0.3  tau_rec_frac=0.75
[s5_nogo0_cue5]  noise:  input_sigma=0.3732 (×1.0)  model_sigma=0.3732 (×1.0)
[s5_nogo0_cue5]  optim:  lr=0.01  wd=0.01  batch=64  n_batch=516  clip=None
[s5_nogo0_cue5]  epochs: dpa=100  gng=100  dual=100  loss=separated
[s5_nogo0_cue5]  shapes: m[512, 2]  n[512, 2]  Wi[512, 7]
[s5_nogo0_cue5]  ┌── params: init
[s5_nogo0_cue5]  │  rank 0: ||m||=23.437  ||n||=22.965  corr(m,n)=+0.028
[s5_nogo0_cue5]  │  rank 1: ||m||=22.893  ||n||=23.012  corr(m,n)=+0.061
[s5_nogo0_cue5]  │  κ-Jacobian eigvals (gain·n^Tm/N): +0.0320  +0.0594
[s5_nogo0_cue5]  │  Wi: ||·||_F=58.987  per-channel=22.32 23.25 22.23 22.01 21.84 22.14 22.26
[s5_nogo0_cue5]  └──────────────────────────────────────────────────
[s5_nogo0_cue5] ────────────────────────────────────────────────────────────
[s5_nogo0_cue5]  STAGE: DPA   device=cuda:0   epochs=100
[s5_nogo0_cue5] ────────────────────────────────────────────────────────────
[s5_nogo0_cue5]  data: [516, 444, 7] → [516, 444, 2]
Epoch 005/100 | lr: 0.01000 | train: 1.9711 | val: 1.9738
Epoch 010/100 | lr: 0.01000 | train: 1.8045 | val: 1.7183
Epoch 015/100 | lr: 0.01000 | train: 1.0047 | val: 1.0259
Epoch 020/100 | lr: 0.01000 | train: 0.9318 | val: 0.9632
Epoch 025/100 | lr: 0.01000 | train: 0.8808 | val: 0.9174
Epoch 030/100 | lr: 0.01000 | train: 0.8125 | val: 0.8594
Epoch 035/100 | lr: 0.01000 | train: 0.6838 | val: 0.7005
Epoch 040/100 | lr: 0.01000 | train: 0.5115 | val: 0.5300
Epoch 045/100 | lr: 0.01000 | train: 0.4274 | val: 0.4322
Epoch 050/100 | lr: 0.01000 | train: 0.3422 | val: 0.3498
Epoch 055/100 | lr: 0.01000 | train: 0.3076 | val: 0.3080
Epoch 060/100 | lr: 0.01000 | train: 0.2554 | val: 0.2716
Epoch 065/100 | lr: 0.01000 | train: 0.2288 | val: 0.2373
Epoch 070/100 | lr: 0.01000 | train: 0.1986 | val: 0.1943
Epoch 075/100 | lr: 0.01000 | train: 0.1699 | val: 0.1627
Epoch 080/100 | lr: 0.01000 | train: 0.1510 | val: 0.1595
Epoch 085/100 | lr: 0.01000 | train: 0.1213 | val: 0.1185
Epoch 090/100 | lr: 0.01000 | train: 0.1038 | val: 0.1026
Epoch 095/100 | lr: 0.01000 | train: 0.1063 | val: 0.0912
Stopping: losses below 0.1.
[s5_nogo0_cue5]   after DPA: dpa=0.994  gng=0.433
[s5_nogo0_cue5]  DPA done in 719.2s  final train=0.0909  val=0.0970  dpa=0.994  gng=0.433
[s5_nogo0_cue5]  ┌── params: after DPA
[s5_nogo0_cue5]  │  rank 0: ||m||=44.254  ||n||=38.396  corr(m,n)=+0.841
[s5_nogo0_cue5]  │  rank 1: ||m||=34.834  ||n||=56.092  corr(m,n)=+0.805
[s5_nogo0_cue5]  │  κ-Jacobian eigvals (gain·n^Tm/N): +2.6975  +3.1650
[s5_nogo0_cue5]  │  Wi: ||·||_F=69.057  per-channel=24.14 23.34 38.49 40.92 11.52 11.60 14.80
[s5_nogo0_cue5]  └──────────────────────────────────────────────────
[s5_nogo0_cue5] ────────────────────────────────────────────────────────────
[s5_nogo0_cue5]  STAGE: GNG   device=cuda:0   epochs=100
[s5_nogo0_cue5]  freeze recurrent cols: [0]
[s5_nogo0_cue5]  freeze input dims:     [0, 1, 2, 3, 6]
[s5_nogo0_cue5] ────────────────────────────────────────────────────────────
[s5_nogo0_cue5]  data: [516, 266, 7] → [516, 266, 2]
Epoch 005/100 | lr: 0.01000 | train: 0.5369 | val: 0.5147
Epoch 010/100 | lr: 0.01000 | train: 0.3185 | val: 0.2880
Epoch 015/100 | lr: 0.01000 | train: 0.2394 | val: 0.2250
Epoch 020/100 | lr: 0.01000 | train: 0.2008 | val: 0.1961
Epoch 025/100 | lr: 0.01000 | train: 0.1701 | val: 0.1632
Epoch 030/100 | lr: 0.01000 | train: 0.1478 | val: 0.1348
Epoch 035/100 | lr: 0.01000 | train: 0.1324 | val: 0.1217
Epoch 040/100 | lr: 0.01000 | train: 0.1225 | val: 0.1148
Epoch 045/100 | lr: 0.01000 | train: 0.1167 | val: 0.1099
Epoch 050/100 | lr: 0.01000 | train: 0.1109 | val: 0.1036
Epoch 055/100 | lr: 0.01000 | train: 0.1055 | val: 0.0981
Epoch 060/100 | lr: 0.01000 | train: 0.1003 | val: 0.0944
Stopping: losses below 0.1.
[s5_nogo0_cue5]   after GNG: dpa=0.962  gng=0.998
[s5_nogo0_cue5]  GNG done in 290.0s  final train=0.0997  val=0.0907  dpa=0.962  gng=0.998
[s5_nogo0_cue5]  ┌── params: after GNG
[s5_nogo0_cue5]  │  rank 0: ||m||=44.254  ||n||=38.396  corr(m,n)=+0.841
[s5_nogo0_cue5]  │  rank 1: ||m||=32.259  ||n||=56.465  corr(m,n)=+0.663
[s5_nogo0_cue5]  │  κ-Jacobian eigvals (gain·n^Tm/N): +2.9494  +2.2005
[s5_nogo0_cue5]  │  Wi: ||·||_F=73.854  per-channel=24.14 23.34 38.49 40.92 18.88 24.42 14.80
[s5_nogo0_cue5]  └──────────────────────────────────────────────────
[s5_nogo0_cue5] ────────────────────────────────────────────────────────────
[s5_nogo0_cue5]  STAGE: Dual   device=cuda:0   epochs=100
[s5_nogo0_cue5]  freeze recurrent cols: [0]
[s5_nogo0_cue5]  freeze input dims:     [0, 1, 2, 3, 4, 5, 6]
[s5_nogo0_cue5] ────────────────────────────────────────────────────────────
[s5_nogo0_cue5]  data: [516, 444, 7] → [516, 444, 2]
[s5_nogo0_cue5]  loss=separated  dpa_w=1.0  gng_w=1.0  aux_w=1.0  bl_w=1.0
Epoch 005/100 | lr: 0.01000 | train: 0.6496 | val: 0.6467
Epoch 010/100 | lr: 0.01000 | train: 0.6031 | val: 0.6094
Epoch 015/100 | lr: 0.01000 | train: 0.5567 | val: 0.5559
Epoch 020/100 | lr: 0.01000 | train: 0.5435 | val: 0.5453
Epoch 025/100 | lr: 0.01000 | train: 0.4952 | val: 0.4797
Epoch 030/100 | lr: 0.01000 | train: 0.4778 | val: 0.4536
Epoch 035/100 | lr: 0.01000 | train: 0.4375 | val: 0.4436
Epoch 040/100 | lr: 0.01000 | train: 0.4061 | val: 0.3928
Epoch 045/100 | lr: 0.01000 | train: 0.3755 | val: 0.3521
Epoch 050/100 | lr: 0.01000 | train: 0.3479 | val: 0.3251
Epoch 055/100 | lr: 0.01000 | train: 0.3265 | val: 0.2945
Epoch 060/100 | lr: 0.01000 | train: 0.3096 | val: 0.2975
Epoch 065/100 | lr: 0.01000 | train: 0.2863 | val: 0.2910
Epoch 070/100 | lr: 0.01000 | train: 0.2728 | val: 0.2655
Epoch 075/100 | lr: 0.01000 | train: 0.2607 | val: 0.2514
Epoch 080/100 | lr: 0.01000 | train: 0.2612 | val: 0.2294
Epoch 085/100 | lr: 0.01000 | train: 0.2484 | val: 0.2312
Epoch 090/100 | lr: 0.00500 | train: 0.2369 | val: 0.2306
Epoch 095/100 | lr: 0.00500 | train: 0.2290 | val: 0.2105
Epoch 100/100 | lr: 0.00500 | train: 0.2423 | val: 0.2227
[s5_nogo0_cue5]  loss components: {'dpa': 0.0885, 'gng': 0.0797, 'baseline': 0.0425, 'aux': 0.0156}
[s5_nogo0_cue5]   after Dual: dpa=1.000  gng=0.979
[s5_nogo0_cue5]  Dual done in 746.4s  final train=0.2423  val=0.2227  dpa=1.000  gng=0.979
[s5_nogo0_cue5]  ┌── params: after Dual
[s5_nogo0_cue5]  │  rank 0: ||m||=44.254  ||n||=38.396  corr(m,n)=+0.841
[s5_nogo0_cue5]  │  rank 1: ||m||=35.023  ||n||=79.478  corr(m,n)=+0.557
[s5_nogo0_cue5]  │  κ-Jacobian eigvals (gain·n^Tm/N): +2.7845  +3.0342
[s5_nogo0_cue5]  │  Wi: ||·||_F=73.854  per-channel=24.14 23.34 38.49 40.92 18.88 24.42 14.80
[s5_nogo0_cue5]  └──────────────────────────────────────────────────
[s5_nogo0_cue5] ════════════════════════════════════════════════════════════
[s5_nogo0_cue5]  RUN COMPLETE  2026-06-08 12:10:22  total=1757.6s
[s5_nogo0_cue5]  ACCURACY SUMMARY
[s5_nogo0_cue5]    after DPA : dpa=0.994  gng=0.433
[s5_nogo0_cue5]    after GNG : dpa=0.962  gng=0.998
[s5_nogo0_cue5]    after Dual: dpa=1.000  gng=0.979  dual_dpa=0.999  dual_gng=0.897
[s5_nogo0_cue5] ════════════════════════════════════════════════════════════
