[s5_random] ════════════════════════════════════════════════════════════
[s5_random]  RUN START  2026-06-05 17:17:28
[s5_random]  run_id=s5_random  seed=5  device=cuda:1
[s5_random]  arch:  hidden=512  rank=2  gain=1.0  input_size=7  params=6,144
[s5_random]  task:  cue_on_go=True  rwd=True  rwd_scale=1.0  freeze_input_stages=['gng', 'dual']  init=random
[s5_random]  dynamics: alpha=0.0750  alpha_rec=0.1000  dt=0.0225  tau=0.3  tau_rec_frac=0.75
[s5_random]  noise:  input_sigma=0.3732 (×1.0)  model_sigma=0.3732 (×1.0)
[s5_random]  optim:  lr=0.01  wd=0.01  batch=64  n_batch=516  clip=None
[s5_random]  epochs: dpa=200  gng=200  dual=200  loss=separated
[s5_random]  shapes: m[512, 2]  n[512, 2]  Wi[512, 7]
[s5_random]  ┌── params: init
[s5_random]  │  rank 0: ||m||=23.437  ||n||=22.965  corr(m,n)=+0.028
[s5_random]  │  rank 1: ||m||=22.893  ||n||=23.012  corr(m,n)=+0.061
[s5_random]  │  κ-Jacobian eigvals (gain·n^Tm/N): +0.0320  +0.0594
[s5_random]  │  Wi: ||·||_F=58.987  per-channel=22.32 23.25 22.23 22.01 21.84 22.14 22.26
[s5_random]  └──────────────────────────────────────────────────
[s5_random] ────────────────────────────────────────────────────────────
[s5_random]  STAGE: DPA   device=cuda:1   epochs=200
[s5_random] ────────────────────────────────────────────────────────────
[s5_random]  data: [516, 444, 7] → [516, 444, 2]
Epoch 005/200 | lr: 0.01000 | train: 1.9711 | val: 1.9738
Epoch 010/200 | lr: 0.01000 | train: 1.8045 | val: 1.7183
Epoch 015/200 | lr: 0.01000 | train: 1.0047 | val: 1.0259
Epoch 020/200 | lr: 0.01000 | train: 0.9318 | val: 0.9632
Epoch 025/200 | lr: 0.01000 | train: 0.8808 | val: 0.9174
Epoch 030/200 | lr: 0.01000 | train: 0.8125 | val: 0.8594
Epoch 035/200 | lr: 0.01000 | train: 0.6838 | val: 0.7005
Epoch 040/200 | lr: 0.01000 | train: 0.5115 | val: 0.5300
Epoch 045/200 | lr: 0.01000 | train: 0.4274 | val: 0.4322
Epoch 050/200 | lr: 0.01000 | train: 0.3422 | val: 0.3498
Epoch 055/200 | lr: 0.01000 | train: 0.3076 | val: 0.3080
Epoch 060/200 | lr: 0.01000 | train: 0.2554 | val: 0.2716
Epoch 065/200 | lr: 0.01000 | train: 0.2288 | val: 0.2373
Epoch 070/200 | lr: 0.01000 | train: 0.1986 | val: 0.1943
Epoch 075/200 | lr: 0.01000 | train: 0.1699 | val: 0.1627
Epoch 080/200 | lr: 0.01000 | train: 0.1510 | val: 0.1595
Epoch 085/200 | lr: 0.01000 | train: 0.1213 | val: 0.1185
Epoch 090/200 | lr: 0.01000 | train: 0.1038 | val: 0.1026
Epoch 095/200 | lr: 0.01000 | train: 0.1063 | val: 0.0912
Stopping: losses below 0.1.
[s5_random]   after DPA: dpa=0.994  gng=0.349
[s5_random]  DPA done in 851.2s  final train=0.0909  val=0.0970  dpa=0.994  gng=0.349
[s5_random]  ┌── params: after DPA
[s5_random]  │  rank 0: ||m||=44.254  ||n||=38.396  corr(m,n)=+0.841
[s5_random]  │  rank 1: ||m||=34.834  ||n||=56.092  corr(m,n)=+0.805
[s5_random]  │  κ-Jacobian eigvals (gain·n^Tm/N): +2.6975  +3.1650
[s5_random]  │  Wi: ||·||_F=69.057  per-channel=24.14 23.34 38.49 40.92 11.52 11.60 14.80
[s5_random]  └──────────────────────────────────────────────────
[s5_random] ────────────────────────────────────────────────────────────
[s5_random]  STAGE: GNG   device=cuda:1   epochs=200
[s5_random]  freeze recurrent cols: [0]
[s5_random]  freeze input dims:     [0, 1, 2, 3, 4, 5, 6]
[s5_random] ────────────────────────────────────────────────────────────
[s5_random]  data: [516, 266, 7] → [516, 266, 2]
Epoch 005/200 | lr: 0.01000 | train: 1.1858 | val: 1.2334
Epoch 010/200 | lr: 0.01000 | train: 1.1045 | val: 1.1243
Epoch 015/200 | lr: 0.01000 | train: 1.0622 | val: 1.0959
Epoch 020/200 | lr: 0.01000 | train: 1.0386 | val: 1.0652
Epoch 025/200 | lr: 0.01000 | train: 1.0118 | val: 1.0370
Epoch 030/200 | lr: 0.01000 | train: 0.9924 | val: 1.0136
Epoch 035/200 | lr: 0.01000 | train: 0.9799 | val: 0.9854
Epoch 040/200 | lr: 0.01000 | train: 0.9511 | val: 0.9765
Epoch 045/200 | lr: 0.01000 | train: 0.9163 | val: 0.9440
Epoch 050/200 | lr: 0.01000 | train: 0.8186 | val: 0.8450
Epoch 055/200 | lr: 0.01000 | train: 0.6036 | val: 0.6060
Epoch 060/200 | lr: 0.01000 | train: 0.4646 | val: 0.5132
Epoch 065/200 | lr: 0.01000 | train: 0.4105 | val: 0.3953
Epoch 070/200 | lr: 0.01000 | train: 0.3526 | val: 0.4022
Epoch 075/200 | lr: 0.01000 | train: 0.3138 | val: 0.3630
Epoch 080/200 | lr: 0.01000 | train: 0.2671 | val: 0.2623
Epoch 085/200 | lr: 0.01000 | train: 0.2460 | val: 0.2896
Epoch 090/200 | lr: 0.01000 | train: 0.2156 | val: 0.2480
Epoch 095/200 | lr: 0.01000 | train: 0.2003 | val: 0.2186
Epoch 100/200 | lr: 0.01000 | train: 0.1863 | val: 0.1941
Epoch 105/200 | lr: 0.01000 | train: 0.1824 | val: 0.1766
Epoch 110/200 | lr: 0.01000 | train: 0.1619 | val: 0.1623
Epoch 115/200 | lr: 0.00500 | train: 0.1561 | val: 0.1397
Epoch 120/200 | lr: 0.00500 | train: 0.1600 | val: 0.1261
Epoch 125/200 | lr: 0.00500 | train: 0.1476 | val: 0.1154
Epoch 130/200 | lr: 0.00500 | train: 0.1441 | val: 0.1615
Epoch 135/200 | lr: 0.00250 | train: 0.1284 | val: 0.1621
Epoch 140/200 | lr: 0.00250 | train: 0.1443 | val: 0.1337
Epoch 145/200 | lr: 0.00125 | train: 0.1524 | val: 0.1148
Epoch 150/200 | lr: 0.00063 | train: 0.1201 | val: 0.1577
Epoch 155/200 | lr: 0.00031 | train: 0.1557 | val: 0.1531
Epoch 160/200 | lr: 0.00031 | train: 0.1344 | val: 0.1320
Epoch 165/200 | lr: 0.00016 | train: 0.1288 | val: 0.1367
Epoch 170/200 | lr: 0.00016 | train: 0.1374 | val: 0.1367
Epoch 175/200 | lr: 0.00008 | train: 0.1413 | val: 0.1162
Epoch 180/200 | lr: 0.00004 | train: 0.1185 | val: 0.1366
Epoch 185/200 | lr: 0.00002 | train: 0.1469 | val: 0.1078
Epoch 190/200 | lr: 0.00002 | train: 0.1344 | val: 0.1494
Epoch 195/200 | lr: 0.00001 | train: 0.1370 | val: 0.1455
Epoch 200/200 | lr: 0.00001 | train: 0.1450 | val: 0.1682
[s5_random]   after GNG: dpa=0.992  gng=0.988
[s5_random]  GNG done in 1093.4s  final train=0.1450  val=0.1682  dpa=0.992  gng=0.988
[s5_random]  ┌── params: after GNG
[s5_random]  │  rank 0: ||m||=44.254  ||n||=38.396  corr(m,n)=+0.841
[s5_random]  │  rank 1: ||m||=38.186  ||n||=64.764  corr(m,n)=+0.641
[s5_random]  │  κ-Jacobian eigvals (gain·n^Tm/N): +2.6625  +3.2248
[s5_random]  │  Wi: ||·||_F=69.057  per-channel=24.14 23.34 38.49 40.92 11.52 11.60 14.80
[s5_random]  └──────────────────────────────────────────────────
[s5_random] ────────────────────────────────────────────────────────────
[s5_random]  STAGE: Dual   device=cuda:1   epochs=200
[s5_random]  freeze recurrent cols: [0]
[s5_random]  freeze input dims:     [0, 1, 2, 3, 4, 5, 6]
[s5_random] ────────────────────────────────────────────────────────────
[s5_random]  data: [516, 444, 7] → [516, 444, 2]
[s5_random]  loss=separated  dpa_w=1.0  gng_w=1.0  aux_w=1.0  bl_w=1.0
Epoch 005/200 | lr: 0.01000 | train: 0.8796 | val: 0.8806
Epoch 010/200 | lr: 0.01000 | train: 0.8581 | val: 0.8198
Epoch 015/200 | lr: 0.01000 | train: 0.8170 | val: 0.8461
Epoch 020/200 | lr: 0.01000 | train: 0.7841 | val: 0.7899
Epoch 025/200 | lr: 0.01000 | train: 0.7740 | val: 0.7111
Epoch 030/200 | lr: 0.01000 | train: 0.7609 | val: 0.7085
Epoch 035/200 | lr: 0.01000 | train: 0.7043 | val: 0.6782
Epoch 040/200 | lr: 0.01000 | train: 0.6701 | val: 0.7058
Epoch 045/200 | lr: 0.00500 | train: 0.6862 | val: 0.6564
Epoch 050/200 | lr: 0.00500 | train: 0.6603 | val: 0.6452
Epoch 055/200 | lr: 0.00250 | train: 0.6602 | val: 0.6336
Epoch 060/200 | lr: 0.00250 | train: 0.6500 | val: 0.6677
Epoch 065/200 | lr: 0.00125 | train: 0.6425 | val: 0.6299
Epoch 070/200 | lr: 0.00125 | train: 0.6343 | val: 0.6540
Epoch 075/200 | lr: 0.00125 | train: 0.6553 | val: 0.6298
Epoch 080/200 | lr: 0.00063 | train: 0.6263 | val: 0.6423
Epoch 085/200 | lr: 0.00063 | train: 0.6222 | val: 0.6475
Epoch 090/200 | lr: 0.00031 | train: 0.6226 | val: 0.6035
Epoch 095/200 | lr: 0.00031 | train: 0.6634 | val: 0.6253
Epoch 100/200 | lr: 0.00016 | train: 0.6167 | val: 0.6195
Epoch 105/200 | lr: 0.00008 | train: 0.6267 | val: 0.6314
Epoch 110/200 | lr: 0.00004 | train: 0.6560 | val: 0.6286
Epoch 115/200 | lr: 0.00002 | train: 0.6474 | val: 0.6476
Epoch 120/200 | lr: 0.00002 | train: 0.6421 | val: 0.6257
Epoch 125/200 | lr: 0.00001 | train: 0.6141 | val: 0.6340
Epoch 130/200 | lr: 0.00001 | train: 0.6326 | val: 0.5951
Epoch 135/200 | lr: 0.00001 | train: 0.6165 | val: 0.6460
Epoch 140/200 | lr: 0.00001 | train: 0.6401 | val: 0.6631
Epoch 145/200 | lr: 0.00001 | train: 0.6320 | val: 0.6196
Epoch 150/200 | lr: 0.00001 | train: 0.6204 | val: 0.6275
Epoch 155/200 | lr: 0.00001 | train: 0.6361 | val: 0.6382
Epoch 160/200 | lr: 0.00001 | train: 0.6540 | val: 0.6457
Epoch 165/200 | lr: 0.00001 | train: 0.6397 | val: 0.6469
Epoch 170/200 | lr: 0.00001 | train: 0.6450 | val: 0.6184
Epoch 175/200 | lr: 0.00001 | train: 0.6492 | val: 0.6248
Epoch 180/200 | lr: 0.00001 | train: 0.6157 | val: 0.6494
Epoch 185/200 | lr: 0.00001 | train: 0.6345 | val: 0.6179
Epoch 190/200 | lr: 0.00001 | train: 0.6280 | val: 0.6328
Epoch 195/200 | lr: 0.00001 | train: 0.6278 | val: 0.6395
Epoch 200/200 | lr: 0.00001 | train: 0.6499 | val: 0.6205
[s5_random]  loss components: {'dpa': 0.2261, 'gng': 0.4037, 'baseline': 0.0126, 'aux': 0.0135}
[s5_random]   after Dual: dpa=0.999  gng=0.982
[s5_random]  Dual done in 1810.8s  final train=0.6499  val=0.6205  dpa=0.999  gng=0.982
[s5_random]  ┌── params: after Dual
[s5_random]  │  rank 0: ||m||=44.254  ||n||=38.396  corr(m,n)=+0.841
[s5_random]  │  rank 1: ||m||=34.517  ||n||=72.009  corr(m,n)=+0.650
[s5_random]  │  κ-Jacobian eigvals (gain·n^Tm/N): +2.6758  +3.2698
[s5_random]  │  Wi: ||·||_F=69.057  per-channel=24.14 23.34 38.49 40.92 11.52 11.60 14.80
[s5_random]  └──────────────────────────────────────────────────
[s5_random] ════════════════════════════════════════════════════════════
[s5_random]  RUN COMPLETE  2026-06-05 18:20:04  total=3757.4s
[s5_random]  ACCURACY SUMMARY
[s5_random]    after DPA : dpa=0.994  gng=0.349
[s5_random]    after GNG : dpa=0.992  gng=0.988
[s5_random]    after Dual: dpa=0.999  gng=0.982  dual_dpa=1.000  dual_gng=0.977
[s5_random] ════════════════════════════════════════════════════════════
