[s5_goH1] ════════════════════════════════════════════════════════════
[s5_goH1]  RUN START  2026-06-08 18:36:42
[s5_goH1]  run_id=s5_goH1  seed=5  device=cuda:1
[s5_goH1]  arch:  hidden=512  rank=2  gain=1.0  input_size=7  params=6,144
[s5_goH1]  task:  cue_on_go=True  rwd=True  rwd_scale=1.0  freeze_input_stages=['dual']  init=random
[s5_goH1]  dynamics: alpha=0.0750  alpha_rec=0.1000  dt=0.0225  tau=0.3  tau_rec_frac=0.75
[s5_goH1]  noise:  input_sigma=0.3732 (×1.0)  model_sigma=0.0000 (×0.0)
[s5_goH1]  optim:  lr=0.01  wd=0.01  batch=64  n_batch=516  clip=None
[s5_goH1]  epochs: dpa=100  gng=100  dual=100  loss=separated
[s5_goH1]  shapes: m[512, 2]  n[512, 2]  Wi[512, 7]
[s5_goH1]  ┌── params: init
[s5_goH1]  │  rank 0: ||m||=23.437  ||n||=22.965  corr(m,n)=+0.028
[s5_goH1]  │  rank 1: ||m||=22.893  ||n||=23.012  corr(m,n)=+0.061
[s5_goH1]  │  κ-Jacobian eigvals (gain·n^Tm/N): +0.0320  +0.0594
[s5_goH1]  │  Wi: ||·||_F=58.987  per-channel=22.32 23.25 22.23 22.01 21.84 22.14 22.26
[s5_goH1]  └──────────────────────────────────────────────────
[s5_goH1] ────────────────────────────────────────────────────────────
[s5_goH1]  STAGE: DPA   device=cuda:1   epochs=100
[s5_goH1] ────────────────────────────────────────────────────────────
[s5_goH1]  data: [516, 444, 7] → [516, 444, 2]
Epoch 005/100 | lr: 0.01000 | train: 1.9569 | val: 1.9571
Epoch 010/100 | lr: 0.01000 | train: 1.2923 | val: 1.2042
Epoch 015/100 | lr: 0.01000 | train: 0.9561 | val: 0.9756
Epoch 020/100 | lr: 0.01000 | train: 0.8765 | val: 0.9118
Epoch 025/100 | lr: 0.01000 | train: 0.8033 | val: 0.8237
Epoch 030/100 | lr: 0.01000 | train: 0.6332 | val: 0.6365
Epoch 035/100 | lr: 0.01000 | train: 0.4477 | val: 0.4370
Epoch 040/100 | lr: 0.01000 | train: 0.3344 | val: 0.3388
Epoch 045/100 | lr: 0.01000 | train: 0.2741 | val: 0.2839
Epoch 050/100 | lr: 0.01000 | train: 0.2258 | val: 0.2251
Epoch 055/100 | lr: 0.01000 | train: 0.1871 | val: 0.1966
Epoch 060/100 | lr: 0.01000 | train: 0.1419 | val: 0.1422
Epoch 065/100 | lr: 0.01000 | train: 0.1196 | val: 0.1142
Epoch 070/100 | lr: 0.01000 | train: 0.1075 | val: 0.1204
Epoch 075/100 | lr: 0.01000 | train: 0.1139 | val: 0.1025
Stopping: losses below 0.1.
[s5_goH1]   after DPA: dpa=0.998 (pair=1.000 unpair=0.996)  gng=0.364 (go=0.146 nogo=0.589)
[s5_goH1]  DPA done in 665.9s  final train=0.0946  val=0.0923  dpa=0.998  gng=0.364
[s5_goH1]  ┌── params: after DPA
[s5_goH1]  │  rank 0: ||m||=35.873  ||n||=38.402  corr(m,n)=+0.813
[s5_goH1]  │  rank 1: ||m||=30.733  ||n||=51.593  corr(m,n)=+0.785
[s5_goH1]  │  κ-Jacobian eigvals (gain·n^Tm/N): +2.1090  +2.5105
[s5_goH1]  │  Wi: ||·||_F=58.375  per-channel=21.31 19.84 31.11 33.10 11.83 12.88 13.82
[s5_goH1]  └──────────────────────────────────────────────────
[s5_goH1] ────────────────────────────────────────────────────────────
[s5_goH1]  STAGE: GNG   device=cuda:1   epochs=100
[s5_goH1]  freeze recurrent cols: [0]
[s5_goH1]  freeze input dims:     [0, 1, 2, 3, 6]
[s5_goH1] ────────────────────────────────────────────────────────────
[s5_goH1]  data: [516, 266, 7] → [516, 266, 2]
Epoch 005/100 | lr: 0.01000 | train: 0.4290 | val: 0.3700
Epoch 010/100 | lr: 0.01000 | train: 0.1397 | val: 0.1135
Epoch 015/100 | lr: 0.01000 | train: 0.0974 | val: 0.0769
Stopping: losses below 0.1.
[s5_goH1]   after GNG: dpa=0.998 (pair=1.000 unpair=0.996)  gng=0.997 (go=1.000 nogo=0.994)
[s5_goH1]  GNG done in 84.5s  final train=0.0974  val=0.0769  dpa=0.998  gng=0.997
[s5_goH1]  ┌── params: after GNG
[s5_goH1]  │  rank 0: ||m||=35.873  ||n||=38.402  corr(m,n)=+0.813
[s5_goH1]  │  rank 1: ||m||=29.641  ||n||=51.300  corr(m,n)=+0.759
[s5_goH1]  │  κ-Jacobian eigvals (gain·n^Tm/N): +2.0616  +2.3815
[s5_goH1]  │  Wi: ||·||_F=59.354  per-channel=21.31 19.84 31.11 33.10 12.47 16.30 13.82
[s5_goH1]  └──────────────────────────────────────────────────
[s5_goH1] ────────────────────────────────────────────────────────────
[s5_goH1]  STAGE: Dual   device=cuda:1   epochs=100
[s5_goH1]  freeze recurrent cols: [0]
[s5_goH1]  freeze input dims:     [0, 1, 2, 3, 4, 5, 6]
[s5_goH1] ────────────────────────────────────────────────────────────
[s5_goH1]  data: [516, 444, 7] → [516, 444, 2]
[s5_goH1]  loss=separated  dpa_w=1.0  gng_w=1.0  go_w=1.0  nogo_w=2.0  aux_w=1.0  bl_w=1.0  go_hinge=1.0
Epoch 005/100 | lr: 0.01000 | train: 0.5140 | val: 0.5206
Epoch 010/100 | lr: 0.01000 | train: 0.4609 | val: 0.4701
Epoch 015/100 | lr: 0.01000 | train: 0.4205 | val: 0.4344
Epoch 020/100 | lr: 0.01000 | train: 0.3821 | val: 0.4106
Epoch 025/100 | lr: 0.01000 | train: 0.3610 | val: 0.3659
Epoch 030/100 | lr: 0.01000 | train: 0.3364 | val: 0.3429
Epoch 035/100 | lr: 0.01000 | train: 0.3040 | val: 0.3351
Epoch 040/100 | lr: 0.01000 | train: 0.2835 | val: 0.3394
Epoch 045/100 | lr: 0.01000 | train: 0.2616 | val: 0.2976
Epoch 050/100 | lr: 0.01000 | train: 0.2469 | val: 0.2889
Epoch 055/100 | lr: 0.01000 | train: 0.2353 | val: 0.2673
Epoch 060/100 | lr: 0.01000 | train: 0.2177 | val: 0.2759
Epoch 065/100 | lr: 0.01000 | train: 0.2148 | val: 0.2467
Epoch 070/100 | lr: 0.01000 | train: 0.1988 | val: 0.2433
Epoch 075/100 | lr: 0.01000 | train: 0.1916 | val: 0.2481
Epoch 080/100 | lr: 0.01000 | train: 0.1838 | val: 0.2291
Epoch 085/100 | lr: 0.01000 | train: 0.1834 | val: 0.2176
Epoch 090/100 | lr: 0.01000 | train: 0.1697 | val: 0.2164
Epoch 095/100 | lr: 0.01000 | train: 0.1723 | val: 0.2073
Epoch 100/100 | lr: 0.01000 | train: 0.1609 | val: 0.1982
[s5_goH1]  loss components: {'dpa': 0.1108, 'gng': 0.0679, 'gng_go': 0.04, 'gng_nogo': 0.014, 'baseline': 0.0156, 'aux': 0.0108}
[s5_goH1]   after Dual: dpa=0.998 (pair=0.996 unpair=1.000)  gng=1.000 (go=1.000 nogo=1.000)
[s5_goH1]  Dual done in 891.3s  final train=0.1609  val=0.1982  dpa=0.998  gng=1.000
[s5_goH1]  ┌── params: after Dual
[s5_goH1]  │  rank 0: ||m||=35.873  ||n||=38.402  corr(m,n)=+0.813
[s5_goH1]  │  rank 1: ||m||=29.675  ||n||=69.728  corr(m,n)=+0.621
[s5_goH1]  │  κ-Jacobian eigvals (gain·n^Tm/N): +2.1295  +2.5663
[s5_goH1]  │  Wi: ||·||_F=59.354  per-channel=21.31 19.84 31.11 33.10 12.47 16.30 13.82
[s5_goH1]  └──────────────────────────────────────────────────
[s5_goH1] ════════════════════════════════════════════════════════════
[s5_goH1]  RUN COMPLETE  2026-06-08 19:04:03  total=1643.9s
[s5_goH1]  ACCURACY SUMMARY
[s5_goH1]    after DPA : dpa=0.998  gng=0.364
[s5_goH1]    after GNG : dpa=0.998  gng=0.997
[s5_goH1]    after Dual: dpa=0.998  gng=1.000  dual_dpa=0.998  dual_gng=0.996
[s5_goH1] ════════════════════════════════════════════════════════════
