[s6_free_gng] ════════════════════════════════════════════════════════════
[s6_free_gng]  RUN START  2026-06-07 13:17:09
[s6_free_gng]  run_id=s6_free_gng  seed=6  device=cuda:1
[s6_free_gng]  arch:  hidden=512  rank=2  gain=1.0  input_size=7  params=6,144
[s6_free_gng]  task:  cue_on_go=True  rwd=True  rwd_scale=1.0  freeze_input_stages=['dual']  init=random
[s6_free_gng]  dynamics: alpha=0.0750  alpha_rec=0.1000  dt=0.0225  tau=0.3  tau_rec_frac=0.75
[s6_free_gng]  noise:  input_sigma=0.3732 (×1.0)  model_sigma=0.3732 (×1.0)
[s6_free_gng]  optim:  lr=0.01  wd=0.01  batch=64  n_batch=516  clip=None
[s6_free_gng]  epochs: dpa=200  gng=200  dual=200  loss=separated
[s6_free_gng]  shapes: m[512, 2]  n[512, 2]  Wi[512, 7]
[s6_free_gng]  ┌── params: init
[s6_free_gng]  │  rank 0: ||m||=23.754  ||n||=22.561  corr(m,n)=+0.074
[s6_free_gng]  │  rank 1: ||m||=21.713  ||n||=23.345  corr(m,n)=-0.005
[s6_free_gng]  │  κ-Jacobian eigvals (gain·n^Tm/N): +0.0778  -0.0054
[s6_free_gng]  │  Wi: ||·||_F=60.072  per-channel=23.10 21.97 23.40 22.89 22.22 23.84 21.41
[s6_free_gng]  └──────────────────────────────────────────────────
[s6_free_gng] ────────────────────────────────────────────────────────────
[s6_free_gng]  STAGE: DPA   device=cuda:1   epochs=200
[s6_free_gng] ────────────────────────────────────────────────────────────
[s6_free_gng]  data: [516, 444, 7] → [516, 444, 2]
Epoch 005/200 | lr: 0.01000 | train: 1.9679 | val: 1.9721
Epoch 010/200 | lr: 0.01000 | train: 1.5852 | val: 1.4039
Epoch 015/200 | lr: 0.01000 | train: 1.0570 | val: 1.0414
Epoch 020/200 | lr: 0.01000 | train: 0.9958 | val: 0.9926
Epoch 025/200 | lr: 0.01000 | train: 0.9533 | val: 0.9381
Epoch 030/200 | lr: 0.01000 | train: 0.8653 | val: 0.8536
Epoch 035/200 | lr: 0.01000 | train: 0.7090 | val: 0.7055
Epoch 040/200 | lr: 0.01000 | train: 0.5013 | val: 0.5110
Epoch 045/200 | lr: 0.01000 | train: 0.4187 | val: 0.4390
Epoch 050/200 | lr: 0.01000 | train: 0.3574 | val: 0.3730
Epoch 055/200 | lr: 0.01000 | train: 0.3284 | val: 0.3041
Epoch 060/200 | lr: 0.01000 | train: 0.2926 | val: 0.3166
Epoch 065/200 | lr: 0.01000 | train: 0.2914 | val: 0.3376
Epoch 070/200 | lr: 0.01000 | train: 0.2520 | val: 0.2303
Epoch 075/200 | lr: 0.01000 | train: 0.2288 | val: 0.2135
Epoch 080/200 | lr: 0.01000 | train: 0.2222 | val: 0.2472
Epoch 085/200 | lr: 0.01000 | train: 0.1817 | val: 0.2070
Epoch 090/200 | lr: 0.01000 | train: 0.1822 | val: 0.1590
Epoch 095/200 | lr: 0.01000 | train: 0.1713 | val: 0.1619
Epoch 100/200 | lr: 0.01000 | train: 0.1494 | val: 0.1585
Epoch 105/200 | lr: 0.01000 | train: 0.1395 | val: 0.1263
Epoch 110/200 | lr: 0.01000 | train: 0.1324 | val: 0.1150
Epoch 115/200 | lr: 0.01000 | train: 0.1124 | val: 0.1045
Epoch 120/200 | lr: 0.01000 | train: 0.1192 | val: 0.1382
Stopping: losses below 0.1.
[s6_free_gng]   after DPA: dpa=0.996  gng=0.494
[s6_free_gng]  DPA done in 899.8s  final train=0.0989  val=0.0937  dpa=0.996  gng=0.494
[s6_free_gng]  ┌── params: after DPA
[s6_free_gng]  │  rank 0: ||m||=44.346  ||n||=38.274  corr(m,n)=+0.839
[s6_free_gng]  │  rank 1: ||m||=34.161  ||n||=51.397  corr(m,n)=+0.823
[s6_free_gng]  │  κ-Jacobian eigvals (gain·n^Tm/N): +2.8016+0.1146j  +2.8016-0.1146j
[s6_free_gng]  │  Wi: ||·||_F=72.188  per-channel=24.55 23.00 43.55 42.11 10.77 10.07 13.86
[s6_free_gng]  └──────────────────────────────────────────────────
[s6_free_gng] ────────────────────────────────────────────────────────────
[s6_free_gng]  STAGE: GNG   device=cuda:1   epochs=200
[s6_free_gng]  freeze recurrent cols: [0]
[s6_free_gng]  freeze input dims:     [0, 1, 2, 3, 6]
[s6_free_gng] ────────────────────────────────────────────────────────────
[s6_free_gng]  data: [516, 266, 7] → [516, 266, 2]
Epoch 005/200 | lr: 0.01000 | train: 0.2667 | val: 0.2261
Epoch 010/200 | lr: 0.01000 | train: 0.1681 | val: 0.1615
Epoch 015/200 | lr: 0.01000 | train: 0.1311 | val: 0.1250
Epoch 020/200 | lr: 0.01000 | train: 0.1052 | val: 0.1080
Stopping: losses below 0.1.
[s6_free_gng]   after GNG: dpa=0.900  gng=0.977
[s6_free_gng]  GNG done in 98.6s  final train=0.0993  val=0.0951  dpa=0.900  gng=0.977
[s6_free_gng]  ┌── params: after GNG
[s6_free_gng]  │  rank 0: ||m||=44.346  ||n||=38.274  corr(m,n)=+0.839
[s6_free_gng]  │  rank 1: ||m||=36.544  ||n||=50.758  corr(m,n)=+0.786
[s6_free_gng]  │  κ-Jacobian eigvals (gain·n^Tm/N): +2.8146+0.3700j  +2.8146-0.3700j
[s6_free_gng]  │  Wi: ||·||_F=73.564  per-channel=24.55 23.00 43.55 42.11 13.41 15.43 13.86
[s6_free_gng]  └──────────────────────────────────────────────────
[s6_free_gng] ────────────────────────────────────────────────────────────
[s6_free_gng]  STAGE: Dual   device=cuda:1   epochs=200
[s6_free_gng]  freeze recurrent cols: [0]
[s6_free_gng]  freeze input dims:     [0, 1, 2, 3, 4, 5, 6]
[s6_free_gng] ────────────────────────────────────────────────────────────
[s6_free_gng]  data: [516, 444, 7] → [516, 444, 2]
[s6_free_gng]  loss=separated  dpa_w=1.0  gng_w=1.0  aux_w=1.0  bl_w=1.0
Epoch 005/200 | lr: 0.01000 | train: 0.7709 | val: 0.7968
Epoch 010/200 | lr: 0.01000 | train: 0.6783 | val: 0.6832
Epoch 015/200 | lr: 0.01000 | train: 0.6460 | val: 0.6804
Epoch 020/200 | lr: 0.01000 | train: 0.6495 | val: 0.6480
Epoch 025/200 | lr: 0.01000 | train: 0.6197 | val: 0.6477
Epoch 030/200 | lr: 0.01000 | train: 0.6018 | val: 0.6170
Epoch 035/200 | lr: 0.01000 | train: 0.5867 | val: 0.6260
Epoch 040/200 | lr: 0.01000 | train: 0.5586 | val: 0.5870
Epoch 045/200 | lr: 0.00500 | train: 0.5413 | val: 0.5819
Epoch 050/200 | lr: 0.00500 | train: 0.5412 | val: 0.6035
Epoch 055/200 | lr: 0.00250 | train: 0.5267 | val: 0.5586
Epoch 060/200 | lr: 0.00125 | train: 0.5282 | val: 0.5511
Epoch 065/200 | lr: 0.00125 | train: 0.5137 | val: 0.5516
Epoch 070/200 | lr: 0.00063 | train: 0.5280 | val: 0.5626
Epoch 075/200 | lr: 0.00031 | train: 0.5214 | val: 0.5328
Epoch 080/200 | lr: 0.00031 | train: 0.5164 | val: 0.5364
Epoch 085/200 | lr: 0.00016 | train: 0.5159 | val: 0.5303
Epoch 090/200 | lr: 0.00016 | train: 0.5221 | val: 0.5593
Epoch 095/200 | lr: 0.00008 | train: 0.5133 | val: 0.5801
Epoch 100/200 | lr: 0.00004 | train: 0.5132 | val: 0.5173
Epoch 105/200 | lr: 0.00004 | train: 0.5165 | val: 0.5652
Epoch 110/200 | lr: 0.00002 | train: 0.5083 | val: 0.5490
Epoch 115/200 | lr: 0.00001 | train: 0.5178 | val: 0.5454
Epoch 120/200 | lr: 0.00001 | train: 0.5059 | val: 0.5356
Epoch 125/200 | lr: 0.00001 | train: 0.5319 | val: 0.5426
Epoch 130/200 | lr: 0.00001 | train: 0.5167 | val: 0.5503
Epoch 135/200 | lr: 0.00001 | train: 0.5079 | val: 0.5232
Epoch 140/200 | lr: 0.00001 | train: 0.5124 | val: 0.5376
Epoch 145/200 | lr: 0.00001 | train: 0.5132 | val: 0.5423
Epoch 150/200 | lr: 0.00001 | train: 0.5014 | val: 0.5543
Epoch 155/200 | lr: 0.00001 | train: 0.5194 | val: 0.5466
Epoch 160/200 | lr: 0.00001 | train: 0.5171 | val: 0.5682
Epoch 165/200 | lr: 0.00001 | train: 0.5113 | val: 0.5384
Epoch 170/200 | lr: 0.00001 | train: 0.5137 | val: 0.5573
Epoch 175/200 | lr: 0.00001 | train: 0.5084 | val: 0.5338
Epoch 180/200 | lr: 0.00001 | train: 0.5274 | val: 0.5524
Epoch 185/200 | lr: 0.00001 | train: 0.5131 | val: 0.5555
Epoch 190/200 | lr: 0.00001 | train: 0.5097 | val: 0.5531
Epoch 195/200 | lr: 0.00001 | train: 0.5156 | val: 0.5277
Epoch 200/200 | lr: 0.00001 | train: 0.5186 | val: 0.5406
[s6_free_gng]  loss components: {'dpa': 0.2164, 'gng': 0.3376, 'baseline': 0.0282, 'aux': 0.0183}
[s6_free_gng]   after Dual: dpa=0.999  gng=0.978
[s6_free_gng]  Dual done in 2282.8s  final train=0.5186  val=0.5406  dpa=0.999  gng=0.978
[s6_free_gng]  ┌── params: after Dual
[s6_free_gng]  │  rank 0: ||m||=44.346  ||n||=38.274  corr(m,n)=+0.839
[s6_free_gng]  │  rank 1: ||m||=33.374  ||n||=57.127  corr(m,n)=+0.741
[s6_free_gng]  │  κ-Jacobian eigvals (gain·n^Tm/N): +2.9482  +2.5919
[s6_free_gng]  │  Wi: ||·||_F=73.564  per-channel=24.55 23.00 43.55 42.11 13.41 15.43 13.86
[s6_free_gng]  └──────────────────────────────────────────────────
[s6_free_gng] ════════════════════════════════════════════════════════════
[s6_free_gng]  RUN COMPLETE  2026-06-07 14:11:50  total=3283.1s
[s6_free_gng]  ACCURACY SUMMARY
[s6_free_gng]    after DPA : dpa=0.996  gng=0.494
[s6_free_gng]    after GNG : dpa=0.900  gng=0.977
[s6_free_gng]    after Dual: dpa=0.999  gng=0.978  dual_dpa=0.995  dual_gng=0.827
[s6_free_gng] ════════════════════════════════════════════════════════════
