[s3_hingeGNG] ════════════════════════════════════════════════════════════
[s3_hingeGNG]  RUN START  2026-06-09 01:47:15
[s3_hingeGNG]  run_id=s3_hingeGNG  seed=3  device=cuda:1
[s3_hingeGNG]  arch:  hidden=512  rank=2  gain=1.0  input_size=7  params=6,144
[s3_hingeGNG]  task:  cue_on_go=True  rwd=True  rwd_scale=1.0  freeze_input_stages=['gng', 'dual']  init=random
[s3_hingeGNG]  dynamics: alpha=0.0750  alpha_rec=0.1000  dt=0.0225  tau=0.3  tau_rec_frac=0.75
[s3_hingeGNG]  noise:  input_sigma=0.3732 (×1.0)  model_sigma=0.0000 (×0.0)
[s3_hingeGNG]  optim:  lr=0.01  wd=0.01  batch=64  n_batch=516  clip=None
[s3_hingeGNG]  epochs: dpa=100  gng=100  dual=100  loss=separated
[s3_hingeGNG]  shapes: m[512, 2]  n[512, 2]  Wi[512, 7]
[s3_hingeGNG]  ┌── params: init
[s3_hingeGNG]  │  rank 0: ||m||=22.816  ||n||=22.436  corr(m,n)=+0.020
[s3_hingeGNG]  │  rank 1: ||m||=21.350  ||n||=23.585  corr(m,n)=+0.075
[s3_hingeGNG]  │  κ-Jacobian eigvals (gain·n^Tm/N): +0.0115  +0.0822
[s3_hingeGNG]  │  Wi: ||·||_F=61.487  per-channel=24.64 23.94 21.69 23.93 23.19 21.98 23.15
[s3_hingeGNG]  └──────────────────────────────────────────────────
[s3_hingeGNG]  DPA: loading checkpoint from results/dual/sweep_adam2/s3_adam2/dpa_s3_adam2.pth
[s3_hingeGNG]   after DPA: dpa=0.995 (pair=0.998 unpair=0.992)  gng=0.505 (go=0.000 nogo=0.994)
[s3_hingeGNG]  DPA done in 2.1s  (checkpoint)  dpa=0.995  gng=0.505
[s3_hingeGNG]  ┌── params: after DPA
[s3_hingeGNG]  │  rank 0: ||m||=39.128  ||n||=37.436  corr(m,n)=+0.791
[s3_hingeGNG]  │  rank 1: ||m||=35.473  ||n||=44.526  corr(m,n)=+0.779
[s3_hingeGNG]  │  κ-Jacobian eigvals (gain·n^Tm/N): +2.3328+0.4870j  +2.3328-0.4870j
[s3_hingeGNG]  │  Wi: ||·||_F=68.174  per-channel=19.82 21.22 31.53 38.34 23.19 21.98 17.86
[s3_hingeGNG]  └──────────────────────────────────────────────────
[s3_hingeGNG] ────────────────────────────────────────────────────────────
[s3_hingeGNG]  STAGE: GNG   device=cuda:1   epochs=100
[s3_hingeGNG]  freeze recurrent cols: [0]
[s3_hingeGNG]  freeze input dims:     [0, 1, 2, 3, 4, 5, 6]
[s3_hingeGNG] ────────────────────────────────────────────────────────────
[s3_hingeGNG]  data: [516, 266, 7] → [516, 266, 2]
Epoch 005/100 | lr: 0.01000 | train: 1.1695 | val: 1.0330
Epoch 010/100 | lr: 0.01000 | train: 0.4002 | val: 0.3749
Epoch 015/100 | lr: 0.01000 | train: 0.2494 | val: 0.2390
Epoch 020/100 | lr: 0.01000 | train: 0.1800 | val: 0.1756
Epoch 025/100 | lr: 0.01000 | train: 0.1482 | val: 0.1417
Epoch 030/100 | lr: 0.01000 | train: 0.1319 | val: 0.1173
Epoch 035/100 | lr: 0.01000 | train: 0.1040 | val: 0.1005
Stopping: losses below 0.1.
[s3_hingeGNG]   after GNG: dpa=0.856 (pair=0.787 unpair=0.929)  gng=0.962 (go=1.000 nogo=0.928)
[s3_hingeGNG]  GNG done in 178.2s  final train=0.0968  val=0.0961  dpa=0.856  gng=0.962
[s3_hingeGNG]  ┌── params: after GNG
[s3_hingeGNG]  │  rank 0: ||m||=39.128  ||n||=37.436  corr(m,n)=+0.791
[s3_hingeGNG]  │  rank 1: ||m||=38.558  ||n||=50.392  corr(m,n)=+0.727
[s3_hingeGNG]  │  κ-Jacobian eigvals (gain·n^Tm/N): +2.5112+0.3705j  +2.5112-0.3705j
[s3_hingeGNG]  │  Wi: ||·||_F=68.174  per-channel=19.82 21.22 31.53 38.34 23.19 21.98 17.86
[s3_hingeGNG]  └──────────────────────────────────────────────────
[s3_hingeGNG] ────────────────────────────────────────────────────────────
[s3_hingeGNG]  STAGE: Dual   device=cuda:1   epochs=100
[s3_hingeGNG]  freeze recurrent cols: [0]
[s3_hingeGNG]  freeze input dims:     [0, 1, 2, 3, 4, 5, 6]
[s3_hingeGNG] ────────────────────────────────────────────────────────────
[s3_hingeGNG]  data: [516, 444, 7] → [516, 444, 2]
[s3_hingeGNG]  loss=separated  dpa_w=1.0  gng_w=1.0  go_w=1.0  nogo_w=2.0  aux_w=1.0  bl_w=1.0  go_hinge=1.0
Epoch 005/100 | lr: 0.01000 | train: 1.0314 | val: 1.0345
Epoch 010/100 | lr: 0.01000 | train: 0.8957 | val: 0.9258
Epoch 015/100 | lr: 0.01000 | train: 0.8204 | val: 0.8576
Epoch 020/100 | lr: 0.01000 | train: 0.7622 | val: 0.7962
Epoch 025/100 | lr: 0.01000 | train: 0.7111 | val: 0.7407
Epoch 030/100 | lr: 0.01000 | train: 0.6612 | val: 0.6943
Epoch 035/100 | lr: 0.01000 | train: 0.6192 | val: 0.6647
Epoch 040/100 | lr: 0.01000 | train: 0.5944 | val: 0.6301
Epoch 045/100 | lr: 0.01000 | train: 0.5654 | val: 0.5940
Epoch 050/100 | lr: 0.01000 | train: 0.5268 | val: 0.5597
Epoch 055/100 | lr: 0.01000 | train: 0.5034 | val: 0.5355
Epoch 060/100 | lr: 0.01000 | train: 0.4915 | val: 0.5188
Epoch 065/100 | lr: 0.01000 | train: 0.4683 | val: 0.4944
Epoch 070/100 | lr: 0.01000 | train: 0.4438 | val: 0.4807
Epoch 075/100 | lr: 0.01000 | train: 0.4405 | val: 0.4550
Epoch 080/100 | lr: 0.01000 | train: 0.4144 | val: 0.4436
Epoch 085/100 | lr: 0.01000 | train: 0.4059 | val: 0.4282
Epoch 090/100 | lr: 0.01000 | train: 0.3841 | val: 0.4198
Epoch 095/100 | lr: 0.01000 | train: 0.3857 | val: 0.3991
Epoch 100/100 | lr: 0.01000 | train: 0.3595 | val: 0.3839
[s3_hingeGNG]  loss components: {'dpa': 0.1504, 'gng': 0.2187, 'gng_go': 0.1145, 'gng_nogo': 0.0521, 'baseline': 0.0173, 'aux': 0.0104}
[s3_hingeGNG]   after Dual: dpa=0.999 (pair=0.998 unpair=1.000)  gng=0.997 (go=0.994 nogo=1.000)
[s3_hingeGNG]  Dual done in 815.3s  final train=0.3595  val=0.3839  dpa=0.999  gng=0.997
[s3_hingeGNG]  ┌── params: after Dual
[s3_hingeGNG]  │  rank 0: ||m||=39.128  ||n||=37.436  corr(m,n)=+0.791
[s3_hingeGNG]  │  rank 1: ||m||=33.813  ||n||=70.296  corr(m,n)=+0.533
[s3_hingeGNG]  │  κ-Jacobian eigvals (gain·n^Tm/N): +2.3678+0.0924j  +2.3678-0.0924j
[s3_hingeGNG]  │  Wi: ||·||_F=68.174  per-channel=19.82 21.22 31.53 38.34 23.19 21.98 17.86
[s3_hingeGNG]  └──────────────────────────────────────────────────
[s3_hingeGNG] ════════════════════════════════════════════════════════════
[s3_hingeGNG]  RUN COMPLETE  2026-06-09 02:03:50  total=997.3s
[s3_hingeGNG]  ACCURACY SUMMARY
[s3_hingeGNG]    after DPA : dpa=0.995  gng=0.505
[s3_hingeGNG]    after GNG : dpa=0.856  gng=0.962
[s3_hingeGNG]    after Dual: dpa=0.999  gng=0.997  dual_dpa=0.981  dual_gng=0.994
[s3_hingeGNG] ════════════════════════════════════════════════════════════
