[s7_norwd] ════════════════════════════════════════════════════════════
[s7_norwd]  RUN START  2026-06-07 17:49:11
[s7_norwd]  run_id=s7_norwd  seed=7  device=cuda:0
[s7_norwd]  arch:  hidden=512  rank=2  gain=1.0  input_size=7  params=6,144
[s7_norwd]  task:  cue_on_go=True  rwd=True  rwd_scale=1.0  freeze_input_stages=['dual']  init=random
[s7_norwd]  dynamics: alpha=0.0750  alpha_rec=0.1000  dt=0.0225  tau=0.3  tau_rec_frac=0.75
[s7_norwd]  noise:  input_sigma=0.3732 (×1.0)  model_sigma=0.3732 (×1.0)
[s7_norwd]  optim:  lr=0.01  wd=0.01  batch=64  n_batch=516  clip=None
[s7_norwd]  epochs: dpa=200  gng=200  dual=200  loss=separated
[s7_norwd]  shapes: m[512, 2]  n[512, 2]  Wi[512, 7]
[s7_norwd]  ┌── params: init
[s7_norwd]  │  rank 0: ||m||=23.340  ||n||=23.513  corr(m,n)=-0.046
[s7_norwd]  │  rank 1: ||m||=23.236  ||n||=22.508  corr(m,n)=-0.042
[s7_norwd]  │  κ-Jacobian eigvals (gain·n^Tm/N): -0.0464+0.0483j  -0.0464-0.0483j
[s7_norwd]  │  Wi: ||·||_F=60.688  per-channel=22.83 22.36 23.30 23.06 23.69 22.16 23.12
[s7_norwd]  └──────────────────────────────────────────────────
[s7_norwd] ────────────────────────────────────────────────────────────
[s7_norwd]  STAGE: DPA   device=cuda:0   epochs=200
[s7_norwd] ────────────────────────────────────────────────────────────
[s7_norwd]  data: [516, 444, 7] → [516, 444, 2]
Epoch 005/200 | lr: 0.01000 | train: 1.9822 | val: 1.9758
Epoch 010/200 | lr: 0.01000 | train: 1.8556 | val: 1.7814
Epoch 015/200 | lr: 0.01000 | train: 1.0975 | val: 1.0678
Epoch 020/200 | lr: 0.01000 | train: 1.0059 | val: 0.9945
Epoch 025/200 | lr: 0.01000 | train: 0.9570 | val: 0.9376
Epoch 030/200 | lr: 0.01000 | train: 0.8784 | val: 0.8519
Epoch 035/200 | lr: 0.01000 | train: 0.7005 | val: 0.6528
Epoch 040/200 | lr: 0.01000 | train: 0.5026 | val: 0.4590
Epoch 045/200 | lr: 0.01000 | train: 0.3940 | val: 0.4309
Epoch 050/200 | lr: 0.01000 | train: 0.3489 | val: 0.3441
Epoch 055/200 | lr: 0.01000 | train: 0.3044 | val: 0.3012
Epoch 060/200 | lr: 0.01000 | train: 0.2767 | val: 0.2591
Epoch 065/200 | lr: 0.01000 | train: 0.2355 | val: 0.2257
Epoch 070/200 | lr: 0.00500 | train: 0.2395 | val: 0.2329
Epoch 075/200 | lr: 0.00500 | train: 0.1897 | val: 0.1849
Epoch 080/200 | lr: 0.00500 | train: 0.1713 | val: 0.1563
Epoch 085/200 | lr: 0.00500 | train: 0.1647 | val: 0.1451
Epoch 090/200 | lr: 0.00500 | train: 0.1488 | val: 0.1503
Epoch 095/200 | lr: 0.00500 | train: 0.1375 | val: 0.1314
Epoch 100/200 | lr: 0.00500 | train: 0.1274 | val: 0.1213
Epoch 105/200 | lr: 0.00500 | train: 0.1145 | val: 0.1178
Epoch 110/200 | lr: 0.00500 | train: 0.1046 | val: 0.1187
Stopping: losses below 0.1.
[s7_norwd]  projected go ch=4 onto n₁ unit vector
[s7_norwd]   after DPA: dpa=0.992  gng=0.590
[s7_norwd]  DPA done in 792.4s  final train=0.0973  val=0.0917  dpa=0.992  gng=0.590
[s7_norwd]  ┌── params: after DPA
[s7_norwd]  │  rank 0: ||m||=43.400  ||n||=39.168  corr(m,n)=+0.847
[s7_norwd]  │  rank 1: ||m||=35.732  ||n||=53.230  corr(m,n)=+0.804
[s7_norwd]  │  κ-Jacobian eigvals (gain·n^Tm/N): +2.6785  +3.1196
[s7_norwd]  │  Wi: ||·||_F=67.272  per-channel=23.02 23.66 39.18 38.89 12.35 10.24 11.42
[s7_norwd]  └──────────────────────────────────────────────────
[s7_norwd] ────────────────────────────────────────────────────────────
[s7_norwd]  STAGE: GNG   device=cuda:0   epochs=200
[s7_norwd]  freeze recurrent cols: [0]
[s7_norwd]  freeze input dims:     [0, 1, 2, 3, 6]
[s7_norwd] ────────────────────────────────────────────────────────────
[s7_norwd]  data: [516, 266, 7] → [516, 266, 2]
Epoch 005/200 | lr: 0.01000 | train: 0.1916 | val: 0.1512
Epoch 010/200 | lr: 0.01000 | train: 0.1424 | val: 0.1137
Epoch 015/200 | lr: 0.01000 | train: 0.1196 | val: 0.0961
Epoch 020/200 | lr: 0.01000 | train: 0.0965 | val: 0.0809
Stopping: losses below 0.1.
[s7_norwd]   after GNG: dpa=0.933  gng=0.994
[s7_norwd]  GNG done in 88.9s  final train=0.0965  val=0.0809  dpa=0.933  gng=0.994
[s7_norwd]  ┌── params: after GNG
[s7_norwd]  │  rank 0: ||m||=43.400  ||n||=39.168  corr(m,n)=+0.847
[s7_norwd]  │  rank 1: ||m||=36.049  ||n||=52.513  corr(m,n)=+0.786
[s7_norwd]  │  κ-Jacobian eigvals (gain·n^Tm/N): +2.5853  +3.1325
[s7_norwd]  │  Wi: ||·||_F=68.113  per-channel=23.02 23.66 39.18 38.89 12.42 14.73 11.42
[s7_norwd]  └──────────────────────────────────────────────────
[s7_norwd] ────────────────────────────────────────────────────────────
[s7_norwd]  STAGE: Dual   device=cuda:0   epochs=200
[s7_norwd]  freeze recurrent cols: [0]
[s7_norwd]  freeze input dims:     [0, 1, 2, 3, 4, 5, 6]
[s7_norwd] ────────────────────────────────────────────────────────────
[s7_norwd]  data: [516, 444, 7] → [516, 444, 2]
[s7_norwd]  loss=separated  dpa_w=1.0  gng_w=1.0  aux_w=1.0  bl_w=1.0
Epoch 005/200 | lr: 0.01000 | train: 0.7370 | val: 0.8374
Epoch 010/200 | lr: 0.01000 | train: 0.7233 | val: 0.7981
Epoch 015/200 | lr: 0.01000 | train: 0.7020 | val: 0.7178
Epoch 020/200 | lr: 0.01000 | train: 0.6435 | val: 0.6906
Epoch 025/200 | lr: 0.01000 | train: 0.6239 | val: 0.6655
Epoch 030/200 | lr: 0.01000 | train: 0.5792 | val: 0.6503
Epoch 035/200 | lr: 0.00500 | train: 0.5575 | val: 0.6310
Epoch 040/200 | lr: 0.00500 | train: 0.5556 | val: 0.6087
Epoch 045/200 | lr: 0.00500 | train: 0.5400 | val: 0.5883
Epoch 050/200 | lr: 0.00500 | train: 0.5276 | val: 0.5719
Epoch 055/200 | lr: 0.00250 | train: 0.5180 | val: 0.5527
Epoch 060/200 | lr: 0.00250 | train: 0.5155 | val: 0.5992
Epoch 065/200 | lr: 0.00125 | train: 0.5138 | val: 0.5609
Epoch 070/200 | lr: 0.00125 | train: 0.4990 | val: 0.5471
Epoch 075/200 | lr: 0.00063 | train: 0.4896 | val: 0.5394
Epoch 080/200 | lr: 0.00031 | train: 0.4938 | val: 0.5047
Epoch 085/200 | lr: 0.00031 | train: 0.4775 | val: 0.5282
Epoch 090/200 | lr: 0.00016 | train: 0.5013 | val: 0.5395
Epoch 095/200 | lr: 0.00008 | train: 0.5083 | val: 0.5418
Epoch 100/200 | lr: 0.00004 | train: 0.5000 | val: 0.5740
Epoch 105/200 | lr: 0.00002 | train: 0.5028 | val: 0.5425
Epoch 110/200 | lr: 0.00001 | train: 0.4860 | val: 0.5152
Epoch 115/200 | lr: 0.00001 | train: 0.4940 | val: 0.5682
Epoch 120/200 | lr: 0.00001 | train: 0.4939 | val: 0.5522
Epoch 125/200 | lr: 0.00001 | train: 0.4910 | val: 0.5381
Epoch 130/200 | lr: 0.00001 | train: 0.4907 | val: 0.5571
Epoch 135/200 | lr: 0.00001 | train: 0.4957 | val: 0.5657
Epoch 140/200 | lr: 0.00001 | train: 0.4887 | val: 0.5139
Epoch 145/200 | lr: 0.00001 | train: 0.4941 | val: 0.5428
Epoch 150/200 | lr: 0.00001 | train: 0.4904 | val: 0.5161
Epoch 155/200 | lr: 0.00001 | train: 0.4872 | val: 0.5242
Epoch 160/200 | lr: 0.00001 | train: 0.5185 | val: 0.5353
Epoch 165/200 | lr: 0.00001 | train: 0.4951 | val: 0.5432
Epoch 170/200 | lr: 0.00001 | train: 0.4905 | val: 0.5586
Epoch 175/200 | lr: 0.00001 | train: 0.4869 | val: 0.5164
Epoch 180/200 | lr: 0.00001 | train: 0.5085 | val: 0.5540
Epoch 185/200 | lr: 0.00001 | train: 0.5007 | val: 0.5260
Epoch 190/200 | lr: 0.00001 | train: 0.5027 | val: 0.5621
Epoch 195/200 | lr: 0.00001 | train: 0.4906 | val: 0.5248
Epoch 200/200 | lr: 0.00001 | train: 0.4914 | val: 0.5532
[s7_norwd]  loss components: {'dpa': 0.2704, 'gng': 0.2634, 'baseline': 0.0299, 'aux': 0.0172}
[s7_norwd]   after Dual: dpa=0.974  gng=0.998
[s7_norwd]  Dual done in 1409.2s  final train=0.4914  val=0.5532  dpa=0.974  gng=0.998
[s7_norwd]  ┌── params: after Dual
[s7_norwd]  │  rank 0: ||m||=43.400  ||n||=39.168  corr(m,n)=+0.847
[s7_norwd]  │  rank 1: ||m||=33.631  ||n||=60.522  corr(m,n)=+0.750
[s7_norwd]  │  κ-Jacobian eigvals (gain·n^Tm/N): +2.6791  +3.1173
[s7_norwd]  │  Wi: ||·||_F=68.113  per-channel=23.02 23.66 39.18 38.89 12.42 14.73 11.42
[s7_norwd]  └──────────────────────────────────────────────────
[s7_norwd] ════════════════════════════════════════════════════════════
[s7_norwd]  RUN COMPLETE  2026-06-07 18:27:22  total=2292.5s
[s7_norwd]  ACCURACY SUMMARY
[s7_norwd]    after DPA : dpa=0.992  gng=0.590
[s7_norwd]    after GNG : dpa=0.933  gng=0.994
[s7_norwd]    after Dual: dpa=0.974  gng=0.998  dual_dpa=0.980  dual_gng=0.905
[s7_norwd] ════════════════════════════════════════════════════════════
