[s8_cont] ════════════════════════════════════════════════════════════
[s8_cont]  RUN START  2026-06-09 01:14:41
[s8_cont]  run_id=s8_cont  seed=8  device=cuda:0
[s8_cont]  arch:  hidden=512  rank=2  gain=1.0  input_size=7  params=6,144
[s8_cont]  task:  cue_on_go=True  rwd=True  rwd_scale=1.0  freeze_input_stages=['gng', 'dual']  init=random
[s8_cont]  dynamics: alpha=0.0750  alpha_rec=0.1000  dt=0.0225  tau=0.3  tau_rec_frac=0.75
[s8_cont]  noise:  input_sigma=0.3732 (×1.0)  model_sigma=0.0000 (×0.0)
[s8_cont]  optim:  lr=0.01  wd=0.01  batch=64  n_batch=516  clip=None
[s8_cont]  epochs: dpa=100  gng=100  dual=100  loss=separated
[s8_cont]  shapes: m[512, 2]  n[512, 2]  Wi[512, 7]
[s8_cont]  ┌── params: init
[s8_cont]  │  rank 0: ||m||=21.882  ||n||=22.260  corr(m,n)=+0.051
[s8_cont]  │  rank 1: ||m||=23.191  ||n||=22.746  corr(m,n)=+0.052
[s8_cont]  │  κ-Jacobian eigvals (gain·n^Tm/N): +0.0400  +0.0614
[s8_cont]  │  Wi: ||·||_F=58.682  per-channel=22.28 22.71 21.71 21.44 22.33 22.66 22.10
[s8_cont]  └──────────────────────────────────────────────────
[s8_cont]  DPA: loading checkpoint from results/dual/sweep_adam2/s8_adam2/dpa_s8_adam2.pth
[s8_cont]   after DPA: dpa=0.996 (pair=0.994 unpair=0.998)  gng=0.466 (go=0.010 nogo=0.927)
[s8_cont]  DPA done in 1.6s  (checkpoint)  dpa=0.996  gng=0.466
[s8_cont]  ┌── params: after DPA
[s8_cont]  │  rank 0: ||m||=38.297  ||n||=39.150  corr(m,n)=+0.797
[s8_cont]  │  rank 1: ||m||=33.819  ||n||=49.008  corr(m,n)=+0.861
[s8_cont]  │  κ-Jacobian eigvals (gain·n^Tm/N): +2.3200  +2.8021
[s8_cont]  │  Wi: ||·||_F=69.174  per-channel=20.90 20.20 39.36 35.40 22.33 22.66 11.22
[s8_cont]  └──────────────────────────────────────────────────
[s8_cont]  GNG: loading checkpoint from results/dual/sweep_noHinge2/s8_noHinge2/expert_s8_noHinge2.pth
[s8_cont]   after GNG: dpa=0.984 (pair=0.969 unpair=1.000)  gng=0.999 (go=0.998 nogo=1.000)
[s8_cont]  GNG done in 1.4s  (checkpoint)  dpa=0.984  gng=0.999
[s8_cont]  ┌── params: after GNG
[s8_cont]  │  rank 0: ||m||=38.297  ||n||=39.150  corr(m,n)=+0.797
[s8_cont]  │  rank 1: ||m||=36.146  ||n||=83.017  corr(m,n)=+0.508
[s8_cont]  │  κ-Jacobian eigvals (gain·n^Tm/N): +2.3313  +2.9824
[s8_cont]  │  Wi: ||·||_F=69.174  per-channel=20.90 20.20 39.36 35.40 22.33 22.66 11.22
[s8_cont]  └──────────────────────────────────────────────────
[s8_cont] ────────────────────────────────────────────────────────────
[s8_cont]  STAGE: Dual   device=cuda:0   epochs=100
[s8_cont]  freeze recurrent cols: [0]
[s8_cont]  freeze input dims:     [0, 1, 2, 3, 4, 5, 6]
[s8_cont] ────────────────────────────────────────────────────────────
[s8_cont]  data: [516, 444, 7] → [516, 444, 2]
[s8_cont]  loss=separated  dpa_w=1.0  gng_w=1.0  go_w=1.0  nogo_w=2.0  aux_w=1.0  bl_w=1.0  go_hinge=None
Epoch 005/100 | lr: 0.01000 | train: 0.4111 | val: 0.4082
Epoch 010/100 | lr: 0.01000 | train: 0.4040 | val: 0.3884
Epoch 015/100 | lr: 0.01000 | train: 0.4112 | val: 0.3861
Epoch 020/100 | lr: 0.01000 | train: 0.3702 | val: 0.3663
Epoch 025/100 | lr: 0.01000 | train: 0.3579 | val: 0.3498
Epoch 030/100 | lr: 0.01000 | train: 0.3492 | val: 0.3379
Epoch 035/100 | lr: 0.01000 | train: 0.3378 | val: 0.3314
Epoch 040/100 | lr: 0.01000 | train: 0.3195 | val: 0.3194
Epoch 045/100 | lr: 0.01000 | train: 0.3105 | val: 0.3094
Epoch 050/100 | lr: 0.01000 | train: 0.3005 | val: 0.3036
Epoch 055/100 | lr: 0.01000 | train: 0.3030 | val: 0.2893
Epoch 060/100 | lr: 0.01000 | train: 0.2910 | val: 0.2820
Epoch 065/100 | lr: 0.01000 | train: 0.2835 | val: 0.2739
Epoch 070/100 | lr: 0.01000 | train: 0.2698 | val: 0.2775
Epoch 075/100 | lr: 0.01000 | train: 0.2760 | val: 0.2745
Epoch 080/100 | lr: 0.01000 | train: 0.2578 | val: 0.2572
Epoch 085/100 | lr: 0.01000 | train: 0.2524 | val: 0.2429
Epoch 090/100 | lr: 0.01000 | train: 0.2507 | val: 0.2398
Epoch 095/100 | lr: 0.01000 | train: 0.2358 | val: 0.2368
Epoch 100/100 | lr: 0.01000 | train: 0.2285 | val: 0.2244
[s8_cont]  loss components: {'dpa': 0.0697, 'gng': 0.1042, 'gng_go': 0.0864, 'gng_nogo': 0.0089, 'baseline': 0.0249, 'aux': 0.0145}
[s8_cont]   after Dual: dpa=0.983 (pair=0.965 unpair=1.000)  gng=1.000 (go=1.000 nogo=1.000)
[s8_cont]  Dual done in 732.6s  final train=0.2285  val=0.2244  dpa=0.983  gng=1.000
[s8_cont]  ┌── params: after Dual
[s8_cont]  │  rank 0: ||m||=38.297  ||n||=39.150  corr(m,n)=+0.797
[s8_cont]  │  rank 1: ||m||=38.887  ||n||=101.090  corr(m,n)=+0.438
[s8_cont]  │  κ-Jacobian eigvals (gain·n^Tm/N): +2.3300  +3.3646
[s8_cont]  │  Wi: ||·||_F=69.174  per-channel=20.90 20.20 39.36 35.40 22.33 22.66 11.22
[s8_cont]  └──────────────────────────────────────────────────
[s8_cont] ════════════════════════════════════════════════════════════
[s8_cont]  RUN COMPLETE  2026-06-09 01:26:57  total=737.3s
[s8_cont]  ACCURACY SUMMARY
[s8_cont]    after DPA : dpa=0.996  gng=0.466
[s8_cont]    after GNG : dpa=0.984  gng=0.999
[s8_cont]    after Dual: dpa=0.983  gng=1.000  dual_dpa=0.986  dual_gng=0.993
[s8_cont] ════════════════════════════════════════════════════════════
