[s2_adam] ════════════════════════════════════════════════════════════
[s2_adam]  RUN START  2026-06-08 22:53:11
[s2_adam]  run_id=s2_adam  seed=2  device=cuda:0
[s2_adam]  arch:  hidden=512  rank=2  gain=1.0  input_size=7  params=6,144
[s2_adam]  task:  cue_on_go=True  rwd=True  rwd_scale=1.0  freeze_input_stages=['gng', 'dual']  init=random
[s2_adam]  dynamics: alpha=0.0750  alpha_rec=0.1000  dt=0.0225  tau=0.3  tau_rec_frac=0.75
[s2_adam]  noise:  input_sigma=0.3732 (×1.0)  model_sigma=0.0000 (×0.0)
[s2_adam]  optim:  lr=0.01  wd=0.01  batch=64  n_batch=516  clip=None
[s2_adam]  epochs: dpa=100  gng=100  dual=100  loss=separated
[s2_adam]  shapes: m[512, 2]  n[512, 2]  Wi[512, 7]
[s2_adam]  ┌── params: init
[s2_adam]  │  rank 0: ||m||=22.730  ||n||=22.312  corr(m,n)=+0.023
[s2_adam]  │  rank 1: ||m||=22.626  ||n||=22.176  corr(m,n)=-0.024
[s2_adam]  │  κ-Jacobian eigvals (gain·n^Tm/N): +0.0345  -0.0353
[s2_adam]  │  Wi: ||·||_F=58.692  per-channel=22.57 21.62 22.94 22.02 22.37 21.28 22.45
[s2_adam]  └──────────────────────────────────────────────────
[s2_adam]  DPA: loading checkpoint from results/dual/sweep_frzGNG/s2_frzGNG/dpa_s2_frzGNG.pth
[s2_adam]   after DPA: dpa=0.995 (pair=0.994 unpair=0.996)  gng=0.517 (go=0.050 nogo=0.994)
[s2_adam]  DPA done in 1.9s  (checkpoint)  dpa=0.995  gng=0.517
[s2_adam]  ┌── params: after DPA
[s2_adam]  │  rank 0: ||m||=35.917  ||n||=34.468  corr(m,n)=+0.779
[s2_adam]  │  rank 1: ||m||=42.876  ||n||=40.540  corr(m,n)=+0.804
[s2_adam]  │  κ-Jacobian eigvals (gain·n^Tm/N): +2.3068+0.6057j  +2.3068-0.6057j
[s2_adam]  │  Wi: ||·||_F=60.445  per-channel=15.71 15.40 35.10 28.35 22.37 21.28 13.42
[s2_adam]  └──────────────────────────────────────────────────
[s2_adam] ────────────────────────────────────────────────────────────
[s2_adam]  STAGE: GNG   device=cuda:0   epochs=100
[s2_adam]  freeze recurrent cols: [0]
[s2_adam]  freeze input dims:     [0, 1, 2, 3, 4, 5, 6]
[s2_adam] ────────────────────────────────────────────────────────────
[s2_adam]  data: [516, 266, 7] → [516, 266, 2]
Epoch 005/100 | lr: 0.01000 | train: 0.7484 | val: 0.6931
Epoch 010/100 | lr: 0.01000 | train: 0.4208 | val: 0.4718
Epoch 015/100 | lr: 0.01000 | train: 0.2820 | val: 0.2930
Epoch 020/100 | lr: 0.01000 | train: 0.2098 | val: 0.2331
Epoch 025/100 | lr: 0.01000 | train: 0.1846 | val: 0.1872
Epoch 030/100 | lr: 0.01000 | train: 0.1421 | val: 0.1696
Epoch 035/100 | lr: 0.01000 | train: 0.1188 | val: 0.1451
Epoch 040/100 | lr: 0.01000 | train: 0.1024 | val: 0.1251
Epoch 045/100 | lr: 0.01000 | train: 0.0905 | val: 0.1111
Stopping: losses below 0.1.
[s2_adam]   after GNG: dpa=0.598 (pair=0.575 unpair=0.620)  gng=0.996 (go=1.000 nogo=0.992)
[s2_adam]  GNG done in 213.0s  final train=0.0857  val=0.0988  dpa=0.598  gng=0.996
[s2_adam]  ┌── params: after GNG
[s2_adam]  │  rank 0: ||m||=35.917  ||n||=34.468  corr(m,n)=+0.779
[s2_adam]  │  rank 1: ||m||=39.405  ||n||=45.968  corr(m,n)=+0.785
[s2_adam]  │  κ-Jacobian eigvals (gain·n^Tm/N): +2.3295+0.4322j  +2.3295-0.4322j
[s2_adam]  │  Wi: ||·||_F=60.445  per-channel=15.71 15.40 35.10 28.35 22.37 21.28 13.42
[s2_adam]  └──────────────────────────────────────────────────
[s2_adam] ────────────────────────────────────────────────────────────
[s2_adam]  STAGE: Dual   device=cuda:0   epochs=100
[s2_adam]  freeze recurrent cols: [0]
[s2_adam]  freeze input dims:     [0, 1, 2, 3, 4, 5, 6]
[s2_adam] ────────────────────────────────────────────────────────────
[s2_adam]  data: [516, 444, 7] → [516, 444, 2]
[s2_adam]  loss=separated  dpa_w=1.0  gng_w=1.0  go_w=1.0  nogo_w=2.0  aux_w=1.0  bl_w=1.0  go_hinge=1.0
Epoch 005/100 | lr: 0.01000 | train: 0.8287 | val: 0.8668
Epoch 010/100 | lr: 0.01000 | train: 0.7506 | val: 0.7883
Epoch 015/100 | lr: 0.01000 | train: 0.7264 | val: 0.7580
Epoch 020/100 | lr: 0.01000 | train: 0.7076 | val: 0.7556
Epoch 025/100 | lr: 0.01000 | train: 0.6937 | val: 0.7420
Epoch 030/100 | lr: 0.01000 | train: 0.6814 | val: 0.7224
Epoch 035/100 | lr: 0.01000 | train: 0.6698 | val: 0.7043
Epoch 040/100 | lr: 0.01000 | train: 0.6621 | val: 0.7063
Epoch 045/100 | lr: 0.00500 | train: 0.6558 | val: 0.6986
Epoch 050/100 | lr: 0.00500 | train: 0.6393 | val: 0.6786
Epoch 055/100 | lr: 0.00250 | train: 0.6340 | val: 0.6861
Epoch 060/100 | lr: 0.00125 | train: 0.6341 | val: 0.6814
Epoch 065/100 | lr: 0.00125 | train: 0.6294 | val: 0.6739
Epoch 070/100 | lr: 0.00125 | train: 0.6304 | val: 0.6755
Epoch 075/100 | lr: 0.00063 | train: 0.6287 | val: 0.6757
Epoch 080/100 | lr: 0.00031 | train: 0.6274 | val: 0.6760
Epoch 085/100 | lr: 0.00016 | train: 0.6269 | val: 0.6750
Epoch 090/100 | lr: 0.00008 | train: 0.6292 | val: 0.6745
Epoch 095/100 | lr: 0.00008 | train: 0.6268 | val: 0.6747
Epoch 100/100 | lr: 0.00004 | train: 0.6251 | val: 0.6742
[s2_adam]  loss components: {'dpa': 0.4338, 'gng': 0.0895, 'gng_go': 0.0533, 'gng_nogo': 0.0181, 'baseline': 0.0127, 'aux': 0.0163}
[s2_adam]   after Dual: dpa=0.960 (pair=0.975 unpair=0.945)  gng=1.000 (go=1.000 nogo=1.000)
[s2_adam]  Dual done in 724.4s  final train=0.6251  val=0.6742  dpa=0.960  gng=1.000
[s2_adam]  ┌── params: after Dual
[s2_adam]  │  rank 0: ||m||=35.917  ||n||=34.468  corr(m,n)=+0.779
[s2_adam]  │  rank 1: ||m||=37.804  ||n||=48.406  corr(m,n)=+0.719
[s2_adam]  │  κ-Jacobian eigvals (gain·n^Tm/N): +2.2264+0.4477j  +2.2264-0.4477j
[s2_adam]  │  Wi: ||·||_F=60.445  per-channel=15.71 15.40 35.10 28.35 22.37 21.28 13.42
[s2_adam]  └──────────────────────────────────────────────────
[s2_adam] ════════════════════════════════════════════════════════════
[s2_adam]  RUN COMPLETE  2026-06-08 23:08:51  total=940.4s
[s2_adam]  ACCURACY SUMMARY
[s2_adam]    after DPA : dpa=0.995  gng=0.517
[s2_adam]    after GNG : dpa=0.598  gng=0.996
[s2_adam]    after Dual: dpa=0.960  gng=1.000  dual_dpa=0.865  dual_gng=0.982
[s2_adam] ════════════════════════════════════════════════════════════
