[s1] ════════════════════════════════════════════════════════════
[s1]  RUN START  2026-07-01 18:57:52
[s1]  run_id=s1  seed=1  device=cuda:1
[s1]  arch:  N=1000 (E=750 I=250)  K=125 (prob 0.167)  rank=2  gain=1.0  input_size=6  params=3,000
[s1]  task:  cue_on_go=True  rwd=False  rwd_scale=1.0  freeze_input_stages=['dual']  init=random
[s1]  dynamics: dt=0.0225  tau=(0.4, 0.2)s  tau_syn=(0.2, 0.1)s  STP(use=0.05 tau_fac=1.0s tau_rec=0.2s)  j_stp=1.0
[s1]  noise:  input_sigma=0.3732 (×1.0)  model_sigma=0.0000 (×0.0)
[s1]  optim:  lr=0.1  wd=0.01  batch=32  n_batch=256  clip=None
[s1]  epochs: dpa=200  gng=100  dual=100  loss=separated
[s1]  shapes: m[750, 2]  n[750, 2]  Wi[750, 6]
[s1]  ┌── params: init
[s1]  │  rank 0: ||m||=27.365  ||n||=27.365  corr(m,n)=+1.000
[s1]  │  rank 1: ||m||=26.733  ||n||=26.733  corr(m,n)=+1.000
[s1]  │  low-rank overlap n^Tm/N (modulates STP E→E): +1.0132  +0.9381
[s1]  │  Wi: ||·||_F=68.513  per-channel=28.15 28.18 27.38 27.38 28.40 28.32
[s1]  └──────────────────────────────────────────────────
[s1] ────────────────────────────────────────────────────────────
[s1]  STAGE: DPA   device=cuda:1   epochs=200
[s1] ────────────────────────────────────────────────────────────
[s1]  data: [256, 444, 6] → [256, 444, 2]
Epoch 005/200 | lr: 0.10000 | train: 3.5463 | val: 3.4955
Epoch 010/200 | lr: 0.10000 | train: 2.6837 | val: 2.4710
Epoch 015/200 | lr: 0.10000 | train: 0.2903 | val: 0.1063
Stopping: losses below 0.1.
[s1]   after DPA: dpa=0.999 (pair=0.998 unpair=1.000)  gng=0.495 (go=0.000 nogo=1.000)
[s1]  DPA done in 101.3s  final train=0.0636  val=0.0364  dpa=0.999  gng=0.495
[s1]  ┌── params: after DPA
[s1]  │  rank 0: ||m||=256.662  ||n||=111.415  corr(m,n)=+0.695
[s1]  │  rank 1: ||m||=130.308  ||n||=80.381  corr(m,n)=+0.450
[s1]  │  low-rank overlap n^Tm/N (modulates STP E→E): +26.4223  +6.3471
[s1]  │  Wi: ||·||_F=68.513  per-channel=28.15 28.18 27.38 27.38 28.40 28.32
[s1]  └──────────────────────────────────────────────────
[s1] ────────────────────────────────────────────────────────────
[s1]  STAGE: GNG   device=cuda:1   epochs=100
[s1]  freeze recurrent cols: [0]
[s1]  freeze input dims:     [0, 1, 2, 3]
[s1] ────────────────────────────────────────────────────────────
[s1]  data: [256, 266, 6] → [256, 266, 2]
Epoch 005/100 | lr: 0.10000 | train: 0.9711 | val: 0.9579
Epoch 010/100 | lr: 0.10000 | train: 0.8273 | val: 0.8445
Epoch 015/100 | lr: 0.10000 | train: 0.7160 | val: 0.7378
Epoch 020/100 | lr: 0.10000 | train: 0.6193 | val: 0.6352
Epoch 025/100 | lr: 0.10000 | train: 0.5012 | val: 0.4827
Epoch 030/100 | lr: 0.10000 | train: 0.4089 | val: 0.3806
Epoch 035/100 | lr: 0.10000 | train: 0.3480 | val: 0.3203
Epoch 040/100 | lr: 0.10000 | train: 0.2953 | val: 0.2697
Epoch 045/100 | lr: 0.10000 | train: 0.2447 | val: 0.2504
Epoch 050/100 | lr: 0.10000 | train: 0.2129 | val: 0.1908
Epoch 055/100 | lr: 0.10000 | train: 0.1806 | val: 0.1735
Epoch 060/100 | lr: 0.10000 | train: 0.1581 | val: 0.1478
Epoch 065/100 | lr: 0.10000 | train: 0.1403 | val: 0.1345
Epoch 070/100 | lr: 0.10000 | train: 0.1325 | val: 0.1283
Epoch 075/100 | lr: 0.10000 | train: 0.1215 | val: 0.1178
Epoch 080/100 | lr: 0.10000 | train: 0.1130 | val: 0.1170
Epoch 085/100 | lr: 0.10000 | train: 0.1037 | val: 0.1091
Epoch 090/100 | lr: 0.10000 | train: 0.1063 | val: 0.1063
Epoch 095/100 | lr: 0.10000 | train: 0.0958 | val: 0.1008
Stopping: losses below 0.1.
[s1]   after GNG: dpa=0.644 (pair=0.988 unpair=0.321)  gng=1.000 (go=1.000 nogo=1.000)
[s1]  GNG done in 299.5s  final train=0.0959  val=0.0985  dpa=0.644  gng=1.000
[s1]  ┌── params: after GNG
[s1]  │  rank 0: ||m||=256.662  ||n||=111.415  corr(m,n)=+0.695
[s1]  │  rank 1: ||m||=251.532  ||n||=127.518  corr(m,n)=+0.208
[s1]  │  low-rank overlap n^Tm/N (modulates STP E→E): +26.3826  +9.0046
[s1]  │  Wi: ||·||_F=68.513  per-channel=28.15 28.18 27.38 27.38 28.40 28.32
[s1]  └──────────────────────────────────────────────────
[s1] ────────────────────────────────────────────────────────────
[s1]  STAGE: Dual   device=cuda:1   epochs=100
[s1]  freeze input dims:     [0, 1, 2, 3, 4, 5]
[s1] ────────────────────────────────────────────────────────────
[s1]  data: [256, 444, 6] → [256, 444, 2]
[s1]  loss=separated  dpa_w=1.0  gng_w=1.0  go_w=1.0  nogo_w=1.0  aux_w=1.0  bl_w=1.0  go_hinge=1.0
Epoch 005/100 | lr: 0.10000 | train: 0.5076 | val: 0.5861
Epoch 010/100 | lr: 0.10000 | train: 0.2569 | val: 0.3325
Epoch 015/100 | lr: 0.10000 | train: 0.1818 | val: 0.2711
Epoch 020/100 | lr: 0.10000 | train: 0.1429 | val: 0.2049
Epoch 025/100 | lr: 0.10000 | train: 0.1132 | val: 0.1755
Epoch 030/100 | lr: 0.10000 | train: 0.0924 | val: 0.1439
Epoch 035/100 | lr: 0.10000 | train: 0.0785 | val: 0.1302
Epoch 040/100 | lr: 0.10000 | train: 0.0713 | val: 0.1328
Epoch 045/100 | lr: 0.10000 | train: 0.0652 | val: 0.1153
Epoch 050/100 | lr: 0.10000 | train: 0.0617 | val: 0.1045
Stopping: losses below 0.1.
[s1]  loss components: {'dpa': 0.0001, 'gng': 0.0297, 'gng_go': 0.0032, 'gng_nogo': 0.0265, 'baseline': 0.0148, 'aux': 0.0238}
[s1]   after Dual: dpa=1.000 (pair=1.000 unpair=1.000)  gng=0.999 (go=0.998 nogo=1.000)
[s1]  Dual done in 261.0s  final train=0.0544  val=0.0951  dpa=1.000  gng=0.999
[s1]  ┌── params: after Dual
[s1]  │  rank 0: ||m||=257.966  ||n||=109.426  corr(m,n)=+0.871
[s1]  │  rank 1: ||m||=206.355  ||n||=124.220  corr(m,n)=+0.273
[s1]  │  low-rank overlap n^Tm/N (modulates STP E→E): +32.7755  +9.3454
[s1]  │  Wi: ||·||_F=68.513  per-channel=28.15 28.18 27.38 27.38 28.40 28.32
[s1]  └──────────────────────────────────────────────────
[s1] ════════════════════════════════════════════════════════════
[s1]  RUN COMPLETE  2026-07-01 19:08:53  total=663.7s
[s1]  ACCURACY SUMMARY
[s1]    after DPA : dpa=0.999  gng=0.495
[s1]    after GNG : dpa=0.644  gng=1.000
[s1]    after Dual: dpa=1.000  gng=0.999  dual_dpa=1.000  dual_gng=1.000
[s1] ════════════════════════════════════════════════════════════
