[s2] ════════════════════════════════════════════════════════════
[s2]  RUN START  2026-06-24 13:38:50
[s2]  run_id=s2  seed=2  device=cuda:0
[s2]  arch:  N=1000 (E=750 I=250)  K=125 (prob 0.167)  rank=2  gain=1.0  input_size=6  params=3,000
[s2]  task:  cue_on_go=True  rwd=False  rwd_scale=1.0  freeze_input_stages=['dual']  init=random
[s2]  dynamics: dt=0.0225  tau=(0.4, 0.2)s  tau_syn=(0.2, 0.1)s  STP(use=0.05 tau_fac=1.0s tau_rec=0.2s)  j_stp=1.0
[s2]  noise:  input_sigma=0.3732 (×1.0)  model_sigma=0.0000 (×0.0)
[s2]  optim:  lr=0.1  wd=0.01  batch=32  n_batch=256  clip=None
[s2]  epochs: dpa=200  gng=100  dual=100  loss=separated
[s2]  shapes: m[750, 2]  n[750, 2]  Wi[750, 6]
[s2]  ┌── params: init
[s2]  │  rank 0: ||m||=27.614  ||n||=27.317  corr(m,n)=+0.058
[s2]  │  rank 1: ||m||=27.288  ||n||=27.261  corr(m,n)=-0.012
[s2]  │  low-rank overlap n^Tm/N (modulates STP E→E): +0.0510  -0.0046
[s2]  │  Wi: ||·||_F=67.310  per-channel=27.03 28.09 27.17 28.06 27.35 27.16
[s2]  └──────────────────────────────────────────────────
[s2] ────────────────────────────────────────────────────────────
[s2]  STAGE: DPA   device=cuda:0   epochs=200
[s2] ────────────────────────────────────────────────────────────
[s2]  data: [256, 444, 6] → [256, 444, 2]
Epoch 005/200 | lr: 0.10000 | train: 3.5706 | val: 3.7486
Epoch 010/200 | lr: 0.10000 | train: 3.3743 | val: 3.5936
Epoch 015/200 | lr: 0.10000 | train: 3.2252 | val: 3.5373
Epoch 020/200 | lr: 0.10000 | train: 3.1181 | val: 3.5067
Epoch 025/200 | lr: 0.10000 | train: 3.0127 | val: 3.4128
Epoch 030/200 | lr: 0.10000 | train: 2.8968 | val: 3.3729
Epoch 035/200 | lr: 0.10000 | train: 2.8025 | val: 3.2956
Epoch 040/200 | lr: 0.10000 | train: 2.6937 | val: 3.2488
Epoch 045/200 | lr: 0.10000 | train: 2.6043 | val: 3.1455
Epoch 050/200 | lr: 0.10000 | train: 2.4748 | val: 3.0876
Epoch 055/200 | lr: 0.10000 | train: 2.3899 | val: 3.0226
Epoch 060/200 | lr: 0.10000 | train: 2.2720 | val: 2.9491
Epoch 065/200 | lr: 0.10000 | train: 2.1807 | val: 2.8496
Epoch 070/200 | lr: 0.10000 | train: 2.0652 | val: 2.7567
Epoch 075/200 | lr: 0.10000 | train: 1.9641 | val: 2.6763
Epoch 080/200 | lr: 0.10000 | train: 1.8780 | val: 2.5699
Epoch 085/200 | lr: 0.10000 | train: 1.8023 | val: 2.5046
Epoch 090/200 | lr: 0.10000 | train: 1.7215 | val: 2.4241
Epoch 095/200 | lr: 0.10000 | train: 1.6607 | val: 2.3632
Epoch 100/200 | lr: 0.10000 | train: 1.6054 | val: 2.3293
Epoch 105/200 | lr: 0.10000 | train: 1.5329 | val: 2.2542
Epoch 110/200 | lr: 0.10000 | train: 1.4418 | val: 2.1360
Epoch 115/200 | lr: 0.10000 | train: 1.2966 | val: 1.9802
Epoch 120/200 | lr: 0.10000 | train: 0.9877 | val: 1.6033
Epoch 125/200 | lr: 0.10000 | train: 0.5263 | val: 0.8739
Epoch 130/200 | lr: 0.10000 | train: 0.2011 | val: 0.3746
Epoch 135/200 | lr: 0.10000 | train: 0.1151 | val: 0.2345
Epoch 140/200 | lr: 0.10000 | train: 0.0794 | val: 0.1675
Epoch 145/200 | lr: 0.10000 | train: 0.0614 | val: 0.1273
Epoch 150/200 | lr: 0.10000 | train: 0.0484 | val: 0.1064
Stopping: losses below 0.1.
[s2]   after DPA: dpa=1.000 (pair=1.000 unpair=1.000)  gng=0.508 (go=0.000 nogo=1.000)
[s2]  DPA done in 727.0s  final train=0.0437  val=0.0998  dpa=1.000  gng=0.508
[s2]  ┌── params: after DPA
[s2]  │  rank 0: ||m||=2056.413  ||n||=442.283  corr(m,n)=+0.796
[s2]  │  rank 1: ||m||=1072.118  ||n||=316.850  corr(m,n)=+0.389
[s2]  │  low-rank overlap n^Tm/N (modulates STP E→E): +955.4758  +186.5738
[s2]  │  Wi: ||·||_F=67.310  per-channel=27.03 28.09 27.17 28.06 27.35 27.16
[s2]  └──────────────────────────────────────────────────
[s2] ────────────────────────────────────────────────────────────
[s2]  STAGE: GNG   device=cuda:0   epochs=100
[s2]  freeze recurrent cols: [0]
[s2]  freeze input dims:     [0, 1, 2, 3]
[s2] ────────────────────────────────────────────────────────────
[s2]  data: [256, 266, 6] → [256, 266, 2]
Epoch 005/100 | lr: 0.10000 | train: 1.3751 | val: 1.5059
Epoch 010/100 | lr: 0.10000 | train: 1.1397 | val: 1.3399
Epoch 015/100 | lr: 0.10000 | train: 1.0475 | val: 1.2887
Epoch 020/100 | lr: 0.10000 | train: 0.9574 | val: 1.2056
Epoch 025/100 | lr: 0.10000 | train: 0.9223 | val: 1.1040
Epoch 030/100 | lr: 0.10000 | train: 0.8534 | val: 1.1227
Epoch 035/100 | lr: 0.10000 | train: 0.8318 | val: 1.0784
Epoch 040/100 | lr: 0.10000 | train: 0.7872 | val: 1.0543
Epoch 045/100 | lr: 0.10000 | train: 0.7667 | val: 0.9993
Epoch 050/100 | lr: 0.10000 | train: 0.7279 | val: 0.9694
Epoch 055/100 | lr: 0.10000 | train: 0.7083 | val: 0.9470
Epoch 060/100 | lr: 0.10000 | train: 0.6843 | val: 0.9107
Epoch 065/100 | lr: 0.10000 | train: 0.6616 | val: 0.9248
Epoch 070/100 | lr: 0.10000 | train: 0.6300 | val: 0.8480
Epoch 075/100 | lr: 0.10000 | train: 0.6261 | val: 0.8443
Epoch 080/100 | lr: 0.10000 | train: 0.5934 | val: 0.8027
Epoch 085/100 | lr: 0.10000 | train: 0.5662 | val: 0.7921
Epoch 090/100 | lr: 0.10000 | train: 0.5447 | val: 0.7984
Epoch 095/100 | lr: 0.10000 | train: 0.5241 | val: 0.7949
Epoch 100/100 | lr: 0.10000 | train: 0.5178 | val: 0.7073
[s2]   after GNG: dpa=0.737 (pair=0.959 unpair=0.535)  gng=0.982 (go=0.992 nogo=0.974)
[s2]  GNG done in 296.9s  final train=0.5178  val=0.7073  dpa=0.737  gng=0.982
[s2]  ┌── params: after GNG
[s2]  │  rank 0: ||m||=2056.413  ||n||=442.283  corr(m,n)=+0.796
[s2]  │  rank 1: ||m||=1303.815  ||n||=394.344  corr(m,n)=+0.334
[s2]  │  low-rank overlap n^Tm/N (modulates STP E→E): +973.9121  +221.0090
[s2]  │  Wi: ||·||_F=67.310  per-channel=27.03 28.09 27.17 28.06 27.35 27.16
[s2]  └──────────────────────────────────────────────────
[s2] ────────────────────────────────────────────────────────────
[s2]  STAGE: Dual   device=cuda:0   epochs=100
[s2]  freeze input dims:     [0, 1, 2, 3, 4, 5]
[s2] ────────────────────────────────────────────────────────────
[s2]  data: [256, 444, 6] → [256, 444, 2]
[s2]  loss=separated  dpa_w=1.0  gng_w=1.0  go_w=1.0  nogo_w=1.0  aux_w=1.0  bl_w=1.0  go_hinge=1.0
Epoch 005/100 | lr: 0.10000 | train: 4.4215 | val: 3.9236
Epoch 010/100 | lr: 0.10000 | train: 2.4485 | val: 2.4155
Epoch 015/100 | lr: 0.10000 | train: 1.7843 | val: 1.8199
Epoch 020/100 | lr: 0.10000 | train: 1.4504 | val: 1.6305
Epoch 025/100 | lr: 0.10000 | train: 1.2849 | val: 1.4272
Epoch 030/100 | lr: 0.10000 | train: 1.1589 | val: 1.3395
Epoch 035/100 | lr: 0.10000 | train: 1.0658 | val: 1.2394
Epoch 040/100 | lr: 0.10000 | train: 0.9305 | val: 1.1352
Epoch 045/100 | lr: 0.10000 | train: 0.8449 | val: 1.0363
Epoch 050/100 | lr: 0.10000 | train: 0.7685 | val: 0.9624
Epoch 055/100 | lr: 0.10000 | train: 0.7149 | val: 0.8811
Epoch 060/100 | lr: 0.10000 | train: 0.6745 | val: 0.8259
Epoch 065/100 | lr: 0.10000 | train: 0.6284 | val: 0.7309
Epoch 070/100 | lr: 0.10000 | train: 0.6018 | val: 0.6763
Epoch 075/100 | lr: 0.10000 | train: 0.5861 | val: 0.6568
Epoch 080/100 | lr: 0.10000 | train: 0.5253 | val: 0.6094
Epoch 085/100 | lr: 0.10000 | train: 0.5077 | val: 0.6063
Epoch 090/100 | lr: 0.10000 | train: 0.4994 | val: 0.5753
Epoch 095/100 | lr: 0.10000 | train: 0.4755 | val: 0.5481
Epoch 100/100 | lr: 0.10000 | train: 0.4582 | val: 0.5633
[s2]  loss components: {'dpa': 0.0471, 'gng': 0.204, 'gng_go': 0.0534, 'gng_nogo': 0.1506, 'baseline': 0.0501, 'aux': 0.1077}
[s2]   after Dual: dpa=1.000 (pair=1.000 unpair=1.000)  gng=1.000 (go=1.000 nogo=1.000)
[s2]  Dual done in 489.4s  final train=0.4582  val=0.5633  dpa=1.000  gng=1.000
[s2]  ┌── params: after Dual
[s2]  │  rank 0: ||m||=2108.487  ||n||=444.165  corr(m,n)=+0.789
[s2]  │  rank 1: ||m||=1319.728  ||n||=395.768  corr(m,n)=+0.377
[s2]  │  low-rank overlap n^Tm/N (modulates STP E→E): +986.2447  +261.6518
[s2]  │  Wi: ||·||_F=67.310  per-channel=27.03 28.09 27.17 28.06 27.35 27.16
[s2]  └──────────────────────────────────────────────────
[s2] ════════════════════════════════════════════════════════════
[s2]  RUN COMPLETE  2026-06-24 14:04:03  total=1514.4s
[s2]  ACCURACY SUMMARY
[s2]    after DPA : dpa=1.000  gng=0.508
[s2]    after GNG : dpa=0.737  gng=0.982
[s2]    after Dual: dpa=1.000  gng=1.000  dual_dpa=0.997  dual_gng=0.943
[s2] ════════════════════════════════════════════════════════════
