[s7_nogo5] ════════════════════════════════════════════════════════════
[s7_nogo5]  RUN START  2026-06-09 03:04:41
[s7_nogo5]  run_id=s7_nogo5  seed=7  device=cuda:1
[s7_nogo5]  arch:  hidden=512  rank=2  gain=1.0  input_size=7  params=6,144
[s7_nogo5]  task:  cue_on_go=True  rwd=True  rwd_scale=1.0  freeze_input_stages=['gng', 'dual']  init=random
[s7_nogo5]  dynamics: alpha=0.0750  alpha_rec=0.1000  dt=0.0225  tau=0.3  tau_rec_frac=0.75
[s7_nogo5]  noise:  input_sigma=0.3732 (×1.0)  model_sigma=0.0000 (×0.0)
[s7_nogo5]  optim:  lr=0.01  wd=0.01  batch=64  n_batch=516  clip=None
[s7_nogo5]  epochs: dpa=100  gng=100  dual=100  loss=separated
[s7_nogo5]  shapes: m[512, 2]  n[512, 2]  Wi[512, 7]
[s7_nogo5]  ┌── params: init
[s7_nogo5]  │  rank 0: ||m||=23.340  ||n||=23.513  corr(m,n)=-0.046
[s7_nogo5]  │  rank 1: ||m||=23.236  ||n||=22.508  corr(m,n)=-0.042
[s7_nogo5]  │  κ-Jacobian eigvals (gain·n^Tm/N): -0.0464+0.0483j  -0.0464-0.0483j
[s7_nogo5]  │  Wi: ||·||_F=60.688  per-channel=22.83 22.36 23.30 23.06 23.69 22.16 23.12
[s7_nogo5]  └──────────────────────────────────────────────────
[s7_nogo5]  DPA: loading checkpoint from results/dual/sweep_hingeGNG/s7_hingeGNG/dpa_s7_hingeGNG.pth
[s7_nogo5]   after DPA: dpa=0.992 (pair=0.996 unpair=0.988)  gng=0.371 (go=0.264 nogo=0.472)
[s7_nogo5]  DPA done in 2.0s  (checkpoint)  dpa=0.992  gng=0.371
[s7_nogo5]  ┌── params: after DPA
[s7_nogo5]  │  rank 0: ||m||=37.818  ||n||=40.230  corr(m,n)=+0.820
[s7_nogo5]  │  rank 1: ||m||=34.739  ||n||=51.588  corr(m,n)=+0.782
[s7_nogo5]  │  κ-Jacobian eigvals (gain·n^Tm/N): +2.3596  +2.8164
[s7_nogo5]  │  Wi: ||·||_F=67.648  per-channel=21.67 22.28 34.43 34.98 23.69 22.16 12.20
[s7_nogo5]  └──────────────────────────────────────────────────
[s7_nogo5]  GNG: loading checkpoint from results/dual/sweep_hingeGNG/s7_hingeGNG/naive_s7_hingeGNG.pth
[s7_nogo5]   after GNG: dpa=0.850 (pair=0.712 unpair=0.996)  gng=0.987 (go=1.000 nogo=0.975)
[s7_nogo5]  GNG done in 1.3s  (checkpoint)  dpa=0.850  gng=0.987
[s7_nogo5]  ┌── params: after GNG
[s7_nogo5]  │  rank 0: ||m||=37.818  ||n||=40.230  corr(m,n)=+0.820
[s7_nogo5]  │  rank 1: ||m||=36.008  ||n||=55.984  corr(m,n)=+0.692
[s7_nogo5]  │  κ-Jacobian eigvals (gain·n^Tm/N): +2.3742  +2.7877
[s7_nogo5]  │  Wi: ||·||_F=67.648  per-channel=21.67 22.28 34.43 34.98 23.69 22.16 12.20
[s7_nogo5]  └──────────────────────────────────────────────────
[s7_nogo5] ────────────────────────────────────────────────────────────
[s7_nogo5]  STAGE: Dual   device=cuda:1   epochs=100
[s7_nogo5]  freeze recurrent cols: [0]
[s7_nogo5]  freeze input dims:     [0, 1, 2, 3, 4, 5, 6]
[s7_nogo5] ────────────────────────────────────────────────────────────
[s7_nogo5]  data: [516, 444, 7] → [516, 444, 2]
[s7_nogo5]  loss=separated  dpa_w=1.0  gng_w=1.0  go_w=1.0  nogo_w=5.0  aux_w=1.0  bl_w=1.0  go_hinge=1.0
Epoch 005/100 | lr: 0.01000 | train: 0.9984 | val: 0.9686
Epoch 010/100 | lr: 0.01000 | train: 0.8892 | val: 0.8655
Epoch 015/100 | lr: 0.01000 | train: 0.8250 | val: 0.8161
Epoch 020/100 | lr: 0.01000 | train: 0.7731 | val: 0.7670
Epoch 025/100 | lr: 0.01000 | train: 0.7260 | val: 0.7282
Epoch 030/100 | lr: 0.01000 | train: 0.6676 | val: 0.6677
Epoch 035/100 | lr: 0.01000 | train: 0.6344 | val: 0.6333
Epoch 040/100 | lr: 0.01000 | train: 0.5943 | val: 0.5867
Epoch 045/100 | lr: 0.01000 | train: 0.5396 | val: 0.5430
Epoch 050/100 | lr: 0.01000 | train: 0.5131 | val: 0.5069
Epoch 055/100 | lr: 0.01000 | train: 0.4892 | val: 0.4848
Epoch 060/100 | lr: 0.01000 | train: 0.4495 | val: 0.4395
Epoch 065/100 | lr: 0.01000 | train: 0.4216 | val: 0.4080
Epoch 070/100 | lr: 0.01000 | train: 0.3915 | val: 0.3916
Epoch 075/100 | lr: 0.01000 | train: 0.3749 | val: 0.3642
Epoch 080/100 | lr: 0.01000 | train: 0.3495 | val: 0.3656
Epoch 085/100 | lr: 0.01000 | train: 0.3358 | val: 0.3318
Epoch 090/100 | lr: 0.01000 | train: 0.3308 | val: 0.3172
Epoch 095/100 | lr: 0.01000 | train: 0.3117 | val: 0.3037
Epoch 100/100 | lr: 0.01000 | train: 0.2894 | val: 0.2957
[s7_nogo5]  loss components: {'dpa': 0.1612, 'gng': 0.0814, 'gng_go': 0.0738, 'gng_nogo': 0.0015, 'baseline': 0.0236, 'aux': 0.0108}
[s7_nogo5]   after Dual: dpa=0.998 (pair=0.996 unpair=1.000)  gng=1.000 (go=1.000 nogo=1.000)
[s7_nogo5]  Dual done in 714.8s  final train=0.2894  val=0.2957  dpa=0.998  gng=1.000
[s7_nogo5]  ┌── params: after Dual
[s7_nogo5]  │  rank 0: ||m||=37.818  ||n||=40.230  corr(m,n)=+0.820
[s7_nogo5]  │  rank 1: ||m||=38.342  ||n||=72.784  corr(m,n)=+0.528
[s7_nogo5]  │  κ-Jacobian eigvals (gain·n^Tm/N): +2.3932  +2.9227
[s7_nogo5]  │  Wi: ||·||_F=67.648  per-channel=21.67 22.28 34.43 34.98 23.69 22.16 12.20
[s7_nogo5]  └──────────────────────────────────────────────────
[s7_nogo5] ════════════════════════════════════════════════════════════
[s7_nogo5]  RUN COMPLETE  2026-06-09 03:16:40  total=720.1s
[s7_nogo5]  ACCURACY SUMMARY
[s7_nogo5]    after DPA : dpa=0.992  gng=0.371
[s7_nogo5]    after GNG : dpa=0.850  gng=0.987
[s7_nogo5]    after Dual: dpa=0.998  gng=1.000  dual_dpa=0.991  dual_gng=0.997
[s7_nogo5] ════════════════════════════════════════════════════════════
