[s9_noSched] ════════════════════════════════════════════════════════════
[s9_noSched]  RUN START  2026-06-08 22:40:15
[s9_noSched]  run_id=s9_noSched  seed=9  device=cuda:1
[s9_noSched]  arch:  hidden=512  rank=2  gain=1.0  input_size=7  params=6,144
[s9_noSched]  task:  cue_on_go=True  rwd=True  rwd_scale=1.0  freeze_input_stages=['gng', 'dual']  init=random
[s9_noSched]  dynamics: alpha=0.0750  alpha_rec=0.1000  dt=0.0225  tau=0.3  tau_rec_frac=0.75
[s9_noSched]  noise:  input_sigma=0.3732 (×1.0)  model_sigma=0.0000 (×0.0)
[s9_noSched]  optim:  lr=0.01  wd=0.01  batch=64  n_batch=516  clip=None
[s9_noSched]  epochs: dpa=100  gng=100  dual=100  loss=separated
[s9_noSched]  shapes: m[512, 2]  n[512, 2]  Wi[512, 7]
[s9_noSched]  ┌── params: init
[s9_noSched]  │  rank 0: ||m||=23.029  ||n||=22.465  corr(m,n)=+0.028
[s9_noSched]  │  rank 1: ||m||=22.407  ||n||=23.814  corr(m,n)=+0.019
[s9_noSched]  │  κ-Jacobian eigvals (gain·n^Tm/N): +0.0303  +0.0176
[s9_noSched]  │  Wi: ||·||_F=60.662  per-channel=22.99 23.55 22.57 23.32 22.36 21.71 23.91
[s9_noSched]  └──────────────────────────────────────────────────
[s9_noSched]  DPA: loading checkpoint from results/dual/sweep_frzGNG/s9_frzGNG/dpa_s9_frzGNG.pth
[s9_noSched]   after DPA: dpa=0.989 (pair=0.996 unpair=0.982)  gng=0.540 (go=0.147 nogo=0.954)
[s9_noSched]  DPA done in 2.1s  (checkpoint)  dpa=0.989  gng=0.540
[s9_noSched]  ┌── params: after DPA
[s9_noSched]  │  rank 0: ||m||=35.834  ||n||=35.564  corr(m,n)=+0.784
[s9_noSched]  │  rank 1: ||m||=43.331  ||n||=41.339  corr(m,n)=+0.822
[s9_noSched]  │  κ-Jacobian eigvals (gain·n^Tm/N): +2.4129+0.4694j  +2.4129-0.4694j
[s9_noSched]  │  Wi: ||·||_F=60.089  per-channel=14.85 17.34 33.38 27.87 22.36 21.71 15.06
[s9_noSched]  └──────────────────────────────────────────────────
[s9_noSched] ────────────────────────────────────────────────────────────
[s9_noSched]  STAGE: GNG   device=cuda:1   epochs=100
[s9_noSched]  freeze recurrent cols: [0]
[s9_noSched]  freeze input dims:     [0, 1, 2, 3, 4, 5, 6]
[s9_noSched] ────────────────────────────────────────────────────────────
[s9_noSched]  data: [516, 266, 7] → [516, 266, 2]
Epoch 005/100 | lr: 0.01000 | train: 0.6709 | val: 0.7166
Epoch 010/100 | lr: 0.01000 | train: 0.4234 | val: 0.4985
Epoch 015/100 | lr: 0.01000 | train: 0.3172 | val: 0.3794
Epoch 020/100 | lr: 0.01000 | train: 0.2661 | val: 0.2931
Epoch 025/100 | lr: 0.01000 | train: 0.2116 | val: 0.2474
Epoch 030/100 | lr: 0.01000 | train: 0.1808 | val: 0.2040
Epoch 035/100 | lr: 0.01000 | train: 0.1590 | val: 0.1752
Epoch 040/100 | lr: 0.01000 | train: 0.1369 | val: 0.1511
Epoch 045/100 | lr: 0.01000 | train: 0.1243 | val: 0.1311
Epoch 050/100 | lr: 0.01000 | train: 0.1116 | val: 0.1158
Epoch 055/100 | lr: 0.01000 | train: 0.0981 | val: 0.1032
Stopping: losses below 0.1.
[s9_noSched]   after GNG: dpa=0.729 (pair=0.660 unpair=0.800)  gng=0.999 (go=1.000 nogo=0.998)
[s9_noSched]  GNG done in 241.8s  final train=0.0970  val=0.0998  dpa=0.729  gng=0.999
[s9_noSched]  ┌── params: after GNG
[s9_noSched]  │  rank 0: ||m||=35.834  ||n||=35.564  corr(m,n)=+0.784
[s9_noSched]  │  rank 1: ||m||=40.219  ||n||=45.219  corr(m,n)=+0.758
[s9_noSched]  │  κ-Jacobian eigvals (gain·n^Tm/N): +2.3220+0.3843j  +2.3220-0.3843j
[s9_noSched]  │  Wi: ||·||_F=60.089  per-channel=14.85 17.34 33.38 27.87 22.36 21.71 15.06
[s9_noSched]  └──────────────────────────────────────────────────
[s9_noSched] ────────────────────────────────────────────────────────────
[s9_noSched]  STAGE: Dual   device=cuda:1   epochs=100
[s9_noSched]  freeze recurrent cols: [0]
[s9_noSched]  freeze input dims:     [0, 1, 2, 3, 4, 5, 6]
[s9_noSched] ────────────────────────────────────────────────────────────
[s9_noSched]  data: [516, 444, 7] → [516, 444, 2]
[s9_noSched]  loss=separated  dpa_w=1.0  gng_w=1.0  go_w=1.0  nogo_w=2.0  aux_w=1.0  bl_w=1.0  go_hinge=1.0
Epoch 005/100 | lr: 0.01000 | train: 0.8522 | val: 1.0324
Epoch 010/100 | lr: 0.01000 | train: 0.8076 | val: 0.9482
Epoch 015/100 | lr: 0.01000 | train: 0.7887 | val: 0.9213
Epoch 020/100 | lr: 0.01000 | train: 0.7673 | val: 0.8972
Epoch 025/100 | lr: 0.01000 | train: 0.7455 | val: 0.8998
Epoch 030/100 | lr: 0.01000 | train: 0.7463 | val: 0.9261
Epoch 035/100 | lr: 0.01000 | train: 0.7171 | val: 0.8823
Epoch 040/100 | lr: 0.01000 | train: 0.7039 | val: 0.8836
Epoch 045/100 | lr: 0.01000 | train: 0.6912 | val: 0.8491
Epoch 050/100 | lr: 0.01000 | train: 0.6740 | val: 0.8466
Epoch 055/100 | lr: 0.01000 | train: 0.6600 | val: 0.8474
Epoch 060/100 | lr: 0.01000 | train: 0.6624 | val: 0.8131
