[s4] ════════════════════════════════════════════════════════════
[s4]  RUN START  2026-07-01 18:42:31
[s4]  run_id=s4  seed=4  device=cuda:0
[s4]  arch:  N=1000 (E=750 I=250)  K=125 (prob 0.167)  rank=2  gain=1.0  input_size=6  params=3,000
[s4]  task:  cue_on_go=True  rwd=False  rwd_scale=1.0  freeze_input_stages=['dual']  init=random
[s4]  dynamics: dt=0.0225  tau=(0.4, 0.2)s  tau_syn=(0.2, 0.1)s  STP(use=0.05 tau_fac=1.0s tau_rec=0.2s)  j_stp=1.0
[s4]  noise:  input_sigma=0.3732 (×1.0)  model_sigma=0.0000 (×0.0)
[s4]  optim:  lr=0.1  wd=0.01  batch=32  n_batch=256  clip=None
[s4]  epochs: dpa=200  gng=100  dual=100  loss=separated
[s4]  shapes: m[750, 2]  n[750, 2]  Wi[750, 6]
[s4]  ┌── params: init
[s4]  │  rank 0: ||m||=26.666  ||n||=26.666  corr(m,n)=+1.000
[s4]  │  rank 1: ||m||=27.228  ||n||=27.228  corr(m,n)=+1.000
[s4]  │  low-rank overlap n^Tm/N (modulates STP E→E): +0.9330  +1.0035
[s4]  │  Wi: ||·||_F=67.977  per-channel=28.28 26.89 27.67 28.75 27.04 27.83
[s4]  └──────────────────────────────────────────────────
[s4] ────────────────────────────────────────────────────────────
[s4]  STAGE: DPA   device=cuda:0   epochs=200
[s4] ────────────────────────────────────────────────────────────
[s4]  data: [256, 444, 6] → [256, 444, 2]
Epoch 005/200 | lr: 0.10000 | train: 3.5009 | val: 3.5569
Epoch 010/200 | lr: 0.10000 | train: 2.4365 | val: 2.2178
Epoch 015/200 | lr: 0.10000 | train: 0.4271 | val: 0.1844
Stopping: losses below 0.1.
[s4]   after DPA: dpa=1.000 (pair=1.000 unpair=1.000)  gng=0.502 (go=1.000 nogo=0.002)
[s4]  DPA done in 98.3s  final train=0.0593  val=0.0362  dpa=1.000  gng=0.502
[s4]  ┌── params: after DPA
[s4]  │  rank 0: ||m||=244.638  ||n||=116.786  corr(m,n)=+0.767
[s4]  │  rank 1: ||m||=130.428  ||n||=75.579  corr(m,n)=+0.577
[s4]  │  low-rank overlap n^Tm/N (modulates STP E→E): +29.1833  +7.6155
[s4]  │  Wi: ||·||_F=67.977  per-channel=28.28 26.89 27.67 28.75 27.04 27.83
[s4]  └──────────────────────────────────────────────────
[s4] ────────────────────────────────────────────────────────────
[s4]  STAGE: GNG   device=cuda:0   epochs=100
[s4]  freeze recurrent cols: [0]
[s4]  freeze input dims:     [0, 1, 2, 3]
[s4] ────────────────────────────────────────────────────────────
[s4]  data: [256, 266, 6] → [256, 266, 2]
Epoch 005/100 | lr: 0.10000 | train: 0.9205 | val: 0.7609
Epoch 010/100 | lr: 0.10000 | train: 0.6790 | val: 0.5439
Epoch 015/100 | lr: 0.10000 | train: 0.4004 | val: 0.3136
Epoch 020/100 | lr: 0.10000 | train: 0.2252 | val: 0.1800
Epoch 025/100 | lr: 0.10000 | train: 0.1608 | val: 0.1615
Epoch 030/100 | lr: 0.10000 | train: 0.1356 | val: 0.1089
Epoch 035/100 | lr: 0.10000 | train: 0.1223 | val: 0.1056
Epoch 040/100 | lr: 0.10000 | train: 0.1075 | val: 0.0939
Epoch 045/100 | lr: 0.10000 | train: 0.1004 | val: 0.0907
Stopping: losses below 0.1.
[s4]   after GNG: dpa=0.511 (pair=0.083 unpair=0.943)  gng=1.000 (go=1.000 nogo=1.000)
[s4]  GNG done in 163.0s  final train=0.0996  val=0.0913  dpa=0.511  gng=1.000
[s4]  ┌── params: after GNG
[s4]  │  rank 0: ||m||=244.638  ||n||=116.786  corr(m,n)=+0.767
[s4]  │  rank 1: ||m||=241.697  ||n||=130.269  corr(m,n)=+0.170
[s4]  │  low-rank overlap n^Tm/N (modulates STP E→E): +24.5684  +11.8005
[s4]  │  Wi: ||·||_F=67.977  per-channel=28.28 26.89 27.67 28.75 27.04 27.83
[s4]  └──────────────────────────────────────────────────
[s4] ────────────────────────────────────────────────────────────
[s4]  STAGE: Dual   device=cuda:0   epochs=100
[s4]  freeze input dims:     [0, 1, 2, 3, 4, 5]
[s4] ────────────────────────────────────────────────────────────
[s4]  data: [256, 444, 6] → [256, 444, 2]
[s4]  loss=separated  dpa_w=1.0  gng_w=1.0  go_w=1.0  nogo_w=1.0  aux_w=1.0  bl_w=1.0  go_hinge=1.0
Epoch 005/100 | lr: 0.10000 | train: 1.3627 | val: 1.4161
Epoch 010/100 | lr: 0.10000 | train: 1.0507 | val: 1.1181
Epoch 015/100 | lr: 0.10000 | train: 0.4096 | val: 0.4534
Epoch 020/100 | lr: 0.10000 | train: 0.2980 | val: 0.3548
Epoch 025/100 | lr: 0.10000 | train: 0.2559 | val: 0.2880
Epoch 030/100 | lr: 0.10000 | train: 0.2380 | val: 0.3075
Epoch 035/100 | lr: 0.10000 | train: 0.1935 | val: 0.2027
Epoch 040/100 | lr: 0.10000 | train: 0.1733 | val: 0.2948
Epoch 045/100 | lr: 0.10000 | train: 0.1511 | val: 0.1983
Epoch 050/100 | lr: 0.10000 | train: 0.1335 | val: 0.1391
Epoch 055/100 | lr: 0.10000 | train: 0.1246 | val: 0.1453
Epoch 060/100 | lr: 0.10000 | train: 0.1615 | val: 0.1969
Epoch 065/100 | lr: 0.10000 | train: 0.1088 | val: 0.1188
Epoch 070/100 | lr: 0.10000 | train: 0.0975 | val: 0.1167
Epoch 075/100 | lr: 0.10000 | train: 0.0876 | val: 0.1121
Stopping: losses below 0.1.
[s4]  loss components: {'dpa': 0.0266, 'gng': 0.0277, 'gng_go': 0.001, 'gng_nogo': 0.0267, 'baseline': 0.0258, 'aux': 0.028}
[s4]   after Dual: dpa=1.000 (pair=1.000 unpair=1.000)  gng=1.000 (go=1.000 nogo=1.000)
[s4]  Dual done in 400.5s  final train=0.0882  val=0.0984  dpa=1.000  gng=1.000
[s4]  ┌── params: after Dual
[s4]  │  rank 0: ||m||=239.926  ||n||=121.057  corr(m,n)=+0.815
[s4]  │  rank 1: ||m||=215.770  ||n||=125.912  corr(m,n)=+0.227
[s4]  │  low-rank overlap n^Tm/N (modulates STP E→E): +25.6347  +14.1636
[s4]  │  Wi: ||·||_F=67.977  per-channel=28.28 26.89 27.67 28.75 27.04 27.83
[s4]  └──────────────────────────────────────────────────
[s4] ════════════════════════════════════════════════════════════
[s4]  RUN COMPLETE  2026-07-01 18:53:33  total=662.5s
[s4]  ACCURACY SUMMARY
[s4]    after DPA : dpa=1.000  gng=0.502
[s4]    after GNG : dpa=0.511  gng=1.000
[s4]    after Dual: dpa=1.000  gng=1.000  dual_dpa=1.000  dual_gng=1.000
[s4] ════════════════════════════════════════════════════════════
