[s9_free_gng] ════════════════════════════════════════════════════════════
[s9_free_gng]  RUN START  2026-06-07 13:17:09
[s9_free_gng]  run_id=s9_free_gng  seed=9  device=cuda:1
[s9_free_gng]  arch:  hidden=512  rank=2  gain=1.0  input_size=7  params=6,144
[s9_free_gng]  task:  cue_on_go=True  rwd=True  rwd_scale=1.0  freeze_input_stages=['dual']  init=random
[s9_free_gng]  dynamics: alpha=0.0750  alpha_rec=0.1000  dt=0.0225  tau=0.3  tau_rec_frac=0.75
[s9_free_gng]  noise:  input_sigma=0.3732 (×1.0)  model_sigma=0.3732 (×1.0)
[s9_free_gng]  optim:  lr=0.01  wd=0.01  batch=64  n_batch=516  clip=None
[s9_free_gng]  epochs: dpa=200  gng=200  dual=200  loss=separated
[s9_free_gng]  shapes: m[512, 2]  n[512, 2]  Wi[512, 7]
[s9_free_gng]  ┌── params: init
[s9_free_gng]  │  rank 0: ||m||=23.029  ||n||=22.465  corr(m,n)=+0.028
[s9_free_gng]  │  rank 1: ||m||=22.407  ||n||=23.814  corr(m,n)=+0.019
[s9_free_gng]  │  κ-Jacobian eigvals (gain·n^Tm/N): +0.0303  +0.0176
[s9_free_gng]  │  Wi: ||·||_F=60.662  per-channel=22.99 23.55 22.57 23.32 22.36 21.71 23.91
[s9_free_gng]  └──────────────────────────────────────────────────
[s9_free_gng] ────────────────────────────────────────────────────────────
[s9_free_gng]  STAGE: DPA   device=cuda:1   epochs=200
[s9_free_gng] ────────────────────────────────────────────────────────────
[s9_free_gng]  data: [516, 444, 7] → [516, 444, 2]
Epoch 005/200 | lr: 0.01000 | train: 1.9800 | val: 1.9735
Epoch 010/200 | lr: 0.01000 | train: 1.8502 | val: 1.7804
Epoch 015/200 | lr: 0.01000 | train: 1.0969 | val: 1.0412
Epoch 020/200 | lr: 0.01000 | train: 1.0007 | val: 0.9925
Epoch 025/200 | lr: 0.01000 | train: 0.9551 | val: 0.9375
Epoch 030/200 | lr: 0.01000 | train: 0.8626 | val: 0.8293
Epoch 035/200 | lr: 0.01000 | train: 0.6493 | val: 0.6244
Epoch 040/200 | lr: 0.01000 | train: 0.4278 | val: 0.4490
Epoch 045/200 | lr: 0.01000 | train: 0.3196 | val: 0.4197
Epoch 050/200 | lr: 0.01000 | train: 0.3535 | val: 0.3447
Epoch 055/200 | lr: 0.01000 | train: 0.2927 | val: 0.3368
Epoch 060/200 | lr: 0.01000 | train: 0.2863 | val: 0.2991
Epoch 065/200 | lr: 0.00500 | train: 0.2442 | val: 0.2885
Epoch 070/200 | lr: 0.00500 | train: 0.2393 | val: 0.3006
Epoch 075/200 | lr: 0.00250 | train: 0.2286 | val: 0.2464
Epoch 080/200 | lr: 0.00125 | train: 0.2069 | val: 0.2512
Epoch 085/200 | lr: 0.00125 | train: 0.2110 | val: 0.2261
Epoch 090/200 | lr: 0.00125 | train: 0.2211 | val: 0.2559
Epoch 095/200 | lr: 0.00063 | train: 0.2085 | val: 0.2376
Epoch 100/200 | lr: 0.00063 | train: 0.2209 | val: 0.2539
Epoch 105/200 | lr: 0.00031 | train: 0.2153 | val: 0.2321
Epoch 110/200 | lr: 0.00031 | train: 0.2117 | val: 0.2161
Epoch 115/200 | lr: 0.00031 | train: 0.2126 | val: 0.2474
Epoch 120/200 | lr: 0.00016 | train: 0.2156 | val: 0.2225
Epoch 125/200 | lr: 0.00008 | train: 0.2095 | val: 0.2303
Epoch 130/200 | lr: 0.00004 | train: 0.2082 | val: 0.2358
Epoch 135/200 | lr: 0.00002 | train: 0.2018 | val: 0.2294
Epoch 140/200 | lr: 0.00001 | train: 0.2061 | val: 0.2366
Epoch 145/200 | lr: 0.00001 | train: 0.2145 | val: 0.2758
Epoch 150/200 | lr: 0.00001 | train: 0.2151 | val: 0.2569
Epoch 155/200 | lr: 0.00001 | train: 0.2233 | val: 0.2254
Epoch 160/200 | lr: 0.00001 | train: 0.2047 | val: 0.2289
Epoch 165/200 | lr: 0.00001 | train: 0.2152 | val: 0.2223
Epoch 170/200 | lr: 0.00001 | train: 0.2129 | val: 0.2342
Epoch 175/200 | lr: 0.00001 | train: 0.2155 | val: 0.2164
Epoch 180/200 | lr: 0.00001 | train: 0.2027 | val: 0.2615
Epoch 185/200 | lr: 0.00001 | train: 0.2183 | val: 0.2254
Epoch 190/200 | lr: 0.00001 | train: 0.2058 | val: 0.2613
Epoch 195/200 | lr: 0.00001 | train: 0.2160 | val: 0.2262
Epoch 200/200 | lr: 0.00001 | train: 0.2221 | val: 0.2298
[s9_free_gng]   after DPA: dpa=1.000  gng=0.498
[s9_free_gng]  DPA done in 1463.1s  final train=0.2221  val=0.2298  dpa=1.000  gng=0.498
[s9_free_gng]  ┌── params: after DPA
[s9_free_gng]  │  rank 0: ||m||=42.065  ||n||=36.211  corr(m,n)=+0.855
[s9_free_gng]  │  rank 1: ||m||=41.752  ||n||=43.921  corr(m,n)=+0.814
[s9_free_gng]  │  κ-Jacobian eigvals (gain·n^Tm/N): +2.7300+0.5253j  +2.7300-0.5253j
[s9_free_gng]  │  Wi: ||·||_F=65.920  per-channel=20.18 22.13 38.16 37.93 12.35 11.31 16.52
[s9_free_gng]  └──────────────────────────────────────────────────
[s9_free_gng] ────────────────────────────────────────────────────────────
[s9_free_gng]  STAGE: GNG   device=cuda:1   epochs=200
[s9_free_gng]  freeze recurrent cols: [0]
[s9_free_gng]  freeze input dims:     [0, 1, 2, 3, 6]
[s9_free_gng] ────────────────────────────────────────────────────────────
[s9_free_gng]  data: [516, 266, 7] → [516, 266, 2]
Epoch 005/200 | lr: 0.01000 | train: 0.3061 | val: 0.2210
Epoch 010/200 | lr: 0.01000 | train: 0.1249 | val: 0.0996
Stopping: losses below 0.1.
[s9_free_gng]   after GNG: dpa=0.942  gng=0.973
[s9_free_gng]  GNG done in 54.6s  final train=0.0954  val=0.0945  dpa=0.942  gng=0.973
[s9_free_gng]  ┌── params: after GNG
[s9_free_gng]  │  rank 0: ||m||=42.065  ||n||=36.211  corr(m,n)=+0.855
[s9_free_gng]  │  rank 1: ||m||=37.802  ||n||=45.000  corr(m,n)=+0.856
[s9_free_gng]  │  κ-Jacobian eigvals (gain·n^Tm/N): +2.6942+0.2980j  +2.6942-0.2980j
[s9_free_gng]  │  Wi: ||·||_F=67.445  per-channel=20.18 22.13 38.16 37.93 15.91 15.19 16.52
[s9_free_gng]  └──────────────────────────────────────────────────
[s9_free_gng] ────────────────────────────────────────────────────────────
[s9_free_gng]  STAGE: Dual   device=cuda:1   epochs=200
[s9_free_gng]  freeze recurrent cols: [0]
[s9_free_gng]  freeze input dims:     [0, 1, 2, 3, 4, 5, 6]
[s9_free_gng] ────────────────────────────────────────────────────────────
[s9_free_gng]  data: [516, 444, 7] → [516, 444, 2]
[s9_free_gng]  loss=separated  dpa_w=1.0  gng_w=1.0  aux_w=1.0  bl_w=1.0
Epoch 005/200 | lr: 0.01000 | train: 0.9060 | val: 0.9374
Epoch 010/200 | lr: 0.01000 | train: 0.8439 | val: 0.8701
Epoch 015/200 | lr: 0.01000 | train: 0.8059 | val: 0.8681
Epoch 020/200 | lr: 0.01000 | train: 0.7814 | val: 0.8278
Epoch 025/200 | lr: 0.01000 | train: 0.7731 | val: 0.7500
Epoch 030/200 | lr: 0.01000 | train: 0.7333 | val: 0.7517
Epoch 035/200 | lr: 0.00500 | train: 0.6992 | val: 0.7554
Epoch 040/200 | lr: 0.00500 | train: 0.6985 | val: 0.7434
Epoch 045/200 | lr: 0.00500 | train: 0.6755 | val: 0.6939
Epoch 050/200 | lr: 0.00500 | train: 0.6429 | val: 0.7138
Epoch 055/200 | lr: 0.00250 | train: 0.6467 | val: 0.6871
Epoch 060/200 | lr: 0.00250 | train: 0.6367 | val: 0.6842
Epoch 065/200 | lr: 0.00250 | train: 0.6277 | val: 0.6704
Epoch 070/200 | lr: 0.00250 | train: 0.6257 | val: 0.6631
Epoch 075/200 | lr: 0.00125 | train: 0.6177 | val: 0.6325
Epoch 080/200 | lr: 0.00063 | train: 0.6136 | val: 0.6606
Epoch 085/200 | lr: 0.00063 | train: 0.6133 | val: 0.6012
Epoch 090/200 | lr: 0.00063 | train: 0.6222 | val: 0.6435
Epoch 095/200 | lr: 0.00031 | train: 0.6291 | val: 0.6349
Epoch 100/200 | lr: 0.00016 | train: 0.6357 | val: 0.6345
Epoch 105/200 | lr: 0.00008 | train: 0.6027 | val: 0.6366
Epoch 110/200 | lr: 0.00004 | train: 0.6276 | val: 0.6290
Epoch 115/200 | lr: 0.00002 | train: 0.6347 | val: 0.6385
Epoch 120/200 | lr: 0.00002 | train: 0.6231 | val: 0.6239
Epoch 125/200 | lr: 0.00001 | train: 0.6100 | val: 0.6358
Epoch 130/200 | lr: 0.00001 | train: 0.6184 | val: 0.6142
Epoch 135/200 | lr: 0.00001 | train: 0.6220 | val: 0.6541
Epoch 140/200 | lr: 0.00001 | train: 0.6036 | val: 0.6119
Epoch 145/200 | lr: 0.00001 | train: 0.6121 | val: 0.6203
Epoch 150/200 | lr: 0.00001 | train: 0.6133 | val: 0.6416
Epoch 155/200 | lr: 0.00001 | train: 0.6244 | val: 0.6540
Epoch 160/200 | lr: 0.00001 | train: 0.6074 | val: 0.6502
Epoch 165/200 | lr: 0.00001 | train: 0.6072 | val: 0.6241
Epoch 170/200 | lr: 0.00001 | train: 0.6104 | val: 0.6411
Epoch 175/200 | lr: 0.00001 | train: 0.6073 | val: 0.6390
Epoch 180/200 | lr: 0.00001 | train: 0.6113 | val: 0.6003
Epoch 185/200 | lr: 0.00001 | train: 0.6112 | val: 0.6132
Epoch 190/200 | lr: 0.00001 | train: 0.6198 | val: 0.6256
Epoch 195/200 | lr: 0.00001 | train: 0.6006 | val: 0.6113
Epoch 200/200 | lr: 0.00001 | train: 0.6012 | val: 0.6557
[s9_free_gng]  loss components: {'dpa': 0.2791, 'gng': 0.3452, 'baseline': 0.0161, 'aux': 0.0091}
[s9_free_gng]   after Dual: dpa=0.997  gng=0.996
[s9_free_gng]  Dual done in 2476.3s  final train=0.6012  val=0.6557  dpa=0.997  gng=0.996
[s9_free_gng]  ┌── params: after Dual
[s9_free_gng]  │  rank 0: ||m||=42.065  ||n||=36.211  corr(m,n)=+0.855
[s9_free_gng]  │  rank 1: ||m||=31.878  ||n||=55.382  corr(m,n)=+0.761
[s9_free_gng]  │  κ-Jacobian eigvals (gain·n^Tm/N): +2.4788  +2.6913
[s9_free_gng]  │  Wi: ||·||_F=67.445  per-channel=20.18 22.13 38.16 37.93 15.91 15.19 16.52
[s9_free_gng]  └──────────────────────────────────────────────────
[s9_free_gng] ════════════════════════════════════════════════════════════
[s9_free_gng]  RUN COMPLETE  2026-06-07 14:23:43  total=3995.9s
[s9_free_gng]  ACCURACY SUMMARY
[s9_free_gng]    after DPA : dpa=1.000  gng=0.498
[s9_free_gng]    after GNG : dpa=0.942  gng=0.973
[s9_free_gng]    after Dual: dpa=0.997  gng=0.996  dual_dpa=0.992  dual_gng=0.792
[s9_free_gng] ════════════════════════════════════════════════════════════
