[s4_tanh_reg] ════════════════════════════════════════════════════════════
[s4_tanh_reg]  RUN START  2026-06-09 13:48:15
[s4_tanh_reg]  run_id=s4_tanh_reg  seed=4  device=cuda:0
[s4_tanh_reg]  arch:  hidden=512  rank=2  gain=2.0  input_size=7  params=6,144
[s4_tanh_reg]  task:  cue_on_go=True  rwd=True  rwd_scale=1.0  freeze_input_stages=['gng', 'dual']  init=random
[s4_tanh_reg]  dynamics: alpha=0.0750  alpha_rec=0.1000  dt=0.0225  tau=0.3  tau_rec_frac=0.75
[s4_tanh_reg]  noise:  input_sigma=0.3732 (×1.0)  model_sigma=0.0000 (×0.0)
[s4_tanh_reg]  optim:  lr=0.01  wd=0.01  batch=64  n_batch=516  clip=None
[s4_tanh_reg]  epochs: dpa=100  gng=100  dual=200  loss=separated
[s4_tanh_reg]  shapes: m[512, 2]  n[512, 2]  Wi[512, 7]
[s4_tanh_reg]  ┌── params: init
[s4_tanh_reg]  │  rank 0: ||m||=22.881  ||n||=22.605  corr(m,n)=+0.032
[s4_tanh_reg]  │  rank 1: ||m||=21.856  ||n||=21.161  corr(m,n)=-0.015
[s4_tanh_reg]  │  κ-Jacobian eigvals (gain·n^Tm/N): +0.0565  -0.0179
[s4_tanh_reg]  │  Wi: ||·||_F=59.728  per-channel=22.05 23.03 22.37 22.64 22.42 22.96 22.55
[s4_tanh_reg]  └──────────────────────────────────────────────────
[s4_tanh_reg] ────────────────────────────────────────────────────────────
[s4_tanh_reg]  STAGE: DPA   device=cuda:0   epochs=100
[s4_tanh_reg]  freeze input dims:     [4, 5]
[s4_tanh_reg] ────────────────────────────────────────────────────────────
[s4_tanh_reg]  data: [516, 444, 7] → [516, 444, 2]
Epoch 005/100 | lr: 0.01000 | train: 1.9402 | val: 1.9124
Epoch 010/100 | lr: 0.01000 | train: 1.1685 | val: 1.1367
Epoch 015/100 | lr: 0.01000 | train: 1.0213 | val: 1.0054
Epoch 020/100 | lr: 0.01000 | train: 0.9299 | val: 0.9023
Epoch 025/100 | lr: 0.01000 | train: 0.7540 | val: 0.7106
Epoch 030/100 | lr: 0.01000 | train: 0.5561 | val: 0.5546
Epoch 035/100 | lr: 0.01000 | train: 0.4084 | val: 0.3886
Epoch 040/100 | lr: 0.01000 | train: 0.3351 | val: 0.3402
Epoch 045/100 | lr: 0.01000 | train: 0.3555 | val: 0.3458
Epoch 050/100 | lr: 0.01000 | train: 0.3468 | val: 0.3092
Epoch 055/100 | lr: 0.01000 | train: 0.2891 | val: 0.2764
Epoch 060/100 | lr: 0.01000 | train: 0.2261 | val: 0.2304
Epoch 065/100 | lr: 0.01000 | train: 0.3235 | val: 0.3356
Epoch 070/100 | lr: 0.01000 | train: 0.2311 | val: 0.2098
Epoch 075/100 | lr: 0.01000 | train: 0.2069 | val: 0.1955
Epoch 080/100 | lr: 0.01000 | train: 0.2525 | val: 0.2493
Epoch 085/100 | lr: 0.01000 | train: 0.1833 | val: 0.1770
Epoch 090/100 | lr: 0.01000 | train: 0.2014 | val: 0.2180
Epoch 095/100 | lr: 0.01000 | train: 0.1634 | val: 0.1582
Epoch 100/100 | lr: 0.01000 | train: 0.1930 | val: 0.2026
[s4_tanh_reg]   after DPA: dpa=0.994 (pair=0.998 unpair=0.990)  gng=0.502 (go=0.000 nogo=1.000)
[s4_tanh_reg]  DPA done in 461.6s  final train=0.1930  val=0.2026  dpa=0.994  gng=0.502
[s4_tanh_reg]  ┌── params: after DPA
[s4_tanh_reg]  │  rank 0: ||m||=33.471  ||n||=37.495  corr(m,n)=+0.767
[s4_tanh_reg]  │  rank 1: ||m||=31.038  ||n||=42.660  corr(m,n)=+0.775
[s4_tanh_reg]  │  κ-Jacobian eigvals (gain·n^Tm/N): +3.8831+0.6208j  +3.8831-0.6208j
[s4_tanh_reg]  │  Wi: ||·||_F=65.807  per-channel=22.16 21.48 30.78 33.12 22.42 22.96 17.44
[s4_tanh_reg]  └──────────────────────────────────────────────────
[s4_tanh_reg] ────────────────────────────────────────────────────────────
[s4_tanh_reg]  STAGE: GNG   device=cuda:0   epochs=100
[s4_tanh_reg]  freeze recurrent cols: [0]
[s4_tanh_reg]  freeze input dims:     [0, 1, 2, 3, 4, 5, 6]
[s4_tanh_reg] ────────────────────────────────────────────────────────────
[s4_tanh_reg]  data: [516, 266, 7] → [516, 266, 2]
Epoch 005/100 | lr: 0.01000 | train: 0.8051 | val: 0.8026
Epoch 010/100 | lr: 0.01000 | train: 0.3937 | val: 0.4309
Epoch 015/100 | lr: 0.01000 | train: 0.2462 | val: 0.3324
Epoch 020/100 | lr: 0.01000 | train: 0.1777 | val: 0.2493
Epoch 025/100 | lr: 0.01000 | train: 0.1413 | val: 0.2116
Epoch 030/100 | lr: 0.01000 | train: 0.1160 | val: 0.1758
Epoch 035/100 | lr: 0.01000 | train: 0.1016 | val: 0.1608
Epoch 040/100 | lr: 0.01000 | train: 0.0839 | val: 0.1490
Epoch 045/100 | lr: 0.01000 | train: 0.0735 | val: 0.1088
Epoch 050/100 | lr: 0.01000 | train: 0.0664 | val: 0.0976
Stopping: losses below 0.1.
[s4_tanh_reg]   after GNG: dpa=0.961 (pair=0.992 unpair=0.931)  gng=0.988 (go=1.000 nogo=0.976)
[s4_tanh_reg]  GNG done in 143.8s  final train=0.0664  val=0.0976  dpa=0.961  gng=0.988
[s4_tanh_reg]  ┌── params: after GNG
[s4_tanh_reg]  │  rank 0: ||m||=33.471  ||n||=37.495  corr(m,n)=+0.767
[s4_tanh_reg]  │  rank 1: ||m||=32.641  ||n||=48.315  corr(m,n)=+0.694
[s4_tanh_reg]  │  κ-Jacobian eigvals (gain·n^Tm/N): +4.0160+0.5186j  +4.0160-0.5186j
[s4_tanh_reg]  │  Wi: ||·||_F=65.807  per-channel=22.16 21.48 30.78 33.12 22.42 22.96 17.44
[s4_tanh_reg]  └──────────────────────────────────────────────────
[s4_tanh_reg] ────────────────────────────────────────────────────────────
[s4_tanh_reg]  STAGE: Dual   device=cuda:0   epochs=200
[s4_tanh_reg]  freeze recurrent cols: [0]
[s4_tanh_reg]  freeze input dims:     [0, 1, 2, 3, 4, 5, 6]
[s4_tanh_reg] ────────────────────────────────────────────────────────────
[s4_tanh_reg]  data: [516, 444, 7] → [516, 444, 2]
[s4_tanh_reg]  loss=separated  dpa_w=1.0  gng_w=1.0  go_w=1.0  nogo_w=2.0  aux_w=1.0  bl_w=1.0  go_hinge=1.0
[s4_tanh_reg]  κ₁ regularizer: weight=1.0  penalises gain·λ₁ > 1
Epoch 005/200 | lr: 0.01000 | train: 3.9051 | val: 1.3157
Epoch 010/200 | lr: 0.01000 | train: 1.6726 | val: 1.4081
Epoch 015/200 | lr: 0.01000 | train: 1.4201 | val: 1.4246
Epoch 020/200 | lr: 0.01000 | train: 1.3965 | val: 1.4084
Epoch 025/200 | lr: 0.01000 | train: 1.3817 | val: 1.3899
Epoch 030/200 | lr: 0.01000 | train: 1.3676 | val: 1.3734
Epoch 035/200 | lr: 0.01000 | train: 1.3531 | val: 1.3563
Epoch 040/200 | lr: 0.01000 | train: 1.3399 | val: 1.3401
Epoch 045/200 | lr: 0.01000 | train: 1.3256 | val: 1.3229
Epoch 050/200 | lr: 0.01000 | train: 1.3106 | val: 1.3062
Epoch 055/200 | lr: 0.01000 | train: 1.2924 | val: 1.2882
Epoch 060/200 | lr: 0.01000 | train: 1.2769 | val: 1.2698
Epoch 065/200 | lr: 0.01000 | train: 1.2597 | val: 1.2491
Epoch 070/200 | lr: 0.01000 | train: 1.2399 | val: 1.2243
Epoch 075/200 | lr: 0.01000 | train: 1.2135 | val: 1.1980
Epoch 080/200 | lr: 0.01000 | train: 1.1911 | val: 1.1684
Epoch 085/200 | lr: 0.01000 | train: 1.1625 | val: 1.1373
Epoch 090/200 | lr: 0.01000 | train: 1.1277 | val: 1.1013
Epoch 095/200 | lr: 0.01000 | train: 1.0965 | val: 1.0658
Epoch 100/200 | lr: 0.01000 | train: 1.0482 | val: 1.0144
Epoch 105/200 | lr: 0.01000 | train: 1.0038 | val: 0.9660
Epoch 110/200 | lr: 0.01000 | train: 0.9562 | val: 0.9186
Epoch 115/200 | lr: 0.01000 | train: 0.8982 | val: 0.8617
Epoch 120/200 | lr: 0.01000 | train: 0.8302 | val: 0.7922
Epoch 125/200 | lr: 0.01000 | train: 0.7479 | val: 0.7123
Epoch 130/200 | lr: 0.01000 | train: 0.6602 | val: 0.6241
Epoch 135/200 | lr: 0.01000 | train: 0.5881 | val: 0.5928
Epoch 140/200 | lr: 0.01000 | train: 0.5283 | val: 0.5471
Epoch 145/200 | lr: 0.01000 | train: 0.4865 | val: 0.5118
Epoch 150/200 | lr: 0.01000 | train: 0.4549 | val: 0.4849
Epoch 155/200 | lr: 0.01000 | train: 0.4289 | val: 0.4559
Epoch 160/200 | lr: 0.01000 | train: 0.4128 | val: 0.4578
Epoch 165/200 | lr: 0.01000 | train: 0.3923 | val: 0.4199
Epoch 170/200 | lr: 0.01000 | train: 0.3890 | val: 0.3989
Epoch 175/200 | lr: 0.01000 | train: 0.3527 | val: 0.3813
Epoch 180/200 | lr: 0.01000 | train: 0.3340 | val: 0.3689
Epoch 185/200 | lr: 0.01000 | train: 0.3476 | val: 0.4386
Epoch 190/200 | lr: 0.01000 | train: 0.3206 | val: 0.3707
Epoch 195/200 | lr: 0.01000 | train: 0.3027 | val: 0.3397
Epoch 200/200 | lr: 0.01000 | train: 0.3030 | val: 0.3404
[s4_tanh_reg]  loss components: {'dpa': 0.1133, 'gng': 0.1186, 'gng_go': 0.0381, 'gng_nogo': 0.0403, 'baseline': 0.0159, 'aux': 0.0109}
[s4_tanh_reg]   after Dual: dpa=1.000 (pair=1.000 unpair=1.000)  gng=1.000 (go=1.000 nogo=1.000)
[s4_tanh_reg]  Dual done in 1275.7s  final train=0.3030  val=0.3404  dpa=1.000  gng=1.000
[s4_tanh_reg]  ┌── params: after Dual
[s4_tanh_reg]  │  rank 0: ||m||=33.471  ||n||=37.495  corr(m,n)=+0.767
[s4_tanh_reg]  │  rank 1: ||m||=42.652  ||n||=79.143  corr(m,n)=+0.076
[s4_tanh_reg]  │  κ-Jacobian eigvals (gain·n^Tm/N): +3.7251  +1.0323
[s4_tanh_reg]  │  Wi: ||·||_F=65.807  per-channel=22.16 21.48 30.78 33.12 22.42 22.96 17.44
[s4_tanh_reg]  └──────────────────────────────────────────────────
[s4_tanh_reg] ════════════════════════════════════════════════════════════
[s4_tanh_reg]  RUN COMPLETE  2026-06-09 14:19:36  total=1882.0s
[s4_tanh_reg]  ACCURACY SUMMARY
[s4_tanh_reg]    after DPA : dpa=0.994  gng=0.502
[s4_tanh_reg]    after GNG : dpa=0.961  gng=0.988
[s4_tanh_reg]    after Dual: dpa=1.000  gng=1.000  dual_dpa=0.974  dual_gng=0.993
[s4_tanh_reg] ════════════════════════════════════════════════════════════
