[s2] ════════════════════════════════════════════════════════════
[s2]  RUN START  2026-07-01 19:44:05
[s2]  run_id=s2  seed=2  device=cuda:0
[s2]  arch:  N=1000 (E=750 I=250)  K=125 (prob 0.167)  rank=2  gain=1.0  input_size=6  params=3,000
[s2]  task:  cue_on_go=True  rwd=False  rwd_scale=1.0  freeze_input_stages=['dual']  init=random
[s2]  dynamics: dt=0.0225  tau=(0.4, 0.2)s  tau_syn=(0.2, 0.1)s  STP(use=0.05 tau_fac=1.0s tau_rec=0.2s)  j_stp=1.0
[s2]  noise:  input_sigma=0.3732 (×1.0)  model_sigma=0.0000 (×0.0)
[s2]  optim:  lr=0.1  wd=0.01  batch=32  n_batch=256  clip=None
[s2]  epochs: dpa=200  gng=100  dual=100  loss=separated
[s2]  shapes: m[750, 2]  n[750, 2]  Wi[750, 6]
[s2]  ┌── params: init
[s2]  │  rank 0: ||m||=27.317  ||n||=27.317  corr(m,n)=+1.000
[s2]  │  rank 1: ||m||=27.261  ||n||=27.261  corr(m,n)=+1.000
[s2]  │  low-rank overlap n^Tm/N (modulates STP E→E): +1.0168  +0.9690
[s2]  │  Wi: ||·||_F=65.693  per-channel=26.65 27.81 26.03 26.49 26.91 26.98
[s2]  └──────────────────────────────────────────────────
[s2] ────────────────────────────────────────────────────────────
[s2]  STAGE: DPA   device=cuda:0   epochs=200
[s2] ────────────────────────────────────────────────────────────
[s2]  data: [256, 444, 6] → [256, 444, 2]
Epoch 005/200 | lr: 0.10000 | train: 3.3486 | val: 3.5127
Epoch 010/200 | lr: 0.10000 | train: 2.0177 | val: 2.0968
Epoch 015/200 | lr: 0.10000 | train: 0.0527 | val: 0.0751
Stopping: losses below 0.1.
[s2]   after DPA: dpa=1.000 (pair=1.000 unpair=1.000)  gng=0.497 (go=0.002 nogo=0.988)
[s2]  DPA done in 86.8s  final train=0.0527  val=0.0751  dpa=1.000  gng=0.497
[s2]  ┌── params: after DPA
[s2]  │  rank 0: ||m||=237.788  ||n||=116.836  corr(m,n)=+0.770
[s2]  │  rank 1: ||m||=125.250  ||n||=82.260  corr(m,n)=+0.481
[s2]  │  low-rank overlap n^Tm/N (modulates STP E→E): +28.5315  +6.5954
[s2]  │  Wi: ||·||_F=65.693  per-channel=26.65 27.81 26.03 26.49 26.91 26.98
[s2]  └──────────────────────────────────────────────────
[s2] ────────────────────────────────────────────────────────────
[s2]  STAGE: GNG   device=cuda:0   epochs=100
[s2]  freeze recurrent cols: [0]
[s2]  freeze input dims:     [0, 1, 2, 3]
[s2] ────────────────────────────────────────────────────────────
[s2]  data: [256, 266, 6] → [256, 266, 2]
Epoch 005/100 | lr: 0.10000 | train: 0.8181 | val: 0.7830
Epoch 010/100 | lr: 0.10000 | train: 0.5787 | val: 0.5993
Epoch 015/100 | lr: 0.10000 | train: 0.4757 | val: 0.5085
Epoch 020/100 | lr: 0.10000 | train: 0.4127 | val: 0.4452
Epoch 025/100 | lr: 0.10000 | train: 0.3560 | val: 0.3959
Epoch 030/100 | lr: 0.10000 | train: 0.3132 | val: 0.3502
Epoch 035/100 | lr: 0.10000 | train: 0.2659 | val: 0.3234
Epoch 040/100 | lr: 0.10000 | train: 0.2206 | val: 0.2689
Epoch 045/100 | lr: 0.10000 | train: 0.1706 | val: 0.2102
Epoch 050/100 | lr: 0.10000 | train: 0.1308 | val: 0.1626
Epoch 055/100 | lr: 0.10000 | train: 0.1060 | val: 0.1336
Epoch 060/100 | lr: 0.10000 | train: 0.0917 | val: 0.1168
Epoch 065/100 | lr: 0.10000 | train: 0.0833 | val: 0.1056
Epoch 070/100 | lr: 0.10000 | train: 0.0772 | val: 0.0972
Stopping: losses below 0.1.
[s2]   after GNG: dpa=0.568 (pair=0.649 unpair=0.491)  gng=1.000 (go=1.000 nogo=1.000)
[s2]  GNG done in 214.2s  final train=0.0772  val=0.0972  dpa=0.568  gng=1.000
[s2]  ┌── params: after GNG
[s2]  │  rank 0: ||m||=237.788  ||n||=116.836  corr(m,n)=+0.770
[s2]  │  rank 1: ||m||=262.509  ||n||=124.280  corr(m,n)=+0.299
[s2]  │  low-rank overlap n^Tm/N (modulates STP E→E): +32.0804  +9.4636
[s2]  │  Wi: ||·||_F=65.693  per-channel=26.65 27.81 26.03 26.49 26.91 26.98
[s2]  └──────────────────────────────────────────────────
[s2] ────────────────────────────────────────────────────────────
[s2]  STAGE: Dual   device=cuda:0   epochs=100
[s2]  freeze input dims:     [0, 1, 2, 3, 4, 5]
[s2] ────────────────────────────────────────────────────────────
[s2]  data: [256, 444, 6] → [256, 444, 2]
[s2]  loss=separated  dpa_w=1.0  gng_w=1.0  go_w=1.0  nogo_w=1.0  aux_w=1.0  bl_w=1.0  go_hinge=1.0
Epoch 005/100 | lr: 0.10000 | train: 0.4649 | val: 0.3252
Epoch 010/100 | lr: 0.10000 | train: 0.1880 | val: 0.1595
Epoch 015/100 | lr: 0.10000 | train: 0.1262 | val: 0.1156
Stopping: losses below 0.1.
[s2]  loss components: {'dpa': 0.0018, 'gng': 0.0188, 'gng_go': 0.0169, 'gng_nogo': 0.0019, 'baseline': 0.0247, 'aux': 0.0695}
[s2]   after Dual: dpa=1.000 (pair=1.000 unpair=1.000)  gng=1.000 (go=1.000 nogo=1.000)
[s2]  Dual done in 99.0s  final train=0.0990  val=0.0957  dpa=1.000  gng=1.000
[s2]  ┌── params: after Dual
[s2]  │  rank 0: ||m||=236.075  ||n||=119.448  corr(m,n)=+0.850
[s2]  │  rank 1: ||m||=235.502  ||n||=121.415  corr(m,n)=+0.333
[s2]  │  low-rank overlap n^Tm/N (modulates STP E→E): +33.0132  +11.6047
[s2]  │  Wi: ||·||_F=65.693  per-channel=26.65 27.81 26.03 26.49 26.91 26.98
[s2]  └──────────────────────────────────────────────────
[s2] ════════════════════════════════════════════════════════════
[s2]  RUN COMPLETE  2026-07-01 19:50:45  total=401.1s
[s2]  ACCURACY SUMMARY
[s2]    after DPA : dpa=1.000  gng=0.497
[s2]    after GNG : dpa=0.568  gng=1.000
[s2]    after Dual: dpa=1.000  gng=1.000  dual_dpa=1.000  dual_gng=0.996
[s2] ════════════════════════════════════════════════════════════
