[s0_random] ════════════════════════════════════════════════════════════
[s0_random]  RUN START  2026-06-05 01:09:45
[s0_random]  run_id=s0_random  seed=0  device=cuda:0
[s0_random]  arch:  hidden=512  rank=2  gain=2.0  input_size=7  params=6,144
[s0_random]  task:  cue_on_go=True  rwd=True  rwd_scale=2.0  freeze_input_stages=['gng', 'dual']  init=random
[s0_random]  dynamics: alpha=0.0750  alpha_rec=0.1000  dt=0.0225  tau=0.3  tau_rec_frac=0.75
[s0_random]  noise:  input_sigma=0.1866 (×0.5)  model_sigma=0.0000 (×0.0)
[s0_random]  optim:  lr=0.01  wd=0.01  batch=64  n_batch=516  clip=1.0
[s0_random]  epochs: dpa=100  gng=100  dual=100  loss=separated
[s0_random]  shapes: m[512, 2]  n[512, 2]  Wi[512, 7]
[s0_random]  ┌── params: init
[s0_random]  │  rank 0: ||m||=22.187  ||n||=22.116  corr(m,n)=-0.011
[s0_random]  │  rank 1: ||m||=22.375  ||n||=22.846  corr(m,n)=+0.037
[s0_random]  │  κ-Jacobian eigvals (gain·n^Tm/N): +0.0265+0.0683j  +0.0265-0.0683j
[s0_random]  │  Wi: ||·||_F=59.379  per-channel=22.21 22.79 22.15 22.73 21.77 21.92 23.48
[s0_random]  └──────────────────────────────────────────────────
[s0_random] ────────────────────────────────────────────────────────────
[s0_random]  STAGE: DPA   device=cuda:0   epochs=100
[s0_random] ────────────────────────────────────────────────────────────
[s0_random]  data: [516, 444, 7] → [516, 444, 2]
Epoch 005/100 | lr: 0.01000 | train: 1.8915 | val: 1.7717
Epoch 010/100 | lr: 0.01000 | train: 1.0713 | val: 1.0218
Epoch 015/100 | lr: 0.01000 | train: 0.8286 | val: 0.7650
Epoch 020/100 | lr: 0.01000 | train: 0.5611 | val: 0.5418
Epoch 025/100 | lr: 0.01000 | train: 0.3788 | val: 0.3590
Epoch 030/100 | lr: 0.01000 | train: 0.3388 | val: 0.3145
Epoch 035/100 | lr: 0.01000 | train: 0.2359 | val: 0.2292
Epoch 040/100 | lr: 0.01000 | train: 0.2013 | val: 0.2053
Epoch 045/100 | lr: 0.01000 | train: 0.2042 | val: 0.1883
Epoch 050/100 | lr: 0.01000 | train: 0.1708 | val: 0.3550
Epoch 055/100 | lr: 0.01000 | train: 0.1407 | val: 0.1432
Epoch 060/100 | lr: 0.01000 | train: 0.1165 | val: 0.1167
Epoch 065/100 | lr: 0.01000 | train: 0.1091 | val: 0.1124
Epoch 070/100 | lr: 0.01000 | train: 0.1187 | val: 0.1068
Epoch 075/100 | lr: 0.01000 | train: 0.0811 | val: 0.1199
Epoch 080/100 | lr: 0.01000 | train: 0.0788 | val: 0.0725
Epoch 085/100 | lr: 0.01000 | train: 0.0744 | val: 0.0739
Epoch 090/100 | lr: 0.01000 | train: 0.0499 | val: 0.0492
Epoch 095/100 | lr: 0.01000 | train: 0.0480 | val: 0.1397
Epoch 100/100 | lr: 0.00500 | train: 0.0477 | val: 0.0468
[s0_random]   after DPA: dpa=0.999  gng=0.553
[s0_random]  DPA done in 862.1s  final train=0.0477  val=0.0468  dpa=0.999  gng=0.553
[s0_random]  ┌── params: after DPA
[s0_random]  │  rank 0: ||m||=20.354  ||n||=35.177  corr(m,n)=+0.644
[s0_random]  │  rank 1: ||m||=22.424  ||n||=38.558  corr(m,n)=+0.736
[s0_random]  │  κ-Jacobian eigvals (gain·n^Tm/N): +1.8979  +2.3897
[s0_random]  │  Wi: ||·||_F=72.832  per-channel=26.82 23.93 35.50 40.54 18.49 17.28 21.63
[s0_random]  └──────────────────────────────────────────────────
[s0_random] ────────────────────────────────────────────────────────────
[s0_random]  STAGE: GNG   device=cuda:0   epochs=100
[s0_random]  freeze recurrent cols: [0]
[s0_random]  freeze input dims:     [0, 1, 2, 3, 4, 5, 6]
[s0_random] ────────────────────────────────────────────────────────────
[s0_random]  data: [516, 266, 7] → [516, 266, 2]
Epoch 005/100 | lr: 0.01000 | train: 0.7491 | val: 0.7254
Epoch 010/100 | lr: 0.01000 | train: 0.4441 | val: 0.4936
Epoch 015/100 | lr: 0.01000 | train: 0.3651 | val: 0.4055
Epoch 020/100 | lr: 0.01000 | train: 0.3042 | val: 0.3450
Epoch 025/100 | lr: 0.01000 | train: 0.2674 | val: 0.2981
Epoch 030/100 | lr: 0.01000 | train: 0.2404 | val: 0.2625
Epoch 035/100 | lr: 0.01000 | train: 0.2161 | val: 0.2363
Epoch 040/100 | lr: 0.01000 | train: 0.1963 | val: 0.2166
Epoch 045/100 | lr: 0.01000 | train: 0.1809 | val: 0.1999
Epoch 050/100 | lr: 0.01000 | train: 0.1684 | val: 0.1874
Epoch 055/100 | lr: 0.01000 | train: 0.1592 | val: 0.1759
Epoch 060/100 | lr: 0.01000 | train: 0.1501 | val: 0.1665
Epoch 065/100 | lr: 0.01000 | train: 0.1442 | val: 0.1591
Epoch 070/100 | lr: 0.01000 | train: 0.1377 | val: 0.1510
Epoch 075/100 | lr: 0.01000 | train: 0.1324 | val: 0.1452
Epoch 080/100 | lr: 0.01000 | train: 0.1278 | val: 0.1402
Epoch 085/100 | lr: 0.01000 | train: 0.1234 | val: 0.1359
Epoch 090/100 | lr: 0.01000 | train: 0.1203 | val: 0.1320
Epoch 095/100 | lr: 0.01000 | train: 0.1166 | val: 0.1288
Epoch 100/100 | lr: 0.01000 | train: 0.1137 | val: 0.1260
[s0_random]   after GNG: dpa=0.674  gng=0.998
[s0_random]  GNG done in 525.7s  final train=0.1137  val=0.1260  dpa=0.674  gng=0.998
[s0_random]  ┌── params: after GNG
[s0_random]  │  rank 0: ||m||=20.354  ||n||=35.177  corr(m,n)=+0.644
[s0_random]  │  rank 1: ||m||=20.737  ||n||=43.675  corr(m,n)=+0.619
[s0_random]  │  κ-Jacobian eigvals (gain·n^Tm/N): +1.9952+0.4391j  +1.9952-0.4391j
[s0_random]  │  Wi: ||·||_F=72.832  per-channel=26.82 23.93 35.50 40.54 18.49 17.28 21.63
[s0_random]  └──────────────────────────────────────────────────
[s0_random] ────────────────────────────────────────────────────────────
[s0_random]  STAGE: Dual   device=cuda:0   epochs=100
[s0_random]  freeze input dims:     [0, 1, 2, 3, 4, 5, 6]
[s0_random] ────────────────────────────────────────────────────────────
[s0_random]  data: [516, 444, 7] → [516, 444, 2]
[s0_random]  loss=separated  dpa_w=1.0  gng_w=1.0  aux_w=1.0  bl_w=1.0
Epoch 005/100 | lr: 0.01000 | train: 0.4559 | val: 0.5305
Epoch 010/100 | lr: 0.01000 | train: 0.3633 | val: 0.4453
Epoch 015/100 | lr: 0.01000 | train: 0.3202 | val: 0.4668
Epoch 020/100 | lr: 0.01000 | train: 0.2906 | val: 0.3530
Epoch 025/100 | lr: 0.01000 | train: 0.2398 | val: 0.2830
Epoch 030/100 | lr: 0.01000 | train: 0.2080 | val: 0.2329
Epoch 035/100 | lr: 0.01000 | train: 0.1790 | val: 0.2012
Epoch 040/100 | lr: 0.01000 | train: 0.1565 | val: 0.1805
Epoch 045/100 | lr: 0.01000 | train: 0.1379 | val: 0.1557
Epoch 050/100 | lr: 0.01000 | train: 0.1220 | val: 0.1371
Epoch 055/100 | lr: 0.01000 | train: 0.1111 | val: 0.1208
Epoch 060/100 | lr: 0.01000 | train: 0.0988 | val: 0.1146
Epoch 065/100 | lr: 0.01000 | train: 0.0907 | val: 0.1005
Epoch 070/100 | lr: 0.01000 | train: 0.0844 | val: 0.0984
Epoch 075/100 | lr: 0.01000 | train: 0.0780 | val: 0.0902
Epoch 080/100 | lr: 0.01000 | train: 0.0728 | val: 0.0806
Epoch 085/100 | lr: 0.01000 | train: 0.0686 | val: 0.0762
Epoch 090/100 | lr: 0.01000 | train: 0.0655 | val: 0.0729
Epoch 095/100 | lr: 0.01000 | train: 0.0623 | val: 0.0771
Epoch 100/100 | lr: 0.01000 | train: 0.0581 | val: 0.0647
[s0_random]  loss components: {'dpa': 0.0179, 'gng': 0.0446, 'baseline': 0.0052, 'aux': 0.005}
[s0_random]   after Dual: dpa=1.000  gng=0.999
[s0_random]  Dual done in 857.5s  final train=0.0581  val=0.0647  dpa=1.000  gng=0.999
[s0_random]  ┌── params: after Dual
[s0_random]  │  rank 0: ||m||=24.950  ||n||=35.693  corr(m,n)=+0.640
[s0_random]  │  rank 1: ||m||=18.431  ||n||=56.000  corr(m,n)=+0.536
[s0_random]  │  κ-Jacobian eigvals (gain·n^Tm/N): +2.3038  +2.0866
[s0_random]  │  Wi: ||·||_F=72.832  per-channel=26.82 23.93 35.50 40.54 18.49 17.28 21.63
[s0_random]  └──────────────────────────────────────────────────
[s0_random] ════════════════════════════════════════════════════════════
[s0_random]  RUN COMPLETE  2026-06-05 01:47:10  total=2247.0s
[s0_random]  ACCURACY SUMMARY
[s0_random]    after DPA : dpa=0.999  gng=0.553
[s0_random]    after GNG : dpa=0.674  gng=0.998
[s0_random]    after Dual: dpa=1.000  gng=0.999  dual_dpa=1.000  dual_gng=0.994
[s0_random] ════════════════════════════════════════════════════════════
