[s5_cue2_nomnoise] ════════════════════════════════════════════════════════════
[s5_cue2_nomnoise]  RUN START  2026-06-08 14:31:21
[s5_cue2_nomnoise]  run_id=s5_cue2_nomnoise  seed=5  device=cuda:1
[s5_cue2_nomnoise]  arch:  hidden=512  rank=2  gain=1.0  input_size=7  params=6,144
[s5_cue2_nomnoise]  task:  cue_on_go=True  rwd=True  rwd_scale=1.0  freeze_input_stages=['dual']  init=random
[s5_cue2_nomnoise]  dynamics: alpha=0.0750  alpha_rec=0.1000  dt=0.0225  tau=0.3  tau_rec_frac=0.75
[s5_cue2_nomnoise]  noise:  input_sigma=0.3732 (×1.0)  model_sigma=0.0000 (×0.0)
[s5_cue2_nomnoise]  optim:  lr=0.01  wd=0.01  batch=64  n_batch=516  clip=None
[s5_cue2_nomnoise]  epochs: dpa=100  gng=100  dual=100  loss=separated
[s5_cue2_nomnoise]  shapes: m[512, 2]  n[512, 2]  Wi[512, 7]
[s5_cue2_nomnoise]  ┌── params: init
[s5_cue2_nomnoise]  │  rank 0: ||m||=23.437  ||n||=22.965  corr(m,n)=+0.028
[s5_cue2_nomnoise]  │  rank 1: ||m||=22.893  ||n||=23.012  corr(m,n)=+0.061
[s5_cue2_nomnoise]  │  κ-Jacobian eigvals (gain·n^Tm/N): +0.0320  +0.0594
[s5_cue2_nomnoise]  │  Wi: ||·||_F=58.987  per-channel=22.32 23.25 22.23 22.01 21.84 22.14 22.26
[s5_cue2_nomnoise]  └──────────────────────────────────────────────────
[s5_cue2_nomnoise] ────────────────────────────────────────────────────────────
[s5_cue2_nomnoise]  STAGE: DPA   device=cuda:1   epochs=100
[s5_cue2_nomnoise] ────────────────────────────────────────────────────────────
[s5_cue2_nomnoise]  data: [516, 444, 7] → [516, 444, 2]
Epoch 005/100 | lr: 0.01000 | train: 1.9569 | val: 1.9571
Epoch 010/100 | lr: 0.01000 | train: 1.2923 | val: 1.2042
Epoch 015/100 | lr: 0.01000 | train: 0.9561 | val: 0.9756
Epoch 020/100 | lr: 0.01000 | train: 0.8765 | val: 0.9118
Epoch 025/100 | lr: 0.01000 | train: 0.8033 | val: 0.8237
Epoch 030/100 | lr: 0.01000 | train: 0.6332 | val: 0.6365
Epoch 035/100 | lr: 0.01000 | train: 0.4477 | val: 0.4370
Epoch 040/100 | lr: 0.01000 | train: 0.3344 | val: 0.3388
Epoch 045/100 | lr: 0.01000 | train: 0.2741 | val: 0.2839
Epoch 050/100 | lr: 0.01000 | train: 0.2258 | val: 0.2251
Epoch 055/100 | lr: 0.01000 | train: 0.1871 | val: 0.1966
Epoch 060/100 | lr: 0.01000 | train: 0.1419 | val: 0.1422
Epoch 065/100 | lr: 0.01000 | train: 0.1196 | val: 0.1142
Epoch 070/100 | lr: 0.01000 | train: 0.1075 | val: 0.1204
Epoch 075/100 | lr: 0.01000 | train: 0.1139 | val: 0.1025
Stopping: losses below 0.1.
[s5_cue2_nomnoise]   after DPA: dpa=0.998  gng=0.364
[s5_cue2_nomnoise]  DPA done in 661.5s  final train=0.0946  val=0.0923  dpa=0.998  gng=0.364
[s5_cue2_nomnoise]  ┌── params: after DPA
[s5_cue2_nomnoise]  │  rank 0: ||m||=35.873  ||n||=38.402  corr(m,n)=+0.813
[s5_cue2_nomnoise]  │  rank 1: ||m||=30.733  ||n||=51.593  corr(m,n)=+0.785
[s5_cue2_nomnoise]  │  κ-Jacobian eigvals (gain·n^Tm/N): +2.1090  +2.5105
[s5_cue2_nomnoise]  │  Wi: ||·||_F=58.375  per-channel=21.31 19.84 31.11 33.10 11.83 12.88 13.82
[s5_cue2_nomnoise]  └──────────────────────────────────────────────────
[s5_cue2_nomnoise] ────────────────────────────────────────────────────────────
[s5_cue2_nomnoise]  STAGE: GNG   device=cuda:1   epochs=100
[s5_cue2_nomnoise]  freeze recurrent cols: [0]
[s5_cue2_nomnoise]  freeze input dims:     [0, 1, 2, 3, 6]
[s5_cue2_nomnoise] ────────────────────────────────────────────────────────────
[s5_cue2_nomnoise]  data: [516, 266, 7] → [516, 266, 2]
Epoch 005/100 | lr: 0.01000 | train: 0.2447 | val: 0.2220
Epoch 010/100 | lr: 0.01000 | train: 0.1407 | val: 0.1302
Epoch 015/100 | lr: 0.01000 | train: 0.1115 | val: 0.0997
Stopping: losses below 0.1.
[s5_cue2_nomnoise]   after GNG: dpa=1.000  gng=1.000
[s5_cue2_nomnoise]  GNG done in 99.7s  final train=0.0969  val=0.0851  dpa=1.000  gng=1.000
[s5_cue2_nomnoise]  ┌── params: after GNG
[s5_cue2_nomnoise]  │  rank 0: ||m||=35.873  ||n||=38.402  corr(m,n)=+0.813
[s5_cue2_nomnoise]  │  rank 1: ||m||=29.859  ||n||=50.574  corr(m,n)=+0.735
[s5_cue2_nomnoise]  │  κ-Jacobian eigvals (gain·n^Tm/N): +2.3722  +1.9827
[s5_cue2_nomnoise]  │  Wi: ||·||_F=59.364  per-channel=21.31 19.84 31.11 33.10 12.50 16.31 13.82
[s5_cue2_nomnoise]  └──────────────────────────────────────────────────
[s5_cue2_nomnoise] ────────────────────────────────────────────────────────────
[s5_cue2_nomnoise]  STAGE: Dual   device=cuda:1   epochs=100
[s5_cue2_nomnoise]  freeze recurrent cols: [0]
[s5_cue2_nomnoise]  freeze input dims:     [0, 1, 2, 3, 4, 5, 6]
[s5_cue2_nomnoise] ────────────────────────────────────────────────────────────
[s5_cue2_nomnoise]  data: [516, 444, 7] → [516, 444, 2]
[s5_cue2_nomnoise]  loss=separated  dpa_w=1.0  gng_w=1.0  go_w=1.0  nogo_w=1.0  aux_w=1.0  bl_w=1.0
Epoch 005/100 | lr: 0.01000 | train: 0.5050 | val: 0.5059
Epoch 010/100 | lr: 0.01000 | train: 0.4398 | val: 0.4611
Epoch 015/100 | lr: 0.01000 | train: 0.4131 | val: 0.4266
Epoch 020/100 | lr: 0.01000 | train: 0.3668 | val: 0.3543
Epoch 025/100 | lr: 0.01000 | train: 0.3315 | val: 0.3280
Epoch 030/100 | lr: 0.01000 | train: 0.2963 | val: 0.3031
Epoch 035/100 | lr: 0.01000 | train: 0.2848 | val: 0.2772
Epoch 040/100 | lr: 0.01000 | train: 0.2552 | val: 0.2569
Epoch 045/100 | lr: 0.01000 | train: 0.2485 | val: 0.2362
Epoch 050/100 | lr: 0.01000 | train: 0.2198 | val: 0.2191
Epoch 055/100 | lr: 0.01000 | train: 0.2052 | val: 0.2039
Epoch 060/100 | lr: 0.01000 | train: 0.1946 | val: 0.1993
Epoch 065/100 | lr: 0.01000 | train: 0.1848 | val: 0.1771
Epoch 070/100 | lr: 0.01000 | train: 0.1749 | val: 0.1696
Epoch 075/100 | lr: 0.01000 | train: 0.1667 | val: 0.1583
Epoch 080/100 | lr: 0.01000 | train: 0.1608 | val: 0.1628
Epoch 085/100 | lr: 0.01000 | train: 0.1545 | val: 0.1523
Epoch 090/100 | lr: 0.01000 | train: 0.1473 | val: 0.1434
Epoch 095/100 | lr: 0.01000 | train: 0.1437 | val: 0.1393
Epoch 100/100 | lr: 0.01000 | train: 0.1417 | val: 0.1322
[s5_cue2_nomnoise]  loss components: {'dpa': 0.058, 'gng': 0.051, 'gng_go': 0.0334, 'gng_nogo': 0.0176, 'baseline': 0.0173, 'aux': 0.0126}
[s5_cue2_nomnoise]   after Dual: dpa=1.000  gng=1.000
[s5_cue2_nomnoise]  Dual done in 891.9s  final train=0.1417  val=0.1322  dpa=1.000  gng=1.000
[s5_cue2_nomnoise]  ┌── params: after Dual
[s5_cue2_nomnoise]  │  rank 0: ||m||=35.873  ||n||=38.402  corr(m,n)=+0.813
[s5_cue2_nomnoise]  │  rank 1: ||m||=29.844  ||n||=71.048  corr(m,n)=+0.613
[s5_cue2_nomnoise]  │  κ-Jacobian eigvals (gain·n^Tm/N): +2.1636  +2.5630
[s5_cue2_nomnoise]  │  Wi: ||·||_F=59.364  per-channel=21.31 19.84 31.11 33.10 12.50 16.31 13.82
[s5_cue2_nomnoise]  └──────────────────────────────────────────────────
[s5_cue2_nomnoise] ════════════════════════════════════════════════════════════
[s5_cue2_nomnoise]  RUN COMPLETE  2026-06-08 14:58:54  total=1658.2s
[s5_cue2_nomnoise]  ACCURACY SUMMARY
[s5_cue2_nomnoise]    after DPA : dpa=0.998  gng=0.364
[s5_cue2_nomnoise]    after GNG : dpa=1.000  gng=1.000
[s5_cue2_nomnoise]    after Dual: dpa=1.000  gng=1.000  dual_dpa=0.999  dual_gng=0.996
[s5_cue2_nomnoise] ════════════════════════════════════════════════════════════
