[s7_frzGNG] ════════════════════════════════════════════════════════════
[s7_frzGNG]  RUN START  2026-06-08 21:02:40
[s7_frzGNG]  run_id=s7_frzGNG  seed=7  device=cuda:1
[s7_frzGNG]  arch:  hidden=512  rank=2  gain=1.0  input_size=7  params=6,144
[s7_frzGNG]  task:  cue_on_go=True  rwd=True  rwd_scale=1.0  freeze_input_stages=['gng', 'dual']  init=random
[s7_frzGNG]  dynamics: alpha=0.0750  alpha_rec=0.1000  dt=0.0225  tau=0.3  tau_rec_frac=0.75
[s7_frzGNG]  noise:  input_sigma=0.3732 (×1.0)  model_sigma=0.0000 (×0.0)
[s7_frzGNG]  optim:  lr=0.01  wd=0.01  batch=64  n_batch=516  clip=None
[s7_frzGNG]  epochs: dpa=100  gng=100  dual=100  loss=separated
[s7_frzGNG]  shapes: m[512, 2]  n[512, 2]  Wi[512, 7]
[s7_frzGNG]  ┌── params: init
[s7_frzGNG]  │  rank 0: ||m||=23.340  ||n||=23.513  corr(m,n)=-0.046
[s7_frzGNG]  │  rank 1: ||m||=23.236  ||n||=22.508  corr(m,n)=-0.042
[s7_frzGNG]  │  κ-Jacobian eigvals (gain·n^Tm/N): -0.0464+0.0483j  -0.0464-0.0483j
[s7_frzGNG]  │  Wi: ||·||_F=60.688  per-channel=22.83 22.36 23.30 23.06 23.69 22.16 23.12
[s7_frzGNG]  └──────────────────────────────────────────────────
[s7_frzGNG] ────────────────────────────────────────────────────────────
[s7_frzGNG]  STAGE: DPA   device=cuda:1   epochs=100
[s7_frzGNG]  freeze input dims:     [4, 5]
[s7_frzGNG] ────────────────────────────────────────────────────────────
[s7_frzGNG]  data: [516, 444, 7] → [516, 444, 2]
Epoch 005/100 | lr: 0.01000 | train: 1.9720 | val: 1.9604
Epoch 010/100 | lr: 0.01000 | train: 1.4810 | val: 1.3200
Epoch 015/100 | lr: 0.01000 | train: 1.0378 | val: 1.0218
Epoch 020/100 | lr: 0.01000 | train: 0.9705 | val: 0.9565
Epoch 025/100 | lr: 0.01000 | train: 0.9049 | val: 0.8819
Epoch 030/100 | lr: 0.01000 | train: 0.7442 | val: 0.6975
Epoch 035/100 | lr: 0.01000 | train: 0.5783 | val: 0.4973
Epoch 040/100 | lr: 0.01000 | train: 0.4015 | val: 0.3637
Epoch 045/100 | lr: 0.01000 | train: 0.3679 | val: 0.3503
Epoch 050/100 | lr: 0.01000 | train: 0.2905 | val: 0.2919
Epoch 055/100 | lr: 0.01000 | train: 0.2516 | val: 0.2544
Epoch 060/100 | lr: 0.01000 | train: 0.2219 | val: 0.2519
Epoch 065/100 | lr: 0.01000 | train: 0.1790 | val: 0.1791
Epoch 070/100 | lr: 0.01000 | train: 0.1858 | val: 0.1695
Epoch 075/100 | lr: 0.01000 | train: 0.1336 | val: 0.1318
Epoch 080/100 | lr: 0.01000 | train: 0.1133 | val: 0.1175
Epoch 085/100 | lr: 0.01000 | train: 0.0922 | val: 0.1010
Stopping: losses below 0.1.
[s7_frzGNG]   after DPA: dpa=0.996 (pair=0.996 unpair=0.996)  gng=0.377 (go=0.151 nogo=0.625)
[s7_frzGNG]  DPA done in 621.4s  final train=0.0863  val=0.0935  dpa=0.996  gng=0.377
[s7_frzGNG]  ┌── params: after DPA
[s7_frzGNG]  │  rank 0: ||m||=37.167  ||n||=39.518  corr(m,n)=+0.831
[s7_frzGNG]  │  rank 1: ||m||=33.957  ||n||=51.420  corr(m,n)=+0.799
[s7_frzGNG]  │  κ-Jacobian eigvals (gain·n^Tm/N): +2.3054  +2.8014
[s7_frzGNG]  │  Wi: ||·||_F=66.631  per-channel=20.57 21.58 34.41 34.54 23.69 22.16 11.03
[s7_frzGNG]  └──────────────────────────────────────────────────
[s7_frzGNG] ────────────────────────────────────────────────────────────
[s7_frzGNG]  STAGE: GNG   device=cuda:1   epochs=100
[s7_frzGNG]  freeze recurrent cols: [0]
[s7_frzGNG]  freeze input dims:     [0, 1, 2, 3, 4, 5, 6]
[s7_frzGNG] ────────────────────────────────────────────────────────────
[s7_frzGNG]  data: [516, 266, 7] → [516, 266, 2]
Epoch 005/100 | lr: 0.01000 | train: 1.1460 | val: 1.0649
Epoch 010/100 | lr: 0.01000 | train: 0.5443 | val: 0.5362
Epoch 015/100 | lr: 0.01000 | train: 0.3680 | val: 0.3783
Epoch 020/100 | lr: 0.01000 | train: 0.2876 | val: 0.3052
Epoch 025/100 | lr: 0.01000 | train: 0.2446 | val: 0.2546
Epoch 030/100 | lr: 0.01000 | train: 0.2025 | val: 0.2217
Epoch 035/100 | lr: 0.01000 | train: 0.1715 | val: 0.1863
Epoch 040/100 | lr: 0.01000 | train: 0.1532 | val: 0.1659
Epoch 045/100 | lr: 0.01000 | train: 0.1328 | val: 0.1486
Epoch 050/100 | lr: 0.01000 | train: 0.1207 | val: 0.1310
Epoch 055/100 | lr: 0.01000 | train: 0.1109 | val: 0.1191
Epoch 060/100 | lr: 0.01000 | train: 0.1007 | val: 0.1082
Epoch 065/100 | lr: 0.01000 | train: 0.0908 | val: 0.0989
Stopping: losses below 0.1.
[s7_frzGNG]   after GNG: dpa=0.970 (pair=0.942 unpair=0.996)  gng=0.999 (go=1.000 nogo=0.998)
[s7_frzGNG]  GNG done in 289.6s  final train=0.0908  val=0.0989  dpa=0.970  gng=0.999
[s7_frzGNG]  ┌── params: after GNG
[s7_frzGNG]  │  rank 0: ||m||=37.167  ||n||=39.518  corr(m,n)=+0.831
[s7_frzGNG]  │  rank 1: ||m||=35.324  ||n||=54.280  corr(m,n)=+0.711
[s7_frzGNG]  │  κ-Jacobian eigvals (gain·n^Tm/N): +2.2341  +2.8129
[s7_frzGNG]  │  Wi: ||·||_F=66.631  per-channel=20.57 21.58 34.41 34.54 23.69 22.16 11.03
[s7_frzGNG]  └──────────────────────────────────────────────────
[s7_frzGNG] ────────────────────────────────────────────────────────────
[s7_frzGNG]  STAGE: Dual   device=cuda:1   epochs=100
[s7_frzGNG]  freeze recurrent cols: [0]
[s7_frzGNG]  freeze input dims:     [0, 1, 2, 3, 4, 5, 6]
[s7_frzGNG] ────────────────────────────────────────────────────────────
[s7_frzGNG]  data: [516, 444, 7] → [516, 444, 2]
[s7_frzGNG]  loss=separated  dpa_w=1.0  gng_w=1.0  go_w=1.0  nogo_w=2.0  aux_w=1.0  bl_w=1.0  go_hinge=1.0
Epoch 005/100 | lr: 0.01000 | train: 0.6983 | val: 0.7021
Epoch 010/100 | lr: 0.01000 | train: 0.6505 | val: 0.6622
Epoch 015/100 | lr: 0.01000 | train: 0.6026 | val: 0.6283
Epoch 020/100 | lr: 0.01000 | train: 0.5662 | val: 0.5956
Epoch 025/100 | lr: 0.01000 | train: 0.5386 | val: 0.5679
Epoch 030/100 | lr: 0.01000 | train: 0.5158 | val: 0.5412
Epoch 035/100 | lr: 0.01000 | train: 0.4876 | val: 0.5134
Epoch 040/100 | lr: 0.01000 | train: 0.4468 | val: 0.4698
Epoch 045/100 | lr: 0.01000 | train: 0.4223 | val: 0.4519
Epoch 050/100 | lr: 0.01000 | train: 0.3940 | val: 0.4226
Epoch 055/100 | lr: 0.01000 | train: 0.3795 | val: 0.4056
Epoch 060/100 | lr: 0.01000 | train: 0.3547 | val: 0.3810
Epoch 065/100 | lr: 0.01000 | train: 0.3383 | val: 0.3649
Epoch 070/100 | lr: 0.01000 | train: 0.3353 | val: 0.3518
Epoch 075/100 | lr: 0.01000 | train: 0.3043 | val: 0.3375
Epoch 080/100 | lr: 0.01000 | train: 0.3060 | val: 0.3222
Epoch 085/100 | lr: 0.01000 | train: 0.2813 | val: 0.3056
Epoch 090/100 | lr: 0.01000 | train: 0.2677 | val: 0.2939
Epoch 095/100 | lr: 0.01000 | train: 0.2592 | val: 0.2848
Epoch 100/100 | lr: 0.01000 | train: 0.2486 | val: 0.2700
[s7_frzGNG]  loss components: {'dpa': 0.0996, 'gng': 0.1044, 'gng_go': 0.0708, 'gng_nogo': 0.0168, 'baseline': 0.0069, 'aux': 0.0115}
[s7_frzGNG]   after Dual: dpa=0.997 (pair=0.994 unpair=1.000)  gng=0.998 (go=0.996 nogo=1.000)
[s7_frzGNG]  Dual done in 719.9s  final train=0.2486  val=0.2700  dpa=0.997  gng=0.998
[s7_frzGNG]  ┌── params: after Dual
[s7_frzGNG]  │  rank 0: ||m||=37.167  ||n||=39.518  corr(m,n)=+0.831
[s7_frzGNG]  │  rank 1: ||m||=31.271  ||n||=70.792  corr(m,n)=+0.609
[s7_frzGNG]  │  κ-Jacobian eigvals (gain·n^Tm/N): +2.3031  +2.7140
[s7_frzGNG]  │  Wi: ||·||_F=66.631  per-channel=20.57 21.58 34.41 34.54 23.69 22.16 11.03
[s7_frzGNG]  └──────────────────────────────────────────────────
[s7_frzGNG] ════════════════════════════════════════════════════════════
[s7_frzGNG]  RUN COMPLETE  2026-06-08 21:29:51  total=1633.0s
[s7_frzGNG]  ACCURACY SUMMARY
[s7_frzGNG]    after DPA : dpa=0.996  gng=0.377
[s7_frzGNG]    after GNG : dpa=0.970  gng=0.999
[s7_frzGNG]    after Dual: dpa=0.997  gng=0.998  dual_dpa=0.984  dual_gng=0.982
[s7_frzGNG] ════════════════════════════════════════════════════════════
