[s0_cueb] ════════════════════════════════════════════════════════════
[s0_cueb]  RUN START  2026-06-07 15:50:51
[s0_cueb]  run_id=s0_cueb  seed=0  device=cuda:0
[s0_cueb]  arch:  hidden=512  rank=2  gain=1.0  input_size=7  params=6,144
[s0_cueb]  task:  cue_on_go=True  rwd=True  rwd_scale=1.0  freeze_input_stages=['dual']  init=random
[s0_cueb]  dynamics: alpha=0.0750  alpha_rec=0.1000  dt=0.0225  tau=0.3  tau_rec_frac=0.75
[s0_cueb]  noise:  input_sigma=0.3732 (×1.0)  model_sigma=0.3732 (×1.0)
[s0_cueb]  optim:  lr=0.01  wd=0.01  batch=64  n_batch=516  clip=None
[s0_cueb]  epochs: dpa=200  gng=200  dual=200  loss=separated
[s0_cueb]  shapes: m[512, 2]  n[512, 2]  Wi[512, 7]
[s0_cueb]  ┌── params: init
[s0_cueb]  │  rank 0: ||m||=22.187  ||n||=22.116  corr(m,n)=-0.011
[s0_cueb]  │  rank 1: ||m||=22.375  ||n||=22.846  corr(m,n)=+0.037
[s0_cueb]  │  κ-Jacobian eigvals (gain·n^Tm/N): +0.0132+0.0342j  +0.0132-0.0342j
[s0_cueb]  │  Wi: ||·||_F=59.379  per-channel=22.21 22.79 22.15 22.73 21.77 21.92 23.48
[s0_cueb]  └──────────────────────────────────────────────────
[s0_cueb] ────────────────────────────────────────────────────────────
[s0_cueb]  STAGE: DPA   device=cuda:0   epochs=200
[s0_cueb] ────────────────────────────────────────────────────────────
[s0_cueb]  data: [516, 444, 7] → [516, 444, 2]
Epoch 005/200 | lr: 0.01000 | train: 1.9788 | val: 1.9581
Epoch 010/200 | lr: 0.01000 | train: 1.8666 | val: 1.8019
Epoch 015/200 | lr: 0.01000 | train: 1.0775 | val: 1.0356
Epoch 020/200 | lr: 0.01000 | train: 0.9866 | val: 0.9625
Epoch 025/200 | lr: 0.01000 | train: 0.9091 | val: 0.8726
Epoch 030/200 | lr: 0.01000 | train: 0.7725 | val: 0.7312
Epoch 035/200 | lr: 0.01000 | train: 0.5814 | val: 0.5763
Epoch 040/200 | lr: 0.01000 | train: 0.4453 | val: 0.4297
Epoch 045/200 | lr: 0.01000 | train: 0.4367 | val: 0.4138
Epoch 050/200 | lr: 0.01000 | train: 0.3497 | val: 0.3652
Epoch 055/200 | lr: 0.01000 | train: 0.3178 | val: 0.3210
Epoch 060/200 | lr: 0.01000 | train: 0.2976 | val: 0.3001
Epoch 065/200 | lr: 0.01000 | train: 0.2633 | val: 0.3356
Epoch 070/200 | lr: 0.01000 | train: 0.2469 | val: 0.2528
Epoch 075/200 | lr: 0.01000 | train: 0.2026 | val: 0.2513
Epoch 080/200 | lr: 0.01000 | train: 0.1874 | val: 0.1969
Epoch 085/200 | lr: 0.01000 | train: 0.1521 | val: 0.1591
Epoch 090/200 | lr: 0.01000 | train: 0.1272 | val: 0.1575
Epoch 095/200 | lr: 0.01000 | train: 0.1067 | val: 0.1161
Epoch 100/200 | lr: 0.01000 | train: 0.0981 | val: 0.1361
Stopping: losses below 0.1.
[s0_cueb]   after DPA: dpa=0.999  gng=0.418
[s0_cueb]  DPA done in 728.8s  final train=0.0889  val=0.0970  dpa=0.999  gng=0.418
[s0_cueb]  ┌── params: after DPA
[s0_cueb]  │  rank 0: ||m||=44.677  ||n||=37.899  corr(m,n)=+0.839
[s0_cueb]  │  rank 1: ||m||=34.048  ||n||=55.948  corr(m,n)=+0.832
[s0_cueb]  │  κ-Jacobian eigvals (gain·n^Tm/N): +2.6657  +3.2049
[s0_cueb]  │  Wi: ||·||_F=69.298  per-channel=23.93 23.78 40.85 39.87 11.37 10.94 12.53
[s0_cueb]  └──────────────────────────────────────────────────
[s0_cueb] ────────────────────────────────────────────────────────────
[s0_cueb]  STAGE: GNG   device=cuda:0   epochs=200
[s0_cueb]  freeze recurrent cols: [0]
[s0_cueb]  freeze input dims:     [0, 1, 2, 3, 6]
[s0_cueb] ────────────────────────────────────────────────────────────
[s0_cueb]  data: [516, 266, 7] → [516, 266, 2]
Epoch 005/200 | lr: 0.01000 | train: 0.3677 | val: 0.2874
Epoch 010/200 | lr: 0.01000 | train: 0.2134 | val: 0.1705
Epoch 015/200 | lr: 0.01000 | train: 0.1578 | val: 0.1382
Epoch 020/200 | lr: 0.01000 | train: 0.1239 | val: 0.1059
Epoch 025/200 | lr: 0.01000 | train: 0.0998 | val: 0.0712
Stopping: losses below 0.1.
[s0_cueb]   after GNG: dpa=0.961  gng=0.980
[s0_cueb]  GNG done in 111.3s  final train=0.0998  val=0.0712  dpa=0.961  gng=0.980
[s0_cueb]  ┌── params: after GNG
[s0_cueb]  │  rank 0: ||m||=44.677  ||n||=37.899  corr(m,n)=+0.839
[s0_cueb]  │  rank 1: ||m||=33.966  ||n||=55.415  corr(m,n)=+0.802
[s0_cueb]  │  κ-Jacobian eigvals (gain·n^Tm/N): +2.5444  +3.1804
[s0_cueb]  │  Wi: ||·||_F=71.394  per-channel=23.93 23.78 40.85 39.87 13.41 19.08 12.53
[s0_cueb]  └──────────────────────────────────────────────────
[s0_cueb] ────────────────────────────────────────────────────────────
[s0_cueb]  STAGE: Dual   device=cuda:0   epochs=200
[s0_cueb]  freeze recurrent cols: [0]
[s0_cueb]  freeze input dims:     [0, 1, 2, 3, 4, 5, 6]
[s0_cueb] ────────────────────────────────────────────────────────────
[s0_cueb]  data: [516, 444, 7] → [516, 444, 2]
[s0_cueb]  loss=separated  dpa_w=1.0  gng_w=1.0  aux_w=1.0  bl_w=1.0
Epoch 005/200 | lr: 0.01000 | train: 0.6838 | val: 0.6484
Epoch 010/200 | lr: 0.01000 | train: 0.6692 | val: 0.6557
Epoch 015/200 | lr: 0.01000 | train: 0.6599 | val: 0.6000
Epoch 020/200 | lr: 0.01000 | train: 0.6310 | val: 0.6038
Epoch 025/200 | lr: 0.01000 | train: 0.6050 | val: 0.5614
Epoch 030/200 | lr: 0.01000 | train: 0.5745 | val: 0.5254
Epoch 035/200 | lr: 0.01000 | train: 0.5560 | val: 0.5152
Epoch 040/200 | lr: 0.01000 | train: 0.5273 | val: 0.4597
Epoch 045/200 | lr: 0.01000 | train: 0.5098 | val: 0.4805
Epoch 050/200 | lr: 0.00500 | train: 0.5007 | val: 0.4432
Epoch 055/200 | lr: 0.00500 | train: 0.4717 | val: 0.4512
Epoch 060/200 | lr: 0.00500 | train: 0.4571 | val: 0.4523
Epoch 065/200 | lr: 0.00250 | train: 0.4715 | val: 0.4331
Epoch 070/200 | lr: 0.00125 | train: 0.4573 | val: 0.4077
Epoch 075/200 | lr: 0.00063 | train: 0.4374 | val: 0.4310
Epoch 080/200 | lr: 0.00063 | train: 0.4547 | val: 0.4006
Epoch 085/200 | lr: 0.00063 | train: 0.4415 | val: 0.3824
Epoch 090/200 | lr: 0.00063 | train: 0.4485 | val: 0.4444
Epoch 095/200 | lr: 0.00031 | train: 0.4470 | val: 0.4117
Epoch 100/200 | lr: 0.00016 | train: 0.4333 | val: 0.4142
Epoch 105/200 | lr: 0.00016 | train: 0.4542 | val: 0.4118
Epoch 110/200 | lr: 0.00008 | train: 0.4454 | val: 0.3975
Epoch 115/200 | lr: 0.00004 | train: 0.4426 | val: 0.4019
Epoch 120/200 | lr: 0.00002 | train: 0.4444 | val: 0.4257
Epoch 125/200 | lr: 0.00001 | train: 0.4471 | val: 0.4047
Epoch 130/200 | lr: 0.00001 | train: 0.4612 | val: 0.3966
Epoch 135/200 | lr: 0.00001 | train: 0.4432 | val: 0.4133
Epoch 140/200 | lr: 0.00001 | train: 0.4410 | val: 0.4101
Epoch 145/200 | lr: 0.00001 | train: 0.4522 | val: 0.4155
Epoch 150/200 | lr: 0.00001 | train: 0.4422 | val: 0.4087
Epoch 155/200 | lr: 0.00001 | train: 0.4456 | val: 0.4205
Epoch 160/200 | lr: 0.00001 | train: 0.4520 | val: 0.4226
Epoch 165/200 | lr: 0.00001 | train: 0.4536 | val: 0.3889
Epoch 170/200 | lr: 0.00001 | train: 0.4573 | val: 0.4263
Epoch 175/200 | lr: 0.00001 | train: 0.4514 | val: 0.4081
Epoch 180/200 | lr: 0.00001 | train: 0.4522 | val: 0.4422
Epoch 185/200 | lr: 0.00001 | train: 0.4354 | val: 0.4003
Epoch 190/200 | lr: 0.00001 | train: 0.4531 | val: 0.3915
Epoch 195/200 | lr: 0.00001 | train: 0.4358 | val: 0.4034
Epoch 200/200 | lr: 0.00001 | train: 0.4378 | val: 0.4359
[s0_cueb]  loss components: {'dpa': 0.1454, 'gng': 0.2113, 'baseline': 0.021, 'aux': 0.0183}
[s0_cueb]   after Dual: dpa=0.994  gng=0.989
[s0_cueb]  Dual done in 1474.7s  final train=0.4378  val=0.4359  dpa=0.994  gng=0.989
[s0_cueb]  ┌── params: after Dual
[s0_cueb]  │  rank 0: ||m||=44.677  ||n||=37.899  corr(m,n)=+0.839
[s0_cueb]  │  rank 1: ||m||=32.152  ||n||=66.230  corr(m,n)=+0.722
[s0_cueb]  │  κ-Jacobian eigvals (gain·n^Tm/N): +2.7418  +3.0348
[s0_cueb]  │  Wi: ||·||_F=71.394  per-channel=23.93 23.78 40.85 39.87 13.41 19.08 12.53
[s0_cueb]  └──────────────────────────────────────────────────
[s0_cueb] ════════════════════════════════════════════════════════════
[s0_cueb]  RUN COMPLETE  2026-06-07 16:29:26  total=2314.7s
[s0_cueb]  ACCURACY SUMMARY
[s0_cueb]    after DPA : dpa=0.999  gng=0.418
[s0_cueb]    after GNG : dpa=0.961  gng=0.980
[s0_cueb]    after Dual: dpa=0.994  gng=0.989  dual_dpa=0.997  dual_gng=0.867
[s0_cueb] ════════════════════════════════════════════════════════════
