[s1] ════════════════════════════════════════════════════════════
[s1]  RUN START  2026-06-22 16:31:44
[s1]  run_id=s1  seed=1  device=cuda:1
[s1]  arch:  N=1000 (E=750 I=250)  K=125 (prob 0.167)  rank=2  gain=1.0  input_size=6  params=3,000
[s1]  task:  cue_on_go=True  rwd=False  rwd_scale=1.0  freeze_input_stages=['dual']  init=random
[s1]  dynamics: dt=0.0225  tau=(0.4, 0.2)s  tau_syn=(0.2, 0.1)s  STP(use=0.05 tau_fac=1.0s tau_rec=0.2s)  j_stp=1.0
[s1]  noise:  input_sigma=0.3732 (×1.0)  model_sigma=0.0000 (×0.0)
[s1]  optim:  lr=0.05  wd=0.01  batch=32  n_batch=256  clip=None
[s1]  epochs: dpa=100  gng=100  dual=100  loss=separated
[s1]  shapes: m[750, 2]  n[750, 2]  Wi[750, 6]
[s1]  ┌── params: init
[s1]  │  rank 0: ||m||=27.897  ||n||=27.365  corr(m,n)=+0.055
[s1]  │  rank 1: ||m||=27.443  ||n||=26.733  corr(m,n)=-0.017
[s1]  │  low-rank overlap n^Tm/N (modulates STP E→E): +0.0195+0.0064j  +0.0195-0.0064j
[s1]  │  Wi: ||·||_F=67.159  per-channel=27.93 27.41 27.36 27.12 27.00 27.69
[s1]  └──────────────────────────────────────────────────
[s1] ────────────────────────────────────────────────────────────
[s1]  STAGE: DPA   device=cuda:1   epochs=100
[s1] ────────────────────────────────────────────────────────────
[s1]  data: [256, 444, 6] → [256, 444, 2]
Epoch 005/100 | lr: 0.05000 | train: 3.6325 | val: 3.6001
Epoch 010/100 | lr: 0.05000 | train: 3.2442 | val: 3.2060
Epoch 015/100 | lr: 0.05000 | train: 2.5077 | val: 2.3919
Epoch 020/100 | lr: 0.05000 | train: 1.4945 | val: 1.5266
Stopping: losses below 0.1.
[s1]   after DPA: dpa=1.000 (pair=1.000 unpair=1.000)  gng=0.511 (go=1.000 nogo=0.020)
[s1]  DPA done in 133.6s  final train=0.0398  val=0.0328  dpa=1.000  gng=0.511
[s1]  ┌── params: after DPA
[s1]  │  rank 0: ||m||=219.871  ||n||=115.326  corr(m,n)=+0.786
[s1]  │  rank 1: ||m||=122.890  ||n||=74.200  corr(m,n)=+0.422
[s1]  │  low-rank overlap n^Tm/N (modulates STP E→E): +26.8095  +4.8906
[s1]  │  Wi: ||·||_F=67.159  per-channel=27.93 27.41 27.36 27.12 27.00 27.69
[s1]  └──────────────────────────────────────────────────
[s1] ────────────────────────────────────────────────────────────
[s1]  STAGE: GNG   device=cuda:1   epochs=100
[s1]  freeze recurrent cols: [0]
[s1]  freeze input dims:     [0, 1, 2, 3]
[s1] ────────────────────────────────────────────────────────────
[s1]  data: [256, 266, 6] → [256, 266, 2]
Epoch 005/100 | lr: 0.05000 | train: 0.9209 | val: 0.9004
Epoch 010/100 | lr: 0.05000 | train: 0.7802 | val: 0.7265
Epoch 015/100 | lr: 0.05000 | train: 0.6512 | val: 0.6107
Epoch 020/100 | lr: 0.05000 | train: 0.5430 | val: 0.5025
Epoch 025/100 | lr: 0.05000 | train: 0.4584 | val: 0.4296
Epoch 030/100 | lr: 0.05000 | train: 0.3922 | val: 0.3908
Epoch 035/100 | lr: 0.05000 | train: 0.3494 | val: 0.3578
Epoch 040/100 | lr: 0.05000 | train: 0.3190 | val: 0.3257
Epoch 045/100 | lr: 0.05000 | train: 0.2880 | val: 0.3018
Epoch 050/100 | lr: 0.05000 | train: 0.2355 | val: 0.2562
Epoch 055/100 | lr: 0.05000 | train: 0.1796 | val: 126.7809
Stopping: validation loss above 100.0.
[s1]   after GNG: dpa=0.749 (pair=0.482 unpair=1.000)  gng=0.992 (go=0.984 nogo=1.000)
[s1]  GNG done in 171.1s  final train=0.1796  val=126.7809  dpa=0.749  gng=0.992
[s1]  ┌── params: after GNG
[s1]  │  rank 0: ||m||=219.871  ||n||=115.326  corr(m,n)=+0.786
[s1]  │  rank 1: ||m||=209.968  ||n||=111.544  corr(m,n)=+0.429
[s1]  │  low-rank overlap n^Tm/N (modulates STP E→E): +26.4135  +13.5495
[s1]  │  Wi: ||·||_F=67.159  per-channel=27.93 27.41 27.36 27.12 27.00 27.69
[s1]  └──────────────────────────────────────────────────
[s1] ────────────────────────────────────────────────────────────
[s1]  STAGE: Dual   device=cuda:1   epochs=100
[s1]  freeze input dims:     [0, 1, 2, 3, 4, 5]
[s1] ────────────────────────────────────────────────────────────
[s1]  data: [256, 444, 6] → [256, 444, 2]
[s1]  loss=separated  dpa_w=1.0  gng_w=1.0  go_w=1.0  nogo_w=1.0  aux_w=1.0  bl_w=1.0  go_hinge=1.0
Epoch 005/100 | lr: 0.05000 | train: 2.4192 | val: 2.1668
Epoch 010/100 | lr: 0.05000 | train: 0.5828 | val: 0.5754
Epoch 015/100 | lr: 0.05000 | train: 0.3918 | val: 0.3997
Epoch 020/100 | lr: 0.05000 | train: 0.3204 | val: 0.3432
Epoch 025/100 | lr: 0.05000 | train: 0.2707 | val: 0.3003
Epoch 030/100 | lr: 0.05000 | train: 0.2326 | val: 0.2441
Epoch 035/100 | lr: 0.05000 | train: 0.2027 | val: 0.2109
Epoch 040/100 | lr: 0.05000 | train: 0.1731 | val: 0.1921
Epoch 045/100 | lr: 0.05000 | train: 0.1588 | val: 0.1727
Epoch 050/100 | lr: 0.05000 | train: 0.1382 | val: 0.1471
Epoch 055/100 | lr: 0.05000 | train: 0.1249 | val: 0.1309
Epoch 060/100 | lr: 0.05000 | train: 0.1126 | val: 0.1204
Epoch 065/100 | lr: 0.05000 | train: 0.1024 | val: 0.1093
Stopping: losses below 0.1.
[s1]  loss components: {'dpa': 0.007, 'gng': 0.046, 'gng_go': 0.0, 'gng_nogo': 0.046, 'baseline': 0.0314, 'aux': 0.0242}
[s1]   after Dual: dpa=1.000 (pair=1.000 unpair=1.000)  gng=1.000 (go=1.000 nogo=1.000)
[s1]  Dual done in 356.6s  final train=0.0941  val=0.0991  dpa=1.000  gng=1.000
[s1]  ┌── params: after Dual
[s1]  │  rank 0: ||m||=211.789  ||n||=108.447  corr(m,n)=+0.824
[s1]  │  rank 1: ||m||=198.667  ||n||=106.092  corr(m,n)=+0.404
[s1]  │  low-rank overlap n^Tm/N (modulates STP E→E): +24.4948  +12.1071
[s1]  │  Wi: ||·||_F=67.159  per-channel=27.93 27.41 27.36 27.12 27.00 27.69
[s1]  └──────────────────────────────────────────────────
[s1] ════════════════════════════════════════════════════════════
[s1]  RUN COMPLETE  2026-06-22 16:42:45  total=662.4s
[s1]  ACCURACY SUMMARY
[s1]    after DPA : dpa=1.000  gng=0.511
[s1]    after GNG : dpa=0.749  gng=0.992
[s1]    after Dual: dpa=1.000  gng=1.000  dual_dpa=1.000  dual_gng=1.000
[s1] ════════════════════════════════════════════════════════════
