[s2] ════════════════════════════════════════════════════════════
[s2]  RUN START  2026-07-01 19:15:33
[s2]  run_id=s2  seed=2  device=cuda:1
[s2]  arch:  N=1000 (E=750 I=250)  K=125 (prob 0.167)  rank=2  gain=1.0  input_size=6  params=3,000
[s2]  task:  cue_on_go=True  rwd=False  rwd_scale=1.0  freeze_input_stages=['dual']  init=random
[s2]  dynamics: dt=0.0225  tau=(0.4, 0.2)s  tau_syn=(0.2, 0.1)s  STP(use=0.05 tau_fac=1.0s tau_rec=0.2s)  j_stp=1.0
[s2]  noise:  input_sigma=0.3732 (×1.0)  model_sigma=0.0000 (×0.0)
[s2]  optim:  lr=0.1  wd=0.01  batch=32  n_batch=256  clip=None
[s2]  epochs: dpa=200  gng=100  dual=100  loss=separated
[s2]  shapes: m[750, 2]  n[750, 2]  Wi[750, 6]
[s2]  ┌── params: init
[s2]  │  rank 0: ||m||=27.317  ||n||=27.317  corr(m,n)=+1.000
[s2]  │  rank 1: ||m||=27.261  ||n||=27.261  corr(m,n)=+1.000
[s2]  │  low-rank overlap n^Tm/N (modulates STP E→E): +1.0168  +0.9690
[s2]  │  Wi: ||·||_F=65.693  per-channel=26.65 27.81 26.03 26.49 26.91 26.98
[s2]  └──────────────────────────────────────────────────
[s2] ────────────────────────────────────────────────────────────
[s2]  STAGE: DPA   device=cuda:1   epochs=200
[s2] ────────────────────────────────────────────────────────────
[s2]  data: [256, 444, 6] → [256, 444, 2]
Epoch 005/200 | lr: 0.10000 | train: 3.4917 | val: 3.6855
Epoch 010/200 | lr: 0.10000 | train: 3.2627 | val: 3.5046
Epoch 015/200 | lr: 0.10000 | train: 3.0969 | val: 3.4374
Epoch 020/200 | lr: 0.10000 | train: 2.9862 | val: 3.4030
Epoch 025/200 | lr: 0.10000 | train: 2.8747 | val: 3.3118
Epoch 030/200 | lr: 0.10000 | train: 2.7656 | val: 3.2763
Epoch 035/200 | lr: 0.10000 | train: 2.6683 | val: 3.2100
Epoch 040/200 | lr: 0.10000 | train: 2.5623 | val: 3.1663
Epoch 045/200 | lr: 0.10000 | train: 2.4822 | val: 3.0687
Epoch 050/200 | lr: 0.10000 | train: 2.3598 | val: 3.0103
Epoch 055/200 | lr: 0.10000 | train: 2.2611 | val: 2.9296
Epoch 060/200 | lr: 0.10000 | train: 2.1414 | val: 2.8471
Epoch 065/200 | lr: 0.10000 | train: 2.0361 | val: 2.7319
Epoch 070/200 | lr: 0.10000 | train: 1.9253 | val: 2.6338
Epoch 075/200 | lr: 0.10000 | train: 1.8311 | val: 2.5440
Epoch 080/200 | lr: 0.10000 | train: 1.7526 | val: 2.4406
Epoch 085/200 | lr: 0.10000 | train: 1.6818 | val: 2.3650
Epoch 090/200 | lr: 0.10000 | train: 1.5866 | val: 2.2690
Epoch 095/200 | lr: 0.10000 | train: 1.4753 | val: 2.1554
Epoch 100/200 | lr: 0.10000 | train: 1.3397 | val: 1.9920
Epoch 105/200 | lr: 0.10000 | train: 1.1279 | val: 1.7595
Epoch 110/200 | lr: 0.10000 | train: 0.8785 | val: 1.3725
Epoch 115/200 | lr: 0.10000 | train: 0.5419 | val: 0.8779
Epoch 120/200 | lr: 0.10000 | train: 0.2152 | val: 0.3664
Epoch 125/200 | lr: 0.10000 | train: 0.1174 | val: 0.2063
Epoch 130/200 | lr: 0.10000 | train: 0.0791 | val: 0.1468
Epoch 135/200 | lr: 0.10000 | train: 0.0602 | val: 0.1148
Stopping: losses below 0.1.
[s2]   after DPA: dpa=1.000 (pair=1.000 unpair=1.000)  gng=0.503 (go=0.000 nogo=1.000)
[s2]  DPA done in 711.1s  final train=0.0496  val=0.0972  dpa=1.000  gng=0.503
[s2]  ┌── params: after DPA
[s2]  │  rank 0: ||m||=2014.746  ||n||=461.708  corr(m,n)=+0.805
[s2]  │  rank 1: ||m||=1033.239  ||n||=298.521  corr(m,n)=+0.332
[s2]  │  low-rank overlap n^Tm/N (modulates STP E→E): +993.2697  +142.0791
[s2]  │  Wi: ||·||_F=65.693  per-channel=26.65 27.81 26.03 26.49 26.91 26.98
[s2]  └──────────────────────────────────────────────────
[s2] ────────────────────────────────────────────────────────────
[s2]  STAGE: GNG   device=cuda:1   epochs=100
[s2]  freeze recurrent cols: [0]
[s2]  freeze input dims:     [0, 1, 2, 3]
[s2] ────────────────────────────────────────────────────────────
[s2]  data: [256, 266, 6] → [256, 266, 2]
Epoch 005/100 | lr: 0.10000 | train: 1.2010 | val: 1.2383
Epoch 010/100 | lr: 0.10000 | train: 0.8101 | val: 0.9375
Epoch 015/100 | lr: 0.10000 | train: 0.7068 | val: 0.8485
Epoch 020/100 | lr: 0.10000 | train: 0.6472 | val: 0.7971
Epoch 025/100 | lr: 0.10000 | train: 0.6042 | val: 0.7612
Epoch 030/100 | lr: 0.10000 | train: 0.5806 | val: 0.7429
Epoch 035/100 | lr: 0.10000 | train: 0.5533 | val: 0.7107
Epoch 040/100 | lr: 0.10000 | train: 0.5335 | val: 0.6916
Epoch 045/100 | lr: 0.10000 | train: 0.5166 | val: 0.6715
Epoch 050/100 | lr: 0.10000 | train: 0.4970 | val: 0.6544
Epoch 055/100 | lr: 0.10000 | train: 0.4847 | val: 0.6403
Epoch 060/100 | lr: 0.10000 | train: 0.4674 | val: 0.6285
Epoch 065/100 | lr: 0.10000 | train: 0.4561 | val: 0.6064
Epoch 070/100 | lr: 0.10000 | train: 0.4468 | val: 0.5882
Epoch 075/100 | lr: 0.10000 | train: 0.4357 | val: 0.5771
Epoch 080/100 | lr: 0.10000 | train: 0.4265 | val: 0.5680
Epoch 085/100 | lr: 0.10000 | train: 0.4176 | val: 0.5561
Epoch 090/100 | lr: 0.10000 | train: 0.4086 | val: 0.5549
Epoch 095/100 | lr: 0.10000 | train: 0.4032 | val: 0.5395
Epoch 100/100 | lr: 0.10000 | train: 0.3983 | val: 0.5285
[s2]   after GNG: dpa=0.981 (pair=1.000 unpair=0.964)  gng=0.996 (go=0.992 nogo=1.000)
[s2]  GNG done in 313.8s  final train=0.3983  val=0.5285  dpa=0.981  gng=0.996
[s2]  ┌── params: after GNG
[s2]  │  rank 0: ||m||=2014.746  ||n||=461.708  corr(m,n)=+0.805
[s2]  │  rank 1: ||m||=1081.825  ||n||=328.531  corr(m,n)=+0.267
[s2]  │  low-rank overlap n^Tm/N (modulates STP E→E): +988.7457  +136.4342
[s2]  │  Wi: ||·||_F=65.693  per-channel=26.65 27.81 26.03 26.49 26.91 26.98
[s2]  └──────────────────────────────────────────────────
[s2] ────────────────────────────────────────────────────────────
[s2]  STAGE: Dual   device=cuda:1   epochs=100
[s2]  freeze input dims:     [0, 1, 2, 3, 4, 5]
[s2] ────────────────────────────────────────────────────────────
[s2]  data: [256, 444, 6] → [256, 444, 2]
[s2]  loss=separated  dpa_w=1.0  gng_w=1.0  go_w=1.0  nogo_w=1.0  aux_w=1.0  bl_w=1.0  go_hinge=1.0
Epoch 005/100 | lr: 0.10000 | train: 1.9856 | val: 1.8114
Epoch 010/100 | lr: 0.10000 | train: 0.8230 | val: 0.9334
Epoch 015/100 | lr: 0.10000 | train: 0.5853 | val: 0.6891
Epoch 020/100 | lr: 0.10000 | train: 0.5281 | val: 0.5952
Epoch 025/100 | lr: 0.10000 | train: 0.4790 | val: 0.5253
Epoch 030/100 | lr: 0.10000 | train: 0.4433 | val: 0.5021
Epoch 035/100 | lr: 0.10000 | train: 0.3933 | val: 0.4558
Epoch 040/100 | lr: 0.10000 | train: 0.3581 | val: 0.4016
Epoch 045/100 | lr: 0.10000 | train: 0.3204 | val: 0.3366
Epoch 050/100 | lr: 0.10000 | train: 0.2852 | val: 0.3028
Epoch 055/100 | lr: 0.10000 | train: 0.2623 | val: 0.2697
Epoch 060/100 | lr: 0.10000 | train: 0.2506 | val: 0.2525
Epoch 065/100 | lr: 0.10000 | train: 0.2301 | val: 0.2312
Epoch 070/100 | lr: 0.10000 | train: 0.2035 | val: 0.2141
Epoch 075/100 | lr: 0.10000 | train: 0.1922 | val: 0.2052
Epoch 080/100 | lr: 0.10000 | train: 0.1799 | val: 0.1922
Epoch 085/100 | lr: 0.10000 | train: 0.1684 | val: 0.1774
Epoch 090/100 | lr: 0.10000 | train: 0.1671 | val: 0.1971
Epoch 095/100 | lr: 0.10000 | train: 0.1484 | val: 0.1748
Epoch 100/100 | lr: 0.10000 | train: 0.1415 | val: 0.1619
[s2]  loss components: {'dpa': 0.0195, 'gng': 0.0289, 'gng_go': 0.0086, 'gng_nogo': 0.0202, 'baseline': 0.022, 'aux': 0.1126}
[s2]   after Dual: dpa=1.000 (pair=1.000 unpair=1.000)  gng=0.983 (go=0.965 nogo=1.000)
[s2]  Dual done in 504.7s  final train=0.1415  val=0.1619  dpa=1.000  gng=0.983
[s2]  ┌── params: after Dual
[s2]  │  rank 0: ||m||=2152.123  ||n||=466.478  corr(m,n)=+0.797
[s2]  │  rank 1: ||m||=1192.025  ||n||=330.310  corr(m,n)=+0.297
[s2]  │  low-rank overlap n^Tm/N (modulates STP E→E): +1057.6824  +164.6317
[s2]  │  Wi: ||·||_F=65.693  per-channel=26.65 27.81 26.03 26.49 26.91 26.98
[s2]  └──────────────────────────────────────────────────
[s2] ════════════════════════════════════════════════════════════
[s2]  RUN COMPLETE  2026-07-01 19:41:02  total=1530.6s
[s2]  ACCURACY SUMMARY
[s2]    after DPA : dpa=1.000  gng=0.503
[s2]    after GNG : dpa=0.981  gng=0.996
[s2]    after Dual: dpa=1.000  gng=0.983  dual_dpa=0.998  dual_gng=0.987
[s2] ════════════════════════════════════════════════════════════
