[s1_cont] ════════════════════════════════════════════════════════════
[s1_cont]  RUN START  2026-06-09 01:14:40
[s1_cont]  run_id=s1_cont  seed=1  device=cuda:1
[s1_cont]  arch:  hidden=512  rank=2  gain=1.0  input_size=7  params=6,144
[s1_cont]  task:  cue_on_go=True  rwd=True  rwd_scale=1.0  freeze_input_stages=['gng', 'dual']  init=random
[s1_cont]  dynamics: alpha=0.0750  alpha_rec=0.1000  dt=0.0225  tau=0.3  tau_rec_frac=0.75
[s1_cont]  noise:  input_sigma=0.3732 (×1.0)  model_sigma=0.0000 (×0.0)
[s1_cont]  optim:  lr=0.01  wd=0.01  batch=64  n_batch=516  clip=None
[s1_cont]  epochs: dpa=100  gng=100  dual=100  loss=separated
[s1_cont]  shapes: m[512, 2]  n[512, 2]  Wi[512, 7]
[s1_cont]  ┌── params: init
[s1_cont]  │  rank 0: ||m||=22.898  ||n||=22.288  corr(m,n)=-0.020
[s1_cont]  │  rank 1: ||m||=23.302  ||n||=22.428  corr(m,n)=+0.009
[s1_cont]  │  κ-Jacobian eigvals (gain·n^Tm/N): -0.0155  +0.0043
[s1_cont]  │  Wi: ||·||_F=58.820  per-channel=21.94 22.58 22.12 21.70 21.92 23.07 22.27
[s1_cont]  └──────────────────────────────────────────────────
[s1_cont]  DPA: loading checkpoint from results/dual/sweep_adam2/s1_adam2/dpa_s1_adam2.pth
[s1_cont]   after DPA: dpa=0.998 (pair=0.998 unpair=0.998)  gng=0.494 (go=0.004 nogo=1.000)
[s1_cont]  DPA done in 0.8s  (checkpoint)  dpa=0.998  gng=0.494
[s1_cont]  ┌── params: after DPA
[s1_cont]  │  rank 0: ||m||=38.840  ||n||=39.423  corr(m,n)=+0.811
[s1_cont]  │  rank 1: ||m||=32.049  ||n||=49.702  corr(m,n)=+0.820
[s1_cont]  │  κ-Jacobian eigvals (gain·n^Tm/N): +2.3363  +2.6426
[s1_cont]  │  Wi: ||·||_F=68.831  per-channel=21.62 22.37 33.02 36.34 21.92 23.07 18.60
[s1_cont]  └──────────────────────────────────────────────────
[s1_cont]  GNG: loading checkpoint from results/dual/sweep_noHinge2/s1_noHinge2/expert_s1_noHinge2.pth
[s1_cont]   after GNG: dpa=0.993 (pair=0.987 unpair=1.000)  gng=0.999 (go=0.998 nogo=1.000)
[s1_cont]  GNG done in 0.9s  (checkpoint)  dpa=0.993  gng=0.999
[s1_cont]  ┌── params: after GNG
[s1_cont]  │  rank 0: ||m||=38.840  ||n||=39.423  corr(m,n)=+0.811
[s1_cont]  │  rank 1: ||m||=34.414  ||n||=80.993  corr(m,n)=+0.548
[s1_cont]  │  κ-Jacobian eigvals (gain·n^Tm/N): +2.3845  +3.0268
[s1_cont]  │  Wi: ||·||_F=68.831  per-channel=21.62 22.37 33.02 36.34 21.92 23.07 18.60
[s1_cont]  └──────────────────────────────────────────────────
[s1_cont] ────────────────────────────────────────────────────────────
[s1_cont]  STAGE: Dual   device=cuda:1   epochs=100
[s1_cont]  freeze recurrent cols: [0]
[s1_cont]  freeze input dims:     [0, 1, 2, 3, 4, 5, 6]
[s1_cont] ────────────────────────────────────────────────────────────
[s1_cont]  data: [516, 444, 7] → [516, 444, 2]
[s1_cont]  loss=separated  dpa_w=1.0  gng_w=1.0  go_w=1.0  nogo_w=2.0  aux_w=1.0  bl_w=1.0  go_hinge=None
Epoch 005/100 | lr: 0.01000 | train: 0.4371 | val: 0.4805
Epoch 010/100 | lr: 0.01000 | train: 0.4157 | val: 0.4544
Epoch 015/100 | lr: 0.01000 | train: 0.4158 | val: 0.4428
Epoch 020/100 | lr: 0.01000 | train: 0.3995 | val: 0.4516
Epoch 025/100 | lr: 0.01000 | train: 0.3751 | val: 0.4169
Epoch 030/100 | lr: 0.01000 | train: 0.3686 | val: 0.4102
Epoch 035/100 | lr: 0.01000 | train: 0.3566 | val: 0.3978
Epoch 040/100 | lr: 0.01000 | train: 0.3452 | val: 0.3898
Epoch 045/100 | lr: 0.01000 | train: 0.3347 | val: 0.3806
Epoch 050/100 | lr: 0.01000 | train: 0.3320 | val: 0.3660
Epoch 055/100 | lr: 0.01000 | train: 0.3166 | val: 0.3663
Epoch 060/100 | lr: 0.01000 | train: 0.3178 | val: 0.3503
Epoch 065/100 | lr: 0.01000 | train: 0.3040 | val: 0.3459
Epoch 070/100 | lr: 0.01000 | train: 0.2939 | val: 0.3399
Epoch 075/100 | lr: 0.01000 | train: 0.2991 | val: 0.3278
Epoch 080/100 | lr: 0.01000 | train: 0.2954 | val: 0.3201
Epoch 085/100 | lr: 0.01000 | train: 0.2752 | val: 0.3211
Epoch 090/100 | lr: 0.01000 | train: 0.2701 | val: 0.3190
Epoch 095/100 | lr: 0.01000 | train: 0.2677 | val: 0.3047
Epoch 100/100 | lr: 0.01000 | train: 0.2562 | val: 0.3003
[s1_cont]  loss components: {'dpa': 0.0751, 'gng': 0.1181, 'gng_go': 0.1082, 'gng_nogo': 0.0049, 'baseline': 0.0255, 'aux': 0.0198}
[s1_cont]   after Dual: dpa=0.997 (pair=0.994 unpair=1.000)  gng=1.000 (go=1.000 nogo=1.000)
[s1_cont]  Dual done in 751.5s  final train=0.2562  val=0.3003  dpa=0.997  gng=1.000
[s1_cont]  ┌── params: after Dual
[s1_cont]  │  rank 0: ||m||=38.840  ||n||=39.423  corr(m,n)=+0.811
[s1_cont]  │  rank 1: ||m||=37.296  ||n||=97.098  corr(m,n)=+0.480
[s1_cont]  │  κ-Jacobian eigvals (gain·n^Tm/N): +2.4064  +3.4146
[s1_cont]  │  Wi: ||·||_F=68.831  per-channel=21.62 22.37 33.02 36.34 21.92 23.07 18.60
[s1_cont]  └──────────────────────────────────────────────────
[s1_cont] ════════════════════════════════════════════════════════════
[s1_cont]  RUN COMPLETE  2026-06-09 01:27:13  total=754.4s
[s1_cont]  ACCURACY SUMMARY
[s1_cont]    after DPA : dpa=0.998  gng=0.494
[s1_cont]    after GNG : dpa=0.993  gng=0.999
[s1_cont]    after Dual: dpa=0.997  gng=1.000  dual_dpa=0.987  dual_gng=0.993
[s1_cont] ════════════════════════════════════════════════════════════
