[s0_nogo2] ════════════════════════════════════════════════════════════
[s0_nogo2]  RUN START  2026-06-08 17:37:13
[s0_nogo2]  run_id=s0_nogo2  seed=0  device=cuda:0
[s0_nogo2]  arch:  hidden=512  rank=2  gain=1.0  input_size=7  params=6,144
[s0_nogo2]  task:  cue_on_go=True  rwd=True  rwd_scale=1.0  freeze_input_stages=['dual']  init=random
[s0_nogo2]  dynamics: alpha=0.0750  alpha_rec=0.1000  dt=0.0225  tau=0.3  tau_rec_frac=0.75
[s0_nogo2]  noise:  input_sigma=0.3732 (×1.0)  model_sigma=0.0000 (×0.0)
[s0_nogo2]  optim:  lr=0.01  wd=0.01  batch=64  n_batch=516  clip=None
[s0_nogo2]  epochs: dpa=100  gng=100  dual=100  loss=separated
[s0_nogo2]  shapes: m[512, 2]  n[512, 2]  Wi[512, 7]
[s0_nogo2]  ┌── params: init
[s0_nogo2]  │  rank 0: ||m||=22.187  ||n||=22.116  corr(m,n)=-0.011
[s0_nogo2]  │  rank 1: ||m||=22.375  ||n||=22.846  corr(m,n)=+0.037
[s0_nogo2]  │  κ-Jacobian eigvals (gain·n^Tm/N): +0.0132+0.0342j  +0.0132-0.0342j
[s0_nogo2]  │  Wi: ||·||_F=59.379  per-channel=22.21 22.79 22.15 22.73 21.77 21.92 23.48
[s0_nogo2]  └──────────────────────────────────────────────────
[s0_nogo2] ────────────────────────────────────────────────────────────
[s0_nogo2]  STAGE: DPA   device=cuda:0   epochs=100
[s0_nogo2] ────────────────────────────────────────────────────────────
[s0_nogo2]  data: [516, 444, 7] → [516, 444, 2]
Epoch 005/100 | lr: 0.01000 | train: 1.9677 | val: 1.9398
Epoch 010/100 | lr: 0.01000 | train: 1.4491 | val: 1.2683
Epoch 015/100 | lr: 0.01000 | train: 1.0091 | val: 0.9811
Epoch 020/100 | lr: 0.01000 | train: 0.9269 | val: 0.8851
Epoch 025/100 | lr: 0.01000 | train: 0.7996 | val: 0.7489
Epoch 030/100 | lr: 0.01000 | train: 0.5947 | val: 0.5777
Epoch 035/100 | lr: 0.01000 | train: 0.4176 | val: 0.4668
Epoch 040/100 | lr: 0.01000 | train: 0.3649 | val: 0.4487
Epoch 045/100 | lr: 0.01000 | train: 0.3151 | val: 0.3513
Epoch 050/100 | lr: 0.01000 | train: 0.2611 | val: 0.4020
Epoch 055/100 | lr: 0.01000 | train: 0.2312 | val: 0.3494
Epoch 060/100 | lr: 0.01000 | train: 0.1976 | val: 0.2720
Epoch 065/100 | lr: 0.01000 | train: 0.1772 | val: 0.2882
Epoch 070/100 | lr: 0.01000 | train: 0.1612 | val: 0.2223
Epoch 075/100 | lr: 0.00500 | train: 0.1421 | val: 0.2004
Epoch 080/100 | lr: 0.00500 | train: 0.1195 | val: 0.1873
Epoch 085/100 | lr: 0.00500 | train: 0.1078 | val: 0.2217
Epoch 090/100 | lr: 0.00500 | train: 0.1019 | val: 0.1464
Epoch 095/100 | lr: 0.00250 | train: 0.0897 | val: 0.1973
Epoch 100/100 | lr: 0.00125 | train: 0.0847 | val: 0.1660
[s0_nogo2]   after DPA: dpa=0.990 (pair=1.000 unpair=0.980)  gng=0.512 (go=0.419 nogo=0.609)
[s0_nogo2]  DPA done in 998.0s  final train=0.0847  val=0.1660  dpa=0.990  gng=0.512
[s0_nogo2]  ┌── params: after DPA
[s0_nogo2]  │  rank 0: ||m||=35.580  ||n||=38.130  corr(m,n)=+0.813
[s0_nogo2]  │  rank 1: ||m||=31.731  ||n||=50.641  corr(m,n)=+0.821
[s0_nogo2]  │  κ-Jacobian eigvals (gain·n^Tm/N): +2.1568  +2.5730
[s0_nogo2]  │  Wi: ||·||_F=57.027  per-channel=20.22 19.20 33.02 30.97 12.10 10.74 12.77
[s0_nogo2]  └──────────────────────────────────────────────────
[s0_nogo2] ────────────────────────────────────────────────────────────
[s0_nogo2]  STAGE: GNG   device=cuda:0   epochs=100
[s0_nogo2]  freeze recurrent cols: [0]
[s0_nogo2]  freeze input dims:     [0, 1, 2, 3, 6]
[s0_nogo2] ────────────────────────────────────────────────────────────
[s0_nogo2]  data: [516, 266, 7] → [516, 266, 2]
Epoch 005/100 | lr: 0.01000 | train: 0.2001 | val: 0.2424
Epoch 010/100 | lr: 0.01000 | train: 0.1255 | val: 0.1737
Epoch 015/100 | lr: 0.01000 | train: 0.0985 | val: 0.1387
Epoch 020/100 | lr: 0.01000 | train: 0.0774 | val: 0.1141
Stopping: losses below 0.1.
[s0_nogo2]   after GNG: dpa=0.989 (pair=1.000 unpair=0.979)  gng=0.999 (go=1.000 nogo=0.998)
[s0_nogo2]  GNG done in 137.6s  final train=0.0653  val=0.0989  dpa=0.989  gng=0.999
[s0_nogo2]  ┌── params: after GNG
[s0_nogo2]  │  rank 0: ||m||=35.580  ||n||=38.130  corr(m,n)=+0.813
[s0_nogo2]  │  rank 1: ||m||=29.834  ||n||=49.939  corr(m,n)=+0.769
[s0_nogo2]  │  κ-Jacobian eigvals (gain·n^Tm/N): +2.0153  +2.3756
[s0_nogo2]  │  Wi: ||·||_F=58.163  per-channel=20.22 19.20 33.02 30.97 13.58 14.43 12.77
[s0_nogo2]  └──────────────────────────────────────────────────
[s0_nogo2] ────────────────────────────────────────────────────────────
[s0_nogo2]  STAGE: Dual   device=cuda:0   epochs=100
[s0_nogo2]  freeze recurrent cols: [0]
[s0_nogo2]  freeze input dims:     [0, 1, 2, 3, 4, 5, 6]
[s0_nogo2] ────────────────────────────────────────────────────────────
[s0_nogo2]  data: [516, 444, 7] → [516, 444, 2]
[s0_nogo2]  loss=separated  dpa_w=1.0  gng_w=1.0  go_w=1.0  nogo_w=2.0  aux_w=1.0  bl_w=1.0
Epoch 005/100 | lr: 0.01000 | train: 0.5399 | val: 0.5617
Epoch 010/100 | lr: 0.01000 | train: 0.4980 | val: 0.5130
Epoch 015/100 | lr: 0.01000 | train: 0.4657 | val: 0.4755
Epoch 020/100 | lr: 0.01000 | train: 0.4367 | val: 0.4361
Epoch 025/100 | lr: 0.01000 | train: 0.4041 | val: 0.4077
Epoch 030/100 | lr: 0.01000 | train: 0.3731 | val: 0.4096
Epoch 035/100 | lr: 0.01000 | train: 0.3536 | val: 0.3709
Epoch 040/100 | lr: 0.01000 | train: 0.3353 | val: 0.3558
Epoch 045/100 | lr: 0.01000 | train: 0.3233 | val: 0.3298
Epoch 050/100 | lr: 0.01000 | train: 0.3034 | val: 0.3207
Epoch 055/100 | lr: 0.01000 | train: 0.2792 | val: 0.3015
Epoch 060/100 | lr: 0.01000 | train: 0.2685 | val: 0.2833
Epoch 065/100 | lr: 0.01000 | train: 0.2559 | val: 0.2730
Epoch 070/100 | lr: 0.01000 | train: 0.2475 | val: 0.2664
Epoch 075/100 | lr: 0.01000 | train: 0.2369 | val: 0.2574
Epoch 080/100 | lr: 0.01000 | train: 0.2239 | val: 0.2384
Epoch 085/100 | lr: 0.01000 | train: 0.2185 | val: 0.2359
Epoch 090/100 | lr: 0.01000 | train: 0.2101 | val: 0.2234
Epoch 095/100 | lr: 0.01000 | train: 0.2072 | val: 0.2164
Epoch 100/100 | lr: 0.01000 | train: 0.1925 | val: 0.2144
[s0_nogo2]  loss components: {'dpa': 0.1125, 'gng': 0.0475, 'gng_go': 0.0264, 'gng_nogo': 0.0105, 'baseline': 0.0188, 'aux': 0.0263}
[s0_nogo2]   after Dual: dpa=0.995 (pair=0.990 unpair=1.000)  gng=0.995 (go=0.990 nogo=1.000)
[s0_nogo2]  Dual done in 786.8s  final train=0.1925  val=0.2144  dpa=0.995  gng=0.995
[s0_nogo2]  ┌── params: after Dual
[s0_nogo2]  │  rank 0: ||m||=35.580  ||n||=38.130  corr(m,n)=+0.813
[s0_nogo2]  │  rank 1: ||m||=27.783  ||n||=66.500  corr(m,n)=+0.686
[s0_nogo2]  │  κ-Jacobian eigvals (gain·n^Tm/N): +2.1272  +2.5018
[s0_nogo2]  │  Wi: ||·||_F=58.163  per-channel=20.22 19.20 33.02 30.97 13.58 14.43 12.77
[s0_nogo2]  └──────────────────────────────────────────────────
[s0_nogo2] ════════════════════════════════════════════════════════════
[s0_nogo2]  RUN COMPLETE  2026-06-08 18:09:15  total=1926.4s
[s0_nogo2]  ACCURACY SUMMARY
[s0_nogo2]    after DPA : dpa=0.990  gng=0.512
[s0_nogo2]    after GNG : dpa=0.989  gng=0.999
[s0_nogo2]    after Dual: dpa=0.995  gng=0.995  dual_dpa=0.987  dual_gng=0.985
[s0_nogo2] ════════════════════════════════════════════════════════════
