[s9_goH1] ════════════════════════════════════════════════════════════
[s9_goH1]  RUN START  2026-06-08 18:36:42
[s9_goH1]  run_id=s9_goH1  seed=9  device=cuda:1
[s9_goH1]  arch:  hidden=512  rank=2  gain=1.0  input_size=7  params=6,144
[s9_goH1]  task:  cue_on_go=True  rwd=True  rwd_scale=1.0  freeze_input_stages=['dual']  init=random
[s9_goH1]  dynamics: alpha=0.0750  alpha_rec=0.1000  dt=0.0225  tau=0.3  tau_rec_frac=0.75
[s9_goH1]  noise:  input_sigma=0.3732 (×1.0)  model_sigma=0.0000 (×0.0)
[s9_goH1]  optim:  lr=0.01  wd=0.01  batch=64  n_batch=516  clip=None
[s9_goH1]  epochs: dpa=100  gng=100  dual=100  loss=separated
[s9_goH1]  shapes: m[512, 2]  n[512, 2]  Wi[512, 7]
[s9_goH1]  ┌── params: init
[s9_goH1]  │  rank 0: ||m||=23.029  ||n||=22.465  corr(m,n)=+0.028
[s9_goH1]  │  rank 1: ||m||=22.407  ||n||=23.814  corr(m,n)=+0.019
[s9_goH1]  │  κ-Jacobian eigvals (gain·n^Tm/N): +0.0303  +0.0176
[s9_goH1]  │  Wi: ||·||_F=60.662  per-channel=22.99 23.55 22.57 23.32 22.36 21.71 23.91
[s9_goH1]  └──────────────────────────────────────────────────
[s9_goH1] ────────────────────────────────────────────────────────────
[s9_goH1]  STAGE: DPA   device=cuda:1   epochs=100
[s9_goH1] ────────────────────────────────────────────────────────────
[s9_goH1]  data: [516, 444, 7] → [516, 444, 2]
Epoch 005/100 | lr: 0.01000 | train: 1.9718 | val: 1.9608
Epoch 010/100 | lr: 0.01000 | train: 1.4528 | val: 1.2708
Epoch 015/100 | lr: 0.01000 | train: 1.0271 | val: 1.0133
Epoch 020/100 | lr: 0.01000 | train: 0.9530 | val: 0.9453
Epoch 025/100 | lr: 0.01000 | train: 0.7961 | val: 0.7576
Epoch 030/100 | lr: 0.01000 | train: 0.4641 | val: 0.4659
Epoch 035/100 | lr: 0.01000 | train: 0.4474 | val: 0.4701
Epoch 040/100 | lr: 0.00500 | train: 0.4029 | val: 0.4297
Epoch 045/100 | lr: 0.00500 | train: 0.3590 | val: 0.4011
Epoch 050/100 | lr: 0.00500 | train: 0.3365 | val: 0.3768
Epoch 055/100 | lr: 0.00500 | train: 0.2995 | val: 0.3400
Epoch 060/100 | lr: 0.00500 | train: 0.2768 | val: 0.3073
Epoch 065/100 | lr: 0.00500 | train: 0.2609 | val: 0.3014
Epoch 070/100 | lr: 0.00250 | train: 0.2584 | val: 0.2812
Epoch 075/100 | lr: 0.00250 | train: 0.2381 | val: 0.2923
Epoch 080/100 | lr: 0.00125 | train: 0.2350 | val: 0.3005
Epoch 085/100 | lr: 0.00063 | train: 0.2272 | val: 0.2922
Epoch 090/100 | lr: 0.00031 | train: 0.2252 | val: 0.2982
Epoch 095/100 | lr: 0.00031 | train: 0.2235 | val: 0.3078
Epoch 100/100 | lr: 0.00016 | train: 0.2228 | val: 0.3100
[s9_goH1]   after DPA: dpa=0.988 (pair=0.994 unpair=0.981)  gng=0.529 (go=0.320 nogo=0.731)
[s9_goH1]  DPA done in 870.9s  final train=0.2228  val=0.3100  dpa=0.988  gng=0.529
[s9_goH1]  ┌── params: after DPA
[s9_goH1]  │  rank 0: ||m||=34.179  ||n||=34.115  corr(m,n)=+0.773
[s9_goH1]  │  rank 1: ||m||=42.669  ||n||=40.263  corr(m,n)=+0.803
[s9_goH1]  │  κ-Jacobian eigvals (gain·n^Tm/N): +2.2273+0.5308j  +2.2273-0.5308j
[s9_goH1]  │  Wi: ||·||_F=51.904  per-channel=14.51 16.77 31.23 25.27 14.05 11.94 15.75
[s9_goH1]  └──────────────────────────────────────────────────
[s9_goH1] ────────────────────────────────────────────────────────────
[s9_goH1]  STAGE: GNG   device=cuda:1   epochs=100
[s9_goH1]  freeze recurrent cols: [0]
[s9_goH1]  freeze input dims:     [0, 1, 2, 3, 6]
[s9_goH1] ────────────────────────────────────────────────────────────
[s9_goH1]  data: [516, 266, 7] → [516, 266, 2]
Epoch 005/100 | lr: 0.01000 | train: 0.2972 | val: 0.2369
Epoch 010/100 | lr: 0.01000 | train: 0.1512 | val: 0.1306
Stopping: losses below 0.1.
[s9_goH1]   after GNG: dpa=0.773 (pair=0.791 unpair=0.757)  gng=0.997 (go=1.000 nogo=0.994)
[s9_goH1]  GNG done in 76.3s  final train=0.0976  val=0.0929  dpa=0.773  gng=0.997
[s9_goH1]  ┌── params: after GNG
[s9_goH1]  │  rank 0: ||m||=34.179  ||n||=34.115  corr(m,n)=+0.773
[s9_goH1]  │  rank 1: ||m||=37.591  ||n||=40.887  corr(m,n)=+0.832
[s9_goH1]  │  κ-Jacobian eigvals (gain·n^Tm/N): +2.1279+0.3991j  +2.1279-0.3991j
[s9_goH1]  │  Wi: ||·||_F=52.927  per-channel=14.51 16.77 31.23 25.27 15.24 14.66 15.75
[s9_goH1]  └──────────────────────────────────────────────────
[s9_goH1] ────────────────────────────────────────────────────────────
[s9_goH1]  STAGE: Dual   device=cuda:1   epochs=100
[s9_goH1]  freeze recurrent cols: [0]
[s9_goH1]  freeze input dims:     [0, 1, 2, 3, 4, 5, 6]
[s9_goH1] ────────────────────────────────────────────────────────────
[s9_goH1]  data: [516, 444, 7] → [516, 444, 2]
[s9_goH1]  loss=separated  dpa_w=1.0  gng_w=1.0  go_w=1.0  nogo_w=2.0  aux_w=1.0  bl_w=1.0  go_hinge=1.0
Epoch 005/100 | lr: 0.01000 | train: 0.9133 | val: 0.9672
Epoch 010/100 | lr: 0.01000 | train: 0.8236 | val: 0.9037
Epoch 015/100 | lr: 0.01000 | train: 0.7970 | val: 0.8672
Epoch 020/100 | lr: 0.01000 | train: 0.7584 | val: 0.8500
Epoch 025/100 | lr: 0.01000 | train: 0.7388 | val: 0.8450
Epoch 030/100 | lr: 0.01000 | train: 0.7177 | val: 0.8303
Epoch 035/100 | lr: 0.01000 | train: 0.7089 | val: 0.8211
Epoch 040/100 | lr: 0.01000 | train: 0.7072 | val: 0.8171
Epoch 045/100 | lr: 0.01000 | train: 0.6858 | val: 0.8010
Epoch 050/100 | lr: 0.01000 | train: 0.6831 | val: 0.7994
Epoch 055/100 | lr: 0.01000 | train: 0.6964 | val: 0.7800
Epoch 060/100 | lr: 0.01000 | train: 0.6654 | val: 0.7750
Epoch 065/100 | lr: 0.01000 | train: 0.6742 | val: 0.7679
Epoch 070/100 | lr: 0.01000 | train: 0.6423 | val: 0.7594
Epoch 075/100 | lr: 0.01000 | train: 0.6481 | val: 0.7426
Epoch 080/100 | lr: 0.01000 | train: 0.6429 | val: 0.7315
Epoch 085/100 | lr: 0.01000 | train: 0.6266 | val: 0.7378
Epoch 090/100 | lr: 0.01000 | train: 0.6142 | val: 0.7206
Epoch 095/100 | lr: 0.01000 | train: 0.6036 | val: 0.7143
Epoch 100/100 | lr: 0.01000 | train: 0.5960 | val: 0.7019
[s9_goH1]  loss components: {'dpa': 0.4712, 'gng': 0.0734, 'gng_go': 0.0344, 'gng_nogo': 0.0195, 'baseline': 0.0112, 'aux': 0.0194}
[s9_goH1]   after Dual: dpa=0.978 (pair=0.970 unpair=0.985)  gng=1.000 (go=1.000 nogo=1.000)
[s9_goH1]  Dual done in 807.5s  final train=0.5960  val=0.7019  dpa=0.978  gng=1.000
[s9_goH1]  ┌── params: after Dual
[s9_goH1]  │  rank 0: ||m||=34.179  ||n||=34.115  corr(m,n)=+0.773
[s9_goH1]  │  rank 1: ||m||=30.281  ||n||=47.285  corr(m,n)=+0.729
[s9_goH1]  │  κ-Jacobian eigvals (gain·n^Tm/N): +1.8992+0.3188j  +1.8992-0.3188j
[s9_goH1]  │  Wi: ||·||_F=52.927  per-channel=14.51 16.77 31.23 25.27 15.24 14.66 15.75
[s9_goH1]  └──────────────────────────────────────────────────
[s9_goH1] ════════════════════════════════════════════════════════════
[s9_goH1]  RUN COMPLETE  2026-06-08 19:05:56  total=1756.9s
[s9_goH1]  ACCURACY SUMMARY
[s9_goH1]    after DPA : dpa=0.988  gng=0.529
[s9_goH1]    after GNG : dpa=0.773  gng=0.997
[s9_goH1]    after Dual: dpa=0.978  gng=1.000  dual_dpa=0.882  dual_gng=0.972
[s9_goH1] ════════════════════════════════════════════════════════════
