[s4_random] ════════════════════════════════════════════════════════════
[s4_random]  RUN START  2026-06-04 23:34:38
[s4_random]  run_id=s4_random  seed=4  device=cuda:1
[s4_random]  arch:  hidden=512  rank=2  gain=2.0  input_size=7  params=6,144
[s4_random]  task:  cue_on_go=True  rwd=True  freeze_input_stages=['gng', 'dual']  init=random
[s4_random]  dynamics: alpha=0.0750  alpha_rec=0.1000  dt=0.0225  tau=0.3  tau_rec_frac=0.75
[s4_random]  noise:  input_sigma=0.1866 (×0.5)  model_sigma=0.0000 (×0.0)
[s4_random]  optim:  lr=0.01  wd=0.01  batch=64  n_batch=516  clip=1.0
[s4_random]  epochs: dpa=100  gng=100  dual=100  loss=separated
[s4_random]  shapes: m[512, 2]  n[512, 2]  Wi[512, 7]
[s4_random]  ┌── params: init
[s4_random]  │  rank 0: ||m||=22.881  ||n||=22.605  corr(m,n)=+0.032
[s4_random]  │  rank 1: ||m||=21.856  ||n||=21.161  corr(m,n)=-0.015
[s4_random]  │  κ-Jacobian eigvals (gain·n^Tm/N): +0.0565  -0.0179
[s4_random]  │  Wi: ||·||_F=59.728  per-channel=22.05 23.03 22.37 22.64 22.42 22.96 22.55
[s4_random]  └──────────────────────────────────────────────────
[s4_random] ────────────────────────────────────────────────────────────
[s4_random]  STAGE: DPA   device=cuda:1   epochs=100
[s4_random] ────────────────────────────────────────────────────────────
[s4_random]  data: [516, 444, 7] → [516, 444, 2]
Epoch 005/100 | lr: 0.01000 | train: 1.6892 | val: 1.4961
Epoch 010/100 | lr: 0.01000 | train: 1.0852 | val: 1.0631
Epoch 015/100 | lr: 0.01000 | train: 0.9510 | val: 0.9225
Epoch 020/100 | lr: 0.01000 | train: 0.6246 | val: 0.5538
Epoch 025/100 | lr: 0.01000 | train: 0.4185 | val: 0.5478
Epoch 030/100 | lr: 0.01000 | train: 0.3349 | val: 0.3110
Epoch 035/100 | lr: 0.01000 | train: 0.3138 | val: 0.3038
Epoch 040/100 | lr: 0.01000 | train: 0.2197 | val: 0.2208
Epoch 045/100 | lr: 0.01000 | train: 0.1910 | val: 0.1950
Epoch 050/100 | lr: 0.01000 | train: 0.2202 | val: 0.5368
Epoch 055/100 | lr: 0.01000 | train: 0.2317 | val: 0.1292
Epoch 060/100 | lr: 0.01000 | train: 0.1409 | val: 0.1241
Epoch 065/100 | lr: 0.01000 | train: 0.1930 | val: 0.0881
Epoch 070/100 | lr: 0.01000 | train: 0.0750 | val: 0.0687
Epoch 075/100 | lr: 0.01000 | train: 0.0683 | val: 0.1378
Epoch 080/100 | lr: 0.00500 | train: 0.0629 | val: 0.0604
Epoch 085/100 | lr: 0.00500 | train: 0.0499 | val: 0.0555
Epoch 090/100 | lr: 0.00500 | train: 0.0459 | val: 0.0482
Epoch 095/100 | lr: 0.00500 | train: 0.0591 | val: 0.0443
Epoch 100/100 | lr: 0.00250 | train: 0.0470 | val: 0.0462
[s4_random]   after DPA: dpa=1.000  gng=0.439
[s4_random]  DPA done in 711.9s  final train=0.0470  val=0.0462  dpa=1.000  gng=0.439
[s4_random]  ┌── params: after DPA
[s4_random]  │  rank 0: ||m||=20.783  ||n||=36.042  corr(m,n)=+0.614
[s4_random]  │  rank 1: ||m||=22.573  ||n||=38.906  corr(m,n)=+0.780
[s4_random]  │  κ-Jacobian eigvals (gain·n^Tm/N): +1.9062  +2.5641
[s4_random]  │  Wi: ||·||_F=73.601  per-channel=25.36 25.50 39.15 39.17 18.28 19.34 18.66
[s4_random]  └──────────────────────────────────────────────────
[s4_random] ────────────────────────────────────────────────────────────
[s4_random]  STAGE: GNG   device=cuda:1   epochs=100
[s4_random]  freeze recurrent cols: [0]
[s4_random]  freeze input dims:     [0, 1, 2, 3, 4, 5, 6]
[s4_random] ────────────────────────────────────────────────────────────
[s4_random]  data: [516, 266, 7] → [516, 266, 2]
Epoch 005/100 | lr: 0.01000 | train: 0.8153 | val: 0.8039
Epoch 010/100 | lr: 0.01000 | train: 0.4440 | val: 0.4403
Epoch 015/100 | lr: 0.01000 | train: 0.3429 | val: 0.3547
Epoch 020/100 | lr: 0.01000 | train: 0.2964 | val: 0.3056
Epoch 025/100 | lr: 0.01000 | train: 0.2634 | val: 0.2714
Epoch 030/100 | lr: 0.01000 | train: 0.2401 | val: 0.2474
Epoch 035/100 | lr: 0.01000 | train: 0.2207 | val: 0.2283
Epoch 040/100 | lr: 0.01000 | train: 0.2024 | val: 0.2100
Epoch 045/100 | lr: 0.01000 | train: 0.1904 | val: 0.1962
Epoch 050/100 | lr: 0.01000 | train: 0.1779 | val: 0.1845
Epoch 055/100 | lr: 0.01000 | train: 0.1666 | val: 0.1738
Epoch 060/100 | lr: 0.01000 | train: 0.1574 | val: 0.1644
Epoch 065/100 | lr: 0.01000 | train: 0.1495 | val: 0.1565
Epoch 070/100 | lr: 0.01000 | train: 0.1425 | val: 0.1493
Epoch 075/100 | lr: 0.01000 | train: 0.1367 | val: 0.1432
Epoch 080/100 | lr: 0.01000 | train: 0.1307 | val: 0.1376
Epoch 085/100 | lr: 0.01000 | train: 0.1269 | val: 0.1331
Epoch 090/100 | lr: 0.01000 | train: 0.1229 | val: 0.1288
Epoch 095/100 | lr: 0.01000 | train: 0.1191 | val: 0.1249
Epoch 100/100 | lr: 0.01000 | train: 0.1157 | val: 0.1212
[s4_random]   after GNG: dpa=1.000  gng=1.000
[s4_random]  GNG done in 446.7s  final train=0.1157  val=0.1212  dpa=1.000  gng=1.000
[s4_random]  ┌── params: after GNG
[s4_random]  │  rank 0: ||m||=20.783  ||n||=36.042  corr(m,n)=+0.614
[s4_random]  │  rank 1: ||m||=21.050  ||n||=46.357  corr(m,n)=+0.510
[s4_random]  │  κ-Jacobian eigvals (gain·n^Tm/N): +1.8692+0.3056j  +1.8692-0.3056j
[s4_random]  │  Wi: ||·||_F=73.601  per-channel=25.36 25.50 39.15 39.17 18.28 19.34 18.66
[s4_random]  └──────────────────────────────────────────────────
[s4_random] ────────────────────────────────────────────────────────────
[s4_random]  STAGE: Dual   device=cuda:1   epochs=100
[s4_random]  freeze input dims:     [0, 1, 2, 3, 4, 5, 6]
[s4_random] ────────────────────────────────────────────────────────────
[s4_random]  data: [516, 444, 7] → [516, 444, 2]
[s4_random]  loss=separated  dpa_w=1.0  gng_w=1.0  aux_w=1.0  bl_w=1.0
Epoch 005/100 | lr: 0.01000 | train: 0.3506 | val: 0.3751
Epoch 010/100 | lr: 0.01000 | train: 0.3172 | val: 0.2996
Epoch 015/100 | lr: 0.01000 | train: 0.2742 | val: 0.2710
Epoch 020/100 | lr: 0.01000 | train: 0.2272 | val: 0.2234
Epoch 025/100 | lr: 0.01000 | train: 0.2047 | val: 0.1995
Epoch 030/100 | lr: 0.01000 | train: 0.1791 | val: 0.1815
Epoch 035/100 | lr: 0.01000 | train: 0.1604 | val: 0.1589
Epoch 040/100 | lr: 0.01000 | train: 0.1404 | val: 0.1394
Epoch 045/100 | lr: 0.01000 | train: 0.1236 | val: 0.1229
Epoch 050/100 | lr: 0.01000 | train: 0.1116 | val: 0.1109
Epoch 055/100 | lr: 0.01000 | train: 0.1018 | val: 0.1002
Epoch 060/100 | lr: 0.01000 | train: 0.0926 | val: 0.0922
Epoch 065/100 | lr: 0.01000 | train: 0.0854 | val: 0.0847
Epoch 070/100 | lr: 0.01000 | train: 0.0793 | val: 0.0791
Epoch 075/100 | lr: 0.01000 | train: 0.0735 | val: 0.0730
Epoch 080/100 | lr: 0.01000 | train: 0.0699 | val: 0.0722
Epoch 085/100 | lr: 0.01000 | train: 0.0668 | val: 0.0649
Epoch 090/100 | lr: 0.01000 | train: 0.0615 | val: 0.0617
Epoch 095/100 | lr: 0.01000 | train: 0.0583 | val: 0.0601
Epoch 100/100 | lr: 0.01000 | train: 0.0561 | val: 0.0570
[s4_random]  loss components: {'dpa': 0.0104, 'gng': 0.0378, 'baseline': 0.0083, 'aux': 0.0055}
[s4_random]   after Dual: dpa=1.000  gng=1.000
[s4_random]  Dual done in 727.2s  final train=0.0561  val=0.0570  dpa=1.000  gng=1.000
[s4_random]  ┌── params: after Dual
[s4_random]  │  rank 0: ||m||=26.430  ||n||=35.047  corr(m,n)=+0.526
[s4_random]  │  rank 1: ||m||=17.157  ||n||=60.228  corr(m,n)=+0.507
[s4_random]  │  κ-Jacobian eigvals (gain·n^Tm/N): +1.8377  +2.1095
[s4_random]  │  Wi: ||·||_F=73.601  per-channel=25.36 25.50 39.15 39.17 18.28 19.34 18.66
[s4_random]  └──────────────────────────────────────────────────
[s4_random] ════════════════════════════════════════════════════════════
[s4_random]  RUN COMPLETE  2026-06-05 00:06:04  total=1887.8s
[s4_random]  ACCURACY SUMMARY
[s4_random]    after DPA : dpa=1.000  gng=0.439
[s4_random]    after GNG : dpa=1.000  gng=1.000
[s4_random]    after Dual: dpa=1.000  gng=1.000  dual_dpa=1.000  dual_gng=0.997
[s4_random] ════════════════════════════════════════════════════════════
