[s2_lif] ════════════════════════════════════════════════════════════
[s2_lif]  RUN START  2026-06-09 17:19:33
[s2_lif]  run_id=s2_lif  seed=2  device=cuda:0
[s2_lif]  arch:  hidden=512  rank=2  gain=3.0  input_size=7  params=6,144
[s2_lif]  task:  cue_on_go=True  rwd=True  rwd_scale=1.0  freeze_input_stages=['gng', 'dual']  init=random
[s2_lif]  dynamics: alpha=0.0750  alpha_rec=0.1000  dt=0.0225  tau=0.3  tau_rec_frac=0.75
[s2_lif]  noise:  input_sigma=0.3732 (×1.0)  model_sigma=0.0000 (×0.0)
[s2_lif]  optim:  lr=0.01  wd=0.01  batch=64  n_batch=516  clip=None
[s2_lif]  epochs: dpa=100  gng=100  dual=200  loss=separated
[s2_lif]  shapes: m[512, 2]  n[512, 2]  Wi[512, 7]
[s2_lif]  ┌── params: init
[s2_lif]  │  rank 0: ||m||=22.730  ||n||=22.312  corr(m,n)=+0.023
[s2_lif]  │  rank 1: ||m||=22.626  ||n||=22.176  corr(m,n)=-0.024
[s2_lif]  │  κ-Jacobian eigvals (gain·n^Tm/N): +0.1035  -0.1059
[s2_lif]  │  Wi: ||·||_F=58.692  per-channel=22.57 21.62 22.94 22.02 22.37 21.28 22.45
[s2_lif]  └──────────────────────────────────────────────────
[s2_lif] ────────────────────────────────────────────────────────────
[s2_lif]  STAGE: DPA   device=cuda:0   epochs=100
[s2_lif]  freeze input dims:     [4, 5]
[s2_lif] ────────────────────────────────────────────────────────────
[s2_lif]  data: [516, 444, 7] → [516, 444, 2]
Epoch 005/100 | lr: 0.01000 | train: 1.9911 | val: 1.9936
Epoch 010/100 | lr: 0.01000 | train: 1.9701 | val: 1.9722
Epoch 015/100 | lr: 0.01000 | train: 1.8480 | val: 1.7963
Epoch 020/100 | lr: 0.01000 | train: 1.2731 | val: 1.3250
Epoch 025/100 | lr: 0.01000 | train: 1.1713 | val: 1.1980
Epoch 030/100 | lr: 0.01000 | train: 1.0824 | val: 1.1206
Epoch 035/100 | lr: 0.01000 | train: 1.0263 | val: 1.0740
Epoch 040/100 | lr: 0.01000 | train: 1.0224 | val: 1.0696
Epoch 045/100 | lr: 0.01000 | train: 0.9612 | val: 1.0198
Epoch 050/100 | lr: 0.01000 | train: 0.9277 | val: 0.9865
Epoch 055/100 | lr: 0.01000 | train: 0.8954 | val: 0.9527
Epoch 060/100 | lr: 0.01000 | train: 0.8594 | val: 0.9044
Epoch 065/100 | lr: 0.01000 | train: 0.8035 | val: 0.8439
Epoch 070/100 | lr: 0.01000 | train: 0.7417 | val: 0.7801
Epoch 075/100 | lr: 0.01000 | train: 0.6983 | val: 0.7192
Epoch 080/100 | lr: 0.01000 | train: 0.6463 | val: 0.6826
Epoch 085/100 | lr: 0.01000 | train: 0.6009 | val: 0.6310
Epoch 090/100 | lr: 0.01000 | train: 0.5637 | val: 0.5835
Epoch 095/100 | lr: 0.01000 | train: 0.5440 | val: 0.5646
Epoch 100/100 | lr: 0.01000 | train: 0.5241 | val: 0.5279
[s2_lif]   after DPA: dpa=0.990 (pair=0.983 unpair=0.998)  gng=0.519 (go=0.000 nogo=1.000)
[s2_lif]  DPA done in 736.7s  final train=0.5241  val=0.5279  dpa=0.990  gng=0.519
[s2_lif]  ┌── params: after DPA
[s2_lif]  │  rank 0: ||m||=45.365  ||n||=49.980  corr(m,n)=+0.902
[s2_lif]  │  rank 1: ||m||=55.588  ||n||=45.453  corr(m,n)=+0.877
[s2_lif]  │  κ-Jacobian eigvals (gain·n^Tm/N): +11.9313  +13.0232
[s2_lif]  │  Wi: ||·||_F=62.890  per-channel=22.46 23.55 26.16 34.05 22.37 21.28 9.96
[s2_lif]  └──────────────────────────────────────────────────
[s2_lif] ────────────────────────────────────────────────────────────
[s2_lif]  STAGE: GNG   device=cuda:0   epochs=100
[s2_lif]  freeze recurrent cols: [0]
[s2_lif]  freeze input dims:     [0, 1, 2, 3, 4, 5, 6]
[s2_lif] ────────────────────────────────────────────────────────────
[s2_lif]  data: [516, 266, 7] → [516, 266, 2]
Epoch 005/100 | lr: 0.01000 | train: 1.6620 | val: 1.6066
Epoch 010/100 | lr: 0.01000 | train: 1.4018 | val: 1.3207
Epoch 015/100 | lr: 0.01000 | train: 1.1885 | val: 1.1216
Epoch 020/100 | lr: 0.01000 | train: 0.9848 | val: 0.9340
Epoch 025/100 | lr: 0.01000 | train: 0.8209 | val: 0.7686
Epoch 030/100 | lr: 0.01000 | train: 0.6791 | val: 0.6398
Epoch 035/100 | lr: 0.01000 | train: 0.5773 | val: 0.5459
Epoch 040/100 | lr: 0.01000 | train: 0.4974 | val: 0.4723
Epoch 045/100 | lr: 0.01000 | train: 0.4366 | val: 0.4192
Epoch 050/100 | lr: 0.01000 | train: 0.3919 | val: 0.3869
Epoch 055/100 | lr: 0.01000 | train: 0.3646 | val: 0.3415
Epoch 060/100 | lr: 0.01000 | train: 0.3235 | val: 0.3157
Epoch 065/100 | lr: 0.01000 | train: 0.2929 | val: 0.2922
Epoch 070/100 | lr: 0.01000 | train: 0.2688 | val: 0.2553
Epoch 075/100 | lr: 0.01000 | train: 0.2449 | val: 0.2955
Epoch 080/100 | lr: 0.01000 | train: 0.2187 | val: 0.2072
Epoch 085/100 | lr: 0.01000 | train: 0.1878 | val: 0.1841
Epoch 090/100 | lr: 0.01000 | train: 0.1697 | val: 0.1789
Epoch 095/100 | lr: 0.01000 | train: 0.1519 | val: 0.1612
Epoch 100/100 | lr: 0.01000 | train: 0.1381 | val: 0.1254
[s2_lif]   after GNG: dpa=0.558 (pair=0.792 unpair=0.329)  gng=0.870 (go=1.000 nogo=0.754)
[s2_lif]  GNG done in 308.5s  final train=0.1381  val=0.1254  dpa=0.558  gng=0.870
[s2_lif]  ┌── params: after GNG
[s2_lif]  │  rank 0: ||m||=45.365  ||n||=49.980  corr(m,n)=+0.902
[s2_lif]  │  rank 1: ||m||=70.846  ||n||=60.683  corr(m,n)=+0.802
[s2_lif]  │  κ-Jacobian eigvals (gain·n^Tm/N): +12.1711  +20.0111
[s2_lif]  │  Wi: ||·||_F=62.890  per-channel=22.46 23.55 26.16 34.05 22.37 21.28 9.96
[s2_lif]  └──────────────────────────────────────────────────
[s2_lif] ────────────────────────────────────────────────────────────
[s2_lif]  STAGE: Dual   device=cuda:0   epochs=200
[s2_lif]  freeze recurrent cols: [0]
[s2_lif]  freeze input dims:     [0, 1, 2, 3, 4, 5, 6]
[s2_lif] ────────────────────────────────────────────────────────────
[s2_lif]  data: [516, 444, 7] → [516, 444, 2]
[s2_lif]  loss=separated  dpa_w=1.0  gng_w=1.0  go_w=1.0  nogo_w=2.0  aux_w=1.0  bl_w=1.0  go_hinge=1.0
Epoch 005/200 | lr: 0.01000 | train: 1.7597 | val: 1.5470
Epoch 010/200 | lr: 0.01000 | train: 1.5447 | val: 1.4264
Epoch 015/200 | lr: 0.01000 | train: 1.4873 | val: 1.3439
Epoch 020/200 | lr: 0.01000 | train: 1.4195 | val: 1.2733
Epoch 025/200 | lr: 0.01000 | train: 1.3871 | val: 1.2472
Epoch 030/200 | lr: 0.01000 | train: 1.3559 | val: 1.2030
Epoch 035/200 | lr: 0.01000 | train: 1.3268 | val: 1.1984
Epoch 040/200 | lr: 0.01000 | train: 1.2925 | val: 1.1732
Epoch 045/200 | lr: 0.01000 | train: 1.2726 | val: 1.1482
Epoch 050/200 | lr: 0.01000 | train: 1.2478 | val: 1.1387
Epoch 055/200 | lr: 0.01000 | train: 1.2238 | val: 1.1291
Epoch 060/200 | lr: 0.01000 | train: 1.1998 | val: 1.1132
Epoch 065/200 | lr: 0.01000 | train: 1.1885 | val: 1.1207
Epoch 070/200 | lr: 0.01000 | train: 1.1612 | val: 1.0962
Epoch 075/200 | lr: 0.01000 | train: 1.1577 | val: 1.1099
Epoch 080/200 | lr: 0.01000 | train: 1.1307 | val: 1.0748
Epoch 085/200 | lr: 0.01000 | train: 1.1183 | val: 1.0589
Epoch 090/200 | lr: 0.01000 | train: 1.1031 | val: 1.0709
Epoch 095/200 | lr: 0.01000 | train: 1.1025 | val: 1.0982
Epoch 100/200 | lr: 0.01000 | train: 1.0797 | val: 1.0536
Epoch 105/200 | lr: 0.01000 | train: 1.0691 | val: 1.0649
Epoch 110/200 | lr: 0.01000 | train: 1.0630 | val: 1.0457
Epoch 115/200 | lr: 0.01000 | train: 1.0544 | val: 1.0563
Epoch 120/200 | lr: 0.01000 | train: 1.0456 | val: 1.0319
Epoch 125/200 | lr: 0.01000 | train: 1.0374 | val: 1.0057
Epoch 130/200 | lr: 0.01000 | train: 1.0476 | val: 0.9908
Epoch 135/200 | lr: 0.01000 | train: 1.0294 | val: 0.9863
Epoch 140/200 | lr: 0.01000 | train: 1.0164 | val: 1.0068
Epoch 145/200 | lr: 0.01000 | train: 1.0123 | val: 0.9751
Epoch 150/200 | lr: 0.01000 | train: 1.0163 | val: 0.9666
Epoch 155/200 | lr: 0.01000 | train: 0.9945 | val: 0.9799
Epoch 160/200 | lr: 0.01000 | train: 1.0001 | val: 0.9547
Epoch 165/200 | lr: 0.01000 | train: 0.9870 | val: 0.9801
Epoch 170/200 | lr: 0.01000 | train: 0.9787 | val: 0.9570
Epoch 175/200 | lr: 0.01000 | train: 0.9683 | val: 0.9387
Epoch 180/200 | lr: 0.01000 | train: 0.9680 | val: 0.9286
Epoch 185/200 | lr: 0.01000 | train: 0.9540 | val: 0.9395
Epoch 190/200 | lr: 0.01000 | train: 0.9596 | val: 0.9229
Epoch 195/200 | lr: 0.01000 | train: 0.9430 | val: 0.9024
Epoch 200/200 | lr: 0.01000 | train: 0.9337 | val: 0.8931
[s2_lif]  loss components: {'dpa': 0.7498, 'gng': 0.0843, 'gng_go': 0.0474, 'gng_nogo': 0.0185, 'baseline': 0.0079, 'aux': 0.0163}
[s2_lif]   after Dual: dpa=0.798 (pair=0.640 unpair=0.977)  gng=0.989 (go=0.978 nogo=1.000)
[s2_lif]  Dual done in 999.7s  final train=0.9337  val=0.8931  dpa=0.798  gng=0.989
[s2_lif]  ┌── params: after Dual
[s2_lif]  │  rank 0: ||m||=45.365  ||n||=49.980  corr(m,n)=+0.902
[s2_lif]  │  rank 1: ||m||=76.295  ||n||=68.784  corr(m,n)=+0.646
[s2_lif]  │  κ-Jacobian eigvals (gain·n^Tm/N): +12.5430  +19.3101
[s2_lif]  │  Wi: ||·||_F=62.890  per-channel=22.46 23.55 26.16 34.05 22.37 21.28 9.96
[s2_lif]  └──────────────────────────────────────────────────
[s2_lif] ════════════════════════════════════════════════════════════
[s2_lif]  RUN COMPLETE  2026-06-09 17:53:38  total=2045.9s
[s2_lif]  ACCURACY SUMMARY
[s2_lif]    after DPA : dpa=0.990  gng=0.519
[s2_lif]    after GNG : dpa=0.558  gng=0.870
[s2_lif]    after Dual: dpa=0.798  gng=0.989  dual_dpa=0.706  dual_gng=0.985
[s2_lif] ════════════════════════════════════════════════════════════
