[s7_cue2_nomnoise] ════════════════════════════════════════════════════════════
[s7_cue2_nomnoise]  RUN START  2026-06-08 14:31:22
[s7_cue2_nomnoise]  run_id=s7_cue2_nomnoise  seed=7  device=cuda:1
[s7_cue2_nomnoise]  arch:  hidden=512  rank=2  gain=1.0  input_size=7  params=6,144
[s7_cue2_nomnoise]  task:  cue_on_go=True  rwd=True  rwd_scale=1.0  freeze_input_stages=['dual']  init=random
[s7_cue2_nomnoise]  dynamics: alpha=0.0750  alpha_rec=0.1000  dt=0.0225  tau=0.3  tau_rec_frac=0.75
[s7_cue2_nomnoise]  noise:  input_sigma=0.3732 (×1.0)  model_sigma=0.0000 (×0.0)
[s7_cue2_nomnoise]  optim:  lr=0.01  wd=0.01  batch=64  n_batch=516  clip=None
[s7_cue2_nomnoise]  epochs: dpa=100  gng=100  dual=100  loss=separated
[s7_cue2_nomnoise]  shapes: m[512, 2]  n[512, 2]  Wi[512, 7]
[s7_cue2_nomnoise]  ┌── params: init
[s7_cue2_nomnoise]  │  rank 0: ||m||=23.340  ||n||=23.513  corr(m,n)=-0.046
[s7_cue2_nomnoise]  │  rank 1: ||m||=23.236  ||n||=22.508  corr(m,n)=-0.042
[s7_cue2_nomnoise]  │  κ-Jacobian eigvals (gain·n^Tm/N): -0.0464+0.0483j  -0.0464-0.0483j
[s7_cue2_nomnoise]  │  Wi: ||·||_F=60.688  per-channel=22.83 22.36 23.30 23.06 23.69 22.16 23.12
[s7_cue2_nomnoise]  └──────────────────────────────────────────────────
[s7_cue2_nomnoise] ────────────────────────────────────────────────────────────
[s7_cue2_nomnoise]  STAGE: DPA   device=cuda:1   epochs=100
[s7_cue2_nomnoise] ────────────────────────────────────────────────────────────
[s7_cue2_nomnoise]  data: [516, 444, 7] → [516, 444, 2]
Epoch 005/100 | lr: 0.01000 | train: 1.9709 | val: 1.9595
Epoch 010/100 | lr: 0.01000 | train: 1.4184 | val: 1.2988
Epoch 015/100 | lr: 0.01000 | train: 1.0324 | val: 1.0179
Epoch 020/100 | lr: 0.01000 | train: 0.9602 | val: 0.9511
Epoch 025/100 | lr: 0.01000 | train: 0.8730 | val: 0.8424
Epoch 030/100 | lr: 0.01000 | train: 0.6572 | val: 0.6191
Epoch 035/100 | lr: 0.01000 | train: 0.4691 | val: 0.4357
Epoch 040/100 | lr: 0.01000 | train: 0.3742 | val: 0.3501
Epoch 045/100 | lr: 0.01000 | train: 0.3163 | val: 0.3056
Epoch 050/100 | lr: 0.01000 | train: 0.2763 | val: 0.3171
Epoch 055/100 | lr: 0.01000 | train: 0.2509 | val: 0.2843
Epoch 060/100 | lr: 0.01000 | train: 0.2045 | val: 0.2046
Epoch 065/100 | lr: 0.01000 | train: 0.1673 | val: 0.1504
Epoch 070/100 | lr: 0.01000 | train: 0.1495 | val: 0.1555
Epoch 075/100 | lr: 0.01000 | train: 0.1388 | val: 0.1214
Epoch 080/100 | lr: 0.01000 | train: 0.0999 | val: 0.0938
Stopping: losses below 0.1.
[s7_cue2_nomnoise]   after DPA: dpa=0.998  gng=0.563
[s7_cue2_nomnoise]  DPA done in 689.2s  final train=0.0999  val=0.0938  dpa=0.998  gng=0.563
[s7_cue2_nomnoise]  ┌── params: after DPA
[s7_cue2_nomnoise]  │  rank 0: ||m||=35.168  ||n||=39.536  corr(m,n)=+0.828
[s7_cue2_nomnoise]  │  rank 1: ||m||=32.984  ||n||=49.236  corr(m,n)=+0.784
[s7_cue2_nomnoise]  │  κ-Jacobian eigvals (gain·n^Tm/N): +2.1608  +2.5766
[s7_cue2_nomnoise]  │  Wi: ||·||_F=58.097  per-channel=20.41 21.16 32.12 32.15 13.44 11.11 11.86
[s7_cue2_nomnoise]  └──────────────────────────────────────────────────
[s7_cue2_nomnoise] ────────────────────────────────────────────────────────────
[s7_cue2_nomnoise]  STAGE: GNG   device=cuda:1   epochs=100
[s7_cue2_nomnoise]  freeze recurrent cols: [0]
[s7_cue2_nomnoise]  freeze input dims:     [0, 1, 2, 3, 6]
[s7_cue2_nomnoise] ────────────────────────────────────────────────────────────
[s7_cue2_nomnoise]  data: [516, 266, 7] → [516, 266, 2]
Epoch 005/100 | lr: 0.01000 | train: 0.2371 | val: 0.2079
Epoch 010/100 | lr: 0.01000 | train: 0.1596 | val: 0.1436
Epoch 015/100 | lr: 0.01000 | train: 0.1192 | val: 0.1084
Stopping: losses below 0.1.
[s7_cue2_nomnoise]   after GNG: dpa=0.999  gng=0.999
[s7_cue2_nomnoise]  GNG done in 104.2s  final train=0.0974  val=0.0870  dpa=0.999  gng=0.999
[s7_cue2_nomnoise]  ┌── params: after GNG
[s7_cue2_nomnoise]  │  rank 0: ||m||=35.168  ||n||=39.536  corr(m,n)=+0.828
[s7_cue2_nomnoise]  │  rank 1: ||m||=32.209  ||n||=48.500  corr(m,n)=+0.738
[s7_cue2_nomnoise]  │  κ-Jacobian eigvals (gain·n^Tm/N): +2.1062  +2.3935
[s7_cue2_nomnoise]  │  Wi: ||·||_F=59.431  per-channel=20.41 21.16 32.12 32.15 15.22 15.15 11.86
[s7_cue2_nomnoise]  └──────────────────────────────────────────────────
[s7_cue2_nomnoise] ────────────────────────────────────────────────────────────
[s7_cue2_nomnoise]  STAGE: Dual   device=cuda:1   epochs=100
[s7_cue2_nomnoise]  freeze recurrent cols: [0]
[s7_cue2_nomnoise]  freeze input dims:     [0, 1, 2, 3, 4, 5, 6]
[s7_cue2_nomnoise] ────────────────────────────────────────────────────────────
[s7_cue2_nomnoise]  data: [516, 444, 7] → [516, 444, 2]
[s7_cue2_nomnoise]  loss=separated  dpa_w=1.0  gng_w=1.0  go_w=1.0  nogo_w=1.0  aux_w=1.0  bl_w=1.0
Epoch 005/100 | lr: 0.01000 | train: 0.5124 | val: 0.5684
Epoch 010/100 | lr: 0.01000 | train: 0.4709 | val: 0.5137
Epoch 015/100 | lr: 0.01000 | train: 0.4271 | val: 0.4748
Epoch 020/100 | lr: 0.01000 | train: 0.3883 | val: 0.4226
Epoch 025/100 | lr: 0.01000 | train: 0.3426 | val: 0.3977
Epoch 030/100 | lr: 0.01000 | train: 0.3203 | val: 0.3485
Epoch 035/100 | lr: 0.01000 | train: 0.2930 | val: 0.3360
Epoch 040/100 | lr: 0.01000 | train: 0.2664 | val: 0.3092
Epoch 045/100 | lr: 0.01000 | train: 0.2485 | val: 0.2838
Epoch 050/100 | lr: 0.01000 | train: 0.2318 | val: 0.2664
Epoch 055/100 | lr: 0.01000 | train: 0.2237 | val: 0.2510
Epoch 060/100 | lr: 0.01000 | train: 0.2117 | val: 0.2523
Epoch 065/100 | lr: 0.01000 | train: 0.1974 | val: 0.2230
Epoch 070/100 | lr: 0.01000 | train: 0.1832 | val: 0.2129
Epoch 075/100 | lr: 0.01000 | train: 0.1735 | val: 0.2106
Epoch 080/100 | lr: 0.01000 | train: 0.1682 | val: 0.1973
Epoch 085/100 | lr: 0.01000 | train: 0.1584 | val: 0.1931
Epoch 090/100 | lr: 0.01000 | train: 0.1610 | val: 0.1809
Epoch 095/100 | lr: 0.01000 | train: 0.1440 | val: 0.1815
Epoch 100/100 | lr: 0.01000 | train: 0.1422 | val: 0.1753
[s7_cue2_nomnoise]  loss components: {'dpa': 0.1007, 'gng': 0.0623, 'gng_go': 0.0475, 'gng_nogo': 0.0147, 'baseline': 0.013, 'aux': 0.0131}
[s7_cue2_nomnoise]   after Dual: dpa=0.990  gng=1.000
[s7_cue2_nomnoise]  Dual done in 865.6s  final train=0.1422  val=0.1753  dpa=0.990  gng=1.000
[s7_cue2_nomnoise]  ┌── params: after Dual
[s7_cue2_nomnoise]  │  rank 0: ||m||=35.168  ||n||=39.536  corr(m,n)=+0.828
[s7_cue2_nomnoise]  │  rank 1: ||m||=27.755  ||n||=69.561  corr(m,n)=+0.658
[s7_cue2_nomnoise]  │  κ-Jacobian eigvals (gain·n^Tm/N): +2.2001  +2.5306
[s7_cue2_nomnoise]  │  Wi: ||·||_F=59.431  per-channel=20.41 21.16 32.12 32.15 15.22 15.15 11.86
[s7_cue2_nomnoise]  └──────────────────────────────────────────────────
[s7_cue2_nomnoise] ════════════════════════════════════════════════════════════
[s7_cue2_nomnoise]  RUN COMPLETE  2026-06-08 14:59:01  total=1664.6s
[s7_cue2_nomnoise]  ACCURACY SUMMARY
[s7_cue2_nomnoise]    after DPA : dpa=0.998  gng=0.563
[s7_cue2_nomnoise]    after GNG : dpa=0.999  gng=0.999
[s7_cue2_nomnoise]    after Dual: dpa=0.990  gng=1.000  dual_dpa=0.995  dual_gng=0.999
[s7_cue2_nomnoise] ════════════════════════════════════════════════════════════
