[s4_cue5] ════════════════════════════════════════════════════════════
[s4_cue5]  RUN START  2026-06-09 03:37:06
[s4_cue5]  run_id=s4_cue5  seed=4  device=cuda:0
[s4_cue5]  arch:  hidden=512  rank=2  gain=1.0  input_size=7  params=6,144
[s4_cue5]  task:  cue_on_go=True  rwd=True  rwd_scale=1.0  freeze_input_stages=['gng', 'dual']  init=random
[s4_cue5]  dynamics: alpha=0.0750  alpha_rec=0.1000  dt=0.0225  tau=0.3  tau_rec_frac=0.75
[s4_cue5]  noise:  input_sigma=0.3732 (×1.0)  model_sigma=0.0000 (×0.0)
[s4_cue5]  optim:  lr=0.01  wd=0.01  batch=64  n_batch=516  clip=None
[s4_cue5]  epochs: dpa=100  gng=100  dual=100  loss=separated
[s4_cue5]  shapes: m[512, 2]  n[512, 2]  Wi[512, 7]
[s4_cue5]  ┌── params: init
[s4_cue5]  │  rank 0: ||m||=22.881  ||n||=22.605  corr(m,n)=+0.032
[s4_cue5]  │  rank 1: ||m||=21.856  ||n||=21.161  corr(m,n)=-0.015
[s4_cue5]  │  κ-Jacobian eigvals (gain·n^Tm/N): +0.0282  -0.0090
[s4_cue5]  │  Wi: ||·||_F=59.728  per-channel=22.05 23.03 22.37 22.64 22.42 22.96 22.55
[s4_cue5]  └──────────────────────────────────────────────────
[s4_cue5]  DPA: loading checkpoint from results/dual/sweep_hingeGNG/s4_hingeGNG/dpa_s4_hingeGNG.pth
[s4_cue5]   after DPA: dpa=0.999 (pair=0.998 unpair=1.000)  gng=0.523 (go=0.000 nogo=1.000)
[s4_cue5]  DPA done in 1.6s  (checkpoint)  dpa=0.999  gng=0.523
[s4_cue5]  ┌── params: after DPA
[s4_cue5]  │  rank 0: ||m||=39.303  ||n||=37.866  corr(m,n)=+0.793
[s4_cue5]  │  rank 1: ||m||=36.632  ||n||=45.877  corr(m,n)=+0.764
[s4_cue5]  │  κ-Jacobian eigvals (gain·n^Tm/N): +2.4062+0.5392j  +2.4062-0.5392j
[s4_cue5]  │  Wi: ||·||_F=71.080  per-channel=20.85 21.73 36.22 38.45 22.42 22.96 18.04
[s4_cue5]  └──────────────────────────────────────────────────
[s4_cue5]  GNG: loading checkpoint from results/dual/sweep_hingeGNG/s4_hingeGNG/naive_s4_hingeGNG.pth
[s4_cue5]   after GNG: dpa=0.762 (pair=0.843 unpair=0.679)  gng=0.494 (go=1.000 nogo=0.023)
[s4_cue5]  GNG done in 0.6s  (checkpoint)  dpa=0.762  gng=0.494
[s4_cue5]  ┌── params: after GNG
[s4_cue5]  │  rank 0: ||m||=39.303  ||n||=37.866  corr(m,n)=+0.793
[s4_cue5]  │  rank 1: ||m||=39.177  ||n||=51.640  corr(m,n)=+0.705
[s4_cue5]  │  κ-Jacobian eigvals (gain·n^Tm/N): +2.5460+0.5221j  +2.5460-0.5221j
[s4_cue5]  │  Wi: ||·||_F=71.080  per-channel=20.85 21.73 36.22 38.45 22.42 22.96 18.04
[s4_cue5]  └──────────────────────────────────────────────────
[s4_cue5] ────────────────────────────────────────────────────────────
[s4_cue5]  STAGE: Dual   device=cuda:0   epochs=100
[s4_cue5]  freeze recurrent cols: [0]
[s4_cue5]  freeze input dims:     [0, 1, 2, 3, 4, 5, 6]
[s4_cue5] ────────────────────────────────────────────────────────────
[s4_cue5]  data: [516, 444, 7] → [516, 444, 2]
[s4_cue5]  loss=separated  dpa_w=1.0  gng_w=1.0  go_w=1.0  nogo_w=2.0  aux_w=1.0  bl_w=1.0  go_hinge=1.0
Epoch 005/100 | lr: 0.01000 | train: 1.2946 | val: 1.2281
Epoch 010/100 | lr: 0.01000 | train: 1.1088 | val: 1.0661
Epoch 015/100 | lr: 0.01000 | train: 0.9943 | val: 0.9653
Epoch 020/100 | lr: 0.01000 | train: 0.9273 | val: 0.8958
Epoch 025/100 | lr: 0.01000 | train: 0.8594 | val: 0.8183
Epoch 030/100 | lr: 0.01000 | train: 0.8121 | val: 0.8072
Epoch 035/100 | lr: 0.01000 | train: 0.7788 | val: 0.7386
Epoch 040/100 | lr: 0.01000 | train: 0.7355 | val: 0.6960
Epoch 045/100 | lr: 0.01000 | train: 0.7064 | val: 0.6790
Epoch 050/100 | lr: 0.01000 | train: 0.6845 | val: 0.6466
Epoch 055/100 | lr: 0.01000 | train: 0.6685 | val: 0.6322
Epoch 060/100 | lr: 0.01000 | train: 0.6461 | val: 0.6110
Epoch 065/100 | lr: 0.01000 | train: 0.6309 | val: 0.5990
Epoch 070/100 | lr: 0.01000 | train: 0.6169 | val: 0.5804
Epoch 075/100 | lr: 0.01000 | train: 0.5914 | val: 0.5722
Epoch 080/100 | lr: 0.01000 | train: 0.5827 | val: 0.5546
Epoch 085/100 | lr: 0.01000 | train: 0.5736 | val: 0.5415
Epoch 090/100 | lr: 0.01000 | train: 0.5688 | val: 0.5339
Epoch 095/100 | lr: 0.01000 | train: 0.5524 | val: 0.5228
Epoch 100/100 | lr: 0.01000 | train: 0.5427 | val: 0.5080
[s4_cue5]  loss components: {'dpa': 0.34, 'gng': 0.0927, 'gng_go': 0.0832, 'gng_nogo': 0.0047, 'baseline': 0.0189, 'aux': 0.0086}
[s4_cue5]   after Dual: dpa=0.999 (pair=1.000 unpair=0.998)  gng=0.995 (go=0.990 nogo=1.000)
[s4_cue5]  Dual done in 729.6s  final train=0.5427  val=0.5080  dpa=0.999  gng=0.995
[s4_cue5]  ┌── params: after Dual
[s4_cue5]  │  rank 0: ||m||=39.303  ||n||=37.866  corr(m,n)=+0.793
[s4_cue5]  │  rank 1: ||m||=37.348  ||n||=69.884  corr(m,n)=+0.556
[s4_cue5]  │  κ-Jacobian eigvals (gain·n^Tm/N): +2.5689+0.1405j  +2.5689-0.1405j
[s4_cue5]  │  Wi: ||·||_F=71.080  per-channel=20.85 21.73 36.22 38.45 22.42 22.96 18.04
[s4_cue5]  └──────────────────────────────────────────────────
[s4_cue5] ════════════════════════════════════════════════════════════
[s4_cue5]  RUN COMPLETE  2026-06-09 03:49:18  total=733.6s
[s4_cue5]  ACCURACY SUMMARY
[s4_cue5]    after DPA : dpa=0.999  gng=0.523
[s4_cue5]    after GNG : dpa=0.762  gng=0.494
[s4_cue5]    after Dual: dpa=0.999  gng=0.995  dual_dpa=0.874  dual_gng=0.991
[s4_cue5] ════════════════════════════════════════════════════════════
