[s4_frzGNG] ════════════════════════════════════════════════════════════
[s4_frzGNG]  RUN START  2026-06-08 21:02:40
[s4_frzGNG]  run_id=s4_frzGNG  seed=4  device=cuda:0
[s4_frzGNG]  arch:  hidden=512  rank=2  gain=1.0  input_size=7  params=6,144
[s4_frzGNG]  task:  cue_on_go=True  rwd=True  rwd_scale=1.0  freeze_input_stages=['gng', 'dual']  init=random
[s4_frzGNG]  dynamics: alpha=0.0750  alpha_rec=0.1000  dt=0.0225  tau=0.3  tau_rec_frac=0.75
[s4_frzGNG]  noise:  input_sigma=0.3732 (×1.0)  model_sigma=0.0000 (×0.0)
[s4_frzGNG]  optim:  lr=0.01  wd=0.01  batch=64  n_batch=516  clip=None
[s4_frzGNG]  epochs: dpa=100  gng=100  dual=100  loss=separated
[s4_frzGNG]  shapes: m[512, 2]  n[512, 2]  Wi[512, 7]
[s4_frzGNG]  ┌── params: init
[s4_frzGNG]  │  rank 0: ||m||=22.881  ||n||=22.605  corr(m,n)=+0.032
[s4_frzGNG]  │  rank 1: ||m||=21.856  ||n||=21.161  corr(m,n)=-0.015
[s4_frzGNG]  │  κ-Jacobian eigvals (gain·n^Tm/N): +0.0282  -0.0090
[s4_frzGNG]  │  Wi: ||·||_F=59.728  per-channel=22.05 23.03 22.37 22.64 22.42 22.96 22.55
[s4_frzGNG]  └──────────────────────────────────────────────────
[s4_frzGNG] ────────────────────────────────────────────────────────────
[s4_frzGNG]  STAGE: DPA   device=cuda:0   epochs=100
[s4_frzGNG]  freeze input dims:     [4, 5]
[s4_frzGNG] ────────────────────────────────────────────────────────────
[s4_frzGNG]  data: [516, 444, 7] → [516, 444, 2]
Epoch 005/100 | lr: 0.01000 | train: 1.9569 | val: 1.9408
Epoch 010/100 | lr: 0.01000 | train: 1.2691 | val: 1.1732
Epoch 015/100 | lr: 0.01000 | train: 1.0259 | val: 1.0188
Epoch 020/100 | lr: 0.01000 | train: 0.9950 | val: 0.9783
Epoch 025/100 | lr: 0.01000 | train: 0.9226 | val: 0.9010
Epoch 030/100 | lr: 0.01000 | train: 0.7629 | val: 0.7098
Epoch 035/100 | lr: 0.01000 | train: 0.4639 | val: 0.4295
Epoch 040/100 | lr: 0.01000 | train: 0.3908 | val: 0.3679
Epoch 045/100 | lr: 0.01000 | train: 0.4354 | val: 0.4180
Epoch 050/100 | lr: 0.00500 | train: 0.3858 | val: 0.3752
Epoch 055/100 | lr: 0.00500 | train: 0.3466 | val: 0.3360
Epoch 060/100 | lr: 0.00500 | train: 0.3146 | val: 0.3051
Epoch 065/100 | lr: 0.00500 | train: 0.2857 | val: 0.2759
Epoch 070/100 | lr: 0.00500 | train: 0.2641 | val: 0.2601
Epoch 075/100 | lr: 0.00500 | train: 0.2615 | val: 0.2988
Epoch 080/100 | lr: 0.00500 | train: 0.2437 | val: 0.2440
Epoch 085/100 | lr: 0.00500 | train: 0.2401 | val: 0.2532
Epoch 090/100 | lr: 0.00500 | train: 0.2282 | val: 0.2495
Epoch 095/100 | lr: 0.00250 | train: 0.2579 | val: 0.2585
Epoch 100/100 | lr: 0.00125 | train: 0.2391 | val: 0.2320
[s4_frzGNG]   after DPA: dpa=0.999 (pair=0.998 unpair=1.000)  gng=0.502 (go=0.000 nogo=1.000)
[s4_frzGNG]  DPA done in 734.9s  final train=0.2391  val=0.2320  dpa=0.999  gng=0.502
[s4_frzGNG]  ┌── params: after DPA
[s4_frzGNG]  │  rank 0: ||m||=35.334  ||n||=35.975  corr(m,n)=+0.791
[s4_frzGNG]  │  rank 1: ||m||=40.528  ||n||=42.517  corr(m,n)=+0.798
[s4_frzGNG]  │  κ-Jacobian eigvals (gain·n^Tm/N): +2.3241+0.4974j  +2.3241-0.4974j
[s4_frzGNG]  │  Wi: ||·||_F=64.535  per-channel=18.88 18.46 30.47 35.95 22.42 22.96 14.73
[s4_frzGNG]  └──────────────────────────────────────────────────
[s4_frzGNG] ────────────────────────────────────────────────────────────
[s4_frzGNG]  STAGE: GNG   device=cuda:0   epochs=100
[s4_frzGNG]  freeze recurrent cols: [0]
[s4_frzGNG]  freeze input dims:     [0, 1, 2, 3, 4, 5, 6]
[s4_frzGNG] ────────────────────────────────────────────────────────────
[s4_frzGNG]  data: [516, 266, 7] → [516, 266, 2]
Epoch 005/100 | lr: 0.01000 | train: 0.7739 | val: 0.8256
Epoch 010/100 | lr: 0.01000 | train: 0.4020 | val: 0.4795
Epoch 015/100 | lr: 0.01000 | train: 0.2618 | val: 0.3315
Epoch 020/100 | lr: 0.01000 | train: 0.1988 | val: 0.2473
Epoch 025/100 | lr: 0.01000 | train: 0.1631 | val: 0.2097
Epoch 030/100 | lr: 0.01000 | train: 0.1391 | val: 0.1759
Epoch 035/100 | lr: 0.01000 | train: 0.1212 | val: 0.1586
Epoch 040/100 | lr: 0.01000 | train: 0.1056 | val: 0.1458
Epoch 045/100 | lr: 0.01000 | train: 0.0944 | val: 0.1218
Epoch 050/100 | lr: 0.01000 | train: 0.0839 | val: 0.1070
Epoch 055/100 | lr: 0.01000 | train: 0.0767 | val: 0.0983
Stopping: losses below 0.1.
[s4_frzGNG]   after GNG: dpa=0.609 (pair=0.664 unpair=0.556)  gng=0.998 (go=1.000 nogo=0.996)
[s4_frzGNG]  GNG done in 247.7s  final train=0.0767  val=0.0983  dpa=0.609  gng=0.998
[s4_frzGNG]  ┌── params: after GNG
[s4_frzGNG]  │  rank 0: ||m||=35.334  ||n||=35.975  corr(m,n)=+0.791
[s4_frzGNG]  │  rank 1: ||m||=38.391  ||n||=47.133  corr(m,n)=+0.772
[s4_frzGNG]  │  κ-Jacobian eigvals (gain·n^Tm/N): +2.3451+0.4273j  +2.3451-0.4273j
[s4_frzGNG]  │  Wi: ||·||_F=64.535  per-channel=18.88 18.46 30.47 35.95 22.42 22.96 14.73
[s4_frzGNG]  └──────────────────────────────────────────────────
[s4_frzGNG] ────────────────────────────────────────────────────────────
[s4_frzGNG]  STAGE: Dual   device=cuda:0   epochs=100
[s4_frzGNG]  freeze recurrent cols: [0]
[s4_frzGNG]  freeze input dims:     [0, 1, 2, 3, 4, 5, 6]
[s4_frzGNG] ────────────────────────────────────────────────────────────
[s4_frzGNG]  data: [516, 444, 7] → [516, 444, 2]
[s4_frzGNG]  loss=separated  dpa_w=1.0  gng_w=1.0  go_w=1.0  nogo_w=2.0  aux_w=1.0  bl_w=1.0  go_hinge=1.0
Epoch 005/100 | lr: 0.01000 | train: 0.8275 | val: 0.9727
Epoch 010/100 | lr: 0.01000 | train: 0.7490 | val: 0.9218
Epoch 015/100 | lr: 0.01000 | train: 0.7267 | val: 0.8853
Epoch 020/100 | lr: 0.01000 | train: 0.7130 | val: 0.8921
Epoch 025/100 | lr: 0.01000 | train: 0.7017 | val: 0.8745
Epoch 030/100 | lr: 0.01000 | train: 0.7032 | val: 0.8617
Epoch 035/100 | lr: 0.01000 | train: 0.6808 | val: 0.8389
Epoch 040/100 | lr: 0.00500 | train: 0.6650 | val: 0.8309
Epoch 045/100 | lr: 0.00250 | train: 0.6645 | val: 0.8376
Epoch 050/100 | lr: 0.00125 | train: 0.6570 | val: 0.8373
Epoch 055/100 | lr: 0.00125 | train: 0.6560 | val: 0.8260
Epoch 060/100 | lr: 0.00125 | train: 0.6515 | val: 0.8338
Epoch 065/100 | lr: 0.00063 | train: 0.6534 | val: 0.8371
Epoch 070/100 | lr: 0.00031 | train: 0.6521 | val: 0.8332
Epoch 075/100 | lr: 0.00016 | train: 0.6492 | val: 0.8324
Epoch 080/100 | lr: 0.00008 | train: 0.6481 | val: 0.8335
Epoch 085/100 | lr: 0.00004 | train: 0.6502 | val: 0.8329
Epoch 090/100 | lr: 0.00004 | train: 0.6502 | val: 0.8339
Epoch 095/100 | lr: 0.00002 | train: 0.6509 | val: 0.8339
Epoch 100/100 | lr: 0.00001 | train: 0.6494 | val: 0.8337
[s4_frzGNG]  loss components: {'dpa': 0.7861, 'gng': 0.1327, 'gng_go': 0.0901, 'gng_nogo': 0.0213, 'baseline': 0.0087, 'aux': 0.0147}
[s4_frzGNG]   after Dual: dpa=0.987 (pair=0.981 unpair=0.993)  gng=1.000 (go=1.000 nogo=1.000)
[s4_frzGNG]  Dual done in 729.8s  final train=0.6494  val=0.8337  dpa=0.987  gng=1.000
[s4_frzGNG]  ┌── params: after Dual
[s4_frzGNG]  │  rank 0: ||m||=35.334  ||n||=35.975  corr(m,n)=+0.791
[s4_frzGNG]  │  rank 1: ||m||=33.676  ||n||=48.086  corr(m,n)=+0.757
[s4_frzGNG]  │  κ-Jacobian eigvals (gain·n^Tm/N): +2.1792+0.3463j  +2.1792-0.3463j
[s4_frzGNG]  │  Wi: ||·||_F=64.535  per-channel=18.88 18.46 30.47 35.95 22.42 22.96 14.73
[s4_frzGNG]  └──────────────────────────────────────────────────
[s4_frzGNG] ════════════════════════════════════════════════════════════
[s4_frzGNG]  RUN COMPLETE  2026-06-08 21:31:12  total=1714.5s
[s4_frzGNG]  ACCURACY SUMMARY
[s4_frzGNG]    after DPA : dpa=0.999  gng=0.502
[s4_frzGNG]    after GNG : dpa=0.609  gng=0.998
[s4_frzGNG]    after Dual: dpa=0.987  gng=1.000  dual_dpa=0.869  dual_gng=0.966
[s4_frzGNG] ════════════════════════════════════════════════════════════
