[s9_proja] ════════════════════════════════════════════════════════════
[s9_proja]  RUN START  2026-06-07 15:13:47
[s9_proja]  run_id=s9_proja  seed=9  device=cuda:0
[s9_proja]  arch:  hidden=512  rank=2  gain=1.0  input_size=7  params=6,144
[s9_proja]  task:  cue_on_go=True  rwd=True  rwd_scale=1.0  freeze_input_stages=['dual']  init=random
[s9_proja]  dynamics: alpha=0.0750  alpha_rec=0.1000  dt=0.0225  tau=0.3  tau_rec_frac=0.75
[s9_proja]  noise:  input_sigma=0.3732 (×1.0)  model_sigma=0.3732 (×1.0)
[s9_proja]  optim:  lr=0.01  wd=0.01  batch=64  n_batch=516  clip=None
[s9_proja]  epochs: dpa=200  gng=200  dual=200  loss=separated
[s9_proja]  shapes: m[512, 2]  n[512, 2]  Wi[512, 7]
[s9_proja]  ┌── params: init
[s9_proja]  │  rank 0: ||m||=23.029  ||n||=22.465  corr(m,n)=+0.028
[s9_proja]  │  rank 1: ||m||=22.407  ||n||=23.814  corr(m,n)=+0.019
[s9_proja]  │  κ-Jacobian eigvals (gain·n^Tm/N): +0.0303  +0.0176
[s9_proja]  │  Wi: ||·||_F=60.662  per-channel=22.99 23.55 22.57 23.32 22.36 21.71 23.91
[s9_proja]  └──────────────────────────────────────────────────
[s9_proja] ────────────────────────────────────────────────────────────
[s9_proja]  STAGE: DPA   device=cuda:0   epochs=200
[s9_proja] ────────────────────────────────────────────────────────────
[s9_proja]  data: [516, 444, 7] → [516, 444, 2]
Epoch 005/200 | lr: 0.01000 | train: 1.9800 | val: 1.9735
Epoch 010/200 | lr: 0.01000 | train: 1.8502 | val: 1.7804
Epoch 015/200 | lr: 0.01000 | train: 1.0969 | val: 1.0412
Epoch 020/200 | lr: 0.01000 | train: 1.0007 | val: 0.9925
Epoch 025/200 | lr: 0.01000 | train: 0.9551 | val: 0.9375
Epoch 030/200 | lr: 0.01000 | train: 0.8626 | val: 0.8293
Epoch 035/200 | lr: 0.01000 | train: 0.6493 | val: 0.6244
Epoch 040/200 | lr: 0.01000 | train: 0.4278 | val: 0.4490
Epoch 045/200 | lr: 0.01000 | train: 0.3196 | val: 0.4197
Epoch 050/200 | lr: 0.01000 | train: 0.3535 | val: 0.3447
Epoch 055/200 | lr: 0.01000 | train: 0.2927 | val: 0.3368
Epoch 060/200 | lr: 0.01000 | train: 0.2863 | val: 0.2991
Epoch 065/200 | lr: 0.00500 | train: 0.2442 | val: 0.2885
Epoch 070/200 | lr: 0.00500 | train: 0.2393 | val: 0.3006
Epoch 075/200 | lr: 0.00250 | train: 0.2286 | val: 0.2464
Epoch 080/200 | lr: 0.00125 | train: 0.2069 | val: 0.2512
Epoch 085/200 | lr: 0.00125 | train: 0.2110 | val: 0.2261
Epoch 090/200 | lr: 0.00125 | train: 0.2211 | val: 0.2559
Epoch 095/200 | lr: 0.00063 | train: 0.2085 | val: 0.2376
Epoch 100/200 | lr: 0.00063 | train: 0.2209 | val: 0.2539
Epoch 105/200 | lr: 0.00031 | train: 0.2153 | val: 0.2321
Epoch 110/200 | lr: 0.00031 | train: 0.2117 | val: 0.2161
Epoch 115/200 | lr: 0.00031 | train: 0.2126 | val: 0.2474
Epoch 120/200 | lr: 0.00016 | train: 0.2156 | val: 0.2225
Epoch 125/200 | lr: 0.00008 | train: 0.2095 | val: 0.2303
Epoch 130/200 | lr: 0.00004 | train: 0.2082 | val: 0.2358
Epoch 135/200 | lr: 0.00002 | train: 0.2018 | val: 0.2294
Epoch 140/200 | lr: 0.00001 | train: 0.2061 | val: 0.2366
Epoch 145/200 | lr: 0.00001 | train: 0.2145 | val: 0.2758
Epoch 150/200 | lr: 0.00001 | train: 0.2151 | val: 0.2569
Epoch 155/200 | lr: 0.00001 | train: 0.2233 | val: 0.2254
Epoch 160/200 | lr: 0.00001 | train: 0.2047 | val: 0.2289
Epoch 165/200 | lr: 0.00001 | train: 0.2152 | val: 0.2223
Epoch 170/200 | lr: 0.00001 | train: 0.2129 | val: 0.2342
Epoch 175/200 | lr: 0.00001 | train: 0.2155 | val: 0.2164
Epoch 180/200 | lr: 0.00001 | train: 0.2027 | val: 0.2615
Epoch 185/200 | lr: 0.00001 | train: 0.2183 | val: 0.2254
Epoch 190/200 | lr: 0.00001 | train: 0.2058 | val: 0.2613
Epoch 195/200 | lr: 0.00001 | train: 0.2160 | val: 0.2262
Epoch 200/200 | lr: 0.00001 | train: 0.2221 | val: 0.2298
[s9_proja]  projected go ch=4 onto n₁ unit vector
[s9_proja]   after DPA: dpa=0.980  gng=0.512
[s9_proja]  DPA done in 1421.5s  final train=0.2221  val=0.2298  dpa=0.980  gng=0.512
[s9_proja]  ┌── params: after DPA
[s9_proja]  │  rank 0: ||m||=42.065  ||n||=36.211  corr(m,n)=+0.855
[s9_proja]  │  rank 1: ||m||=41.752  ||n||=43.921  corr(m,n)=+0.814
[s9_proja]  │  κ-Jacobian eigvals (gain·n^Tm/N): +2.7300+0.5253j  +2.7300-0.5253j
[s9_proja]  │  Wi: ||·||_F=65.920  per-channel=20.18 22.13 38.16 37.93 12.35 11.31 16.52
[s9_proja]  └──────────────────────────────────────────────────
[s9_proja] ────────────────────────────────────────────────────────────
[s9_proja]  STAGE: GNG   device=cuda:0   epochs=200
[s9_proja]  freeze recurrent cols: [0]
[s9_proja]  freeze input dims:     [0, 1, 2, 3, 6]
[s9_proja] ────────────────────────────────────────────────────────────
[s9_proja]  data: [516, 266, 7] → [516, 266, 2]
Epoch 005/200 | lr: 0.01000 | train: 0.2084 | val: 0.1754
Epoch 010/200 | lr: 0.01000 | train: 0.1259 | val: 0.1104
Stopping: losses below 0.1.
[s9_proja]   after GNG: dpa=0.846  gng=0.987
[s9_proja]  GNG done in 62.5s  final train=0.0990  val=0.0888  dpa=0.846  gng=0.987
[s9_proja]  ┌── params: after GNG
[s9_proja]  │  rank 0: ||m||=42.065  ||n||=36.211  corr(m,n)=+0.855
[s9_proja]  │  rank 1: ||m||=38.957  ||n||=44.113  corr(m,n)=+0.855
[s9_proja]  │  κ-Jacobian eigvals (gain·n^Tm/N): +2.7074+0.3431j  +2.7074-0.3431j
[s9_proja]  │  Wi: ||·||_F=66.963  per-channel=20.18 22.13 38.16 37.93 14.31 14.63 16.52
[s9_proja]  └──────────────────────────────────────────────────
[s9_proja] ────────────────────────────────────────────────────────────
[s9_proja]  STAGE: Dual   device=cuda:0   epochs=200
[s9_proja]  freeze recurrent cols: [0]
[s9_proja]  freeze input dims:     [0, 1, 2, 3, 4, 5, 6]
[s9_proja] ────────────────────────────────────────────────────────────
[s9_proja]  data: [516, 444, 7] → [516, 444, 2]
[s9_proja]  loss=separated  dpa_w=1.0  gng_w=1.0  aux_w=1.0  bl_w=1.0
Epoch 005/200 | lr: 0.01000 | train: 1.0455 | val: 1.0968
Epoch 010/200 | lr: 0.01000 | train: 1.0236 | val: 1.0699
Epoch 015/200 | lr: 0.01000 | train: 0.9800 | val: 1.0551
Epoch 020/200 | lr: 0.01000 | train: 0.9598 | val: 1.0915
Epoch 025/200 | lr: 0.01000 | train: 0.9341 | val: 1.0881
Epoch 030/200 | lr: 0.01000 | train: 0.9514 | val: 1.0678
Epoch 035/200 | lr: 0.00500 | train: 0.9205 | val: 1.0167
Epoch 040/200 | lr: 0.00500 | train: 0.9007 | val: 1.0381
Epoch 045/200 | lr: 0.00250 | train: 0.9042 | val: 0.9860
Epoch 050/200 | lr: 0.00250 | train: 0.8883 | val: 0.9938
Epoch 055/200 | lr: 0.00250 | train: 0.8806 | val: 0.9806
Epoch 060/200 | lr: 0.00250 | train: 0.8910 | val: 0.9510
Epoch 065/200 | lr: 0.00250 | train: 0.8766 | val: 0.9972
Epoch 070/200 | lr: 0.00125 | train: 0.8689 | val: 0.9628
Epoch 075/200 | lr: 0.00063 | train: 0.8779 | val: 0.9511
Epoch 080/200 | lr: 0.00063 | train: 0.8691 | val: 0.9282
Epoch 085/200 | lr: 0.00031 | train: 0.8642 | val: 0.9533
Epoch 090/200 | lr: 0.00016 | train: 0.8578 | val: 1.0055
Epoch 095/200 | lr: 0.00008 | train: 0.8879 | val: 0.9676
Epoch 100/200 | lr: 0.00004 | train: 0.8598 | val: 0.9595
Epoch 105/200 | lr: 0.00004 | train: 0.8716 | val: 0.9515
Epoch 110/200 | lr: 0.00002 | train: 0.8744 | val: 0.9693
Epoch 115/200 | lr: 0.00001 | train: 0.8707 | val: 0.9526
Epoch 120/200 | lr: 0.00001 | train: 0.8661 | val: 0.9525
Epoch 125/200 | lr: 0.00001 | train: 0.8585 | val: 0.9132
Epoch 130/200 | lr: 0.00001 | train: 0.8635 | val: 0.9163
Epoch 135/200 | lr: 0.00001 | train: 0.8691 | val: 0.9779
Epoch 140/200 | lr: 0.00001 | train: 0.8678 | val: 1.0022
Epoch 145/200 | lr: 0.00001 | train: 0.8780 | val: 0.9738
Epoch 150/200 | lr: 0.00001 | train: 0.8610 | val: 0.9465
Epoch 155/200 | lr: 0.00001 | train: 0.8622 | val: 0.9598
Epoch 160/200 | lr: 0.00001 | train: 0.8631 | val: 0.9606
Epoch 165/200 | lr: 0.00001 | train: 0.8809 | val: 0.9615
Epoch 170/200 | lr: 0.00001 | train: 0.8640 | val: 1.0356
Epoch 175/200 | lr: 0.00001 | train: 0.8860 | val: 0.9199
Epoch 180/200 | lr: 0.00001 | train: 0.8698 | val: 0.9331
Epoch 185/200 | lr: 0.00001 | train: 0.8703 | val: 0.9865
Epoch 190/200 | lr: 0.00001 | train: 0.8677 | val: 1.0047
Epoch 195/200 | lr: 0.00001 | train: 0.8543 | val: 0.9666
Epoch 200/200 | lr: 0.00001 | train: 0.8701 | val: 0.9642
[s9_proja]  loss components: {'dpa': 0.5982, 'gng': 0.3058, 'baseline': 0.0428, 'aux': 0.0137}
[s9_proja]   after Dual: dpa=0.963  gng=0.987
[s9_proja]  Dual done in 1449.6s  final train=0.8701  val=0.9642  dpa=0.963  gng=0.987
[s9_proja]  ┌── params: after Dual
[s9_proja]  │  rank 0: ||m||=42.065  ||n||=36.211  corr(m,n)=+0.855
[s9_proja]  │  rank 1: ||m||=35.991  ||n||=46.733  corr(m,n)=+0.816
[s9_proja]  │  κ-Jacobian eigvals (gain·n^Tm/N): +2.6133+0.2122j  +2.6133-0.2122j
[s9_proja]  │  Wi: ||·||_F=66.963  per-channel=20.18 22.13 38.16 37.93 14.31 14.63 16.52
[s9_proja]  └──────────────────────────────────────────────────
[s9_proja] ════════════════════════════════════════════════════════════
[s9_proja]  RUN COMPLETE  2026-06-07 16:02:41  total=2935.5s
[s9_proja]  ACCURACY SUMMARY
[s9_proja]    after DPA : dpa=0.980  gng=0.512
[s9_proja]    after GNG : dpa=0.846  gng=0.987
[s9_proja]    after Dual: dpa=0.963  gng=0.987  dual_dpa=0.915  dual_gng=0.720
[s9_proja] ════════════════════════════════════════════════════════════
