[s6_orth_n0] ════════════════════════════════════════════════════════════
[s6_orth_n0]  RUN START  2026-06-08 15:29:41
[s6_orth_n0]  run_id=s6_orth_n0  seed=6  device=cuda:0
[s6_orth_n0]  arch:  hidden=512  rank=2  gain=1.0  input_size=7  params=6,144
[s6_orth_n0]  task:  cue_on_go=True  rwd=True  rwd_scale=1.0  freeze_input_stages=['dual']  init=random
[s6_orth_n0]  dynamics: alpha=0.0750  alpha_rec=0.1000  dt=0.0225  tau=0.3  tau_rec_frac=0.75
[s6_orth_n0]  noise:  input_sigma=0.3732 (×1.0)  model_sigma=0.0000 (×0.0)
[s6_orth_n0]  optim:  lr=0.01  wd=0.01  batch=64  n_batch=516  clip=None
[s6_orth_n0]  epochs: dpa=100  gng=100  dual=100  loss=separated
[s6_orth_n0]  shapes: m[512, 2]  n[512, 2]  Wi[512, 7]
[s6_orth_n0]  ┌── params: init
[s6_orth_n0]  │  rank 0: ||m||=23.754  ||n||=22.561  corr(m,n)=+0.074
[s6_orth_n0]  │  rank 1: ||m||=21.713  ||n||=23.345  corr(m,n)=-0.005
[s6_orth_n0]  │  κ-Jacobian eigvals (gain·n^Tm/N): +0.0778  -0.0054
[s6_orth_n0]  │  Wi: ||·||_F=60.072  per-channel=23.10 21.97 23.40 22.89 22.22 23.84 21.41
[s6_orth_n0]  └──────────────────────────────────────────────────
[s6_orth_n0] ────────────────────────────────────────────────────────────
[s6_orth_n0]  STAGE: DPA   device=cuda:0   epochs=100
[s6_orth_n0] ────────────────────────────────────────────────────────────
[s6_orth_n0]  data: [516, 444, 7] → [516, 444, 2]
Epoch 005/100 | lr: 0.01000 | train: 1.9542 | val: 1.9519
Epoch 010/100 | lr: 0.01000 | train: 1.2557 | val: 1.2529
Epoch 015/100 | lr: 0.01000 | train: 1.0142 | val: 1.0005
Epoch 020/100 | lr: 0.01000 | train: 0.9312 | val: 0.9230
Epoch 025/100 | lr: 0.01000 | train: 0.8206 | val: 0.8122
Epoch 030/100 | lr: 0.01000 | train: 0.6314 | val: 0.6156
Epoch 035/100 | lr: 0.01000 | train: 0.6144 | val: 0.6213
Epoch 040/100 | lr: 0.01000 | train: 0.4836 | val: 0.4876
Epoch 045/100 | lr: 0.01000 | train: 0.3945 | val: 0.4002
Epoch 050/100 | lr: 0.01000 | train: 0.3525 | val: 0.3488
Epoch 055/100 | lr: 0.01000 | train: 0.3205 | val: 0.3224
Epoch 060/100 | lr: 0.01000 | train: 0.2911 | val: 0.3059
Epoch 065/100 | lr: 0.01000 | train: 0.2823 | val: 0.2682
Epoch 070/100 | lr: 0.01000 | train: 0.2434 | val: 0.2618
Epoch 075/100 | lr: 0.01000 | train: 0.2877 | val: 0.3426
Epoch 080/100 | lr: 0.00500 | train: 0.3245 | val: 0.3306
Epoch 085/100 | lr: 0.00250 | train: 0.2568 | val: 0.2653
Epoch 090/100 | lr: 0.00250 | train: 0.2344 | val: 0.2450
Epoch 095/100 | lr: 0.00125 | train: 0.2236 | val: 0.2322
Epoch 100/100 | lr: 0.00125 | train: 0.2162 | val: 0.2254
[s6_orth_n0]  orthogonalised go ch=4, nogo ch=5 to n₀
[s6_orth_n0]   after DPA: dpa=0.999  gng=0.549
[s6_orth_n0]  DPA done in 728.2s  final train=0.2162  val=0.2254  dpa=0.999  gng=0.549
[s6_orth_n0]  ┌── params: after DPA
[s6_orth_n0]  │  rank 0: ||m||=34.476  ||n||=35.728  corr(m,n)=+0.831
[s6_orth_n0]  │  rank 1: ||m||=35.174  ||n||=42.790  corr(m,n)=+0.782
[s6_orth_n0]  │  κ-Jacobian eigvals (gain·n^Tm/N): +2.1486+0.4116j  +2.1486-0.4116j
[s6_orth_n0]  │  Wi: ||·||_F=56.708  per-channel=17.97 20.08 31.71 31.49 12.00 12.75 13.62
[s6_orth_n0]  └──────────────────────────────────────────────────
[s6_orth_n0] ────────────────────────────────────────────────────────────
[s6_orth_n0]  STAGE: GNG   device=cuda:0   epochs=100
[s6_orth_n0]  freeze recurrent cols: [0]
[s6_orth_n0]  freeze input dims:     [0, 1, 2, 3, 6]
[s6_orth_n0] ────────────────────────────────────────────────────────────
[s6_orth_n0]  data: [516, 266, 7] → [516, 266, 2]
Epoch 005/100 | lr: 0.01000 | train: 0.1635 | val: 0.1407
Stopping: losses below 0.1.
[s6_orth_n0]   after GNG: dpa=0.854  gng=0.998
[s6_orth_n0]  GNG done in 41.4s  final train=0.0974  val=0.0921  dpa=0.854  gng=0.998
[s6_orth_n0]  ┌── params: after GNG
[s6_orth_n0]  │  rank 0: ||m||=34.476  ||n||=35.728  corr(m,n)=+0.831
[s6_orth_n0]  │  rank 1: ||m||=33.438  ||n||=43.800  corr(m,n)=+0.810
[s6_orth_n0]  │  κ-Jacobian eigvals (gain·n^Tm/N): +2.1574+0.3267j  +2.1574-0.3267j
[s6_orth_n0]  │  Wi: ||·||_F=57.695  per-channel=17.97 20.08 31.71 31.49 13.34 15.54 13.62
[s6_orth_n0]  └──────────────────────────────────────────────────
[s6_orth_n0] ────────────────────────────────────────────────────────────
[s6_orth_n0]  STAGE: Dual   device=cuda:0   epochs=100
[s6_orth_n0]  freeze recurrent cols: [0]
[s6_orth_n0]  freeze input dims:     [0, 1, 2, 3, 4, 5, 6]
[s6_orth_n0] ────────────────────────────────────────────────────────────
[s6_orth_n0]  data: [516, 444, 7] → [516, 444, 2]
[s6_orth_n0]  loss=separated  dpa_w=1.0  gng_w=1.0  go_w=1.0  nogo_w=1.0  aux_w=1.0  bl_w=1.0
Epoch 005/100 | lr: 0.01000 | train: 0.7331 | val: 0.7685
Epoch 010/100 | lr: 0.01000 | train: 0.6810 | val: 0.7069
Epoch 015/100 | lr: 0.01000 | train: 0.6625 | val: 0.6820
Epoch 020/100 | lr: 0.01000 | train: 0.6451 | val: 0.6671
Epoch 025/100 | lr: 0.01000 | train: 0.6205 | val: 0.6436
Epoch 030/100 | lr: 0.01000 | train: 0.6026 | val: 0.6223
Epoch 035/100 | lr: 0.01000 | train: 0.5854 | val: 0.6172
Epoch 040/100 | lr: 0.01000 | train: 0.5623 | val: 0.5942
Epoch 045/100 | lr: 0.01000 | train: 0.5539 | val: 0.5652
Epoch 050/100 | lr: 0.01000 | train: 0.5219 | val: 0.5480
Epoch 055/100 | lr: 0.01000 | train: 0.4942 | val: 0.5126
Epoch 060/100 | lr: 0.01000 | train: 0.4793 | val: 0.5318
Epoch 065/100 | lr: 0.01000 | train: 0.4667 | val: 0.4841
Epoch 070/100 | lr: 0.01000 | train: 0.4333 | val: 0.4847
Epoch 075/100 | lr: 0.01000 | train: 0.4173 | val: 0.4671
Epoch 080/100 | lr: 0.01000 | train: 0.4153 | val: 0.4492
Epoch 085/100 | lr: 0.01000 | train: 0.3810 | val: 0.4313
Epoch 090/100 | lr: 0.01000 | train: 0.3741 | val: 0.4156
Epoch 095/100 | lr: 0.01000 | train: 0.3552 | val: 0.4092
Epoch 100/100 | lr: 0.01000 | train: 0.3415 | val: 0.4044
[s6_orth_n0]  loss components: {'dpa': 0.3642, 'gng': 0.0806, 'gng_go': 0.0705, 'gng_nogo': 0.0101, 'baseline': 0.0132, 'aux': 0.009}
[s6_orth_n0]   after Dual: dpa=0.990  gng=0.996
[s6_orth_n0]  Dual done in 738.3s  final train=0.3415  val=0.4044  dpa=0.990  gng=0.996
[s6_orth_n0]  ┌── params: after Dual
[s6_orth_n0]  │  rank 0: ||m||=34.476  ||n||=35.728  corr(m,n)=+0.831
[s6_orth_n0]  │  rank 1: ||m||=25.093  ||n||=59.339  corr(m,n)=+0.697
[s6_orth_n0]  │  κ-Jacobian eigvals (gain·n^Tm/N): +1.8616  +2.1639
[s6_orth_n0]  │  Wi: ||·||_F=57.695  per-channel=17.97 20.08 31.71 31.49 13.34 15.54 13.62
[s6_orth_n0]  └──────────────────────────────────────────────────
[s6_orth_n0] ════════════════════════════════════════════════════════════
[s6_orth_n0]  RUN COMPLETE  2026-06-08 15:54:49  total=1510.4s
[s6_orth_n0]  ACCURACY SUMMARY
[s6_orth_n0]    after DPA : dpa=0.999  gng=0.549
[s6_orth_n0]    after GNG : dpa=0.854  gng=0.998
[s6_orth_n0]    after Dual: dpa=0.990  gng=0.996  dual_dpa=0.938  dual_gng=0.972
[s6_orth_n0] ════════════════════════════════════════════════════════════
