[s3_tanh_reg] ════════════════════════════════════════════════════════════
[s3_tanh_reg]  RUN START  2026-06-09 13:48:15
[s3_tanh_reg]  run_id=s3_tanh_reg  seed=3  device=cuda:1
[s3_tanh_reg]  arch:  hidden=512  rank=2  gain=2.0  input_size=7  params=6,144
[s3_tanh_reg]  task:  cue_on_go=True  rwd=True  rwd_scale=1.0  freeze_input_stages=['gng', 'dual']  init=random
[s3_tanh_reg]  dynamics: alpha=0.0750  alpha_rec=0.1000  dt=0.0225  tau=0.3  tau_rec_frac=0.75
[s3_tanh_reg]  noise:  input_sigma=0.3732 (×1.0)  model_sigma=0.0000 (×0.0)
[s3_tanh_reg]  optim:  lr=0.01  wd=0.01  batch=64  n_batch=516  clip=None
[s3_tanh_reg]  epochs: dpa=100  gng=100  dual=200  loss=separated
[s3_tanh_reg]  shapes: m[512, 2]  n[512, 2]  Wi[512, 7]
[s3_tanh_reg]  ┌── params: init
[s3_tanh_reg]  │  rank 0: ||m||=22.816  ||n||=22.436  corr(m,n)=+0.020
[s3_tanh_reg]  │  rank 1: ||m||=21.350  ||n||=23.585  corr(m,n)=+0.075
[s3_tanh_reg]  │  κ-Jacobian eigvals (gain·n^Tm/N): +0.0231  +0.1644
[s3_tanh_reg]  │  Wi: ||·||_F=61.487  per-channel=24.64 23.94 21.69 23.93 23.19 21.98 23.15
[s3_tanh_reg]  └──────────────────────────────────────────────────
[s3_tanh_reg] ────────────────────────────────────────────────────────────
[s3_tanh_reg]  STAGE: DPA   device=cuda:1   epochs=100
[s3_tanh_reg]  freeze input dims:     [4, 5]
[s3_tanh_reg] ────────────────────────────────────────────────────────────
[s3_tanh_reg]  data: [516, 444, 7] → [516, 444, 2]
Epoch 005/100 | lr: 0.01000 | train: 1.9391 | val: 1.9207
Epoch 010/100 | lr: 0.01000 | train: 1.1752 | val: 1.0676
Epoch 015/100 | lr: 0.01000 | train: 1.0173 | val: 1.0102
Epoch 020/100 | lr: 0.01000 | train: 0.9205 | val: 0.8934
Epoch 025/100 | lr: 0.01000 | train: 0.6022 | val: 0.5375
Epoch 030/100 | lr: 0.01000 | train: 0.5102 | val: 0.5092
Epoch 035/100 | lr: 0.01000 | train: 0.3534 | val: 0.3814
Epoch 040/100 | lr: 0.01000 | train: 0.3352 | val: 0.3725
Epoch 045/100 | lr: 0.01000 | train: 0.3173 | val: 0.3182
Epoch 050/100 | lr: 0.01000 | train: 0.2512 | val: 0.2718
Epoch 055/100 | lr: 0.01000 | train: 0.2497 | val: 0.2543
Epoch 060/100 | lr: 0.01000 | train: 0.4677 | val: 0.4738
Epoch 065/100 | lr: 0.01000 | train: 0.4012 | val: 0.4219
Epoch 070/100 | lr: 0.01000 | train: 0.3366 | val: 0.3561
Epoch 075/100 | lr: 0.01000 | train: 0.2953 | val: 0.3196
Epoch 080/100 | lr: 0.01000 | train: 0.2679 | val: 0.2913
Epoch 085/100 | lr: 0.01000 | train: 0.2468 | val: 0.2699
Epoch 090/100 | lr: 0.01000 | train: 0.2297 | val: 0.2580
Epoch 095/100 | lr: 0.01000 | train: 0.2198 | val: 0.2441
Epoch 100/100 | lr: 0.01000 | train: 0.2166 | val: 0.2297
[s3_tanh_reg]   after DPA: dpa=0.994 (pair=0.998 unpair=0.990)  gng=0.493 (go=0.010 nogo=1.000)
[s3_tanh_reg]  DPA done in 370.6s  final train=0.2166  val=0.2297  dpa=0.994  gng=0.493
[s3_tanh_reg]  ┌── params: after DPA
[s3_tanh_reg]  │  rank 0: ||m||=34.481  ||n||=34.334  corr(m,n)=+0.753
[s3_tanh_reg]  │  rank 1: ||m||=33.185  ||n||=42.250  corr(m,n)=+0.760
[s3_tanh_reg]  │  κ-Jacobian eigvals (gain·n^Tm/N): +3.8230+0.8624j  +3.8230-0.8624j
[s3_tanh_reg]  │  Wi: ||·||_F=62.428  per-channel=18.67 19.11 27.54 33.05 23.19 21.98 17.65
[s3_tanh_reg]  └──────────────────────────────────────────────────
[s3_tanh_reg] ────────────────────────────────────────────────────────────
[s3_tanh_reg]  STAGE: GNG   device=cuda:1   epochs=100
[s3_tanh_reg]  freeze recurrent cols: [0]
[s3_tanh_reg]  freeze input dims:     [0, 1, 2, 3, 4, 5, 6]
[s3_tanh_reg] ────────────────────────────────────────────────────────────
[s3_tanh_reg]  data: [516, 266, 7] → [516, 266, 2]
Epoch 005/100 | lr: 0.01000 | train: 1.2930 | val: 1.2318
Epoch 010/100 | lr: 0.01000 | train: 0.4292 | val: 0.3882
Epoch 015/100 | lr: 0.01000 | train: 0.2111 | val: 0.1738
Epoch 020/100 | lr: 0.01000 | train: 0.1415 | val: 0.1139
Epoch 025/100 | lr: 0.01000 | train: 0.1046 | val: 0.0826
Stopping: losses below 0.1.
[s3_tanh_reg]   after GNG: dpa=0.503 (pair=0.446 unpair=0.563)  gng=0.943 (go=1.000 nogo=0.884)
[s3_tanh_reg]  GNG done in 61.8s  final train=0.0997  val=0.0732  dpa=0.503  gng=0.943
[s3_tanh_reg]  ┌── params: after GNG
[s3_tanh_reg]  │  rank 0: ||m||=34.481  ||n||=34.334  corr(m,n)=+0.753
[s3_tanh_reg]  │  rank 1: ||m||=35.148  ||n||=46.377  corr(m,n)=+0.735
[s3_tanh_reg]  │  κ-Jacobian eigvals (gain·n^Tm/N): +4.0809+0.8112j  +4.0809-0.8112j
[s3_tanh_reg]  │  Wi: ||·||_F=62.428  per-channel=18.67 19.11 27.54 33.05 23.19 21.98 17.65
[s3_tanh_reg]  └──────────────────────────────────────────────────
[s3_tanh_reg] ────────────────────────────────────────────────────────────
[s3_tanh_reg]  STAGE: Dual   device=cuda:1   epochs=200
[s3_tanh_reg]  freeze recurrent cols: [0]
[s3_tanh_reg]  freeze input dims:     [0, 1, 2, 3, 4, 5, 6]
[s3_tanh_reg] ────────────────────────────────────────────────────────────
[s3_tanh_reg]  data: [516, 444, 7] → [516, 444, 2]
[s3_tanh_reg]  loss=separated  dpa_w=1.0  gng_w=1.0  go_w=1.0  nogo_w=2.0  aux_w=1.0  bl_w=1.0  go_hinge=1.0
[s3_tanh_reg]  κ₁ regularizer: weight=1.0  penalises gain·λ₁ > 1
Epoch 005/200 | lr: 0.01000 | train: 5.9820 | val: 1.8627
Epoch 010/200 | lr: 0.01000 | train: 2.3471 | val: 1.6164
Epoch 015/200 | lr: 0.01000 | train: 1.6189 | val: 1.5507
Epoch 020/200 | lr: 0.01000 | train: 1.5171 | val: 1.5096
Epoch 025/200 | lr: 0.01000 | train: 1.4792 | val: 1.4710
Epoch 030/200 | lr: 0.01000 | train: 1.4505 | val: 1.4388
Epoch 035/200 | lr: 0.01000 | train: 1.4333 | val: 1.4182
Epoch 040/200 | lr: 0.01000 | train: 1.4199 | val: 1.4035
Epoch 045/200 | lr: 0.01000 | train: 1.4069 | val: 1.3913
Epoch 050/200 | lr: 0.01000 | train: 1.3946 | val: 1.3801
Epoch 055/200 | lr: 0.01000 | train: 1.3799 | val: 1.3667
Epoch 060/200 | lr: 0.01000 | train: 1.3699 | val: 1.3541
Epoch 065/200 | lr: 0.01000 | train: 1.3574 | val: 1.3420
Epoch 070/200 | lr: 0.01000 | train: 1.3438 | val: 1.3280
Epoch 075/200 | lr: 0.01000 | train: 1.3266 | val: 1.3118
Epoch 080/200 | lr: 0.01000 | train: 1.3135 | val: 1.2974
Epoch 085/200 | lr: 0.01000 | train: 1.2921 | val: 1.2807
Epoch 090/200 | lr: 0.01000 | train: 1.2753 | val: 1.2609
Epoch 095/200 | lr: 0.01000 | train: 1.2531 | val: 1.2361
Epoch 100/200 | lr: 0.01000 | train: 1.2311 | val: 1.2103
Epoch 105/200 | lr: 0.01000 | train: 1.2071 | val: 1.1822
Epoch 110/200 | lr: 0.01000 | train: 1.1850 | val: 1.1606
Epoch 115/200 | lr: 0.01000 | train: 1.1665 | val: 1.1331
Epoch 120/200 | lr: 0.01000 | train: 1.1294 | val: 1.1064
Epoch 125/200 | lr: 0.01000 | train: 1.1088 | val: 1.0808
Epoch 130/200 | lr: 0.01000 | train: 1.0745 | val: 1.0585
Epoch 135/200 | lr: 0.01000 | train: 1.0570 | val: 1.0274
Epoch 140/200 | lr: 0.01000 | train: 1.0335 | val: 1.0107
Epoch 145/200 | lr: 0.01000 | train: 1.0044 | val: 0.9719
Epoch 150/200 | lr: 0.01000 | train: 0.9774 | val: 0.9462
Epoch 155/200 | lr: 0.01000 | train: 0.9507 | val: 0.9245
Epoch 160/200 | lr: 0.01000 | train: 0.9110 | val: 0.8892
Epoch 165/200 | lr: 0.01000 | train: 0.9018 | val: 0.8680
Epoch 170/200 | lr: 0.01000 | train: 0.8593 | val: 0.8260
Epoch 175/200 | lr: 0.01000 | train: 0.8274 | val: 0.7996
Epoch 180/200 | lr: 0.01000 | train: 0.7886 | val: 0.7605
Epoch 185/200 | lr: 0.01000 | train: 0.7535 | val: 0.7202
Epoch 190/200 | lr: 0.01000 | train: 0.7176 | val: 0.6809
Epoch 195/200 | lr: 0.01000 | train: 0.6872 | val: 0.6548
Epoch 200/200 | lr: 0.01000 | train: 0.6485 | val: 0.6194
[s3_tanh_reg]  loss components: {'dpa': 0.3953, 'gng': 0.3274, 'gng_go': 0.234, 'gng_nogo': 0.0467, 'baseline': 0.0178, 'aux': 0.0087}
[s3_tanh_reg]   after Dual: dpa=0.996 (pair=0.992 unpair=1.000)  gng=0.871 (go=0.730 nogo=1.000)
[s3_tanh_reg]  Dual done in 754.7s  final train=0.6485  val=0.6194  dpa=0.996  gng=0.871
[s3_tanh_reg]  ┌── params: after Dual
[s3_tanh_reg]  │  rank 0: ||m||=34.481  ||n||=34.334  corr(m,n)=+0.753
[s3_tanh_reg]  │  rank 1: ||m||=41.142  ||n||=70.143  corr(m,n)=+0.092
[s3_tanh_reg]  │  κ-Jacobian eigvals (gain·n^Tm/N): +3.3916  +1.1254
[s3_tanh_reg]  │  Wi: ||·||_F=62.428  per-channel=18.67 19.11 27.54 33.05 23.19 21.98 17.65
[s3_tanh_reg]  └──────────────────────────────────────────────────
[s3_tanh_reg] ════════════════════════════════════════════════════════════
[s3_tanh_reg]  RUN COMPLETE  2026-06-09 14:08:02  total=1188.0s
[s3_tanh_reg]  ACCURACY SUMMARY
[s3_tanh_reg]    after DPA : dpa=0.994  gng=0.493
[s3_tanh_reg]    after GNG : dpa=0.503  gng=0.943
[s3_tanh_reg]    after Dual: dpa=0.996  gng=0.871  dual_dpa=0.964  dual_gng=0.762
[s3_tanh_reg] ════════════════════════════════════════════════════════════
