[s1_noHinge2] ════════════════════════════════════════════════════════════
[s1_noHinge2]  RUN START  2026-06-09 00:46:37
[s1_noHinge2]  run_id=s1_noHinge2  seed=1  device=cuda:1
[s1_noHinge2]  arch:  hidden=512  rank=2  gain=1.0  input_size=7  params=6,144
[s1_noHinge2]  task:  cue_on_go=True  rwd=True  rwd_scale=1.0  freeze_input_stages=['gng', 'dual']  init=random
[s1_noHinge2]  dynamics: alpha=0.0750  alpha_rec=0.1000  dt=0.0225  tau=0.3  tau_rec_frac=0.75
[s1_noHinge2]  noise:  input_sigma=0.3732 (×1.0)  model_sigma=0.0000 (×0.0)
[s1_noHinge2]  optim:  lr=0.01  wd=0.01  batch=64  n_batch=516  clip=None
[s1_noHinge2]  epochs: dpa=100  gng=100  dual=100  loss=separated
[s1_noHinge2]  shapes: m[512, 2]  n[512, 2]  Wi[512, 7]
[s1_noHinge2]  ┌── params: init
[s1_noHinge2]  │  rank 0: ||m||=22.898  ||n||=22.288  corr(m,n)=-0.020
[s1_noHinge2]  │  rank 1: ||m||=23.302  ||n||=22.428  corr(m,n)=+0.009
[s1_noHinge2]  │  κ-Jacobian eigvals (gain·n^Tm/N): -0.0155  +0.0043
[s1_noHinge2]  │  Wi: ||·||_F=58.820  per-channel=21.94 22.58 22.12 21.70 21.92 23.07 22.27
[s1_noHinge2]  └──────────────────────────────────────────────────
[s1_noHinge2]  DPA: loading checkpoint from results/dual/sweep_adam2/s1_adam2/dpa_s1_adam2.pth
[s1_noHinge2]   after DPA: dpa=0.998 (pair=0.998 unpair=0.998)  gng=0.494 (go=0.004 nogo=1.000)
[s1_noHinge2]  DPA done in 1.4s  (checkpoint)  dpa=0.998  gng=0.494
[s1_noHinge2]  ┌── params: after DPA
[s1_noHinge2]  │  rank 0: ||m||=38.840  ||n||=39.423  corr(m,n)=+0.811
[s1_noHinge2]  │  rank 1: ||m||=32.049  ||n||=49.702  corr(m,n)=+0.820
[s1_noHinge2]  │  κ-Jacobian eigvals (gain·n^Tm/N): +2.3363  +2.6426
[s1_noHinge2]  │  Wi: ||·||_F=68.831  per-channel=21.62 22.37 33.02 36.34 21.92 23.07 18.60
[s1_noHinge2]  └──────────────────────────────────────────────────
[s1_noHinge2]  GNG: loading checkpoint from results/dual/sweep_adam2/s1_adam2/naive_s1_adam2.pth
[s1_noHinge2]   after GNG: dpa=0.987 (pair=0.998 unpair=0.976)  gng=0.991 (go=1.000 nogo=0.983)
[s1_noHinge2]  GNG done in 1.1s  (checkpoint)  dpa=0.987  gng=0.991
[s1_noHinge2]  ┌── params: after GNG
[s1_noHinge2]  │  rank 0: ||m||=38.840  ||n||=39.423  corr(m,n)=+0.811
[s1_noHinge2]  │  rank 1: ||m||=32.415  ||n||=55.833  corr(m,n)=+0.696
[s1_noHinge2]  │  κ-Jacobian eigvals (gain·n^Tm/N): +2.3432  +2.5444
[s1_noHinge2]  │  Wi: ||·||_F=68.831  per-channel=21.62 22.37 33.02 36.34 21.92 23.07 18.60
[s1_noHinge2]  └──────────────────────────────────────────────────
[s1_noHinge2] ────────────────────────────────────────────────────────────
[s1_noHinge2]  STAGE: Dual   device=cuda:1   epochs=100
[s1_noHinge2]  freeze recurrent cols: [0]
[s1_noHinge2]  freeze input dims:     [0, 1, 2, 3, 4, 5, 6]
[s1_noHinge2] ────────────────────────────────────────────────────────────
[s1_noHinge2]  data: [516, 444, 7] → [516, 444, 2]
[s1_noHinge2]  loss=separated  dpa_w=1.0  gng_w=1.0  go_w=1.0  nogo_w=2.0  aux_w=1.0  bl_w=1.0  go_hinge=None
Epoch 005/100 | lr: 0.01000 | train: 1.2776 | val: 1.3078
Epoch 010/100 | lr: 0.01000 | train: 1.1271 | val: 1.1899
Epoch 015/100 | lr: 0.01000 | train: 1.0544 | val: 1.0959
Epoch 020/100 | lr: 0.01000 | train: 0.9805 | val: 1.0391
Epoch 025/100 | lr: 0.01000 | train: 0.9047 | val: 0.9729
Epoch 030/100 | lr: 0.01000 | train: 0.8540 | val: 0.9221
Epoch 035/100 | lr: 0.01000 | train: 0.8214 | val: 0.9020
Epoch 040/100 | lr: 0.01000 | train: 0.7806 | val: 0.8331
Epoch 045/100 | lr: 0.01000 | train: 0.7352 | val: 0.7971
Epoch 050/100 | lr: 0.01000 | train: 0.7021 | val: 0.7584
Epoch 055/100 | lr: 0.01000 | train: 0.6634 | val: 0.7230
Epoch 060/100 | lr: 0.01000 | train: 0.6361 | val: 0.6854
Epoch 065/100 | lr: 0.01000 | train: 0.6075 | val: 0.6573
Epoch 070/100 | lr: 0.01000 | train: 0.5727 | val: 0.6263
Epoch 075/100 | lr: 0.01000 | train: 0.5600 | val: 0.5865
Epoch 080/100 | lr: 0.01000 | train: 0.5327 | val: 0.5633
Epoch 085/100 | lr: 0.01000 | train: 0.5121 | val: 0.5398
Epoch 090/100 | lr: 0.01000 | train: 0.4830 | val: 0.5566
Epoch 095/100 | lr: 0.01000 | train: 0.4746 | val: 0.5001
Epoch 100/100 | lr: 0.01000 | train: 0.4461 | val: 0.4826
[s1_noHinge2]  loss components: {'dpa': 0.1405, 'gng': 0.2169, 'gng_go': 0.1832, 'gng_nogo': 0.0168, 'baseline': 0.0241, 'aux': 0.0187}
[s1_noHinge2]   after Dual: dpa=0.997 (pair=0.994 unpair=1.000)  gng=0.998 (go=0.996 nogo=1.000)
[s1_noHinge2]  Dual done in 728.3s  final train=0.4461  val=0.4826  dpa=0.997  gng=0.998
[s1_noHinge2]  ┌── params: after Dual
[s1_noHinge2]  │  rank 0: ||m||=38.840  ||n||=39.423  corr(m,n)=+0.811
[s1_noHinge2]  │  rank 1: ||m||=34.414  ||n||=80.993  corr(m,n)=+0.548
[s1_noHinge2]  │  κ-Jacobian eigvals (gain·n^Tm/N): +2.3845  +3.0268
[s1_noHinge2]  │  Wi: ||·||_F=68.831  per-channel=21.62 22.37 33.02 36.34 21.92 23.07 18.60
[s1_noHinge2]  └──────────────────────────────────────────────────
[s1_noHinge2] ════════════════════════════════════════════════════════════
[s1_noHinge2]  RUN COMPLETE  2026-06-09 00:58:48  total=732.5s
[s1_noHinge2]  ACCURACY SUMMARY
[s1_noHinge2]    after DPA : dpa=0.998  gng=0.494
[s1_noHinge2]    after GNG : dpa=0.987  gng=0.991
[s1_noHinge2]    after Dual: dpa=0.997  gng=0.998  dual_dpa=0.978  dual_gng=0.978
[s1_noHinge2] ════════════════════════════════════════════════════════════
