[s2] ════════════════════════════════════════════════════════════
[s2]  RUN START  2026-07-01 18:42:31
[s2]  run_id=s2  seed=2  device=cuda:0
[s2]  arch:  N=1000 (E=750 I=250)  K=125 (prob 0.167)  rank=2  gain=1.0  input_size=6  params=3,000
[s2]  task:  cue_on_go=True  rwd=False  rwd_scale=1.0  freeze_input_stages=['dual']  init=random
[s2]  dynamics: dt=0.0225  tau=(0.4, 0.2)s  tau_syn=(0.2, 0.1)s  STP(use=0.05 tau_fac=1.0s tau_rec=0.2s)  j_stp=1.0
[s2]  noise:  input_sigma=0.3732 (×1.0)  model_sigma=0.0000 (×0.0)
[s2]  optim:  lr=0.1  wd=0.01  batch=32  n_batch=256  clip=None
[s2]  epochs: dpa=200  gng=100  dual=100  loss=separated
[s2]  shapes: m[750, 2]  n[750, 2]  Wi[750, 6]
[s2]  ┌── params: init
[s2]  │  rank 0: ||m||=27.317  ||n||=27.317  corr(m,n)=+1.000
[s2]  │  rank 1: ||m||=27.261  ||n||=27.261  corr(m,n)=+1.000
[s2]  │  low-rank overlap n^Tm/N (modulates STP E→E): +1.0168  +0.9690
[s2]  │  Wi: ||·||_F=65.693  per-channel=26.65 27.81 26.03 26.49 26.91 26.98
[s2]  └──────────────────────────────────────────────────
[s2] ────────────────────────────────────────────────────────────
[s2]  STAGE: DPA   device=cuda:0   epochs=200
[s2] ────────────────────────────────────────────────────────────
[s2]  data: [256, 444, 6] → [256, 444, 2]
Epoch 005/200 | lr: 0.10000 | train: 3.3486 | val: 3.5127
Epoch 010/200 | lr: 0.10000 | train: 2.0177 | val: 2.0968
Epoch 015/200 | lr: 0.10000 | train: 0.0527 | val: 0.0751
Stopping: losses below 0.1.
[s2]   after DPA: dpa=1.000 (pair=1.000 unpair=1.000)  gng=0.458 (go=0.886 nogo=0.033)
[s2]  DPA done in 90.4s  final train=0.0527  val=0.0751  dpa=1.000  gng=0.458
[s2]  ┌── params: after DPA
[s2]  │  rank 0: ||m||=237.788  ||n||=116.836  corr(m,n)=+0.770
[s2]  │  rank 1: ||m||=125.250  ||n||=82.260  corr(m,n)=+0.481
[s2]  │  low-rank overlap n^Tm/N (modulates STP E→E): +28.5315  +6.5954
[s2]  │  Wi: ||·||_F=65.693  per-channel=26.65 27.81 26.03 26.49 26.91 26.98
[s2]  └──────────────────────────────────────────────────
[s2] ────────────────────────────────────────────────────────────
[s2]  STAGE: GNG   device=cuda:0   epochs=100
[s2]  freeze recurrent cols: [0]
[s2]  freeze input dims:     [0, 1, 2, 3]
[s2] ────────────────────────────────────────────────────────────
[s2]  data: [256, 266, 6] → [256, 266, 2]
Epoch 005/100 | lr: 0.10000 | train: 0.8940 | val: 0.8510
Epoch 010/100 | lr: 0.10000 | train: 0.6925 | val: 0.6928
Epoch 015/100 | lr: 0.10000 | train: 0.5550 | val: 0.5572
Epoch 020/100 | lr: 0.10000 | train: 0.3791 | val: 0.3949
Epoch 025/100 | lr: 0.10000 | train: 0.2170 | val: 0.2401
Epoch 030/100 | lr: 0.10000 | train: 0.1483 | val: 0.1640
Epoch 035/100 | lr: 0.10000 | train: 0.1237 | val: 0.1477
Epoch 040/100 | lr: 0.10000 | train: 0.1109 | val: 0.1173
Epoch 045/100 | lr: 0.10000 | train: 0.1001 | val: 0.1112
Epoch 050/100 | lr: 0.10000 | train: 0.0917 | val: 0.1036
Stopping: losses below 0.1.
[s2]   after GNG: dpa=0.307 (pair=0.105 unpair=0.497)  gng=1.000 (go=1.000 nogo=1.000)
[s2]  GNG done in 192.7s  final train=0.0893  val=0.0992  dpa=0.307  gng=1.000
[s2]  ┌── params: after GNG
[s2]  │  rank 0: ||m||=237.788  ||n||=116.836  corr(m,n)=+0.770
[s2]  │  rank 1: ||m||=247.200  ||n||=121.380  corr(m,n)=+0.185
[s2]  │  low-rank overlap n^Tm/N (modulates STP E→E): +27.9757  +7.9666
[s2]  │  Wi: ||·||_F=65.693  per-channel=26.65 27.81 26.03 26.49 26.91 26.98
[s2]  └──────────────────────────────────────────────────
[s2] ────────────────────────────────────────────────────────────
[s2]  STAGE: Dual   device=cuda:0   epochs=100
[s2]  freeze input dims:     [0, 1, 2, 3, 4, 5]
[s2] ────────────────────────────────────────────────────────────
[s2]  data: [256, 444, 6] → [256, 444, 2]
[s2]  loss=separated  dpa_w=1.0  gng_w=1.0  go_w=1.0  nogo_w=1.0  aux_w=1.0  bl_w=1.0  go_hinge=1.0
Epoch 005/100 | lr: 0.10000 | train: 1.3138 | val: 1.3952
Epoch 010/100 | lr: 0.10000 | train: 0.7806 | val: 0.7789
Epoch 015/100 | lr: 0.10000 | train: 0.3993 | val: 0.3591
Epoch 020/100 | lr: 0.10000 | train: 0.3045 | val: 0.2804
Epoch 025/100 | lr: 0.10000 | train: 0.2571 | val: 0.1996
Epoch 030/100 | lr: 0.10000 | train: 0.2170 | val: 0.2289
Epoch 035/100 | lr: 0.10000 | train: 0.1909 | val: 0.2190
Epoch 040/100 | lr: 0.10000 | train: 0.1513 | val: 0.1516
Epoch 045/100 | lr: 0.10000 | train: 0.1361 | val: 0.1399
Epoch 050/100 | lr: 0.10000 | train: 0.1191 | val: 0.1252
Epoch 055/100 | lr: 0.10000 | train: 0.1223 | val: 0.1244
Epoch 060/100 | lr: 0.10000 | train: 0.1024 | val: 0.1182
Epoch 065/100 | lr: 0.10000 | train: 0.1020 | val: 0.1183
Epoch 070/100 | lr: 0.10000 | train: 0.0896 | val: 0.1217
Stopping: losses below 0.1.
[s2]  loss components: {'dpa': 0.0046, 'gng': 0.0237, 'gng_go': 0.0013, 'gng_nogo': 0.0224, 'baseline': 0.0137, 'aux': 0.0165}
[s2]   after Dual: dpa=1.000 (pair=1.000 unpair=1.000)  gng=1.000 (go=1.000 nogo=1.000)
[s2]  Dual done in 388.8s  final train=0.0853  val=0.0995  dpa=1.000  gng=1.000
[s2]  ┌── params: after Dual
[s2]  │  rank 0: ||m||=230.295  ||n||=119.429  corr(m,n)=+0.795
[s2]  │  rank 1: ||m||=209.325  ||n||=117.428  corr(m,n)=+0.219
[s2]  │  low-rank overlap n^Tm/N (modulates STP E→E): +24.4867  +11.8749
[s2]  │  Wi: ||·||_F=65.693  per-channel=26.65 27.81 26.03 26.49 26.91 26.98
[s2]  └──────────────────────────────────────────────────
[s2] ════════════════════════════════════════════════════════════
[s2]  RUN COMPLETE  2026-07-01 18:53:43  total=672.7s
[s2]  ACCURACY SUMMARY
[s2]    after DPA : dpa=1.000  gng=0.458
[s2]    after GNG : dpa=0.307  gng=1.000
[s2]    after Dual: dpa=1.000  gng=1.000  dual_dpa=1.000  dual_gng=1.000
[s2] ════════════════════════════════════════════════════════════
