[s4_free_gng] ════════════════════════════════════════════════════════════
[s4_free_gng]  RUN START  2026-06-07 13:17:09
[s4_free_gng]  run_id=s4_free_gng  seed=4  device=cuda:1
[s4_free_gng]  arch:  hidden=512  rank=2  gain=1.0  input_size=7  params=6,144
[s4_free_gng]  task:  cue_on_go=True  rwd=True  rwd_scale=1.0  freeze_input_stages=['dual']  init=random
[s4_free_gng]  dynamics: alpha=0.0750  alpha_rec=0.1000  dt=0.0225  tau=0.3  tau_rec_frac=0.75
[s4_free_gng]  noise:  input_sigma=0.3732 (×1.0)  model_sigma=0.3732 (×1.0)
[s4_free_gng]  optim:  lr=0.01  wd=0.01  batch=64  n_batch=516  clip=None
[s4_free_gng]  epochs: dpa=200  gng=200  dual=200  loss=separated
[s4_free_gng]  shapes: m[512, 2]  n[512, 2]  Wi[512, 7]
[s4_free_gng]  ┌── params: init
[s4_free_gng]  │  rank 0: ||m||=22.881  ||n||=22.605  corr(m,n)=+0.032
[s4_free_gng]  │  rank 1: ||m||=21.856  ||n||=21.161  corr(m,n)=-0.015
[s4_free_gng]  │  κ-Jacobian eigvals (gain·n^Tm/N): +0.0282  -0.0090
[s4_free_gng]  │  Wi: ||·||_F=59.728  per-channel=22.05 23.03 22.37 22.64 22.42 22.96 22.55
[s4_free_gng]  └──────────────────────────────────────────────────
[s4_free_gng] ────────────────────────────────────────────────────────────
[s4_free_gng]  STAGE: DPA   device=cuda:1   epochs=200
[s4_free_gng] ────────────────────────────────────────────────────────────
[s4_free_gng]  data: [516, 444, 7] → [516, 444, 2]
Epoch 005/200 | lr: 0.01000 | train: 1.9696 | val: 1.9578
Epoch 010/200 | lr: 0.01000 | train: 1.7494 | val: 1.6076
Epoch 015/200 | lr: 0.01000 | train: 1.0457 | val: 1.0363
Epoch 020/200 | lr: 0.01000 | train: 1.0063 | val: 0.9979
Epoch 025/200 | lr: 0.01000 | train: 0.9737 | val: 0.9568
Epoch 030/200 | lr: 0.01000 | train: 0.9079 | val: 0.8846
Epoch 035/200 | lr: 0.01000 | train: 0.7915 | val: 0.7438
Epoch 040/200 | lr: 0.01000 | train: 0.5657 | val: 0.5212
Epoch 045/200 | lr: 0.01000 | train: 0.4256 | val: 0.4159
Epoch 050/200 | lr: 0.01000 | train: 0.3775 | val: 0.3689
Epoch 055/200 | lr: 0.01000 | train: 0.3846 | val: 0.3696
Epoch 060/200 | lr: 0.01000 | train: 0.3338 | val: 0.3037
Epoch 065/200 | lr: 0.01000 | train: 0.2931 | val: 0.3163
Epoch 070/200 | lr: 0.01000 | train: 0.2584 | val: 0.2811
Epoch 075/200 | lr: 0.01000 | train: 0.2359 | val: 0.2178
Epoch 080/200 | lr: 0.01000 | train: 0.2112 | val: 0.2453
Epoch 085/200 | lr: 0.01000 | train: 0.1825 | val: 0.1588
Epoch 090/200 | lr: 0.01000 | train: 0.1658 | val: 0.1688
Epoch 095/200 | lr: 0.00500 | train: 0.1424 | val: 0.1430
Epoch 100/200 | lr: 0.00500 | train: 0.1352 | val: 0.1394
Epoch 105/200 | lr: 0.00500 | train: 0.1361 | val: 0.1266
Epoch 110/200 | lr: 0.00250 | train: 0.1341 | val: 0.1236
Epoch 115/200 | lr: 0.00250 | train: 0.1251 | val: 0.1250
Epoch 120/200 | lr: 0.00125 | train: 0.1183 | val: 0.1198
Epoch 125/200 | lr: 0.00063 | train: 0.1192 | val: 0.1139
Epoch 130/200 | lr: 0.00063 | train: 0.1174 | val: 0.1258
Epoch 135/200 | lr: 0.00031 | train: 0.1203 | val: 0.1172
Epoch 140/200 | lr: 0.00016 | train: 0.1180 | val: 0.1222
Epoch 145/200 | lr: 0.00016 | train: 0.1223 | val: 0.1106
Epoch 150/200 | lr: 0.00008 | train: 0.1172 | val: 0.1132
Epoch 155/200 | lr: 0.00004 | train: 0.1194 | val: 0.1198
Epoch 160/200 | lr: 0.00002 | train: 0.1160 | val: 0.1139
Epoch 165/200 | lr: 0.00001 | train: 0.1149 | val: 0.1050
Epoch 170/200 | lr: 0.00001 | train: 0.1193 | val: 0.1187
Epoch 175/200 | lr: 0.00001 | train: 0.1172 | val: 0.1172
Epoch 180/200 | lr: 0.00001 | train: 0.1164 | val: 0.1165
Epoch 185/200 | lr: 0.00001 | train: 0.1156 | val: 0.1091
Epoch 190/200 | lr: 0.00001 | train: 0.1198 | val: 0.1175
Epoch 195/200 | lr: 0.00001 | train: 0.1217 | val: 0.1272
Epoch 200/200 | lr: 0.00001 | train: 0.1206 | val: 0.1228
[s4_free_gng]   after DPA: dpa=0.997  gng=0.562
[s4_free_gng]  DPA done in 1422.3s  final train=0.1206  val=0.1228  dpa=0.997  gng=0.562
[s4_free_gng]  ┌── params: after DPA
[s4_free_gng]  │  rank 0: ||m||=44.084  ||n||=38.843  corr(m,n)=+0.826
[s4_free_gng]  │  rank 1: ||m||=35.942  ||n||=49.359  corr(m,n)=+0.825
[s4_free_gng]  │  κ-Jacobian eigvals (gain·n^Tm/N): +2.8117+0.0815j  +2.8117-0.0815j
[s4_free_gng]  │  Wi: ||·||_F=73.587  per-channel=24.98 24.07 39.18 45.77 10.15 11.74 18.45
[s4_free_gng]  └──────────────────────────────────────────────────
[s4_free_gng] ────────────────────────────────────────────────────────────
[s4_free_gng]  STAGE: GNG   device=cuda:1   epochs=200
[s4_free_gng]  freeze recurrent cols: [0]
[s4_free_gng]  freeze input dims:     [0, 1, 2, 3, 6]
[s4_free_gng] ────────────────────────────────────────────────────────────
[s4_free_gng]  data: [516, 266, 7] → [516, 266, 2]
Epoch 005/200 | lr: 0.01000 | train: 0.3066 | val: 0.2395
Epoch 010/200 | lr: 0.01000 | train: 0.1768 | val: 0.1531
Epoch 015/200 | lr: 0.01000 | train: 0.1469 | val: 0.1427
Epoch 020/200 | lr: 0.01000 | train: 0.1265 | val: 0.1271
Epoch 025/200 | lr: 0.01000 | train: 0.1100 | val: 0.1042
Epoch 030/200 | lr: 0.01000 | train: 0.0956 | val: 0.0898
Stopping: losses below 0.1.
[s4_free_gng]   after GNG: dpa=0.977  gng=0.954
[s4_free_gng]  GNG done in 131.7s  final train=0.0956  val=0.0898  dpa=0.977  gng=0.954
[s4_free_gng]  ┌── params: after GNG
[s4_free_gng]  │  rank 0: ||m||=44.084  ||n||=38.843  corr(m,n)=+0.826
[s4_free_gng]  │  rank 1: ||m||=37.353  ||n||=47.484  corr(m,n)=+0.794
[s4_free_gng]  │  κ-Jacobian eigvals (gain·n^Tm/N): +2.7574+0.1099j  +2.7574-0.1099j
[s4_free_gng]  │  Wi: ||·||_F=76.180  per-channel=24.98 24.07 39.18 45.77 15.20 19.96 18.45
[s4_free_gng]  └──────────────────────────────────────────────────
[s4_free_gng] ────────────────────────────────────────────────────────────
[s4_free_gng]  STAGE: Dual   device=cuda:1   epochs=200
[s4_free_gng]  freeze recurrent cols: [0]
[s4_free_gng]  freeze input dims:     [0, 1, 2, 3, 4, 5, 6]
[s4_free_gng] ────────────────────────────────────────────────────────────
[s4_free_gng]  data: [516, 444, 7] → [516, 444, 2]
[s4_free_gng]  loss=separated  dpa_w=1.0  gng_w=1.0  aux_w=1.0  bl_w=1.0
Epoch 005/200 | lr: 0.01000 | train: 0.7468 | val: 0.7668
Epoch 010/200 | lr: 0.01000 | train: 0.6983 | val: 0.7215
Epoch 015/200 | lr: 0.01000 | train: 0.6860 | val: 0.6655
Epoch 020/200 | lr: 0.01000 | train: 0.6416 | val: 0.6720
Epoch 025/200 | lr: 0.01000 | train: 0.6013 | val: 0.5910
Epoch 030/200 | lr: 0.01000 | train: 0.5721 | val: 0.6018
Epoch 035/200 | lr: 0.01000 | train: 0.5406 | val: 0.6132
Epoch 040/200 | lr: 0.01000 | train: 0.4966 | val: 0.5275
Epoch 045/200 | lr: 0.01000 | train: 0.4764 | val: 0.5292
Epoch 050/200 | lr: 0.01000 | train: 0.4765 | val: 0.4858
Epoch 055/200 | lr: 0.01000 | train: 0.4539 | val: 0.5030
Epoch 060/200 | lr: 0.01000 | train: 0.4410 | val: 0.5188
Epoch 065/200 | lr: 0.01000 | train: 0.4129 | val: 0.4792
Epoch 070/200 | lr: 0.01000 | train: 0.4044 | val: 0.4569
Epoch 075/200 | lr: 0.00500 | train: 0.3909 | val: 0.4323
Epoch 080/200 | lr: 0.00500 | train: 0.3838 | val: 0.4336
Epoch 085/200 | lr: 0.00250 | train: 0.3700 | val: 0.4121
Epoch 090/200 | lr: 0.00125 | train: 0.3709 | val: 0.4103
Epoch 095/200 | lr: 0.00125 | train: 0.3751 | val: 0.4346
Epoch 100/200 | lr: 0.00063 | train: 0.3782 | val: 0.4119
Epoch 105/200 | lr: 0.00063 | train: 0.3721 | val: 0.4163
Epoch 110/200 | lr: 0.00031 | train: 0.3682 | val: 0.4244
Epoch 115/200 | lr: 0.00016 | train: 0.3697 | val: 0.4231
Epoch 120/200 | lr: 0.00008 | train: 0.3658 | val: 0.4385
Epoch 125/200 | lr: 0.00008 | train: 0.3822 | val: 0.4075
Epoch 130/200 | lr: 0.00004 | train: 0.3734 | val: 0.4076
Epoch 135/200 | lr: 0.00002 | train: 0.3733 | val: 0.4137
Epoch 140/200 | lr: 0.00001 | train: 0.3846 | val: 0.4372
Epoch 145/200 | lr: 0.00001 | train: 0.3625 | val: 0.4419
Epoch 150/200 | lr: 0.00001 | train: 0.3758 | val: 0.4121
Epoch 155/200 | lr: 0.00001 | train: 0.3683 | val: 0.4076
Epoch 160/200 | lr: 0.00001 | train: 0.3688 | val: 0.3939
Epoch 165/200 | lr: 0.00001 | train: 0.3736 | val: 0.4385
Epoch 170/200 | lr: 0.00001 | train: 0.3707 | val: 0.4385
Epoch 175/200 | lr: 0.00001 | train: 0.3761 | val: 0.4126
Epoch 180/200 | lr: 0.00001 | train: 0.3693 | val: 0.4017
Epoch 185/200 | lr: 0.00001 | train: 0.3682 | val: 0.4007
Epoch 190/200 | lr: 0.00001 | train: 0.3762 | val: 0.4147
Epoch 195/200 | lr: 0.00001 | train: 0.3834 | val: 0.3948
Epoch 200/200 | lr: 0.00001 | train: 0.3613 | val: 0.4028
[s4_free_gng]  loss components: {'dpa': 0.1484, 'gng': 0.1943, 'baseline': 0.039, 'aux': 0.0271}
[s4_free_gng]   after Dual: dpa=0.996  gng=0.981
[s4_free_gng]  Dual done in 2481.5s  final train=0.3613  val=0.4028  dpa=0.996  gng=0.981
[s4_free_gng]  ┌── params: after Dual
[s4_free_gng]  │  rank 0: ||m||=44.084  ||n||=38.843  corr(m,n)=+0.826
[s4_free_gng]  │  rank 1: ||m||=34.860  ||n||=64.475  corr(m,n)=+0.649
[s4_free_gng]  │  κ-Jacobian eigvals (gain·n^Tm/N): +2.7159  +2.8943
[s4_free_gng]  │  Wi: ||·||_F=76.180  per-channel=24.98 24.07 39.18 45.77 15.20 19.96 18.45
[s4_free_gng]  └──────────────────────────────────────────────────
[s4_free_gng] ════════════════════════════════════════════════════════════
[s4_free_gng]  RUN COMPLETE  2026-06-07 14:24:24  total=4037.4s
[s4_free_gng]  ACCURACY SUMMARY
[s4_free_gng]    after DPA : dpa=0.997  gng=0.562
[s4_free_gng]    after GNG : dpa=0.977  gng=0.954
[s4_free_gng]    after Dual: dpa=0.996  gng=0.981  dual_dpa=0.997  dual_gng=0.849
[s4_free_gng] ════════════════════════════════════════════════════════════
