[s8_frzGNG] ════════════════════════════════════════════════════════════
[s8_frzGNG]  RUN START  2026-06-08 21:02:39
[s8_frzGNG]  run_id=s8_frzGNG  seed=8  device=cuda:0
[s8_frzGNG]  arch:  hidden=512  rank=2  gain=1.0  input_size=7  params=6,144
[s8_frzGNG]  task:  cue_on_go=True  rwd=True  rwd_scale=1.0  freeze_input_stages=['gng', 'dual']  init=random
[s8_frzGNG]  dynamics: alpha=0.0750  alpha_rec=0.1000  dt=0.0225  tau=0.3  tau_rec_frac=0.75
[s8_frzGNG]  noise:  input_sigma=0.3732 (×1.0)  model_sigma=0.0000 (×0.0)
[s8_frzGNG]  optim:  lr=0.01  wd=0.01  batch=64  n_batch=516  clip=None
[s8_frzGNG]  epochs: dpa=100  gng=100  dual=100  loss=separated
[s8_frzGNG]  shapes: m[512, 2]  n[512, 2]  Wi[512, 7]
[s8_frzGNG]  ┌── params: init
[s8_frzGNG]  │  rank 0: ||m||=21.882  ||n||=22.260  corr(m,n)=+0.051
[s8_frzGNG]  │  rank 1: ||m||=23.191  ||n||=22.746  corr(m,n)=+0.052
[s8_frzGNG]  │  κ-Jacobian eigvals (gain·n^Tm/N): +0.0400  +0.0614
[s8_frzGNG]  │  Wi: ||·||_F=58.682  per-channel=22.28 22.71 21.71 21.44 22.33 22.66 22.10
[s8_frzGNG]  └──────────────────────────────────────────────────
[s8_frzGNG] ────────────────────────────────────────────────────────────
[s8_frzGNG]  STAGE: DPA   device=cuda:0   epochs=100
[s8_frzGNG]  freeze input dims:     [4, 5]
[s8_frzGNG] ────────────────────────────────────────────────────────────
[s8_frzGNG]  data: [516, 444, 7] → [516, 444, 2]
Epoch 005/100 | lr: 0.01000 | train: 1.9663 | val: 1.9800
Epoch 010/100 | lr: 0.01000 | train: 1.6247 | val: 1.4486
Epoch 015/100 | lr: 0.01000 | train: 1.0194 | val: 1.0352
Epoch 020/100 | lr: 0.01000 | train: 0.9646 | val: 0.9877
Epoch 025/100 | lr: 0.01000 | train: 0.8273 | val: 0.8673
Epoch 030/100 | lr: 0.01000 | train: 0.5397 | val: 0.5703
Epoch 035/100 | lr: 0.01000 | train: 0.4177 | val: 0.4081
Epoch 040/100 | lr: 0.01000 | train: 0.3318 | val: 0.3992
Epoch 045/100 | lr: 0.01000 | train: 0.3091 | val: 0.2953
Epoch 050/100 | lr: 0.01000 | train: 0.2646 | val: 0.3366
Epoch 055/100 | lr: 0.01000 | train: 0.2547 | val: 0.2572
Epoch 060/100 | lr: 0.01000 | train: 0.2364 | val: 0.2207
Epoch 065/100 | lr: 0.01000 | train: 0.1686 | val: 0.1943
Epoch 070/100 | lr: 0.01000 | train: 0.1452 | val: 0.1786
Epoch 075/100 | lr: 0.01000 | train: 0.1329 | val: 0.2744
Epoch 080/100 | lr: 0.00500 | train: 0.1939 | val: 0.1874
Epoch 085/100 | lr: 0.00500 | train: 0.1266 | val: 0.1431
Epoch 090/100 | lr: 0.00500 | train: 0.1148 | val: 0.1269
Epoch 095/100 | lr: 0.00500 | train: 0.1073 | val: 0.1211
Epoch 100/100 | lr: 0.00500 | train: 0.1010 | val: 0.1116
[s8_frzGNG]   after DPA: dpa=0.998 (pair=0.998 unpair=0.998)  gng=0.521 (go=0.004 nogo=0.991)
[s8_frzGNG]  DPA done in 723.1s  final train=0.1010  val=0.1116  dpa=0.998  gng=0.521
[s8_frzGNG]  ┌── params: after DPA
[s8_frzGNG]  │  rank 0: ||m||=37.160  ||n||=39.201  corr(m,n)=+0.799
[s8_frzGNG]  │  rank 1: ||m||=33.534  ||n||=47.986  corr(m,n)=+0.845
[s8_frzGNG]  │  κ-Jacobian eigvals (gain·n^Tm/N): +2.2623  +2.6652
[s8_frzGNG]  │  Wi: ||·||_F=66.621  per-channel=19.91 19.34 37.71 33.22 22.33 22.66 11.43
[s8_frzGNG]  └──────────────────────────────────────────────────
[s8_frzGNG] ────────────────────────────────────────────────────────────
[s8_frzGNG]  STAGE: GNG   device=cuda:0   epochs=100
[s8_frzGNG]  freeze recurrent cols: [0]
[s8_frzGNG]  freeze input dims:     [0, 1, 2, 3, 4, 5, 6]
[s8_frzGNG] ────────────────────────────────────────────────────────────
[s8_frzGNG]  data: [516, 266, 7] → [516, 266, 2]
Epoch 005/100 | lr: 0.01000 | train: 1.6557 | val: 1.4797
Epoch 010/100 | lr: 0.01000 | train: 0.9891 | val: 0.8405
Epoch 015/100 | lr: 0.01000 | train: 0.5348 | val: 0.4725
Epoch 020/100 | lr: 0.01000 | train: 0.3576 | val: 0.3407
Epoch 025/100 | lr: 0.01000 | train: 0.2806 | val: 0.2768
Epoch 030/100 | lr: 0.01000 | train: 0.2290 | val: 0.2346
Epoch 035/100 | lr: 0.01000 | train: 0.2052 | val: 0.2038
Epoch 040/100 | lr: 0.01000 | train: 0.1722 | val: 0.1806
Epoch 045/100 | lr: 0.01000 | train: 0.1574 | val: 0.1633
Epoch 050/100 | lr: 0.01000 | train: 0.1400 | val: 0.1490
Epoch 055/100 | lr: 0.01000 | train: 0.1286 | val: 0.1370
Epoch 060/100 | lr: 0.01000 | train: 0.1207 | val: 0.1265
Epoch 065/100 | lr: 0.01000 | train: 0.1101 | val: 0.1174
Epoch 070/100 | lr: 0.01000 | train: 0.1012 | val: 0.1086
Epoch 075/100 | lr: 0.01000 | train: 0.0954 | val: 0.1034
Stopping: losses below 0.1.
[s8_frzGNG]   after GNG: dpa=1.000 (pair=1.000 unpair=1.000)  gng=0.996 (go=0.998 nogo=0.994)
[s8_frzGNG]  GNG done in 347.7s  final train=0.0941  val=0.0983  dpa=1.000  gng=0.996
[s8_frzGNG]  ┌── params: after GNG
[s8_frzGNG]  │  rank 0: ||m||=37.160  ||n||=39.201  corr(m,n)=+0.799
[s8_frzGNG]  │  rank 1: ||m||=32.118  ||n||=51.392  corr(m,n)=+0.761
[s8_frzGNG]  │  κ-Jacobian eigvals (gain·n^Tm/N): +2.2707  +2.4533
[s8_frzGNG]  │  Wi: ||·||_F=66.621  per-channel=19.91 19.34 37.71 33.22 22.33 22.66 11.43
[s8_frzGNG]  └──────────────────────────────────────────────────
[s8_frzGNG] ────────────────────────────────────────────────────────────
[s8_frzGNG]  STAGE: Dual   device=cuda:0   epochs=100
[s8_frzGNG]  freeze recurrent cols: [0]
[s8_frzGNG]  freeze input dims:     [0, 1, 2, 3, 4, 5, 6]
[s8_frzGNG] ────────────────────────────────────────────────────────────
[s8_frzGNG]  data: [516, 444, 7] → [516, 444, 2]
[s8_frzGNG]  loss=separated  dpa_w=1.0  gng_w=1.0  go_w=1.0  nogo_w=2.0  aux_w=1.0  bl_w=1.0  go_hinge=1.0
Epoch 005/100 | lr: 0.01000 | train: 0.6893 | val: 0.7022
Epoch 010/100 | lr: 0.01000 | train: 0.6373 | val: 0.6494
Epoch 015/100 | lr: 0.01000 | train: 0.5945 | val: 0.6097
Epoch 020/100 | lr: 0.01000 | train: 0.5658 | val: 0.5768
Epoch 025/100 | lr: 0.01000 | train: 0.5301 | val: 0.5275
Epoch 030/100 | lr: 0.01000 | train: 0.5018 | val: 0.4928
Epoch 035/100 | lr: 0.01000 | train: 0.4627 | val: 0.4441
Epoch 040/100 | lr: 0.01000 | train: 0.4481 | val: 0.4104
Epoch 045/100 | lr: 0.01000 | train: 0.4031 | val: 0.3802
Epoch 050/100 | lr: 0.01000 | train: 0.3801 | val: 0.3535
Epoch 055/100 | lr: 0.01000 | train: 0.3637 | val: 0.3280
Epoch 060/100 | lr: 0.01000 | train: 0.3333 | val: 0.3014
Epoch 065/100 | lr: 0.01000 | train: 0.3298 | val: 0.2991
Epoch 070/100 | lr: 0.01000 | train: 0.3084 | val: 0.2755
Epoch 075/100 | lr: 0.01000 | train: 0.2823 | val: 0.2534
Epoch 080/100 | lr: 0.01000 | train: 0.2780 | val: 0.2437
Epoch 085/100 | lr: 0.01000 | train: 0.2599 | val: 0.2317
Epoch 090/100 | lr: 0.01000 | train: 0.2534 | val: 0.2272
Epoch 095/100 | lr: 0.01000 | train: 0.2506 | val: 0.2217
Epoch 100/100 | lr: 0.01000 | train: 0.2443 | val: 0.2130
[s8_frzGNG]  loss components: {'dpa': 0.1052, 'gng': 0.0672, 'gng_go': 0.027, 'gng_nogo': 0.0201, 'baseline': 0.0105, 'aux': 0.0229}
[s8_frzGNG]   after Dual: dpa=1.000 (pair=1.000 unpair=1.000)  gng=0.992 (go=0.985 nogo=1.000)
[s8_frzGNG]  Dual done in 679.4s  final train=0.2443  val=0.2130  dpa=1.000  gng=0.992
[s8_frzGNG]  ┌── params: after Dual
[s8_frzGNG]  │  rank 0: ||m||=37.160  ||n||=39.201  corr(m,n)=+0.799
[s8_frzGNG]  │  rank 1: ||m||=28.581  ||n||=71.391  corr(m,n)=+0.615
[s8_frzGNG]  │  κ-Jacobian eigvals (gain·n^Tm/N): +2.2091  +2.5139
[s8_frzGNG]  │  Wi: ||·||_F=66.621  per-channel=19.91 19.34 37.71 33.22 22.33 22.66 11.43
[s8_frzGNG]  └──────────────────────────────────────────────────
[s8_frzGNG] ════════════════════════════════════════════════════════════
[s8_frzGNG]  RUN COMPLETE  2026-06-08 21:31:50  total=1752.2s
[s8_frzGNG]  ACCURACY SUMMARY
[s8_frzGNG]    after DPA : dpa=0.998  gng=0.521
[s8_frzGNG]    after GNG : dpa=1.000  gng=0.996
[s8_frzGNG]    after Dual: dpa=1.000  gng=0.992  dual_dpa=0.989  dual_gng=0.996
[s8_frzGNG] ════════════════════════════════════════════════════════════
