[s1_nogo5] ════════════════════════════════════════════════════════════
[s1_nogo5]  RUN START  2026-06-09 03:04:41
[s1_nogo5]  run_id=s1_nogo5  seed=1  device=cuda:1
[s1_nogo5]  arch:  hidden=512  rank=2  gain=1.0  input_size=7  params=6,144
[s1_nogo5]  task:  cue_on_go=True  rwd=True  rwd_scale=1.0  freeze_input_stages=['gng', 'dual']  init=random
[s1_nogo5]  dynamics: alpha=0.0750  alpha_rec=0.1000  dt=0.0225  tau=0.3  tau_rec_frac=0.75
[s1_nogo5]  noise:  input_sigma=0.3732 (×1.0)  model_sigma=0.0000 (×0.0)
[s1_nogo5]  optim:  lr=0.01  wd=0.01  batch=64  n_batch=516  clip=None
[s1_nogo5]  epochs: dpa=100  gng=100  dual=100  loss=separated
[s1_nogo5]  shapes: m[512, 2]  n[512, 2]  Wi[512, 7]
[s1_nogo5]  ┌── params: init
[s1_nogo5]  │  rank 0: ||m||=22.898  ||n||=22.288  corr(m,n)=-0.020
[s1_nogo5]  │  rank 1: ||m||=23.302  ||n||=22.428  corr(m,n)=+0.009
[s1_nogo5]  │  κ-Jacobian eigvals (gain·n^Tm/N): -0.0155  +0.0043
[s1_nogo5]  │  Wi: ||·||_F=58.820  per-channel=21.94 22.58 22.12 21.70 21.92 23.07 22.27
[s1_nogo5]  └──────────────────────────────────────────────────
[s1_nogo5]  DPA: loading checkpoint from results/dual/sweep_hingeGNG/s1_hingeGNG/dpa_s1_hingeGNG.pth
[s1_nogo5]   after DPA: dpa=0.998 (pair=0.998 unpair=0.998)  gng=0.494 (go=0.004 nogo=1.000)
[s1_nogo5]  DPA done in 2.0s  (checkpoint)  dpa=0.998  gng=0.494
[s1_nogo5]  ┌── params: after DPA
[s1_nogo5]  │  rank 0: ||m||=38.840  ||n||=39.423  corr(m,n)=+0.811
[s1_nogo5]  │  rank 1: ||m||=32.049  ||n||=49.702  corr(m,n)=+0.820
[s1_nogo5]  │  κ-Jacobian eigvals (gain·n^Tm/N): +2.3363  +2.6426
[s1_nogo5]  │  Wi: ||·||_F=68.831  per-channel=21.62 22.37 33.02 36.34 21.92 23.07 18.60
[s1_nogo5]  └──────────────────────────────────────────────────
[s1_nogo5]  GNG: loading checkpoint from results/dual/sweep_hingeGNG/s1_hingeGNG/naive_s1_hingeGNG.pth
[s1_nogo5]   after GNG: dpa=0.939 (pair=0.985 unpair=0.893)  gng=0.987 (go=1.000 nogo=0.976)
[s1_nogo5]  GNG done in 1.4s  (checkpoint)  dpa=0.939  gng=0.987
[s1_nogo5]  ┌── params: after GNG
[s1_nogo5]  │  rank 0: ||m||=38.840  ||n||=39.423  corr(m,n)=+0.811
[s1_nogo5]  │  rank 1: ||m||=32.480  ||n||=55.561  corr(m,n)=+0.709
[s1_nogo5]  │  κ-Jacobian eigvals (gain·n^Tm/N): +2.4620+0.1494j  +2.4620-0.1494j
[s1_nogo5]  │  Wi: ||·||_F=68.831  per-channel=21.62 22.37 33.02 36.34 21.92 23.07 18.60
[s1_nogo5]  └──────────────────────────────────────────────────
[s1_nogo5] ────────────────────────────────────────────────────────────
[s1_nogo5]  STAGE: Dual   device=cuda:1   epochs=100
[s1_nogo5]  freeze recurrent cols: [0]
[s1_nogo5]  freeze input dims:     [0, 1, 2, 3, 4, 5, 6]
[s1_nogo5] ────────────────────────────────────────────────────────────
[s1_nogo5]  data: [516, 444, 7] → [516, 444, 2]
[s1_nogo5]  loss=separated  dpa_w=1.0  gng_w=1.0  go_w=1.0  nogo_w=5.0  aux_w=1.0  bl_w=1.0  go_hinge=1.0
Epoch 005/100 | lr: 0.01000 | train: 0.9079 | val: 0.8595
Epoch 010/100 | lr: 0.01000 | train: 0.7750 | val: 0.7881
Epoch 015/100 | lr: 0.01000 | train: 0.7095 | val: 0.7207
Epoch 020/100 | lr: 0.01000 | train: 0.6583 | val: 0.6655
Epoch 025/100 | lr: 0.01000 | train: 0.6004 | val: 0.6320
Epoch 030/100 | lr: 0.01000 | train: 0.5605 | val: 0.5848
Epoch 035/100 | lr: 0.01000 | train: 0.5279 | val: 0.5558
Epoch 040/100 | lr: 0.01000 | train: 0.4906 | val: 0.5215
Epoch 045/100 | lr: 0.01000 | train: 0.4572 | val: 0.4857
Epoch 050/100 | lr: 0.01000 | train: 0.4302 | val: 0.4625
Epoch 055/100 | lr: 0.01000 | train: 0.3982 | val: 0.4320
Epoch 060/100 | lr: 0.01000 | train: 0.3818 | val: 0.4079
Epoch 065/100 | lr: 0.01000 | train: 0.3625 | val: 0.3908
Epoch 070/100 | lr: 0.01000 | train: 0.3409 | val: 0.3714
Epoch 075/100 | lr: 0.01000 | train: 0.3314 | val: 0.3499
Epoch 080/100 | lr: 0.01000 | train: 0.3123 | val: 0.3367
Epoch 085/100 | lr: 0.01000 | train: 0.3005 | val: 0.3190
Epoch 090/100 | lr: 0.01000 | train: 0.2834 | val: 0.3339
Epoch 095/100 | lr: 0.01000 | train: 0.2773 | val: 0.3000
Epoch 100/100 | lr: 0.01000 | train: 0.2601 | val: 0.2880
[s1_nogo5]  loss components: {'dpa': 0.1056, 'gng': 0.093, 'gng_go': 0.0834, 'gng_nogo': 0.0019, 'baseline': 0.0183, 'aux': 0.0215}
[s1_nogo5]   after Dual: dpa=0.998 (pair=0.996 unpair=1.000)  gng=0.992 (go=0.984 nogo=1.000)
[s1_nogo5]  Dual done in 703.6s  final train=0.2601  val=0.2880  dpa=0.998  gng=0.992
[s1_nogo5]  ┌── params: after Dual
[s1_nogo5]  │  rank 0: ||m||=38.840  ||n||=39.423  corr(m,n)=+0.811
[s1_nogo5]  │  rank 1: ||m||=32.706  ||n||=72.291  corr(m,n)=+0.592
[s1_nogo5]  │  κ-Jacobian eigvals (gain·n^Tm/N): +2.3552  +2.8061
[s1_nogo5]  │  Wi: ||·||_F=68.831  per-channel=21.62 22.37 33.02 36.34 21.92 23.07 18.60
[s1_nogo5]  └──────────────────────────────────────────────────
[s1_nogo5] ════════════════════════════════════════════════════════════
[s1_nogo5]  RUN COMPLETE  2026-06-09 03:16:28  total=708.4s
[s1_nogo5]  ACCURACY SUMMARY
[s1_nogo5]    after DPA : dpa=0.998  gng=0.494
[s1_nogo5]    after GNG : dpa=0.939  gng=0.987
[s1_nogo5]    after Dual: dpa=0.998  gng=0.992  dual_dpa=0.989  dual_gng=0.991
[s1_nogo5] ════════════════════════════════════════════════════════════
