[s4] ════════════════════════════════════════════════════════════
[s4]  RUN START  2026-07-01 19:52:00
[s4]  run_id=s4  seed=4  device=cuda:1
[s4]  arch:  N=1000 (E=750 I=250)  K=125 (prob 0.167)  rank=2  gain=1.0  input_size=6  params=3,000
[s4]  task:  cue_on_go=True  rwd=False  rwd_scale=1.0  freeze_input_stages=['dual']  init=random
[s4]  dynamics: dt=0.0225  tau=(0.4, 0.2)s  tau_syn=(0.2, 0.1)s  STP(use=0.05 tau_fac=1.0s tau_rec=0.2s)  j_stp=1.0
[s4]  noise:  input_sigma=0.3732 (×1.0)  model_sigma=0.0000 (×0.0)
[s4]  optim:  lr=0.1  wd=0.01  batch=32  n_batch=256  clip=None
[s4]  epochs: dpa=200  gng=100  dual=100  loss=separated
[s4]  shapes: m[750, 2]  n[750, 2]  Wi[750, 6]
[s4]  ┌── params: init
[s4]  │  rank 0: ||m||=26.666  ||n||=26.666  corr(m,n)=+1.000
[s4]  │  rank 1: ||m||=27.228  ||n||=27.228  corr(m,n)=+1.000
[s4]  │  low-rank overlap n^Tm/N (modulates STP E→E): +0.9330  +1.0035
[s4]  │  Wi: ||·||_F=67.977  per-channel=28.28 26.89 27.67 28.75 27.04 27.83
[s4]  └──────────────────────────────────────────────────
[s4] ────────────────────────────────────────────────────────────
[s4]  STAGE: DPA   device=cuda:1   epochs=200
[s4] ────────────────────────────────────────────────────────────
[s4]  data: [256, 444, 6] → [256, 444, 2]
Epoch 005/200 | lr: 0.10000 | train: 3.5320 | val: 3.5906
Epoch 010/200 | lr: 0.10000 | train: 2.6850 | val: 2.5046
Epoch 015/200 | lr: 0.10000 | train: 1.2103 | val: 0.9672
Stopping: losses below 0.1.
[s4]   after DPA: dpa=1.000 (pair=1.000 unpair=1.000)  gng=0.498 (go=0.025 nogo=0.976)
[s4]  DPA done in 97.2s  final train=0.0513  val=0.0275  dpa=1.000  gng=0.498
[s4]  ┌── params: after DPA
[s4]  │  rank 0: ||m||=256.070  ||n||=121.479  corr(m,n)=+0.745
[s4]  │  rank 1: ||m||=138.235  ||n||=76.503  corr(m,n)=+0.487
[s4]  │  low-rank overlap n^Tm/N (modulates STP E→E): +30.8858  +6.8728
[s4]  │  Wi: ||·||_F=67.977  per-channel=28.28 26.89 27.67 28.75 27.04 27.83
[s4]  └──────────────────────────────────────────────────
[s4] ────────────────────────────────────────────────────────────
[s4]  STAGE: GNG   device=cuda:1   epochs=100
[s4]  freeze recurrent cols: [0]
[s4]  freeze input dims:     [0, 1, 2, 3]
[s4] ────────────────────────────────────────────────────────────
[s4]  data: [256, 266, 6] → [256, 266, 2]
Epoch 005/100 | lr: 0.10000 | train: 0.7389 | val: 0.7908
Epoch 010/100 | lr: 0.10000 | train: 0.4705 | val: 0.5252
Epoch 015/100 | lr: 0.10000 | train: 0.3481 | val: 0.3915
Epoch 020/100 | lr: 0.10000 | train: 0.2442 | val: 0.2808
Epoch 025/100 | lr: 0.10000 | train: 0.1774 | val: 0.2139
Epoch 030/100 | lr: 0.10000 | train: 0.1393 | val: 0.1659
Epoch 035/100 | lr: 0.10000 | train: 0.1133 | val: 0.1391
Epoch 040/100 | lr: 0.10000 | train: 0.0927 | val: 0.1168
Epoch 045/100 | lr: 0.10000 | train: 0.0825 | val: 0.1016
Stopping: losses below 0.1.
[s4]   after GNG: dpa=0.634 (pair=0.293 unpair=0.982)  gng=1.000 (go=1.000 nogo=1.000)
[s4]  GNG done in 152.6s  final train=0.0774  val=0.0959  dpa=0.634  gng=1.000
[s4]  ┌── params: after GNG
[s4]  │  rank 0: ||m||=256.070  ||n||=121.479  corr(m,n)=+0.745
[s4]  │  rank 1: ||m||=254.160  ||n||=128.326  corr(m,n)=+0.264
[s4]  │  low-rank overlap n^Tm/N (modulates STP E→E): +23.7100  +18.6685
[s4]  │  Wi: ||·||_F=67.977  per-channel=28.28 26.89 27.67 28.75 27.04 27.83
[s4]  └──────────────────────────────────────────────────
[s4] ────────────────────────────────────────────────────────────
[s4]  STAGE: Dual   device=cuda:1   epochs=100
[s4]  freeze input dims:     [0, 1, 2, 3, 4, 5]
[s4] ────────────────────────────────────────────────────────────
[s4]  data: [256, 444, 6] → [256, 444, 2]
[s4]  loss=separated  dpa_w=1.0  gng_w=1.0  go_w=1.0  nogo_w=1.0  aux_w=1.0  bl_w=1.0  go_hinge=1.0
Epoch 005/100 | lr: 0.10000 | train: 0.9753 | val: 0.8908
Epoch 010/100 | lr: 0.10000 | train: 0.2268 | val: 0.1765
Epoch 015/100 | lr: 0.10000 | train: 0.1114 | val: 0.0974
Stopping: losses below 0.1.
[s4]  loss components: {'dpa': 0.0002, 'gng': 0.0117, 'gng_go': 0.0084, 'gng_nogo': 0.0033, 'baseline': 0.0292, 'aux': 0.0493}
[s4]   after Dual: dpa=1.000 (pair=1.000 unpair=1.000)  gng=1.000 (go=1.000 nogo=1.000)
[s4]  Dual done in 95.6s  final train=0.0942  val=0.0847  dpa=1.000  gng=1.000
[s4]  ┌── params: after Dual
[s4]  │  rank 0: ||m||=257.821  ||n||=128.675  corr(m,n)=+0.788
[s4]  │  rank 1: ||m||=242.720  ||n||=127.044  corr(m,n)=+0.263
[s4]  │  low-rank overlap n^Tm/N (modulates STP E→E): +28.4717  +17.1757
[s4]  │  Wi: ||·||_F=67.977  per-channel=28.28 26.89 27.67 28.75 27.04 27.83
[s4]  └──────────────────────────────────────────────────
[s4] ════════════════════════════════════════════════════════════
[s4]  RUN COMPLETE  2026-07-01 19:57:45  total=346.5s
[s4]  ACCURACY SUMMARY
[s4]    after DPA : dpa=1.000  gng=0.498
[s4]    after GNG : dpa=0.634  gng=1.000
[s4]    after Dual: dpa=1.000  gng=1.000  dual_dpa=1.000  dual_gng=0.990
[s4] ════════════════════════════════════════════════════════════
