[s2_hingeGNG] ════════════════════════════════════════════════════════════
[s2_hingeGNG]  RUN START  2026-06-09 01:47:15
[s2_hingeGNG]  run_id=s2_hingeGNG  seed=2  device=cuda:0
[s2_hingeGNG]  arch:  hidden=512  rank=2  gain=1.0  input_size=7  params=6,144
[s2_hingeGNG]  task:  cue_on_go=True  rwd=True  rwd_scale=1.0  freeze_input_stages=['gng', 'dual']  init=random
[s2_hingeGNG]  dynamics: alpha=0.0750  alpha_rec=0.1000  dt=0.0225  tau=0.3  tau_rec_frac=0.75
[s2_hingeGNG]  noise:  input_sigma=0.3732 (×1.0)  model_sigma=0.0000 (×0.0)
[s2_hingeGNG]  optim:  lr=0.01  wd=0.01  batch=64  n_batch=516  clip=None
[s2_hingeGNG]  epochs: dpa=100  gng=100  dual=100  loss=separated
[s2_hingeGNG]  shapes: m[512, 2]  n[512, 2]  Wi[512, 7]
[s2_hingeGNG]  ┌── params: init
[s2_hingeGNG]  │  rank 0: ||m||=22.730  ||n||=22.312  corr(m,n)=+0.023
[s2_hingeGNG]  │  rank 1: ||m||=22.626  ||n||=22.176  corr(m,n)=-0.024
[s2_hingeGNG]  │  κ-Jacobian eigvals (gain·n^Tm/N): +0.0345  -0.0353
[s2_hingeGNG]  │  Wi: ||·||_F=58.692  per-channel=22.57 21.62 22.94 22.02 22.37 21.28 22.45
[s2_hingeGNG]  └──────────────────────────────────────────────────
[s2_hingeGNG]  DPA: loading checkpoint from results/dual/sweep_adam2/s2_adam2/dpa_s2_adam2.pth
[s2_hingeGNG]   after DPA: dpa=0.997 (pair=0.998 unpair=0.996)  gng=0.494 (go=0.002 nogo=0.998)
[s2_hingeGNG]  DPA done in 1.6s  (checkpoint)  dpa=0.997  gng=0.494
[s2_hingeGNG]  ┌── params: after DPA
[s2_hingeGNG]  │  rank 0: ||m||=39.604  ||n||=37.191  corr(m,n)=+0.780
[s2_hingeGNG]  │  rank 1: ||m||=38.659  ||n||=43.277  corr(m,n)=+0.781
[s2_hingeGNG]  │  κ-Jacobian eigvals (gain·n^Tm/N): +2.3988+0.6167j  +2.3988-0.6167j
[s2_hingeGNG]  │  Wi: ||·||_F=66.330  per-channel=17.96 18.93 37.53 33.63 22.37 21.28 15.06
[s2_hingeGNG]  └──────────────────────────────────────────────────
[s2_hingeGNG] ────────────────────────────────────────────────────────────
[s2_hingeGNG]  STAGE: GNG   device=cuda:0   epochs=100
[s2_hingeGNG]  freeze recurrent cols: [0]
[s2_hingeGNG]  freeze input dims:     [0, 1, 2, 3, 4, 5, 6]
[s2_hingeGNG] ────────────────────────────────────────────────────────────
[s2_hingeGNG]  data: [516, 266, 7] → [516, 266, 2]
Epoch 005/100 | lr: 0.01000 | train: 1.0009 | val: 0.8676
Epoch 010/100 | lr: 0.01000 | train: 0.4624 | val: 0.4583
Epoch 015/100 | lr: 0.01000 | train: 0.2919 | val: 0.2874
Epoch 020/100 | lr: 0.01000 | train: 0.2228 | val: 0.2198
Epoch 025/100 | lr: 0.01000 | train: 0.1932 | val: 0.1748
Epoch 030/100 | lr: 0.01000 | train: 0.1453 | val: 0.1609
Epoch 035/100 | lr: 0.01000 | train: 0.1224 | val: 0.1408
Epoch 040/100 | lr: 0.01000 | train: 0.1061 | val: 0.1184
Epoch 045/100 | lr: 0.01000 | train: 0.0934 | val: 0.1058
Stopping: losses below 0.1.
[s2_hingeGNG]   after GNG: dpa=0.932 (pair=0.926 unpair=0.937)  gng=0.961 (go=1.000 nogo=0.923)
[s2_hingeGNG]  GNG done in 210.9s  final train=0.0903  val=0.0985  dpa=0.932  gng=0.961
[s2_hingeGNG]  ┌── params: after GNG
[s2_hingeGNG]  │  rank 0: ||m||=39.604  ||n||=37.191  corr(m,n)=+0.780
[s2_hingeGNG]  │  rank 1: ||m||=38.438  ||n||=49.011  corr(m,n)=+0.740
[s2_hingeGNG]  │  κ-Jacobian eigvals (gain·n^Tm/N): +2.4846+0.3869j  +2.4846-0.3869j
[s2_hingeGNG]  │  Wi: ||·||_F=66.330  per-channel=17.96 18.93 37.53 33.63 22.37 21.28 15.06
[s2_hingeGNG]  └──────────────────────────────────────────────────
[s2_hingeGNG] ────────────────────────────────────────────────────────────
[s2_hingeGNG]  STAGE: Dual   device=cuda:0   epochs=100
[s2_hingeGNG]  freeze recurrent cols: [0]
[s2_hingeGNG]  freeze input dims:     [0, 1, 2, 3, 4, 5, 6]
[s2_hingeGNG] ────────────────────────────────────────────────────────────
[s2_hingeGNG]  data: [516, 444, 7] → [516, 444, 2]
[s2_hingeGNG]  loss=separated  dpa_w=1.0  gng_w=1.0  go_w=1.0  nogo_w=2.0  aux_w=1.0  bl_w=1.0  go_hinge=1.0
Epoch 005/100 | lr: 0.01000 | train: 1.0262 | val: 1.0427
Epoch 010/100 | lr: 0.01000 | train: 0.9366 | val: 0.9260
Epoch 015/100 | lr: 0.01000 | train: 0.8664 | val: 0.8551
Epoch 020/100 | lr: 0.01000 | train: 0.8114 | val: 0.7905
Epoch 025/100 | lr: 0.01000 | train: 0.7603 | val: 0.7443
Epoch 030/100 | lr: 0.01000 | train: 0.7377 | val: 0.7100
Epoch 035/100 | lr: 0.01000 | train: 0.6887 | val: 0.6542
Epoch 040/100 | lr: 0.01000 | train: 0.6652 | val: 0.6310
Epoch 045/100 | lr: 0.01000 | train: 0.6307 | val: 0.5978
Epoch 050/100 | lr: 0.01000 | train: 0.6130 | val: 0.5766
Epoch 055/100 | lr: 0.01000 | train: 0.5905 | val: 0.5539
Epoch 060/100 | lr: 0.01000 | train: 0.5729 | val: 0.5354
Epoch 065/100 | lr: 0.01000 | train: 0.5714 | val: 0.5153
Epoch 070/100 | lr: 0.01000 | train: 0.5279 | val: 0.4968
Epoch 075/100 | lr: 0.01000 | train: 0.5169 | val: 0.4851
Epoch 080/100 | lr: 0.01000 | train: 0.5075 | val: 0.4815
Epoch 085/100 | lr: 0.01000 | train: 0.4871 | val: 0.4492
Epoch 090/100 | lr: 0.01000 | train: 0.4695 | val: 0.4417
Epoch 095/100 | lr: 0.01000 | train: 0.4504 | val: 0.4232
Epoch 100/100 | lr: 0.01000 | train: 0.4356 | val: 0.4105
[s2_hingeGNG]  loss components: {'dpa': 0.2458, 'gng': 0.126, 'gng_go': 0.0847, 'gng_nogo': 0.0206, 'baseline': 0.0139, 'aux': 0.0078}
[s2_hingeGNG]   after Dual: dpa=0.988 (pair=0.981 unpair=0.996)  gng=1.000 (go=1.000 nogo=1.000)
[s2_hingeGNG]  Dual done in 739.3s  final train=0.4356  val=0.4105  dpa=0.988  gng=1.000
[s2_hingeGNG]  ┌── params: after Dual
[s2_hingeGNG]  │  rank 0: ||m||=39.604  ||n||=37.191  corr(m,n)=+0.780
[s2_hingeGNG]  │  rank 1: ||m||=35.141  ||n||=67.947  corr(m,n)=+0.513
[s2_hingeGNG]  │  κ-Jacobian eigvals (gain·n^Tm/N): +2.3179+0.2729j  +2.3179-0.2729j
[s2_hingeGNG]  │  Wi: ||·||_F=66.330  per-channel=17.96 18.93 37.53 33.63 22.37 21.28 15.06
[s2_hingeGNG]  └──────────────────────────────────────────────────
[s2_hingeGNG] ════════════════════════════════════════════════════════════
[s2_hingeGNG]  RUN COMPLETE  2026-06-09 02:03:07  total=953.7s
[s2_hingeGNG]  ACCURACY SUMMARY
[s2_hingeGNG]    after DPA : dpa=0.997  gng=0.494
[s2_hingeGNG]    after GNG : dpa=0.932  gng=0.961
[s2_hingeGNG]    after Dual: dpa=0.988  gng=1.000  dual_dpa=0.911  dual_gng=0.996
[s2_hingeGNG] ════════════════════════════════════════════════════════════
