[s4] ════════════════════════════════════════════════════════════
[s4]  RUN START  2026-07-01 19:15:33
[s4]  run_id=s4  seed=4  device=cuda:0
[s4]  arch:  N=1000 (E=750 I=250)  K=125 (prob 0.167)  rank=2  gain=1.0  input_size=6  params=3,000
[s4]  task:  cue_on_go=True  rwd=False  rwd_scale=1.0  freeze_input_stages=['dual']  init=random
[s4]  dynamics: dt=0.0225  tau=(0.4, 0.2)s  tau_syn=(0.2, 0.1)s  STP(use=0.05 tau_fac=1.0s tau_rec=0.2s)  j_stp=1.0
[s4]  noise:  input_sigma=0.3732 (×1.0)  model_sigma=0.0000 (×0.0)
[s4]  optim:  lr=0.1  wd=0.01  batch=32  n_batch=256  clip=None
[s4]  epochs: dpa=200  gng=100  dual=100  loss=separated
[s4]  shapes: m[750, 2]  n[750, 2]  Wi[750, 6]
[s4]  ┌── params: init
[s4]  │  rank 0: ||m||=26.666  ||n||=26.666  corr(m,n)=+1.000
[s4]  │  rank 1: ||m||=27.228  ||n||=27.228  corr(m,n)=+1.000
[s4]  │  low-rank overlap n^Tm/N (modulates STP E→E): +0.9330  +1.0035
[s4]  │  Wi: ||·||_F=67.977  per-channel=28.28 26.89 27.67 28.75 27.04 27.83
[s4]  └──────────────────────────────────────────────────
[s4] ────────────────────────────────────────────────────────────
[s4]  STAGE: DPA   device=cuda:0   epochs=200
[s4] ────────────────────────────────────────────────────────────
[s4]  data: [256, 444, 6] → [256, 444, 2]
Epoch 005/200 | lr: 0.10000 | train: 3.5974 | val: 3.6823
Epoch 010/200 | lr: 0.10000 | train: 3.4191 | val: 3.5211
Epoch 015/200 | lr: 0.10000 | train: 3.2592 | val: 3.4382
Epoch 020/200 | lr: 0.10000 | train: 3.1433 | val: 3.3390
Epoch 025/200 | lr: 0.10000 | train: 3.0411 | val: 3.2231
Epoch 030/200 | lr: 0.10000 | train: 2.9333 | val: 3.1704
Epoch 035/200 | lr: 0.10000 | train: 2.8273 | val: 3.0730
Epoch 040/200 | lr: 0.10000 | train: 2.7153 | val: 2.9653
Epoch 045/200 | lr: 0.10000 | train: 2.6163 | val: 2.8674
Epoch 050/200 | lr: 0.10000 | train: 2.4905 | val: 2.8038
Epoch 055/200 | lr: 0.10000 | train: 2.3762 | val: 2.6647
Epoch 060/200 | lr: 0.10000 | train: 2.2785 | val: 2.5509
Epoch 065/200 | lr: 0.10000 | train: 2.1638 | val: 2.4796
Epoch 070/200 | lr: 0.10000 | train: 2.0566 | val: 2.3685
Epoch 075/200 | lr: 0.10000 | train: 1.9673 | val: 2.2771
Epoch 080/200 | lr: 0.10000 | train: 1.8526 | val: 2.2241
Epoch 085/200 | lr: 0.10000 | train: 1.8163 | val: 2.1439
Epoch 090/200 | lr: 0.10000 | train: 1.7496 | val: 2.0847
Epoch 095/200 | lr: 0.10000 | train: 1.6978 | val: 2.0414
Epoch 100/200 | lr: 0.10000 | train: 1.6413 | val: 1.9888
Epoch 105/200 | lr: 0.10000 | train: 1.6150 | val: 1.9237
Epoch 110/200 | lr: 0.10000 | train: 1.5503 | val: 1.8691
Epoch 115/200 | lr: 0.10000 | train: 1.4583 | val: 1.7519
Epoch 120/200 | lr: 0.10000 | train: 1.3279 | val: 1.5804
Epoch 125/200 | lr: 0.10000 | train: 1.0193 | val: 1.1803
Epoch 130/200 | lr: 0.10000 | train: 0.3618 | val: 0.4212
Epoch 135/200 | lr: 0.10000 | train: 0.1255 | val: 0.1746
Epoch 140/200 | lr: 0.10000 | train: 0.0800 | val: 0.1307
Epoch 145/200 | lr: 0.10000 | train: 0.0585 | val: 0.1020
Stopping: losses below 0.1.
[s4]   after DPA: dpa=1.000 (pair=1.000 unpair=1.000)  gng=0.572 (go=0.354 nogo=0.784)
[s4]  DPA done in 791.8s  final train=0.0551  val=0.0975  dpa=1.000  gng=0.572
[s4]  ┌── params: after DPA
[s4]  │  rank 0: ||m||=2175.775  ||n||=480.646  corr(m,n)=+0.791
[s4]  │  rank 1: ||m||=1221.386  ||n||=298.828  corr(m,n)=+0.291
[s4]  │  low-rank overlap n^Tm/N (modulates STP E→E): +1097.6088  +146.1922
[s4]  │  Wi: ||·||_F=67.977  per-channel=28.28 26.89 27.67 28.75 27.04 27.83
[s4]  └──────────────────────────────────────────────────
[s4] ────────────────────────────────────────────────────────────
[s4]  STAGE: GNG   device=cuda:0   epochs=100
[s4]  freeze recurrent cols: [0]
[s4]  freeze input dims:     [0, 1, 2, 3]
[s4] ────────────────────────────────────────────────────────────
[s4]  data: [256, 266, 6] → [256, 266, 2]
Epoch 005/100 | lr: 0.10000 | train: 1.0048 | val: 0.9141
Epoch 010/100 | lr: 0.10000 | train: 0.8575 | val: 0.7942
Epoch 015/100 | lr: 0.10000 | train: 0.7777 | val: 0.7281
Epoch 020/100 | lr: 0.10000 | train: 0.7254 | val: 0.6813
Epoch 025/100 | lr: 0.10000 | train: 0.6814 | val: 0.6529
Epoch 030/100 | lr: 0.10000 | train: 0.6478 | val: 0.6188
Epoch 035/100 | lr: 0.10000 | train: 0.6235 | val: 0.5929
Epoch 040/100 | lr: 0.10000 | train: 0.5939 | val: 0.5690
Epoch 045/100 | lr: 0.10000 | train: 0.5716 | val: 0.5466
Epoch 050/100 | lr: 0.10000 | train: 0.5542 | val: 0.5308
Epoch 055/100 | lr: 0.10000 | train: 0.5369 | val: 0.5111
Epoch 060/100 | lr: 0.10000 | train: 0.5197 | val: 0.4979
Epoch 065/100 | lr: 0.10000 | train: 0.5026 | val: 0.4820
Epoch 070/100 | lr: 0.10000 | train: 0.4895 | val: 0.4760
Epoch 075/100 | lr: 0.10000 | train: 0.4755 | val: 0.4565
Epoch 080/100 | lr: 0.10000 | train: 0.4624 | val: 0.4448
Epoch 085/100 | lr: 0.10000 | train: 0.4486 | val: 0.4323
Epoch 090/100 | lr: 0.10000 | train: 0.4379 | val: 0.4210
Epoch 095/100 | lr: 0.10000 | train: 0.4317 | val: 0.4165
Epoch 100/100 | lr: 0.10000 | train: 0.4185 | val: 0.3999
[s4]   after GNG: dpa=0.973 (pair=1.000 unpair=0.946)  gng=1.000 (go=1.000 nogo=1.000)
[s4]  GNG done in 383.8s  final train=0.4185  val=0.3999  dpa=0.973  gng=1.000
[s4]  ┌── params: after GNG
[s4]  │  rank 0: ||m||=2175.775  ||n||=480.646  corr(m,n)=+0.791
[s4]  │  rank 1: ||m||=1446.447  ||n||=392.355  corr(m,n)=+0.223
[s4]  │  low-rank overlap n^Tm/N (modulates STP E→E): +1078.7216  +192.4358
[s4]  │  Wi: ||·||_F=67.977  per-channel=28.28 26.89 27.67 28.75 27.04 27.83
[s4]  └──────────────────────────────────────────────────
[s4] ────────────────────────────────────────────────────────────
[s4]  STAGE: Dual   device=cuda:0   epochs=100
[s4]  freeze input dims:     [0, 1, 2, 3, 4, 5]
[s4] ────────────────────────────────────────────────────────────
[s4]  data: [256, 444, 6] → [256, 444, 2]
[s4]  loss=separated  dpa_w=1.0  gng_w=1.0  go_w=1.0  nogo_w=1.0  aux_w=1.0  bl_w=1.0  go_hinge=1.0
Epoch 005/100 | lr: 0.10000 | train: 0.8344 | val: 0.7455
Epoch 010/100 | lr: 0.10000 | train: 0.4993 | val: 0.5091
Epoch 015/100 | lr: 0.10000 | train: 0.4117 | val: 0.4299
Epoch 020/100 | lr: 0.10000 | train: 0.3446 | val: 0.3780
Epoch 025/100 | lr: 0.10000 | train: 0.2928 | val: 0.3257
Epoch 030/100 | lr: 0.10000 | train: 0.2585 | val: 0.2872
Epoch 035/100 | lr: 0.10000 | train: 0.2265 | val: 0.2531
Epoch 040/100 | lr: 0.10000 | train: 0.2060 | val: 0.2377
Epoch 045/100 | lr: 0.10000 | train: 0.1862 | val: 0.2116
Epoch 050/100 | lr: 0.10000 | train: 0.1687 | val: 0.1983
Epoch 055/100 | lr: 0.10000 | train: 0.1481 | val: 0.1960
Epoch 060/100 | lr: 0.10000 | train: 0.1403 | val: 0.1772
Epoch 065/100 | lr: 0.10000 | train: 0.1315 | val: 0.1718
Epoch 070/100 | lr: 0.10000 | train: 0.1245 | val: 0.1520
Epoch 075/100 | lr: 0.10000 | train: 0.1152 | val: 0.1500
Epoch 080/100 | lr: 0.10000 | train: 0.1123 | val: 0.1439
Epoch 085/100 | lr: 0.10000 | train: 0.1035 | val: 0.1372
Epoch 090/100 | lr: 0.10000 | train: 0.0998 | val: 0.1390
Epoch 095/100 | lr: 0.10000 | train: 0.1083 | val: 0.1379
Epoch 100/100 | lr: 0.10000 | train: 0.0975 | val: 0.1272
[s4]  loss components: {'dpa': 0.0137, 'gng': 0.0102, 'gng_go': 0.0041, 'gng_nogo': 0.0061, 'baseline': 0.0432, 'aux': 0.0838}
[s4]   after Dual: dpa=1.000 (pair=1.000 unpair=1.000)  gng=1.000 (go=1.000 nogo=1.000)
[s4]  Dual done in 516.3s  final train=0.0975  val=0.1272  dpa=1.000  gng=1.000
[s4]  ┌── params: after Dual
[s4]  │  rank 0: ||m||=2306.834  ||n||=485.476  corr(m,n)=+0.815
[s4]  │  rank 1: ||m||=1521.282  ||n||=396.127  corr(m,n)=+0.249
[s4]  │  low-rank overlap n^Tm/N (modulates STP E→E): +1195.8574  +221.2561
[s4]  │  Wi: ||·||_F=67.977  per-channel=28.28 26.89 27.67 28.75 27.04 27.83
[s4]  └──────────────────────────────────────────────────
[s4] ════════════════════════════════════════════════════════════
[s4]  RUN COMPLETE  2026-07-01 19:43:45  total=1693.0s
[s4]  ACCURACY SUMMARY
[s4]    after DPA : dpa=1.000  gng=0.572
[s4]    after GNG : dpa=0.973  gng=1.000
[s4]    after Dual: dpa=1.000  gng=1.000  dual_dpa=1.000  dual_gng=0.962
[s4] ════════════════════════════════════════════════════════════
