[s3_proja] ════════════════════════════════════════════════════════════
[s3_proja]  RUN START  2026-06-07 15:13:47
[s3_proja]  run_id=s3_proja  seed=3  device=cuda:0
[s3_proja]  arch:  hidden=512  rank=2  gain=1.0  input_size=7  params=6,144
[s3_proja]  task:  cue_on_go=True  rwd=True  rwd_scale=1.0  freeze_input_stages=['dual']  init=random
[s3_proja]  dynamics: alpha=0.0750  alpha_rec=0.1000  dt=0.0225  tau=0.3  tau_rec_frac=0.75
[s3_proja]  noise:  input_sigma=0.3732 (×1.0)  model_sigma=0.3732 (×1.0)
[s3_proja]  optim:  lr=0.01  wd=0.01  batch=64  n_batch=516  clip=None
[s3_proja]  epochs: dpa=200  gng=200  dual=200  loss=separated
[s3_proja]  shapes: m[512, 2]  n[512, 2]  Wi[512, 7]
[s3_proja]  ┌── params: init
[s3_proja]  │  rank 0: ||m||=22.816  ||n||=22.436  corr(m,n)=+0.020
[s3_proja]  │  rank 1: ||m||=21.350  ||n||=23.585  corr(m,n)=+0.075
[s3_proja]  │  κ-Jacobian eigvals (gain·n^Tm/N): +0.0115  +0.0822
[s3_proja]  │  Wi: ||·||_F=61.487  per-channel=24.64 23.94 21.69 23.93 23.19 21.98 23.15
[s3_proja]  └──────────────────────────────────────────────────
[s3_proja] ────────────────────────────────────────────────────────────
[s3_proja]  STAGE: DPA   device=cuda:0   epochs=200
[s3_proja] ────────────────────────────────────────────────────────────
[s3_proja]  data: [516, 444, 7] → [516, 444, 2]
Epoch 005/200 | lr: 0.01000 | train: 1.9695 | val: 1.9648
Epoch 010/200 | lr: 0.01000 | train: 1.7699 | val: 1.6752
Epoch 015/200 | lr: 0.01000 | train: 1.0460 | val: 1.0372
Epoch 020/200 | lr: 0.01000 | train: 1.0123 | val: 1.0218
Epoch 025/200 | lr: 0.01000 | train: 0.9467 | val: 0.9441
Epoch 030/200 | lr: 0.01000 | train: 0.6265 | val: 0.5618
Epoch 035/200 | lr: 0.01000 | train: 0.4137 | val: 0.4768
Epoch 040/200 | lr: 0.01000 | train: 0.3369 | val: 0.3676
Epoch 045/200 | lr: 0.01000 | train: 0.2701 | val: 0.2954
Epoch 050/200 | lr: 0.01000 | train: 0.2143 | val: 0.2319
Epoch 055/200 | lr: 0.01000 | train: 0.1870 | val: 0.1849
Epoch 060/200 | lr: 0.01000 | train: 0.1582 | val: 0.1778
Epoch 065/200 | lr: 0.01000 | train: 0.1507 | val: 0.1782
Epoch 070/200 | lr: 0.01000 | train: 0.1287 | val: 0.1588
Epoch 075/200 | lr: 0.01000 | train: 0.1350 | val: 0.1272
Epoch 080/200 | lr: 0.00500 | train: 0.1146 | val: 0.1142
Epoch 085/200 | lr: 0.00500 | train: 0.1052 | val: 0.1031
Epoch 090/200 | lr: 0.00500 | train: 0.0959 | val: 0.0979
Stopping: losses below 0.1.
[s3_proja]  projected go ch=4 onto n₁ unit vector
[s3_proja]   after DPA: dpa=0.993  gng=0.601
[s3_proja]  DPA done in 651.2s  final train=0.0959  val=0.0979  dpa=0.993  gng=0.601
[s3_proja]  ┌── params: after DPA
[s3_proja]  │  rank 0: ||m||=43.959  ||n||=38.165  corr(m,n)=+0.842
[s3_proja]  │  rank 1: ||m||=35.437  ||n||=48.745  corr(m,n)=+0.881
[s3_proja]  │  κ-Jacobian eigvals (gain·n^Tm/N): +2.7412  +2.9905
[s3_proja]  │  Wi: ||·||_F=73.405  per-channel=24.33 24.92 44.14 43.48 9.67 8.87 12.84
[s3_proja]  └──────────────────────────────────────────────────
[s3_proja] ────────────────────────────────────────────────────────────
[s3_proja]  STAGE: GNG   device=cuda:0   epochs=200
[s3_proja]  freeze recurrent cols: [0]
[s3_proja]  freeze input dims:     [0, 1, 2, 3, 6]
[s3_proja] ────────────────────────────────────────────────────────────
[s3_proja]  data: [516, 266, 7] → [516, 266, 2]
Epoch 005/200 | lr: 0.01000 | train: 0.2231 | val: 0.2321
Epoch 010/200 | lr: 0.01000 | train: 0.1847 | val: 0.1832
Epoch 015/200 | lr: 0.01000 | train: 0.1563 | val: 0.1476
Epoch 020/200 | lr: 0.01000 | train: 0.1395 | val: 0.1297
Epoch 025/200 | lr: 0.01000 | train: 0.1253 | val: 0.1189
Epoch 030/200 | lr: 0.01000 | train: 0.1152 | val: 0.1054
Epoch 035/200 | lr: 0.01000 | train: 0.1001 | val: 0.0875
Stopping: losses below 0.1.
[s3_proja]   after GNG: dpa=0.994  gng=0.981
[s3_proja]  GNG done in 160.9s  final train=0.0946  val=0.0928  dpa=0.994  gng=0.981
[s3_proja]  ┌── params: after GNG
[s3_proja]  │  rank 0: ||m||=43.959  ||n||=38.165  corr(m,n)=+0.842
[s3_proja]  │  rank 1: ||m||=36.732  ||n||=45.025  corr(m,n)=+0.860
[s3_proja]  │  κ-Jacobian eigvals (gain·n^Tm/N): +2.6922  +2.8434
[s3_proja]  │  Wi: ||·||_F=75.254  per-channel=24.33 24.92 44.14 43.48 12.31 17.19 12.84
[s3_proja]  └──────────────────────────────────────────────────
[s3_proja] ────────────────────────────────────────────────────────────
[s3_proja]  STAGE: Dual   device=cuda:0   epochs=200
[s3_proja]  freeze recurrent cols: [0]
[s3_proja]  freeze input dims:     [0, 1, 2, 3, 4, 5, 6]
[s3_proja] ────────────────────────────────────────────────────────────
[s3_proja]  data: [516, 444, 7] → [516, 444, 2]
[s3_proja]  loss=separated  dpa_w=1.0  gng_w=1.0  aux_w=1.0  bl_w=1.0
Epoch 005/200 | lr: 0.01000 | train: 0.7593 | val: 0.7738
Epoch 010/200 | lr: 0.01000 | train: 0.7322 | val: 0.7626
Epoch 015/200 | lr: 0.01000 | train: 0.7003 | val: 0.7854
Epoch 020/200 | lr: 0.01000 | train: 0.6888 | val: 0.6931
Epoch 025/200 | lr: 0.01000 | train: 0.6620 | val: 0.6455
Epoch 030/200 | lr: 0.01000 | train: 0.6190 | val: 0.6462
Epoch 035/200 | lr: 0.01000 | train: 0.5994 | val: 0.6137
Epoch 040/200 | lr: 0.01000 | train: 0.5793 | val: 0.6239
Epoch 045/200 | lr: 0.01000 | train: 0.5582 | val: 0.5693
Epoch 050/200 | lr: 0.01000 | train: 0.5332 | val: 0.5972
Epoch 055/200 | lr: 0.01000 | train: 0.5201 | val: 0.5362
Epoch 060/200 | lr: 0.01000 | train: 0.5052 | val: 0.5128
Epoch 065/200 | lr: 0.01000 | train: 0.4840 | val: 0.4999
Epoch 070/200 | lr: 0.01000 | train: 0.4650 | val: 0.4926
Epoch 075/200 | lr: 0.01000 | train: 0.4554 | val: 0.4769
Epoch 080/200 | lr: 0.01000 | train: 0.4491 | val: 0.4705
Epoch 085/200 | lr: 0.01000 | train: 0.4509 | val: 0.4343
Epoch 090/200 | lr: 0.01000 | train: 0.4180 | val: 0.4435
Epoch 095/200 | lr: 0.01000 | train: 0.4229 | val: 0.4087
Epoch 100/200 | lr: 0.01000 | train: 0.3998 | val: 0.4247
Epoch 105/200 | lr: 0.00500 | train: 0.3974 | val: 0.4226
Epoch 110/200 | lr: 0.00500 | train: 0.3811 | val: 0.3843
Epoch 115/200 | lr: 0.00500 | train: 0.4018 | val: 0.4003
Epoch 120/200 | lr: 0.00250 | train: 0.3808 | val: 0.4132
Epoch 125/200 | lr: 0.00250 | train: 0.3926 | val: 0.4035
Epoch 130/200 | lr: 0.00125 | train: 0.3828 | val: 0.3657
Epoch 135/200 | lr: 0.00063 | train: 0.3842 | val: 0.3680
Epoch 140/200 | lr: 0.00063 | train: 0.3776 | val: 0.3954
Epoch 145/200 | lr: 0.00031 | train: 0.3832 | val: 0.3741
Epoch 150/200 | lr: 0.00016 | train: 0.3746 | val: 0.3885
Epoch 155/200 | lr: 0.00008 | train: 0.3801 | val: 0.4006
Epoch 160/200 | lr: 0.00004 | train: 0.3734 | val: 0.3954
Epoch 165/200 | lr: 0.00002 | train: 0.3688 | val: 0.3881
Epoch 170/200 | lr: 0.00002 | train: 0.3837 | val: 0.3988
Epoch 175/200 | lr: 0.00001 | train: 0.3841 | val: 0.4021
Epoch 180/200 | lr: 0.00001 | train: 0.3825 | val: 0.3855
Epoch 185/200 | lr: 0.00001 | train: 0.3722 | val: 0.3874
Epoch 190/200 | lr: 0.00001 | train: 0.3851 | val: 0.3982
Epoch 195/200 | lr: 0.00001 | train: 0.3760 | val: 0.3944
Epoch 200/200 | lr: 0.00001 | train: 0.3801 | val: 0.3752
[s3_proja]  loss components: {'dpa': 0.0722, 'gng': 0.2793, 'baseline': 0.034, 'aux': 0.0155}
[s3_proja]   after Dual: dpa=0.998  gng=0.979
[s3_proja]  Dual done in 1472.9s  final train=0.3801  val=0.3752  dpa=0.998  gng=0.979
[s3_proja]  ┌── params: after Dual
[s3_proja]  │  rank 0: ||m||=43.959  ||n||=38.165  corr(m,n)=+0.842
[s3_proja]  │  rank 1: ||m||=32.551  ||n||=65.956  corr(m,n)=+0.714
[s3_proja]  │  κ-Jacobian eigvals (gain·n^Tm/N): +2.7663  +2.9847
[s3_proja]  │  Wi: ||·||_F=75.254  per-channel=24.33 24.92 44.14 43.48 12.31 17.19 12.84
[s3_proja]  └──────────────────────────────────────────────────
[s3_proja] ════════════════════════════════════════════════════════════
[s3_proja]  RUN COMPLETE  2026-06-07 15:51:52  total=2286.9s
[s3_proja]  ACCURACY SUMMARY
[s3_proja]    after DPA : dpa=0.993  gng=0.601
[s3_proja]    after GNG : dpa=0.994  gng=0.981
[s3_proja]    after Dual: dpa=0.998  gng=0.979  dual_dpa=0.999  dual_gng=0.858
[s3_proja] ════════════════════════════════════════════════════════════
