[s1_relu] ════════════════════════════════════════════════════════════
[s1_relu]  RUN START  2026-06-09 04:20:59
[s1_relu]  run_id=s1_relu  seed=1  device=cuda:0
[s1_relu]  arch:  hidden=512  rank=2  gain=1.0  input_size=7  params=6,144
[s1_relu]  task:  cue_on_go=True  rwd=True  rwd_scale=1.0  freeze_input_stages=['gng', 'dual']  init=random
[s1_relu]  dynamics: alpha=0.0750  alpha_rec=0.1000  dt=0.0225  tau=0.3  tau_rec_frac=0.75
[s1_relu]  noise:  input_sigma=0.3732 (×1.0)  model_sigma=0.0000 (×0.0)
[s1_relu]  optim:  lr=0.01  wd=0.01  batch=64  n_batch=516  clip=None
[s1_relu]  epochs: dpa=100  gng=100  dual=100  loss=separated
[s1_relu]  shapes: m[512, 2]  n[512, 2]  Wi[512, 7]
[s1_relu]  ┌── params: init
[s1_relu]  │  rank 0: ||m||=22.898  ||n||=22.288  corr(m,n)=-0.020
[s1_relu]  │  rank 1: ||m||=23.302  ||n||=22.428  corr(m,n)=+0.009
[s1_relu]  │  κ-Jacobian eigvals (gain·n^Tm/N): -0.0155  +0.0043
[s1_relu]  │  Wi: ||·||_F=58.820  per-channel=21.94 22.58 22.12 21.70 21.92 23.07 22.27
[s1_relu]  └──────────────────────────────────────────────────
[s1_relu] ────────────────────────────────────────────────────────────
[s1_relu]  STAGE: DPA   device=cuda:0   epochs=100
[s1_relu]  freeze input dims:     [4, 5]
[s1_relu] ────────────────────────────────────────────────────────────
[s1_relu]  data: [516, 444, 7] → [516, 444, 2]
Epoch 005/100 | lr: 0.01000 | train: 1.9818 | val: 1.9734
Epoch 010/100 | lr: 0.01000 | train: 1.8708 | val: 1.8104
Epoch 015/100 | lr: 0.01000 | train: 1.0105 | val: 1.0008
Epoch 020/100 | lr: 0.01000 | train: 0.8121 | val: 0.8553
Epoch 025/100 | lr: 0.01000 | train: 0.5405 | val: 0.5609
Epoch 030/100 | lr: 0.01000 | train: 0.1539 | val: 0.1408
Stopping: losses below 0.1.
[s1_relu]   after DPA: dpa=0.999 (pair=0.998 unpair=1.000)  gng=0.500 (go=0.000 nogo=1.000)
[s1_relu]  DPA done in 1106.3s  final train=0.0950  val=0.0925  dpa=0.999  gng=0.500
[s1_relu]  ┌── params: after DPA
[s1_relu]  │  rank 0: ||m||=38.309  ||n||=30.245  corr(m,n)=+0.758
[s1_relu]  │  rank 1: ||m||=33.810  ||n||=30.977  corr(m,n)=+0.755
[s1_relu]  │  κ-Jacobian eigvals (gain·n^Tm/N): +1.8630  +1.3955
[s1_relu]  │  Wi: ||·||_F=68.401  per-channel=23.66 22.21 32.69 32.71 21.92 23.07 21.80
[s1_relu]  └──────────────────────────────────────────────────
[s1_relu] ────────────────────────────────────────────────────────────
[s1_relu]  STAGE: GNG   device=cuda:0   epochs=100
[s1_relu]  freeze recurrent cols: [0]
[s1_relu]  freeze input dims:     [0, 1, 2, 3, 4, 5, 6]
[s1_relu] ────────────────────────────────────────────────────────────
[s1_relu]  data: [516, 266, 7] → [516, 266, 2]
Epoch 005/100 | lr: 0.01000 | train: 1.5586 | val: 1.4415
Epoch 010/100 | lr: 0.01000 | train: 1.0818 | val: 0.9540
Epoch 015/100 | lr: 0.01000 | train: 0.3165 | val: 0.3794
Epoch 020/100 | lr: 0.01000 | train: 0.2008 | val: 0.2469
Epoch 025/100 | lr: 0.01000 | train: 0.1401 | val: 0.1327
Epoch 030/100 | lr: 0.01000 | train: 0.1099 | val: 0.1078
Stopping: losses below 0.1.
[s1_relu]   after GNG: dpa=0.764 (pair=0.947 unpair=0.578)  gng=1.000 (go=1.000 nogo=1.000)
[s1_relu]  GNG done in 682.8s  final train=0.0971  val=0.0953  dpa=0.764  gng=1.000
[s1_relu]  ┌── params: after GNG
[s1_relu]  │  rank 0: ||m||=38.309  ||n||=30.245  corr(m,n)=+0.758
[s1_relu]  │  rank 1: ||m||=38.120  ||n||=33.903  corr(m,n)=+0.756
[s1_relu]  │  κ-Jacobian eigvals (gain·n^Tm/N): +1.5705  +2.0535
[s1_relu]  │  Wi: ||·||_F=68.401  per-channel=23.66 22.21 32.69 32.71 21.92 23.07 21.80
[s1_relu]  └──────────────────────────────────────────────────
[s1_relu] ────────────────────────────────────────────────────────────
[s1_relu]  STAGE: Dual   device=cuda:0   epochs=100
[s1_relu]  freeze recurrent cols: [0]
[s1_relu]  freeze input dims:     [0, 1, 2, 3, 4, 5, 6]
[s1_relu] ────────────────────────────────────────────────────────────
[s1_relu]  data: [516, 444, 7] → [516, 444, 2]
[s1_relu]  loss=separated  dpa_w=1.0  gng_w=1.0  go_w=1.0  nogo_w=2.0  aux_w=1.0  bl_w=1.0  go_hinge=1.0
Epoch 005/100 | lr: 0.01000 | train: 0.5851 | val: 0.5595
Epoch 010/100 | lr: 0.01000 | train: 0.4890 | val: 0.4874
Epoch 015/100 | lr: 0.01000 | train: 0.4454 | val: 0.4433
Epoch 020/100 | lr: 0.01000 | train: 0.4048 | val: 0.4091
Epoch 025/100 | lr: 0.01000 | train: 0.3764 | val: 0.3825
Epoch 030/100 | lr: 0.01000 | train: 0.3602 | val: 0.3646
Epoch 035/100 | lr: 0.01000 | train: 0.3432 | val: 0.3505
Epoch 040/100 | lr: 0.01000 | train: 0.3288 | val: 0.3387
Epoch 045/100 | lr: 0.01000 | train: 0.3205 | val: 0.3308
Epoch 050/100 | lr: 0.01000 | train: 0.3093 | val: 0.3199
Epoch 055/100 | lr: 0.01000 | train: 0.3005 | val: 0.3103
Epoch 060/100 | lr: 0.01000 | train: 0.2920 | val: 0.3005
Epoch 065/100 | lr: 0.01000 | train: 0.2883 | val: 0.2929
Epoch 070/100 | lr: 0.01000 | train: 0.2830 | val: 0.2844
Epoch 075/100 | lr: 0.01000 | train: 0.2744 | val: 0.2786
Epoch 080/100 | lr: 0.01000 | train: 0.2665 | val: 0.2712
Epoch 085/100 | lr: 0.01000 | train: 0.2607 | val: 0.2636
Epoch 090/100 | lr: 0.01000 | train: 0.2544 | val: 0.2557
Epoch 095/100 | lr: 0.01000 | train: 0.2444 | val: 0.2503
Epoch 100/100 | lr: 0.01000 | train: 0.2401 | val: 0.2457
[s1_relu]  loss components: {'dpa': 0.08, 'gng': 0.1467, 'gng_go': 0.098, 'gng_nogo': 0.0243, 'baseline': 0.0087, 'aux': 0.0053}
[s1_relu]   after Dual: dpa=1.000 (pair=1.000 unpair=1.000)  gng=1.000 (go=1.000 nogo=1.000)
[s1_relu]  Dual done in 3391.8s  final train=0.2401  val=0.2457  dpa=1.000  gng=1.000
[s1_relu]  ┌── params: after Dual
[s1_relu]  │  rank 0: ||m||=38.309  ||n||=30.245  corr(m,n)=+0.758
[s1_relu]  │  rank 1: ||m||=37.003  ||n||=34.046  corr(m,n)=+0.666
[s1_relu]  │  κ-Jacobian eigvals (gain·n^Tm/N): +1.7483  +1.6046
[s1_relu]  │  Wi: ||·||_F=68.401  per-channel=23.66 22.21 32.69 32.71 21.92 23.07 21.80
[s1_relu]  └──────────────────────────────────────────────────
[s1_relu] ════════════════════════════════════════════════════════════
[s1_relu]  RUN COMPLETE  2026-06-09 05:47:20  total=5186.4s
[s1_relu]  ACCURACY SUMMARY
[s1_relu]    after DPA : dpa=0.999  gng=0.500
[s1_relu]    after GNG : dpa=0.764  gng=1.000
[s1_relu]    after Dual: dpa=1.000  gng=1.000  dual_dpa=0.990  dual_gng=0.993
[s1_relu] ════════════════════════════════════════════════════════════
