[s1_adam2] ════════════════════════════════════════════════════════════
[s1_adam2]  RUN START  2026-06-08 23:31:46
[s1_adam2]  run_id=s1_adam2  seed=1  device=cuda:1
[s1_adam2]  arch:  hidden=512  rank=2  gain=1.0  input_size=7  params=6,144
[s1_adam2]  task:  cue_on_go=True  rwd=True  rwd_scale=1.0  freeze_input_stages=['gng', 'dual']  init=random
[s1_adam2]  dynamics: alpha=0.0750  alpha_rec=0.1000  dt=0.0225  tau=0.3  tau_rec_frac=0.75
[s1_adam2]  noise:  input_sigma=0.3732 (×1.0)  model_sigma=0.0000 (×0.0)
[s1_adam2]  optim:  lr=0.01  wd=0.01  batch=64  n_batch=516  clip=None
[s1_adam2]  epochs: dpa=100  gng=100  dual=100  loss=separated
[s1_adam2]  shapes: m[512, 2]  n[512, 2]  Wi[512, 7]
[s1_adam2]  ┌── params: init
[s1_adam2]  │  rank 0: ||m||=22.898  ||n||=22.288  corr(m,n)=-0.020
[s1_adam2]  │  rank 1: ||m||=23.302  ||n||=22.428  corr(m,n)=+0.009
[s1_adam2]  │  κ-Jacobian eigvals (gain·n^Tm/N): -0.0155  +0.0043
[s1_adam2]  │  Wi: ||·||_F=58.820  per-channel=21.94 22.58 22.12 21.70 21.92 23.07 22.27
[s1_adam2]  └──────────────────────────────────────────────────
[s1_adam2] ────────────────────────────────────────────────────────────
[s1_adam2]  STAGE: DPA   device=cuda:1   epochs=100
[s1_adam2]  freeze input dims:     [4, 5]
[s1_adam2] ────────────────────────────────────────────────────────────
[s1_adam2]  data: [516, 444, 7] → [516, 444, 2]
Epoch 005/100 | lr: 0.01000 | train: 1.9671 | val: 1.9542
Epoch 010/100 | lr: 0.01000 | train: 1.4443 | val: 1.2828
Epoch 015/100 | lr: 0.01000 | train: 1.0080 | val: 1.0190
Epoch 020/100 | lr: 0.01000 | train: 0.9241 | val: 0.9431
Epoch 025/100 | lr: 0.01000 | train: 0.8583 | val: 0.8874
Epoch 030/100 | lr: 0.01000 | train: 0.7708 | val: 0.7992
Epoch 035/100 | lr: 0.01000 | train: 0.5723 | val: 0.5495
Epoch 040/100 | lr: 0.01000 | train: 0.4255 | val: 0.4445
Epoch 045/100 | lr: 0.01000 | train: 0.3201 | val: 0.3064
Epoch 050/100 | lr: 0.01000 | train: 0.2663 | val: 0.2543
Epoch 055/100 | lr: 0.01000 | train: 0.1897 | val: 0.1780
Epoch 060/100 | lr: 0.01000 | train: 0.1479 | val: 0.1413
Epoch 065/100 | lr: 0.01000 | train: 0.1195 | val: 0.1207
Epoch 070/100 | lr: 0.01000 | train: 0.0990 | val: 0.1003
Stopping: losses below 0.1.
[s1_adam2]   after DPA: dpa=0.999 (pair=0.998 unpair=1.000)  gng=0.498 (go=0.002 nogo=1.000)
[s1_adam2]  DPA done in 505.0s  final train=0.0972  val=0.0953  dpa=0.999  gng=0.498
[s1_adam2]  ┌── params: after DPA
[s1_adam2]  │  rank 0: ||m||=38.840  ||n||=39.423  corr(m,n)=+0.811
[s1_adam2]  │  rank 1: ||m||=32.049  ||n||=49.702  corr(m,n)=+0.820
[s1_adam2]  │  κ-Jacobian eigvals (gain·n^Tm/N): +2.3363  +2.6426
[s1_adam2]  │  Wi: ||·||_F=68.831  per-channel=21.62 22.37 33.02 36.34 21.92 23.07 18.60
[s1_adam2]  └──────────────────────────────────────────────────
[s1_adam2] ────────────────────────────────────────────────────────────
[s1_adam2]  STAGE: GNG   device=cuda:1   epochs=100
[s1_adam2]  freeze recurrent cols: [0]
[s1_adam2]  freeze input dims:     [0, 1, 2, 3, 4, 5, 6]
[s1_adam2] ────────────────────────────────────────────────────────────
[s1_adam2]  data: [516, 266, 7] → [516, 266, 2]
Epoch 005/100 | lr: 0.01000 | train: 1.6591 | val: 1.5904
Epoch 010/100 | lr: 0.01000 | train: 1.1662 | val: 1.1645
Epoch 015/100 | lr: 0.01000 | train: 0.6335 | val: 0.7544
Epoch 020/100 | lr: 0.01000 | train: 0.4088 | val: 0.5100
Epoch 025/100 | lr: 0.01000 | train: 0.2934 | val: 0.3913
Epoch 030/100 | lr: 0.01000 | train: 0.2353 | val: 0.3046
Epoch 035/100 | lr: 0.01000 | train: 0.1785 | val: 0.2571
Epoch 040/100 | lr: 0.01000 | train: 0.1498 | val: 0.2194
Epoch 045/100 | lr: 0.01000 | train: 0.1244 | val: 0.1820
Epoch 050/100 | lr: 0.01000 | train: 0.1137 | val: 0.1703
Epoch 055/100 | lr: 0.01000 | train: 0.0978 | val: 0.1470
Epoch 060/100 | lr: 0.01000 | train: 0.0886 | val: 0.1286
Epoch 065/100 | lr: 0.01000 | train: 0.0816 | val: 0.1215
Epoch 070/100 | lr: 0.01000 | train: 0.0736 | val: 0.1046
Stopping: losses below 0.1.
[s1_adam2]   after GNG: dpa=0.988 (pair=1.000 unpair=0.977)  gng=0.989 (go=1.000 nogo=0.978)
[s1_adam2]  GNG done in 329.7s  final train=0.0680  val=0.0918  dpa=0.988  gng=0.989
[s1_adam2]  ┌── params: after GNG
[s1_adam2]  │  rank 0: ||m||=38.840  ||n||=39.423  corr(m,n)=+0.811
[s1_adam2]  │  rank 1: ||m||=32.415  ||n||=55.833  corr(m,n)=+0.696
[s1_adam2]  │  κ-Jacobian eigvals (gain·n^Tm/N): +2.3432  +2.5444
[s1_adam2]  │  Wi: ||·||_F=68.831  per-channel=21.62 22.37 33.02 36.34 21.92 23.07 18.60
[s1_adam2]  └──────────────────────────────────────────────────
[s1_adam2] ────────────────────────────────────────────────────────────
[s1_adam2]  STAGE: Dual   device=cuda:1   epochs=100
[s1_adam2]  freeze recurrent cols: [0]
[s1_adam2]  freeze input dims:     [0, 1, 2, 3, 4, 5, 6]
[s1_adam2] ────────────────────────────────────────────────────────────
[s1_adam2]  data: [516, 444, 7] → [516, 444, 2]
[s1_adam2]  loss=separated  dpa_w=1.0  gng_w=1.0  go_w=1.0  nogo_w=2.0  aux_w=1.0  bl_w=1.0  go_hinge=1.0
Epoch 005/100 | lr: 0.01000 | train: 0.6308 | val: 0.6224
Epoch 010/100 | lr: 0.01000 | train: 0.5222 | val: 0.5132
Epoch 015/100 | lr: 0.01000 | train: 0.4460 | val: 0.4271
Epoch 020/100 | lr: 0.01000 | train: 0.3765 | val: 0.3723
Epoch 025/100 | lr: 0.01000 | train: 0.3315 | val: 0.3294
Epoch 030/100 | lr: 0.01000 | train: 0.3028 | val: 0.2992
Epoch 035/100 | lr: 0.01000 | train: 0.2767 | val: 0.2752
Epoch 040/100 | lr: 0.01000 | train: 0.2629 | val: 0.2668
Epoch 045/100 | lr: 0.01000 | train: 0.2435 | val: 0.2372
Epoch 050/100 | lr: 0.01000 | train: 0.2243 | val: 0.2273
Epoch 055/100 | lr: 0.01000 | train: 0.2132 | val: 0.2102
Epoch 060/100 | lr: 0.01000 | train: 0.2072 | val: 0.2034
Epoch 065/100 | lr: 0.01000 | train: 0.1920 | val: 0.1928
Epoch 070/100 | lr: 0.01000 | train: 0.1888 | val: 0.1847
Epoch 075/100 | lr: 0.01000 | train: 0.1753 | val: 0.1746
Epoch 080/100 | lr: 0.01000 | train: 0.1749 | val: 0.1719
Epoch 085/100 | lr: 0.01000 | train: 0.1619 | val: 0.1615
Epoch 090/100 | lr: 0.01000 | train: 0.1579 | val: 0.1561
Epoch 095/100 | lr: 0.01000 | train: 0.1496 | val: 0.1541
Epoch 100/100 | lr: 0.01000 | train: 0.1468 | val: 0.1464
[s1_adam2]  loss components: {'dpa': 0.0773, 'gng': 0.0642, 'gng_go': 0.0564, 'gng_nogo': 0.0039, 'baseline': 0.0272, 'aux': 0.0151}
[s1_adam2]   after Dual: dpa=0.999 (pair=0.998 unpair=1.000)  gng=0.997 (go=0.994 nogo=1.000)
[s1_adam2]  Dual done in 711.2s  final train=0.1468  val=0.1464  dpa=0.999  gng=0.997
[s1_adam2]  ┌── params: after Dual
[s1_adam2]  │  rank 0: ||m||=38.840  ||n||=39.423  corr(m,n)=+0.811
[s1_adam2]  │  rank 1: ||m||=31.950  ||n||=79.299  corr(m,n)=+0.558
[s1_adam2]  │  κ-Jacobian eigvals (gain·n^Tm/N): +2.3921  +2.7957
[s1_adam2]  │  Wi: ||·||_F=68.831  per-channel=21.62 22.37 33.02 36.34 21.92 23.07 18.60
[s1_adam2]  └──────────────────────────────────────────────────
[s1_adam2] ════════════════════════════════════════════════════════════
[s1_adam2]  RUN COMPLETE  2026-06-08 23:57:32  total=1547.7s
[s1_adam2]  ACCURACY SUMMARY
[s1_adam2]    after DPA : dpa=0.999  gng=0.498
[s1_adam2]    after GNG : dpa=0.988  gng=0.989
[s1_adam2]    after Dual: dpa=0.999  gng=0.997  dual_dpa=0.994  dual_gng=0.990
[s1_adam2] ════════════════════════════════════════════════════════════
