[s9_cue5] ════════════════════════════════════════════════════════════
[s9_cue5]  RUN START  2026-06-09 03:37:07
[s9_cue5]  run_id=s9_cue5  seed=9  device=cuda:1
[s9_cue5]  arch:  hidden=512  rank=2  gain=1.0  input_size=7  params=6,144
[s9_cue5]  task:  cue_on_go=True  rwd=True  rwd_scale=1.0  freeze_input_stages=['gng', 'dual']  init=random
[s9_cue5]  dynamics: alpha=0.0750  alpha_rec=0.1000  dt=0.0225  tau=0.3  tau_rec_frac=0.75
[s9_cue5]  noise:  input_sigma=0.3732 (×1.0)  model_sigma=0.0000 (×0.0)
[s9_cue5]  optim:  lr=0.01  wd=0.01  batch=64  n_batch=516  clip=None
[s9_cue5]  epochs: dpa=100  gng=100  dual=100  loss=separated
[s9_cue5]  shapes: m[512, 2]  n[512, 2]  Wi[512, 7]
[s9_cue5]  ┌── params: init
[s9_cue5]  │  rank 0: ||m||=23.029  ||n||=22.465  corr(m,n)=+0.028
[s9_cue5]  │  rank 1: ||m||=22.407  ||n||=23.814  corr(m,n)=+0.019
[s9_cue5]  │  κ-Jacobian eigvals (gain·n^Tm/N): +0.0303  +0.0176
[s9_cue5]  │  Wi: ||·||_F=60.662  per-channel=22.99 23.55 22.57 23.32 22.36 21.71 23.91
[s9_cue5]  └──────────────────────────────────────────────────
[s9_cue5]  DPA: loading checkpoint from results/dual/sweep_hingeGNG/s9_hingeGNG/dpa_s9_hingeGNG.pth
[s9_cue5]   after DPA: dpa=0.998 (pair=1.000 unpair=0.996)  gng=0.487 (go=0.000 nogo=1.000)
[s9_cue5]  DPA done in 2.2s  (checkpoint)  dpa=0.998  gng=0.487
[s9_cue5]  ┌── params: after DPA
[s9_cue5]  │  rank 0: ||m||=38.462  ||n||=35.488  corr(m,n)=+0.769
[s9_cue5]  │  rank 1: ||m||=41.391  ||n||=43.703  corr(m,n)=+0.780
[s9_cue5]  │  κ-Jacobian eigvals (gain·n^Tm/N): +2.4028+0.6076j  +2.4028-0.6076j
[s9_cue5]  │  Wi: ||·||_F=64.216  per-channel=16.37 18.94 35.54 30.99 22.36 21.71 17.38
[s9_cue5]  └──────────────────────────────────────────────────
[s9_cue5]  GNG: loading checkpoint from results/dual/sweep_hingeGNG/s9_hingeGNG/naive_s9_hingeGNG.pth
[s9_cue5]   after GNG: dpa=0.750 (pair=0.631 unpair=0.867)  gng=0.530 (go=1.000 nogo=0.098)
[s9_cue5]  GNG done in 1.2s  (checkpoint)  dpa=0.750  gng=0.530
[s9_cue5]  ┌── params: after GNG
[s9_cue5]  │  rank 0: ||m||=38.462  ||n||=35.488  corr(m,n)=+0.769
[s9_cue5]  │  rank 1: ||m||=41.570  ||n||=48.472  corr(m,n)=+0.742
[s9_cue5]  │  κ-Jacobian eigvals (gain·n^Tm/N): +2.4855+0.4394j  +2.4855-0.4394j
[s9_cue5]  │  Wi: ||·||_F=64.216  per-channel=16.37 18.94 35.54 30.99 22.36 21.71 17.38
[s9_cue5]  └──────────────────────────────────────────────────
[s9_cue5] ────────────────────────────────────────────────────────────
[s9_cue5]  STAGE: Dual   device=cuda:1   epochs=100
[s9_cue5]  freeze recurrent cols: [0]
[s9_cue5]  freeze input dims:     [0, 1, 2, 3, 4, 5, 6]
[s9_cue5] ────────────────────────────────────────────────────────────
[s9_cue5]  data: [516, 444, 7] → [516, 444, 2]
[s9_cue5]  loss=separated  dpa_w=1.0  gng_w=1.0  go_w=1.0  nogo_w=2.0  aux_w=1.0  bl_w=1.0  go_hinge=1.0
Epoch 005/100 | lr: 0.01000 | train: 1.3889 | val: 1.1812
Epoch 010/100 | lr: 0.01000 | train: 1.2017 | val: 1.1388
Epoch 015/100 | lr: 0.01000 | train: 1.1126 | val: 1.0549
Epoch 020/100 | lr: 0.01000 | train: 1.0562 | val: 0.9988
Epoch 025/100 | lr: 0.01000 | train: 0.9962 | val: 0.9581
Epoch 030/100 | lr: 0.01000 | train: 0.9631 | val: 0.9198
Epoch 035/100 | lr: 0.01000 | train: 0.9174 | val: 0.8895
Epoch 040/100 | lr: 0.01000 | train: 0.8858 | val: 0.8553
Epoch 045/100 | lr: 0.01000 | train: 0.8580 | val: 0.8449
Epoch 050/100 | lr: 0.01000 | train: 0.8361 | val: 0.8160
Epoch 055/100 | lr: 0.01000 | train: 0.8107 | val: 0.8083
Epoch 060/100 | lr: 0.01000 | train: 0.8018 | val: 0.7789
Epoch 065/100 | lr: 0.01000 | train: 0.7799 | val: 0.7536
Epoch 070/100 | lr: 0.01000 | train: 0.7607 | val: 0.7784
Epoch 075/100 | lr: 0.01000 | train: 0.7456 | val: 0.7457
Epoch 080/100 | lr: 0.01000 | train: 0.7360 | val: 0.7290
Epoch 085/100 | lr: 0.01000 | train: 0.7177 | val: 0.7056
Epoch 090/100 | lr: 0.01000 | train: 0.7124 | val: 0.7617
Epoch 095/100 | lr: 0.01000 | train: 0.6898 | val: 0.6865
Epoch 100/100 | lr: 0.01000 | train: 0.6728 | val: 0.6979
[s9_cue5]  loss components: {'dpa': 0.4978, 'gng': 0.1817, 'gng_go': 0.1636, 'gng_nogo': 0.009, 'baseline': 0.0113, 'aux': 0.0151}
[s9_cue5]   after Dual: dpa=0.974 (pair=0.960 unpair=0.988)  gng=0.996 (go=0.993 nogo=1.000)
[s9_cue5]  Dual done in 703.1s  final train=0.6728  val=0.6979  dpa=0.974  gng=0.996
[s9_cue5]  ┌── params: after Dual
[s9_cue5]  │  rank 0: ||m||=38.462  ||n||=35.488  corr(m,n)=+0.769
[s9_cue5]  │  rank 1: ||m||=33.616  ||n||=65.394  corr(m,n)=+0.587
[s9_cue5]  │  κ-Jacobian eigvals (gain·n^Tm/N): +2.2845+0.3110j  +2.2845-0.3110j
[s9_cue5]  │  Wi: ||·||_F=64.216  per-channel=16.37 18.94 35.54 30.99 22.36 21.71 17.38
[s9_cue5]  └──────────────────────────────────────────────────
[s9_cue5] ════════════════════════════════════════════════════════════
[s9_cue5]  RUN COMPLETE  2026-06-09 03:48:53  total=708.5s
[s9_cue5]  ACCURACY SUMMARY
[s9_cue5]    after DPA : dpa=0.998  gng=0.487
[s9_cue5]    after GNG : dpa=0.750  gng=0.530
[s9_cue5]    after Dual: dpa=0.974  gng=0.996  dual_dpa=0.850  dual_gng=0.962
[s9_cue5] ════════════════════════════════════════════════════════════
