[s9_random] ════════════════════════════════════════════════════════════
[s9_random]  RUN START  2026-06-05 01:09:46
[s9_random]  run_id=s9_random  seed=9  device=cuda:0
[s9_random]  arch:  hidden=512  rank=2  gain=2.0  input_size=7  params=6,144
[s9_random]  task:  cue_on_go=True  rwd=True  rwd_scale=2.0  freeze_input_stages=['gng', 'dual']  init=random
[s9_random]  dynamics: alpha=0.0750  alpha_rec=0.1000  dt=0.0225  tau=0.3  tau_rec_frac=0.75
[s9_random]  noise:  input_sigma=0.1866 (×0.5)  model_sigma=0.0000 (×0.0)
[s9_random]  optim:  lr=0.01  wd=0.01  batch=64  n_batch=516  clip=1.0
[s9_random]  epochs: dpa=100  gng=100  dual=100  loss=separated
[s9_random]  shapes: m[512, 2]  n[512, 2]  Wi[512, 7]
[s9_random]  ┌── params: init
[s9_random]  │  rank 0: ||m||=23.029  ||n||=22.465  corr(m,n)=+0.028
[s9_random]  │  rank 1: ||m||=22.407  ||n||=23.814  corr(m,n)=+0.019
[s9_random]  │  κ-Jacobian eigvals (gain·n^Tm/N): +0.0606  +0.0351
[s9_random]  │  Wi: ||·||_F=60.662  per-channel=22.99 23.55 22.57 23.32 22.36 21.71 23.91
[s9_random]  └──────────────────────────────────────────────────
[s9_random] ────────────────────────────────────────────────────────────
[s9_random]  STAGE: DPA   device=cuda:0   epochs=100
[s9_random] ────────────────────────────────────────────────────────────
[s9_random]  data: [516, 444, 7] → [516, 444, 2]
Epoch 005/100 | lr: 0.01000 | train: 1.8976 | val: 1.7921
Epoch 010/100 | lr: 0.01000 | train: 1.0964 | val: 1.0543
Epoch 015/100 | lr: 0.01000 | train: 0.8305 | val: 0.7790
Epoch 020/100 | lr: 0.01000 | train: 0.4913 | val: 0.4857
Epoch 025/100 | lr: 0.01000 | train: 0.3416 | val: 0.3683
Epoch 030/100 | lr: 0.01000 | train: 0.2695 | val: 0.2601
Epoch 035/100 | lr: 0.01000 | train: 0.2011 | val: 0.2470
Epoch 040/100 | lr: 0.01000 | train: 0.1676 | val: 0.2582
Epoch 045/100 | lr: 0.01000 | train: 0.1624 | val: 0.2047
Epoch 050/100 | lr: 0.01000 | train: 0.1623 | val: 0.1590
Epoch 055/100 | lr: 0.01000 | train: 0.1082 | val: 0.1534
Epoch 060/100 | lr: 0.01000 | train: 0.0902 | val: 0.0926
Epoch 065/100 | lr: 0.01000 | train: 0.1147 | val: 0.1136
Epoch 070/100 | lr: 0.01000 | train: 0.0890 | val: 0.1174
Epoch 075/100 | lr: 0.01000 | train: 0.0571 | val: 0.1052
Epoch 080/100 | lr: 0.00500 | train: 0.0493 | val: 0.0935
Epoch 085/100 | lr: 0.00500 | train: 0.0570 | val: 0.0816
Epoch 090/100 | lr: 0.00500 | train: 0.0447 | val: 0.1154
Epoch 095/100 | lr: 0.00250 | train: 0.0409 | val: 0.1338
Epoch 100/100 | lr: 0.00125 | train: 0.0400 | val: 0.1338
[s9_random]   after DPA: dpa=1.000  gng=0.481
[s9_random]  DPA done in 871.0s  final train=0.0400  val=0.1338  dpa=1.000  gng=0.481
[s9_random]  ┌── params: after DPA
[s9_random]  │  rank 0: ||m||=20.829  ||n||=35.651  corr(m,n)=+0.623
[s9_random]  │  rank 1: ||m||=22.752  ||n||=38.746  corr(m,n)=+0.770
[s9_random]  │  κ-Jacobian eigvals (gain·n^Tm/N): +1.9181  +2.5404
[s9_random]  │  Wi: ||·||_F=70.785  per-channel=22.80 24.42 34.18 39.78 18.74 16.93 22.48
[s9_random]  └──────────────────────────────────────────────────
[s9_random] ────────────────────────────────────────────────────────────
[s9_random]  STAGE: GNG   device=cuda:0   epochs=100
[s9_random]  freeze recurrent cols: [0]
[s9_random]  freeze input dims:     [0, 1, 2, 3, 4, 5, 6]
[s9_random] ────────────────────────────────────────────────────────────
[s9_random]  data: [516, 266, 7] → [516, 266, 2]
Epoch 005/100 | lr: 0.01000 | train: 0.8204 | val: 0.6807
Epoch 010/100 | lr: 0.01000 | train: 0.4292 | val: 0.3634
Epoch 015/100 | lr: 0.01000 | train: 0.3349 | val: 0.3031
Epoch 020/100 | lr: 0.01000 | train: 0.2974 | val: 0.2646
Epoch 025/100 | lr: 0.01000 | train: 0.2673 | val: 0.2361
Epoch 030/100 | lr: 0.01000 | train: 0.2478 | val: 0.2162
Epoch 035/100 | lr: 0.01000 | train: 0.2245 | val: 0.2013
Epoch 040/100 | lr: 0.01000 | train: 0.2071 | val: 0.1881
Epoch 045/100 | lr: 0.01000 | train: 0.1916 | val: 0.1789
Epoch 050/100 | lr: 0.01000 | train: 0.1793 | val: 0.1636
Epoch 055/100 | lr: 0.01000 | train: 0.1701 | val: 0.1517
Epoch 060/100 | lr: 0.01000 | train: 0.1578 | val: 0.1476
Epoch 065/100 | lr: 0.01000 | train: 0.1487 | val: 0.1375
Epoch 070/100 | lr: 0.01000 | train: 0.1420 | val: 0.1310
Epoch 075/100 | lr: 0.01000 | train: 0.1357 | val: 0.1258
Epoch 080/100 | lr: 0.01000 | train: 0.1306 | val: 0.1257
Epoch 085/100 | lr: 0.01000 | train: 0.1258 | val: 0.1217
Epoch 090/100 | lr: 0.01000 | train: 0.1221 | val: 0.1131
Epoch 095/100 | lr: 0.01000 | train: 0.1181 | val: 0.1105
Epoch 100/100 | lr: 0.01000 | train: 0.1149 | val: 0.1069
[s9_random]   after GNG: dpa=1.000  gng=0.998
[s9_random]  GNG done in 521.2s  final train=0.1149  val=0.1069  dpa=1.000  gng=0.998
[s9_random]  ┌── params: after GNG
[s9_random]  │  rank 0: ||m||=20.829  ||n||=35.651  corr(m,n)=+0.623
[s9_random]  │  rank 1: ||m||=20.855  ||n||=45.068  corr(m,n)=+0.528
[s9_random]  │  κ-Jacobian eigvals (gain·n^Tm/N): +1.8733+0.3725j  +1.8733-0.3725j
[s9_random]  │  Wi: ||·||_F=70.785  per-channel=22.80 24.42 34.18 39.78 18.74 16.93 22.48
[s9_random]  └──────────────────────────────────────────────────
[s9_random] ────────────────────────────────────────────────────────────
[s9_random]  STAGE: Dual   device=cuda:0   epochs=100
[s9_random]  freeze input dims:     [0, 1, 2, 3, 4, 5, 6]
[s9_random] ────────────────────────────────────────────────────────────
[s9_random]  data: [516, 444, 7] → [516, 444, 2]
[s9_random]  loss=separated  dpa_w=1.0  gng_w=1.0  aux_w=1.0  bl_w=1.0
Epoch 005/100 | lr: 0.01000 | train: 0.4406 | val: 0.4566
Epoch 010/100 | lr: 0.01000 | train: 0.4105 | val: 0.4216
Epoch 015/100 | lr: 0.01000 | train: 0.3839 | val: 0.4537
Epoch 020/100 | lr: 0.01000 | train: 0.3628 | val: 0.3950
Epoch 025/100 | lr: 0.01000 | train: 0.3476 | val: 0.3606
Epoch 030/100 | lr: 0.01000 | train: 0.3493 | val: 0.3475
Epoch 035/100 | lr: 0.01000 | train: 0.3173 | val: 0.3301
Epoch 040/100 | lr: 0.01000 | train: 0.2949 | val: 0.3020
Epoch 045/100 | lr: 0.01000 | train: 0.2085 | val: 0.1919
Epoch 050/100 | lr: 0.01000 | train: 0.1381 | val: 0.1428
Epoch 055/100 | lr: 0.01000 | train: 0.1154 | val: 0.1230
Epoch 060/100 | lr: 0.01000 | train: 0.1011 | val: 0.1047
Epoch 065/100 | lr: 0.01000 | train: 0.0911 | val: 0.0963
Epoch 070/100 | lr: 0.01000 | train: 0.0819 | val: 0.0888
Epoch 075/100 | lr: 0.01000 | train: 0.0760 | val: 0.0823
Epoch 080/100 | lr: 0.01000 | train: 0.0701 | val: 0.0721
Epoch 085/100 | lr: 0.01000 | train: 0.0639 | val: 0.0681
Epoch 090/100 | lr: 0.01000 | train: 0.0620 | val: 0.0642
Epoch 095/100 | lr: 0.01000 | train: 0.0568 | val: 0.0591
Epoch 100/100 | lr: 0.01000 | train: 0.0536 | val: 0.0566
[s9_random]  loss components: {'dpa': 0.0163, 'gng': 0.0305, 'baseline': 0.0053, 'aux': 0.0044}
[s9_random]   after Dual: dpa=1.000  gng=1.000
[s9_random]  Dual done in 857.3s  final train=0.0536  val=0.0566  dpa=1.000  gng=1.000
[s9_random]  ┌── params: after Dual
[s9_random]  │  rank 0: ||m||=25.634  ||n||=36.044  corr(m,n)=+0.569
[s9_random]  │  rank 1: ||m||=20.428  ||n||=58.397  corr(m,n)=+0.425
[s9_random]  │  κ-Jacobian eigvals (gain·n^Tm/N): +2.1985  +1.8366
[s9_random]  │  Wi: ||·||_F=70.785  per-channel=22.80 24.42 34.18 39.78 18.74 16.93 22.48
[s9_random]  └──────────────────────────────────────────────────
[s9_random] ════════════════════════════════════════════════════════════
[s9_random]  RUN COMPLETE  2026-06-05 01:47:15  total=2251.5s
[s9_random]  ACCURACY SUMMARY
[s9_random]    after DPA : dpa=1.000  gng=0.481
[s9_random]    after GNG : dpa=1.000  gng=0.998
[s9_random]    after Dual: dpa=1.000  gng=1.000  dual_dpa=1.000  dual_gng=0.984
[s9_random] ════════════════════════════════════════════════════════════
