[s2_cue5] ════════════════════════════════════════════════════════════
[s2_cue5]  RUN START  2026-06-09 03:37:06
[s2_cue5]  run_id=s2_cue5  seed=2  device=cuda:0
[s2_cue5]  arch:  hidden=512  rank=2  gain=1.0  input_size=7  params=6,144
[s2_cue5]  task:  cue_on_go=True  rwd=True  rwd_scale=1.0  freeze_input_stages=['gng', 'dual']  init=random
[s2_cue5]  dynamics: alpha=0.0750  alpha_rec=0.1000  dt=0.0225  tau=0.3  tau_rec_frac=0.75
[s2_cue5]  noise:  input_sigma=0.3732 (×1.0)  model_sigma=0.0000 (×0.0)
[s2_cue5]  optim:  lr=0.01  wd=0.01  batch=64  n_batch=516  clip=None
[s2_cue5]  epochs: dpa=100  gng=100  dual=100  loss=separated
[s2_cue5]  shapes: m[512, 2]  n[512, 2]  Wi[512, 7]
[s2_cue5]  ┌── params: init
[s2_cue5]  │  rank 0: ||m||=22.730  ||n||=22.312  corr(m,n)=+0.023
[s2_cue5]  │  rank 1: ||m||=22.626  ||n||=22.176  corr(m,n)=-0.024
[s2_cue5]  │  κ-Jacobian eigvals (gain·n^Tm/N): +0.0345  -0.0353
[s2_cue5]  │  Wi: ||·||_F=58.692  per-channel=22.57 21.62 22.94 22.02 22.37 21.28 22.45
[s2_cue5]  └──────────────────────────────────────────────────
[s2_cue5]  DPA: loading checkpoint from results/dual/sweep_hingeGNG/s2_hingeGNG/dpa_s2_hingeGNG.pth
[s2_cue5]   after DPA: dpa=0.997 (pair=0.998 unpair=0.996)  gng=0.494 (go=0.000 nogo=1.000)
[s2_cue5]  DPA done in 1.1s  (checkpoint)  dpa=0.997  gng=0.494
[s2_cue5]  ┌── params: after DPA
[s2_cue5]  │  rank 0: ||m||=39.604  ||n||=37.191  corr(m,n)=+0.780
[s2_cue5]  │  rank 1: ||m||=38.659  ||n||=43.277  corr(m,n)=+0.781
[s2_cue5]  │  κ-Jacobian eigvals (gain·n^Tm/N): +2.3988+0.6167j  +2.3988-0.6167j
[s2_cue5]  │  Wi: ||·||_F=66.330  per-channel=17.96 18.93 37.53 33.63 22.37 21.28 15.06
[s2_cue5]  └──────────────────────────────────────────────────
[s2_cue5]  GNG: loading checkpoint from results/dual/sweep_hingeGNG/s2_hingeGNG/naive_s2_hingeGNG.pth
[s2_cue5]   after GNG: dpa=0.944 (pair=0.948 unpair=0.940)  gng=0.500 (go=1.000 nogo=0.010)
[s2_cue5]  GNG done in 1.0s  (checkpoint)  dpa=0.944  gng=0.500
[s2_cue5]  ┌── params: after GNG
[s2_cue5]  │  rank 0: ||m||=39.604  ||n||=37.191  corr(m,n)=+0.780
[s2_cue5]  │  rank 1: ||m||=38.438  ||n||=49.011  corr(m,n)=+0.740
[s2_cue5]  │  κ-Jacobian eigvals (gain·n^Tm/N): +2.4846+0.3869j  +2.4846-0.3869j
[s2_cue5]  │  Wi: ||·||_F=66.330  per-channel=17.96 18.93 37.53 33.63 22.37 21.28 15.06
[s2_cue5]  └──────────────────────────────────────────────────
[s2_cue5] ────────────────────────────────────────────────────────────
[s2_cue5]  STAGE: Dual   device=cuda:0   epochs=100
[s2_cue5]  freeze recurrent cols: [0]
[s2_cue5]  freeze input dims:     [0, 1, 2, 3, 4, 5, 6]
[s2_cue5] ────────────────────────────────────────────────────────────
[s2_cue5]  data: [516, 444, 7] → [516, 444, 2]
[s2_cue5]  loss=separated  dpa_w=1.0  gng_w=1.0  go_w=1.0  nogo_w=2.0  aux_w=1.0  bl_w=1.0  go_hinge=1.0
Epoch 005/100 | lr: 0.01000 | train: 1.2973 | val: 1.3732
Epoch 010/100 | lr: 0.01000 | train: 1.1887 | val: 1.2505
Epoch 015/100 | lr: 0.01000 | train: 1.1136 | val: 1.1622
Epoch 020/100 | lr: 0.01000 | train: 1.0398 | val: 1.0766
Epoch 025/100 | lr: 0.01000 | train: 0.9685 | val: 0.9782
Epoch 030/100 | lr: 0.01000 | train: 0.9064 | val: 0.8996
Epoch 035/100 | lr: 0.01000 | train: 0.8533 | val: 0.8146
Epoch 040/100 | lr: 0.01000 | train: 0.8106 | val: 0.7788
Epoch 045/100 | lr: 0.01000 | train: 0.7761 | val: 0.7778
Epoch 050/100 | lr: 0.01000 | train: 0.7426 | val: 0.7008
Epoch 055/100 | lr: 0.01000 | train: 0.7186 | val: 0.6916
Epoch 060/100 | lr: 0.01000 | train: 0.6865 | val: 0.6505
Epoch 065/100 | lr: 0.01000 | train: 0.6674 | val: 0.6139
Epoch 070/100 | lr: 0.01000 | train: 0.6520 | val: 0.6403
Epoch 075/100 | lr: 0.01000 | train: 0.6330 | val: 0.5882
Epoch 080/100 | lr: 0.01000 | train: 0.6126 | val: 0.5719
Epoch 085/100 | lr: 0.01000 | train: 0.5929 | val: 0.5602
Epoch 090/100 | lr: 0.01000 | train: 0.5828 | val: 0.5688
Epoch 095/100 | lr: 0.01000 | train: 0.5743 | val: 0.5196
Epoch 100/100 | lr: 0.01000 | train: 0.5531 | val: 0.5127
[s2_cue5]  loss components: {'dpa': 0.3622, 'gng': 0.1212, 'gng_go': 0.0778, 'gng_nogo': 0.0217, 'baseline': 0.01, 'aux': 0.0065}
[s2_cue5]   after Dual: dpa=0.995 (pair=0.998 unpair=0.993)  gng=0.997 (go=0.994 nogo=1.000)
[s2_cue5]  Dual done in 730.7s  final train=0.5531  val=0.5127  dpa=0.995  gng=0.997
[s2_cue5]  ┌── params: after Dual
[s2_cue5]  │  rank 0: ||m||=39.604  ||n||=37.191  corr(m,n)=+0.780
[s2_cue5]  │  rank 1: ||m||=36.125  ||n||=69.975  corr(m,n)=+0.550
[s2_cue5]  │  κ-Jacobian eigvals (gain·n^Tm/N): +2.4790+0.1786j  +2.4790-0.1786j
[s2_cue5]  │  Wi: ||·||_F=66.330  per-channel=17.96 18.93 37.53 33.63 22.37 21.28 15.06
[s2_cue5]  └──────────────────────────────────────────────────
[s2_cue5] ════════════════════════════════════════════════════════════
[s2_cue5]  RUN COMPLETE  2026-06-09 03:49:19  total=734.1s
[s2_cue5]  ACCURACY SUMMARY
[s2_cue5]    after DPA : dpa=0.997  gng=0.494
[s2_cue5]    after GNG : dpa=0.944  gng=0.500
[s2_cue5]    after Dual: dpa=0.995  gng=0.997  dual_dpa=0.868  dual_gng=0.994
[s2_cue5] ════════════════════════════════════════════════════════════
