[s5_random] ════════════════════════════════════════════════════════════
[s5_random]  RUN START  2026-06-04 21:15:22
[s5_random]  run_id=s5_random  seed=5  device=cuda:0
[s5_random]  arch:  hidden=512  rank=2  gain=2.0  input_size=7  params=6,144
[s5_random]  task:  cue_on_go=True  rwd=True  freeze_inputs=True  init=random
[s5_random]  dynamics: alpha=0.0750  alpha_rec=0.1000  dt=0.0225  tau=0.3  tau_rec_frac=0.75
[s5_random]  noise:  input_sigma=0.1866 (×0.5)  model_sigma=0.0000 (×0.0)
[s5_random]  optim:  lr=0.01  wd=0.01  batch=64  n_batch=516  clip=1.0
[s5_random]  epochs: dpa=100  gng=100  dual=100  loss=separated
[s5_random]  shapes: m[512, 2]  n[512, 2]  Wi[512, 7]
[s5_random]  ┌── params: init
[s5_random]  │  rank 0: ||m||=23.437  ||n||=22.965  corr(m,n)=+0.028
[s5_random]  │  rank 1: ||m||=22.893  ||n||=23.012  corr(m,n)=+0.061
[s5_random]  │  κ-Jacobian eigvals (gain·n^Tm/N): +0.0641  +0.1188
[s5_random]  │  Wi: ||·||_F=58.987  per-channel=22.32 23.25 22.23 22.01 21.84 22.14 22.26
[s5_random]  └──────────────────────────────────────────────────
[s5_random] ────────────────────────────────────────────────────────────
[s5_random]  STAGE: DPA   device=cuda:0   epochs=100
[s5_random]  freeze input dims:     [0, 1, 2, 3, 4, 5, 6]
[s5_random] ────────────────────────────────────────────────────────────
[s5_random]  data: [516, 444, 7] → [516, 444, 2]
Epoch 005/100 | lr: 0.01000 | train: 1.9596 | val: 1.9428
Epoch 010/100 | lr: 0.01000 | train: 1.2669 | val: 1.2317
Epoch 015/100 | lr: 0.01000 | train: 1.0689 | val: 1.0807
Epoch 020/100 | lr: 0.01000 | train: 0.9595 | val: 0.9665
Epoch 025/100 | lr: 0.01000 | train: 0.8453 | val: 0.8634
Epoch 030/100 | lr: 0.01000 | train: 0.7891 | val: 0.7928
Epoch 035/100 | lr: 0.01000 | train: 0.7371 | val: 0.7479
Epoch 040/100 | lr: 0.01000 | train: 0.6659 | val: 0.6674
Epoch 045/100 | lr: 0.01000 | train: 0.5613 | val: 0.5427
Epoch 050/100 | lr: 0.01000 | train: 0.4964 | val: 0.4698
Epoch 055/100 | lr: 0.01000 | train: 0.4117 | val: 0.6385
Epoch 060/100 | lr: 0.01000 | train: 0.3911 | val: 0.3969
Epoch 065/100 | lr: 0.01000 | train: 0.3750 | val: 0.3748
Epoch 070/100 | lr: 0.01000 | train: 0.3590 | val: 0.3511
Epoch 075/100 | lr: 0.01000 | train: 0.3612 | val: 0.4013
Epoch 080/100 | lr: 0.01000 | train: 0.3214 | val: 0.3286
Epoch 085/100 | lr: 0.01000 | train: 0.3629 | val: 0.3406
Epoch 090/100 | lr: 0.01000 | train: 0.3006 | val: 0.2997
Epoch 095/100 | lr: 0.01000 | train: 0.3638 | val: 0.3190
Epoch 100/100 | lr: 0.01000 | train: 0.2850 | val: 0.2772
[s5_random]   after DPA: dpa=1.000  gng=0.473
[s5_random]  DPA done in 713.9s  final train=0.2850  val=0.2772  dpa=1.000  gng=0.473
[s5_random]  ┌── params: after DPA
[s5_random]  │  rank 0: ||m||=22.493  ||n||=36.907  corr(m,n)=+0.337
[s5_random]  │  rank 1: ||m||=32.139  ||n||=37.595  corr(m,n)=+0.706
[s5_random]  │  κ-Jacobian eigvals (gain·n^Tm/N): +2.2125+0.5940j  +2.2125-0.5940j
[s5_random]  │  Wi: ||·||_F=58.987  per-channel=22.32 23.25 22.23 22.01 21.84 22.14 22.26
[s5_random]  └──────────────────────────────────────────────────
[s5_random] ────────────────────────────────────────────────────────────
[s5_random]  STAGE: GNG   device=cuda:0   epochs=100
[s5_random]  freeze recurrent cols: [0]
[s5_random]  freeze input dims:     [0, 1, 2, 3, 6]
[s5_random] ────────────────────────────────────────────────────────────
[s5_random]  data: [516, 266, 7] → [516, 266, 2]
Epoch 005/100 | lr: 0.01000 | train: 0.2975 | val: 0.2827
Epoch 010/100 | lr: 0.01000 | train: 0.1890 | val: 0.1872
Epoch 015/100 | lr: 0.01000 | train: 0.1544 | val: 0.1564
Epoch 020/100 | lr: 0.01000 | train: 0.1390 | val: 0.1418
Epoch 025/100 | lr: 0.01000 | train: 0.1301 | val: 0.1326
Epoch 030/100 | lr: 0.01000 | train: 0.1224 | val: 0.1250
Epoch 035/100 | lr: 0.01000 | train: 0.1159 | val: 0.1181
Epoch 040/100 | lr: 0.01000 | train: 0.1095 | val: 0.1121
Epoch 045/100 | lr: 0.01000 | train: 0.1042 | val: 0.1067
Epoch 050/100 | lr: 0.01000 | train: 0.0993 | val: 0.1018
Epoch 055/100 | lr: 0.01000 | train: 0.0954 | val: 0.0974
Epoch 060/100 | lr: 0.01000 | train: 0.0911 | val: 0.0934
Epoch 065/100 | lr: 0.01000 | train: 0.0879 | val: 0.0899
Epoch 070/100 | lr: 0.01000 | train: 0.0847 | val: 0.0866
Epoch 075/100 | lr: 0.01000 | train: 0.0817 | val: 0.0837
Epoch 080/100 | lr: 0.01000 | train: 0.0792 | val: 0.0811
Epoch 085/100 | lr: 0.01000 | train: 0.0771 | val: 0.0786
Epoch 090/100 | lr: 0.01000 | train: 0.0749 | val: 0.0765
Epoch 095/100 | lr: 0.01000 | train: 0.0727 | val: 0.0744
Epoch 100/100 | lr: 0.01000 | train: 0.0709 | val: 0.0726
[s5_random]   after GNG: dpa=0.455  gng=0.886
[s5_random]  GNG done in 432.9s  final train=0.0709  val=0.0726  dpa=0.455  gng=0.886
[s5_random]  ┌── params: after GNG
[s5_random]  │  rank 0: ||m||=22.493  ||n||=36.907  corr(m,n)=+0.337
[s5_random]  │  rank 1: ||m||=23.139  ||n||=40.340  corr(m,n)=+0.586
[s5_random]  │  κ-Jacobian eigvals (gain·n^Tm/N): +1.6147+0.6774j  +1.6147-0.6774j
[s5_random]  │  Wi: ||·||_F=60.740  per-channel=22.32 23.25 22.23 22.01 24.35 24.16 22.26
[s5_random]  └──────────────────────────────────────────────────
[s5_random] ────────────────────────────────────────────────────────────
[s5_random]  STAGE: Dual   device=cuda:0   epochs=100
[s5_random]  freeze input dims:     [0, 1, 2, 3, 4, 5, 6]
[s5_random] ────────────────────────────────────────────────────────────
[s5_random]  data: [516, 444, 7] → [516, 444, 2]
[s5_random]  loss=separated  dpa_w=1.0  gng_w=1.0  aux_w=1.0  bl_w=1.0
Epoch 005/100 | lr: 0.01000 | train: 1.0304 | val: 1.0165
Epoch 010/100 | lr: 0.01000 | train: 0.9617 | val: 0.9484
Epoch 015/100 | lr: 0.01000 | train: 0.9332 | val: 0.9182
Epoch 020/100 | lr: 0.01000 | train: 0.9123 | val: 0.8897
Epoch 025/100 | lr: 0.01000 | train: 0.8874 | val: 0.8904
Epoch 030/100 | lr: 0.01000 | train: 0.8590 | val: 0.8528
Epoch 035/100 | lr: 0.01000 | train: 0.8203 | val: 0.8008
Epoch 040/100 | lr: 0.01000 | train: 0.7821 | val: 0.8049
Epoch 045/100 | lr: 0.01000 | train: 0.6818 | val: 0.6705
Epoch 050/100 | lr: 0.01000 | train: 0.6145 | val: 0.5972
Epoch 055/100 | lr: 0.01000 | train: 0.5465 | val: 0.5450
Epoch 060/100 | lr: 0.01000 | train: 0.5209 | val: 0.5015
Epoch 065/100 | lr: 0.01000 | train: 0.4631 | val: 0.4711
Epoch 070/100 | lr: 0.01000 | train: 0.4400 | val: 0.4399
Epoch 075/100 | lr: 0.01000 | train: 0.4139 | val: 0.4383
Epoch 080/100 | lr: 0.01000 | train: 0.3994 | val: 0.4052
Epoch 085/100 | lr: 0.01000 | train: 0.3772 | val: 0.4067
Epoch 090/100 | lr: 0.01000 | train: 0.3988 | val: 0.3716
Epoch 095/100 | lr: 0.01000 | train: 0.3599 | val: 0.3615
Epoch 100/100 | lr: 0.01000 | train: 0.3253 | val: 0.3723
[s5_random]  loss components: {'dpa': 0.1954, 'gng': 0.0629, 'baseline': 0.008, 'aux': 0.003}
[s5_random]   after Dual: dpa=0.998  gng=0.158
[s5_random]  Dual done in 718.9s  final train=0.3253  val=0.3723  dpa=0.998  gng=0.158
[s5_random]  ┌── params: after Dual
[s5_random]  │  rank 0: ||m||=32.466  ||n||=44.689  corr(m,n)=-0.043
[s5_random]  │  rank 1: ||m||=33.664  ||n||=52.118  corr(m,n)=+0.629
[s5_random]  │  κ-Jacobian eigvals (gain·n^Tm/N): +2.0318+1.0344j  +2.0318-1.0344j
[s5_random]  │  Wi: ||·||_F=60.740  per-channel=22.32 23.25 22.23 22.01 24.35 24.16 22.26
[s5_random]  └──────────────────────────────────────────────────
[s5_random] ════════════════════════════════════════════════════════════
[s5_random]  RUN COMPLETE  2026-06-04 21:46:27  total=1867.7s
[s5_random]  ACCURACY SUMMARY
[s5_random]    after DPA : dpa=1.000  gng=0.473
[s5_random]    after GNG : dpa=0.455  gng=0.886
[s5_random]    after Dual: dpa=0.998  gng=0.158  dual_dpa=0.896  dual_gng=0.334
[s5_random] ════════════════════════════════════════════════════════════
