[s3] ════════════════════════════════════════════════════════════
[s3]  RUN START  2026-07-01 18:57:53
[s3]  run_id=s3  seed=3  device=cuda:1
[s3]  arch:  N=1000 (E=750 I=250)  K=125 (prob 0.167)  rank=2  gain=1.0  input_size=6  params=3,000
[s3]  task:  cue_on_go=True  rwd=False  rwd_scale=1.0  freeze_input_stages=['dual']  init=random
[s3]  dynamics: dt=0.0225  tau=(0.4, 0.2)s  tau_syn=(0.2, 0.1)s  STP(use=0.05 tau_fac=1.0s tau_rec=0.2s)  j_stp=1.0
[s3]  noise:  input_sigma=0.3732 (×1.0)  model_sigma=0.0000 (×0.0)
[s3]  optim:  lr=0.1  wd=0.01  batch=32  n_batch=256  clip=None
[s3]  epochs: dpa=200  gng=100  dual=100  loss=separated
[s3]  shapes: m[750, 2]  n[750, 2]  Wi[750, 6]
[s3]  ┌── params: init
[s3]  │  rank 0: ||m||=26.699  ||n||=26.699  corr(m,n)=+1.000
[s3]  │  rank 1: ||m||=26.829  ||n||=26.829  corr(m,n)=+1.000
[s3]  │  low-rank overlap n^Tm/N (modulates STP E→E): +0.9425  +0.9676
[s3]  │  Wi: ||·||_F=66.685  per-channel=27.36 27.33 25.57 27.21 27.36 28.43
[s3]  └──────────────────────────────────────────────────
[s3] ────────────────────────────────────────────────────────────
[s3]  STAGE: DPA   device=cuda:1   epochs=200
[s3] ────────────────────────────────────────────────────────────
[s3]  data: [256, 444, 6] → [256, 444, 2]
Epoch 005/200 | lr: 0.10000 | train: 3.4773 | val: 3.4934
Epoch 010/200 | lr: 0.10000 | train: 2.2769 | val: 2.1442
Epoch 015/200 | lr: 0.10000 | train: 1.0317 | val: 0.7735
Stopping: losses below 0.1.
[s3]   after DPA: dpa=1.000 (pair=1.000 unpair=1.000)  gng=0.503 (go=0.017 nogo=0.998)
[s3]  DPA done in 109.2s  final train=0.0616  val=0.0427  dpa=1.000  gng=0.503
[s3]  ┌── params: after DPA
[s3]  │  rank 0: ||m||=241.525  ||n||=122.025  corr(m,n)=+0.752
[s3]  │  rank 1: ||m||=134.440  ||n||=82.907  corr(m,n)=+0.433
[s3]  │  low-rank overlap n^Tm/N (modulates STP E→E): +29.2266  +6.7441
[s3]  │  Wi: ||·||_F=66.685  per-channel=27.36 27.33 25.57 27.21 27.36 28.43
[s3]  └──────────────────────────────────────────────────
[s3] ────────────────────────────────────────────────────────────
[s3]  STAGE: GNG   device=cuda:1   epochs=100
[s3]  freeze recurrent cols: [0]
[s3]  freeze input dims:     [0, 1, 2, 3]
[s3] ────────────────────────────────────────────────────────────
[s3]  data: [256, 266, 6] → [256, 266, 2]
Epoch 005/100 | lr: 0.10000 | train: 0.7609 | val: 0.8932
Epoch 010/100 | lr: 0.10000 | train: 0.6298 | val: 0.7507
Epoch 015/100 | lr: 0.10000 | train: 0.5591 | val: 0.6677
Epoch 020/100 | lr: 0.10000 | train: 0.4709 | val: 0.5631
Epoch 025/100 | lr: 0.10000 | train: 0.3895 | val: 0.5032
Epoch 030/100 | lr: 0.10000 | train: 0.3239 | val: 0.4100
Epoch 035/100 | lr: 0.10000 | train: 0.2707 | val: 0.3952
Epoch 040/100 | lr: 0.10000 | train: 0.2213 | val: 0.2833
Epoch 045/100 | lr: 0.10000 | train: 0.1865 | val: 0.2430
Epoch 050/100 | lr: 0.10000 | train: 0.1733 | val: 0.2835
Epoch 055/100 | lr: 0.10000 | train: 0.1427 | val: 0.1915
Epoch 060/100 | lr: 0.10000 | train: 0.1354 | val: 0.1645
Epoch 065/100 | lr: 0.10000 | train: 0.1190 | val: 0.1593
Epoch 070/100 | lr: 0.10000 | train: 0.1110 | val: 0.1552
Epoch 075/100 | lr: 0.10000 | train: 0.1120 | val: 0.1328
Epoch 080/100 | lr: 0.10000 | train: 0.1014 | val: 0.1265
Epoch 085/100 | lr: 0.10000 | train: 0.0976 | val: 0.1203
Epoch 090/100 | lr: 0.10000 | train: 0.0929 | val: 0.1145
Epoch 095/100 | lr: 0.10000 | train: 0.0937 | val: 0.1168
Epoch 100/100 | lr: 0.10000 | train: 0.0998 | val: 0.1183
[s3]   after GNG: dpa=0.473 (pair=0.531 unpair=0.417)  gng=1.000 (go=1.000 nogo=1.000)
[s3]  GNG done in 330.2s  final train=0.0998  val=0.1183  dpa=0.473  gng=1.000
[s3]  ┌── params: after GNG
[s3]  │  rank 0: ||m||=241.525  ||n||=122.025  corr(m,n)=+0.752
[s3]  │  rank 1: ||m||=266.620  ||n||=157.011  corr(m,n)=+0.225
[s3]  │  low-rank overlap n^Tm/N (modulates STP E→E): +28.0291  +14.0858
[s3]  │  Wi: ||·||_F=66.685  per-channel=27.36 27.33 25.57 27.21 27.36 28.43
[s3]  └──────────────────────────────────────────────────
[s3] ────────────────────────────────────────────────────────────
[s3]  STAGE: Dual   device=cuda:1   epochs=100
[s3]  freeze input dims:     [0, 1, 2, 3, 4, 5]
[s3] ────────────────────────────────────────────────────────────
[s3]  data: [256, 444, 6] → [256, 444, 2]
[s3]  loss=separated  dpa_w=1.0  gng_w=1.0  go_w=1.0  nogo_w=1.0  aux_w=1.0  bl_w=1.0  go_hinge=1.0
Epoch 005/100 | lr: 0.10000 | train: 0.7013 | val: 0.5938
Epoch 010/100 | lr: 0.10000 | train: 0.3044 | val: 0.2489
Epoch 015/100 | lr: 0.10000 | train: 0.2109 | val: 0.1716
Epoch 020/100 | lr: 0.10000 | train: 0.1655 | val: 0.1722
Epoch 025/100 | lr: 0.10000 | train: 0.1413 | val: 0.1182
Epoch 030/100 | lr: 0.10000 | train: 0.1242 | val: 0.1222
Epoch 035/100 | lr: 0.10000 | train: 0.1125 | val: 0.0969
Stopping: losses below 0.1.
[s3]  loss components: {'dpa': 0.0074, 'gng': 0.0668, 'gng_go': 0.0124, 'gng_nogo': 0.0543, 'baseline': 0.0188, 'aux': 0.0254}
[s3]   after Dual: dpa=1.000 (pair=1.000 unpair=1.000)  gng=1.000 (go=1.000 nogo=1.000)
[s3]  Dual done in 202.9s  final train=0.0962  val=0.0955  dpa=1.000  gng=1.000
[s3]  ┌── params: after Dual
[s3]  │  rank 0: ||m||=236.660  ||n||=125.851  corr(m,n)=+0.808
[s3]  │  rank 1: ||m||=221.645  ||n||=152.887  corr(m,n)=+0.248
[s3]  │  low-rank overlap n^Tm/N (modulates STP E→E): +28.4264  +14.8493
[s3]  │  Wi: ||·||_F=66.685  per-channel=27.36 27.33 25.57 27.21 27.36 28.43
[s3]  └──────────────────────────────────────────────────
[s3] ════════════════════════════════════════════════════════════
[s3]  RUN COMPLETE  2026-07-01 19:08:35  total=644.7s
[s3]  ACCURACY SUMMARY
[s3]    after DPA : dpa=1.000  gng=0.503
[s3]    after GNG : dpa=0.473  gng=1.000
[s3]    after Dual: dpa=1.000  gng=1.000  dual_dpa=1.000  dual_gng=1.000
[s3] ════════════════════════════════════════════════════════════
