[s2] ════════════════════════════════════════════════════════════
[s2]  RUN START  2026-06-22 15:02:34
[s2]  run_id=s2  seed=2  device=cuda:0
[s2]  arch:  N=1000 (E=750 I=250)  K=125 (prob 0.167)  rank=2  gain=1.0  input_size=6  params=3,000
[s2]  task:  cue_on_go=True  rwd=False  rwd_scale=1.0  freeze_input_stages=['dual']  init=random
[s2]  dynamics: dt=0.0225  tau=(0.4, 0.2)s  tau_syn=(0.2, 0.1)s  STP(use=0.05 tau_fac=1.0s tau_rec=0.2s)  j_stp=1.0
[s2]  noise:  input_sigma=0.3732 (×1.0)  model_sigma=0.0000 (×0.0)
[s2]  optim:  lr=0.1  wd=0.01  batch=32  n_batch=256  clip=1.0
[s2]  epochs: dpa=100  gng=100  dual=100  loss=separated
[s2]  shapes: m[750, 2]  n[750, 2]  Wi[750, 6]
[s2]  ┌── params: init
[s2]  │  rank 0: ||m||=27.317  ||n||=27.317  corr(m,n)=+1.000
[s2]  │  rank 1: ||m||=27.261  ||n||=27.261  corr(m,n)=+1.000
[s2]  │  low-rank overlap n^Tm/N (modulates STP E→E): +1.0168  +0.9690
[s2]  │  Wi: ||·||_F=65.693  per-channel=26.65 27.81 26.03 26.49 26.91 26.98
[s2]  └──────────────────────────────────────────────────
[s2] ────────────────────────────────────────────────────────────
[s2]  STAGE: DPA   device=cuda:0   epochs=100
[s2] ────────────────────────────────────────────────────────────
[s2]  data: [256, 444, 6] → [256, 444, 2]
Epoch 005/100 | lr: 0.10000 | train: 3.2643 | val: 3.4129
Epoch 010/100 | lr: 0.10000 | train: 1.8359 | val: 2.0190
Stopping: losses below 0.1.
[s2]   after DPA: dpa=0.999 (pair=1.000 unpair=0.998)  gng=0.504 (go=0.000 nogo=1.000)
[s2]  DPA done in 68.3s  final train=0.0570  val=0.0686  dpa=0.999  gng=0.504
[s2]  ┌── params: after DPA
[s2]  │  rank 0: ||m||=228.007  ||n||=116.086  corr(m,n)=+0.815
[s2]  │  rank 1: ||m||=122.799  ||n||=75.934  corr(m,n)=+0.519
[s2]  │  low-rank overlap n^Tm/N (modulates STP E→E): +28.9278  +6.3044
[s2]  │  Wi: ||·||_F=65.693  per-channel=26.65 27.81 26.03 26.49 26.91 26.98
[s2]  └──────────────────────────────────────────────────
[s2] ────────────────────────────────────────────────────────────
[s2]  STAGE: GNG   device=cuda:0   epochs=100
[s2]  freeze recurrent cols: [0]
[s2]  freeze input dims:     [0, 1, 2, 3]
[s2] ────────────────────────────────────────────────────────────
[s2]  data: [256, 266, 6] → [256, 266, 2]
Epoch 005/100 | lr: 0.10000 | train: 0.8439 | val: 0.9092
Epoch 010/100 | lr: 0.10000 | train: 0.6870 | val: 0.7716
Epoch 015/100 | lr: 0.10000 | train: 0.5780 | val: 0.6717
Epoch 020/100 | lr: 0.10000 | train: 0.4790 | val: 0.5705
Epoch 025/100 | lr: 0.10000 | train: 0.3788 | val: 0.4671
Epoch 030/100 | lr: 0.10000 | train: 0.3008 | val: 0.3922
Epoch 035/100 | lr: 0.10000 | train: 0.2627 | val: 0.3378
Epoch 040/100 | lr: 0.10000 | train: 0.1868 | val: 0.2370
Stopping: non-finite loss.
[s2]   after GNG: dpa=1.000 (pair=1.000 unpair=1.000)  gng=1.000 (go=1.000 nogo=1.000)
[s2]  GNG done in 116.7s  final train=0.1468  val=nan  dpa=1.000  gng=1.000
[s2]  ┌── params: after GNG
[s2]  │  rank 0: ||m||=228.007  ||n||=116.086  corr(m,n)=+0.815
[s2]  │  rank 1: ||m||=242.294  ||n||=124.321  corr(m,n)=+0.221
[s2]  │  low-rank overlap n^Tm/N (modulates STP E→E): +28.7946  +8.8751
[s2]  │  Wi: ||·||_F=65.693  per-channel=26.65 27.81 26.03 26.49 26.91 26.98
[s2]  └──────────────────────────────────────────────────
[s2] ────────────────────────────────────────────────────────────
[s2]  STAGE: Dual   device=cuda:0   epochs=100
[s2]  freeze input dims:     [0, 1, 2, 3, 4, 5]
[s2] ────────────────────────────────────────────────────────────
[s2]  data: [256, 444, 6] → [256, 444, 2]
[s2]  loss=separated  dpa_w=1.0  gng_w=1.0  go_w=1.0  nogo_w=1.0  aux_w=1.0  bl_w=1.0  go_hinge=1.0
Epoch 005/100 | lr: 0.10000 | train: 0.4820 | val: 0.4172
Epoch 010/100 | lr: 0.10000 | train: 0.1849 | val: 0.2227
Epoch 015/100 | lr: 0.10000 | train: 0.1146 | val: 0.1365
Stopping: losses below 0.1.
[s2]  loss components: {'dpa': 0.0148, 'gng': 0.0318, 'gng_go': 0.0, 'gng_nogo': 0.0318, 'baseline': 0.0345, 'aux': 0.0475}
[s2]   after Dual: dpa=1.000 (pair=1.000 unpair=1.000)  gng=1.000 (go=1.000 nogo=1.000)
[s2]  Dual done in 86.0s  final train=0.0978  val=0.0965  dpa=1.000  gng=1.000
[s2]  ┌── params: after Dual
[s2]  │  rank 0: ||m||=212.764  ||n||=111.116  corr(m,n)=+0.860
[s2]  │  rank 1: ||m||=233.674  ||n||=119.326  corr(m,n)=+0.245
[s2]  │  low-rank overlap n^Tm/N (modulates STP E→E): +27.1607  +9.0647
[s2]  │  Wi: ||·||_F=65.693  per-channel=26.65 27.81 26.03 26.49 26.91 26.98
[s2]  └──────────────────────────────────────────────────
[s2] ════════════════════════════════════════════════════════════
[s2]  RUN COMPLETE  2026-06-22 15:07:05  total=272.1s
[s2]  ACCURACY SUMMARY
[s2]    after DPA : dpa=0.999  gng=0.504
[s2]    after GNG : dpa=1.000  gng=1.000
[s2]    after Dual: dpa=1.000  gng=1.000  dual_dpa=1.000  dual_gng=1.000
[s2] ════════════════════════════════════════════════════════════
