[s7_noHinge2] ════════════════════════════════════════════════════════════
[s7_noHinge2]  RUN START  2026-06-09 00:46:38
[s7_noHinge2]  run_id=s7_noHinge2  seed=7  device=cuda:1
[s7_noHinge2]  arch:  hidden=512  rank=2  gain=1.0  input_size=7  params=6,144
[s7_noHinge2]  task:  cue_on_go=True  rwd=True  rwd_scale=1.0  freeze_input_stages=['gng', 'dual']  init=random
[s7_noHinge2]  dynamics: alpha=0.0750  alpha_rec=0.1000  dt=0.0225  tau=0.3  tau_rec_frac=0.75
[s7_noHinge2]  noise:  input_sigma=0.3732 (×1.0)  model_sigma=0.0000 (×0.0)
[s7_noHinge2]  optim:  lr=0.01  wd=0.01  batch=64  n_batch=516  clip=None
[s7_noHinge2]  epochs: dpa=100  gng=100  dual=100  loss=separated
[s7_noHinge2]  shapes: m[512, 2]  n[512, 2]  Wi[512, 7]
[s7_noHinge2]  ┌── params: init
[s7_noHinge2]  │  rank 0: ||m||=23.340  ||n||=23.513  corr(m,n)=-0.046
[s7_noHinge2]  │  rank 1: ||m||=23.236  ||n||=22.508  corr(m,n)=-0.042
[s7_noHinge2]  │  κ-Jacobian eigvals (gain·n^Tm/N): -0.0464+0.0483j  -0.0464-0.0483j
[s7_noHinge2]  │  Wi: ||·||_F=60.688  per-channel=22.83 22.36 23.30 23.06 23.69 22.16 23.12
[s7_noHinge2]  └──────────────────────────────────────────────────
[s7_noHinge2]  DPA: loading checkpoint from results/dual/sweep_adam2/s7_adam2/dpa_s7_adam2.pth
[s7_noHinge2]   after DPA: dpa=0.992 (pair=0.996 unpair=0.988)  gng=0.371 (go=0.264 nogo=0.472)
[s7_noHinge2]  DPA done in 1.9s  (checkpoint)  dpa=0.992  gng=0.371
[s7_noHinge2]  ┌── params: after DPA
[s7_noHinge2]  │  rank 0: ||m||=37.818  ||n||=40.230  corr(m,n)=+0.820
[s7_noHinge2]  │  rank 1: ||m||=34.739  ||n||=51.588  corr(m,n)=+0.782
[s7_noHinge2]  │  κ-Jacobian eigvals (gain·n^Tm/N): +2.3596  +2.8164
[s7_noHinge2]  │  Wi: ||·||_F=67.648  per-channel=21.67 22.28 34.43 34.98 23.69 22.16 12.20
[s7_noHinge2]  └──────────────────────────────────────────────────
[s7_noHinge2]  GNG: loading checkpoint from results/dual/sweep_adam2/s7_adam2/naive_s7_adam2.pth
[s7_noHinge2]   after GNG: dpa=0.911 (pair=0.829 unpair=0.998)  gng=0.986 (go=1.000 nogo=0.973)
[s7_noHinge2]  GNG done in 1.3s  (checkpoint)  dpa=0.911  gng=0.986
[s7_noHinge2]  ┌── params: after GNG
[s7_noHinge2]  │  rank 0: ||m||=37.818  ||n||=40.230  corr(m,n)=+0.820
[s7_noHinge2]  │  rank 1: ||m||=35.751  ||n||=56.484  corr(m,n)=+0.690
[s7_noHinge2]  │  κ-Jacobian eigvals (gain·n^Tm/N): +2.3482  +2.8118
[s7_noHinge2]  │  Wi: ||·||_F=67.648  per-channel=21.67 22.28 34.43 34.98 23.69 22.16 12.20
[s7_noHinge2]  └──────────────────────────────────────────────────
[s7_noHinge2] ────────────────────────────────────────────────────────────
[s7_noHinge2]  STAGE: Dual   device=cuda:1   epochs=100
[s7_noHinge2]  freeze recurrent cols: [0]
[s7_noHinge2]  freeze input dims:     [0, 1, 2, 3, 4, 5, 6]
[s7_noHinge2] ────────────────────────────────────────────────────────────
[s7_noHinge2]  data: [516, 444, 7] → [516, 444, 2]
[s7_noHinge2]  loss=separated  dpa_w=1.0  gng_w=1.0  go_w=1.0  nogo_w=2.0  aux_w=1.0  bl_w=1.0  go_hinge=None
Epoch 005/100 | lr: 0.01000 | train: 1.6462 | val: 1.6810
Epoch 010/100 | lr: 0.01000 | train: 1.4953 | val: 1.4941
Epoch 015/100 | lr: 0.01000 | train: 1.3682 | val: 1.3781
Epoch 020/100 | lr: 0.01000 | train: 1.2421 | val: 1.2324
Epoch 025/100 | lr: 0.01000 | train: 1.1016 | val: 1.0863
Epoch 030/100 | lr: 0.01000 | train: 0.9821 | val: 0.9806
Epoch 035/100 | lr: 0.01000 | train: 0.9041 | val: 0.9095
Epoch 040/100 | lr: 0.01000 | train: 0.8742 | val: 0.8876
Epoch 045/100 | lr: 0.01000 | train: 0.7853 | val: 0.8160
Epoch 050/100 | lr: 0.01000 | train: 0.7479 | val: 0.7623
Epoch 055/100 | lr: 0.01000 | train: 0.7118 | val: 0.7303
Epoch 060/100 | lr: 0.01000 | train: 0.6805 | val: 0.6871
Epoch 065/100 | lr: 0.01000 | train: 0.6639 | val: 0.6565
Epoch 070/100 | lr: 0.01000 | train: 0.6256 | val: 0.6330
Epoch 075/100 | lr: 0.01000 | train: 0.6102 | val: 0.6003
Epoch 080/100 | lr: 0.01000 | train: 0.5829 | val: 0.6052
Epoch 085/100 | lr: 0.01000 | train: 0.5599 | val: 0.5483
Epoch 090/100 | lr: 0.01000 | train: 0.5479 | val: 0.5448
Epoch 095/100 | lr: 0.01000 | train: 0.5188 | val: 0.5181
Epoch 100/100 | lr: 0.01000 | train: 0.4966 | val: 0.5072
[s7_noHinge2]  loss components: {'dpa': 0.2888, 'gng': 0.1664, 'gng_go': 0.1555, 'gng_nogo': 0.0054, 'baseline': 0.0282, 'aux': 0.0081}
[s7_noHinge2]   after Dual: dpa=0.992 (pair=0.984 unpair=1.000)  gng=1.000 (go=1.000 nogo=1.000)
[s7_noHinge2]  Dual done in 736.9s  final train=0.4966  val=0.5072  dpa=0.992  gng=1.000
[s7_noHinge2]  ┌── params: after Dual
[s7_noHinge2]  │  rank 0: ||m||=37.818  ||n||=40.230  corr(m,n)=+0.820
[s7_noHinge2]  │  rank 1: ||m||=40.529  ||n||=78.708  corr(m,n)=+0.498
[s7_noHinge2]  │  κ-Jacobian eigvals (gain·n^Tm/N): +2.4138  +3.1268
[s7_noHinge2]  │  Wi: ||·||_F=67.648  per-channel=21.67 22.28 34.43 34.98 23.69 22.16 12.20
[s7_noHinge2]  └──────────────────────────────────────────────────
[s7_noHinge2] ════════════════════════════════════════════════════════════
[s7_noHinge2]  RUN COMPLETE  2026-06-09 00:58:58  total=742.1s
[s7_noHinge2]  ACCURACY SUMMARY
[s7_noHinge2]    after DPA : dpa=0.992  gng=0.371
[s7_noHinge2]    after GNG : dpa=0.911  gng=0.986
[s7_noHinge2]    after Dual: dpa=0.992  gng=1.000  dual_dpa=0.935  dual_gng=0.993
[s7_noHinge2] ════════════════════════════════════════════════════════════
