[s5_frzGNG] ════════════════════════════════════════════════════════════
[s5_frzGNG]  RUN START  2026-06-08 21:02:39
[s5_frzGNG]  run_id=s5_frzGNG  seed=5  device=cuda:1
[s5_frzGNG]  arch:  hidden=512  rank=2  gain=1.0  input_size=7  params=6,144
[s5_frzGNG]  task:  cue_on_go=True  rwd=True  rwd_scale=1.0  freeze_input_stages=['gng', 'dual']  init=random
[s5_frzGNG]  dynamics: alpha=0.0750  alpha_rec=0.1000  dt=0.0225  tau=0.3  tau_rec_frac=0.75
[s5_frzGNG]  noise:  input_sigma=0.3732 (×1.0)  model_sigma=0.0000 (×0.0)
[s5_frzGNG]  optim:  lr=0.01  wd=0.01  batch=64  n_batch=516  clip=None
[s5_frzGNG]  epochs: dpa=100  gng=100  dual=100  loss=separated
[s5_frzGNG]  shapes: m[512, 2]  n[512, 2]  Wi[512, 7]
[s5_frzGNG]  ┌── params: init
[s5_frzGNG]  │  rank 0: ||m||=23.437  ||n||=22.965  corr(m,n)=+0.028
[s5_frzGNG]  │  rank 1: ||m||=22.893  ||n||=23.012  corr(m,n)=+0.061
[s5_frzGNG]  │  κ-Jacobian eigvals (gain·n^Tm/N): +0.0320  +0.0594
[s5_frzGNG]  │  Wi: ||·||_F=58.987  per-channel=22.32 23.25 22.23 22.01 21.84 22.14 22.26
[s5_frzGNG]  └──────────────────────────────────────────────────
[s5_frzGNG] ────────────────────────────────────────────────────────────
[s5_frzGNG]  STAGE: DPA   device=cuda:1   epochs=100
[s5_frzGNG]  freeze input dims:     [4, 5]
[s5_frzGNG] ────────────────────────────────────────────────────────────
[s5_frzGNG]  data: [516, 444, 7] → [516, 444, 2]
Epoch 005/100 | lr: 0.01000 | train: 1.9579 | val: 1.9584
Epoch 010/100 | lr: 0.01000 | train: 1.3474 | val: 1.2218
Epoch 015/100 | lr: 0.01000 | train: 0.9625 | val: 0.9757
Epoch 020/100 | lr: 0.01000 | train: 0.8980 | val: 0.9289
Epoch 025/100 | lr: 0.01000 | train: 0.8273 | val: 0.8560
Epoch 030/100 | lr: 0.01000 | train: 0.7083 | val: 0.7122
Epoch 035/100 | lr: 0.01000 | train: 0.5003 | val: 0.4903
Epoch 040/100 | lr: 0.01000 | train: 0.3822 | val: 0.4003
Epoch 045/100 | lr: 0.01000 | train: 0.3032 | val: 0.3044
Epoch 050/100 | lr: 0.01000 | train: 0.2471 | val: 0.2464
Epoch 055/100 | lr: 0.01000 | train: 0.1954 | val: 0.2006
Epoch 060/100 | lr: 0.01000 | train: 0.1596 | val: 0.1526
Epoch 065/100 | lr: 0.01000 | train: 0.1343 | val: 0.1760
Epoch 070/100 | lr: 0.01000 | train: 0.1188 | val: 0.1132
Epoch 075/100 | lr: 0.01000 | train: 0.0985 | val: 0.1020
Stopping: losses below 0.1.
[s5_frzGNG]   after DPA: dpa=0.999 (pair=1.000 unpair=0.998)  gng=0.431 (go=0.039 nogo=0.834)
[s5_frzGNG]  DPA done in 562.0s  final train=0.0874  val=0.0807  dpa=0.999  gng=0.431
[s5_frzGNG]  ┌── params: after DPA
[s5_frzGNG]  │  rank 0: ||m||=37.022  ||n||=39.151  corr(m,n)=+0.812
[s5_frzGNG]  │  rank 1: ||m||=32.349  ||n||=52.443  corr(m,n)=+0.801
[s5_frzGNG]  │  κ-Jacobian eigvals (gain·n^Tm/N): +2.1886  +2.7650
[s5_frzGNG]  │  Wi: ||·||_F=64.976  per-channel=20.66 19.75 32.20 34.94 21.84 22.14 13.43
[s5_frzGNG]  └──────────────────────────────────────────────────
[s5_frzGNG] ────────────────────────────────────────────────────────────
[s5_frzGNG]  STAGE: GNG   device=cuda:1   epochs=100
[s5_frzGNG]  freeze recurrent cols: [0]
[s5_frzGNG]  freeze input dims:     [0, 1, 2, 3, 4, 5, 6]
[s5_frzGNG] ────────────────────────────────────────────────────────────
[s5_frzGNG]  data: [516, 266, 7] → [516, 266, 2]
Epoch 005/100 | lr: 0.01000 | train: 1.5028 | val: 1.3355
Epoch 010/100 | lr: 0.01000 | train: 0.7284 | val: 0.6235
Epoch 015/100 | lr: 0.01000 | train: 0.4569 | val: 0.3913
Epoch 020/100 | lr: 0.01000 | train: 0.3272 | val: 0.3022
Epoch 025/100 | lr: 0.01000 | train: 0.2782 | val: 0.2365
Epoch 030/100 | lr: 0.01000 | train: 0.2263 | val: 0.2259
Epoch 035/100 | lr: 0.01000 | train: 0.1964 | val: 0.1853
Epoch 040/100 | lr: 0.01000 | train: 0.1743 | val: 0.1609
Epoch 045/100 | lr: 0.01000 | train: 0.1574 | val: 0.1449
Epoch 050/100 | lr: 0.01000 | train: 0.1410 | val: 0.1272
Epoch 055/100 | lr: 0.01000 | train: 0.1329 | val: 0.1129
Epoch 060/100 | lr: 0.01000 | train: 0.1161 | val: 0.1086
Epoch 065/100 | lr: 0.01000 | train: 0.1076 | val: 0.0946
Epoch 070/100 | lr: 0.01000 | train: 0.1011 | val: 0.0870
Stopping: losses below 0.1.
[s5_frzGNG]   after GNG: dpa=0.987 (pair=0.983 unpair=0.992)  gng=0.997 (go=1.000 nogo=0.994)
[s5_frzGNG]  GNG done in 318.6s  final train=0.0973  val=0.0826  dpa=0.987  gng=0.997
[s5_frzGNG]  ┌── params: after GNG
[s5_frzGNG]  │  rank 0: ||m||=37.022  ||n||=39.151  corr(m,n)=+0.812
[s5_frzGNG]  │  rank 1: ||m||=32.972  ||n||=55.546  corr(m,n)=+0.718
[s5_frzGNG]  │  κ-Jacobian eigvals (gain·n^Tm/N): +2.1224  +2.7446
[s5_frzGNG]  │  Wi: ||·||_F=64.976  per-channel=20.66 19.75 32.20 34.94 21.84 22.14 13.43
[s5_frzGNG]  └──────────────────────────────────────────────────
[s5_frzGNG] ────────────────────────────────────────────────────────────
[s5_frzGNG]  STAGE: Dual   device=cuda:1   epochs=100
[s5_frzGNG]  freeze recurrent cols: [0]
[s5_frzGNG]  freeze input dims:     [0, 1, 2, 3, 4, 5, 6]
[s5_frzGNG] ────────────────────────────────────────────────────────────
[s5_frzGNG]  data: [516, 444, 7] → [516, 444, 2]
[s5_frzGNG]  loss=separated  dpa_w=1.0  gng_w=1.0  go_w=1.0  nogo_w=2.0  aux_w=1.0  bl_w=1.0  go_hinge=1.0
Epoch 005/100 | lr: 0.01000 | train: 0.6863 | val: 0.6424
Epoch 010/100 | lr: 0.01000 | train: 0.6383 | val: 0.5846
Epoch 015/100 | lr: 0.01000 | train: 0.5824 | val: 0.5676
Epoch 020/100 | lr: 0.01000 | train: 0.5482 | val: 0.5198
Epoch 025/100 | lr: 0.01000 | train: 0.5150 | val: 0.4668
Epoch 030/100 | lr: 0.01000 | train: 0.4745 | val: 0.4322
Epoch 035/100 | lr: 0.01000 | train: 0.4392 | val: 0.4274
Epoch 040/100 | lr: 0.01000 | train: 0.4039 | val: 0.3800
Epoch 045/100 | lr: 0.01000 | train: 0.3825 | val: 0.3527
Epoch 050/100 | lr: 0.01000 | train: 0.3547 | val: 0.3472
Epoch 055/100 | lr: 0.01000 | train: 0.3351 | val: 0.2979
Epoch 060/100 | lr: 0.01000 | train: 0.3104 | val: 0.3014
Epoch 065/100 | lr: 0.01000 | train: 0.2867 | val: 0.2640
Epoch 070/100 | lr: 0.01000 | train: 0.2713 | val: 0.2666
Epoch 075/100 | lr: 0.01000 | train: 0.2618 | val: 0.2408
Epoch 080/100 | lr: 0.01000 | train: 0.2486 | val: 0.2263
Epoch 085/100 | lr: 0.01000 | train: 0.2398 | val: 0.2132
Epoch 090/100 | lr: 0.01000 | train: 0.2317 | val: 0.2044
Epoch 095/100 | lr: 0.01000 | train: 0.2168 | val: 0.2022
Epoch 100/100 | lr: 0.01000 | train: 0.2105 | val: 0.1908
[s5_frzGNG]  loss components: {'dpa': 0.0744, 'gng': 0.0853, 'gng_go': 0.0588, 'gng_nogo': 0.0133, 'baseline': 0.0146, 'aux': 0.0162}
[s5_frzGNG]   after Dual: dpa=0.999 (pair=0.998 unpair=1.000)  gng=0.998 (go=0.996 nogo=1.000)
[s5_frzGNG]  Dual done in 733.8s  final train=0.2105  val=0.1908  dpa=0.999  gng=0.998
[s5_frzGNG]  ┌── params: after Dual
[s5_frzGNG]  │  rank 0: ||m||=37.022  ||n||=39.151  corr(m,n)=+0.812
[s5_frzGNG]  │  rank 1: ||m||=32.238  ||n||=73.822  corr(m,n)=+0.572
[s5_frzGNG]  │  κ-Jacobian eigvals (gain·n^Tm/N): +2.2479  +2.7094
[s5_frzGNG]  │  Wi: ||·||_F=64.976  per-channel=20.66 19.75 32.20 34.94 21.84 22.14 13.43
[s5_frzGNG]  └──────────────────────────────────────────────────
[s5_frzGNG] ════════════════════════════════════════════════════════════
[s5_frzGNG]  RUN COMPLETE  2026-06-08 21:29:34  total=1616.2s
[s5_frzGNG]  ACCURACY SUMMARY
[s5_frzGNG]    after DPA : dpa=0.999  gng=0.431
[s5_frzGNG]    after GNG : dpa=0.987  gng=0.997
[s5_frzGNG]    after Dual: dpa=0.999  gng=0.998  dual_dpa=0.995  dual_gng=0.996
[s5_frzGNG] ════════════════════════════════════════════════════════════
