[s7_random] ════════════════════════════════════════════════════════════
[s7_random]  RUN START  2026-06-04 21:15:22
[s7_random]  run_id=s7_random  seed=7  device=cuda:0
[s7_random]  arch:  hidden=512  rank=2  gain=2.0  input_size=7  params=6,144
[s7_random]  task:  cue_on_go=True  rwd=True  freeze_inputs=True  init=random
[s7_random]  dynamics: alpha=0.0750  alpha_rec=0.1000  dt=0.0225  tau=0.3  tau_rec_frac=0.75
[s7_random]  noise:  input_sigma=0.1866 (×0.5)  model_sigma=0.0000 (×0.0)
[s7_random]  optim:  lr=0.01  wd=0.01  batch=64  n_batch=516  clip=1.0
[s7_random]  epochs: dpa=100  gng=100  dual=100  loss=separated
[s7_random]  shapes: m[512, 2]  n[512, 2]  Wi[512, 7]
[s7_random]  ┌── params: init
[s7_random]  │  rank 0: ||m||=23.340  ||n||=23.513  corr(m,n)=-0.046
[s7_random]  │  rank 1: ||m||=23.236  ||n||=22.508  corr(m,n)=-0.042
[s7_random]  │  κ-Jacobian eigvals (gain·n^Tm/N): -0.0928+0.0966j  -0.0928-0.0966j
[s7_random]  │  Wi: ||·||_F=60.688  per-channel=22.83 22.36 23.30 23.06 23.69 22.16 23.12
[s7_random]  └──────────────────────────────────────────────────
[s7_random] ────────────────────────────────────────────────────────────
[s7_random]  STAGE: DPA   device=cuda:0   epochs=100
[s7_random]  freeze input dims:     [0, 1, 2, 3, 4, 5, 6]
[s7_random] ────────────────────────────────────────────────────────────
[s7_random]  data: [516, 444, 7] → [516, 444, 2]
Epoch 005/100 | lr: 0.01000 | train: 1.9720 | val: 1.9448
Epoch 010/100 | lr: 0.01000 | train: 1.4227 | val: 1.2741
Epoch 015/100 | lr: 0.01000 | train: 1.1077 | val: 1.1341
Epoch 020/100 | lr: 0.01000 | train: 1.0131 | val: 0.9950
Epoch 025/100 | lr: 0.01000 | train: 0.9389 | val: 0.8982
Epoch 030/100 | lr: 0.01000 | train: 0.7540 | val: 0.7772
Epoch 035/100 | lr: 0.01000 | train: 0.6092 | val: 0.5714
Epoch 040/100 | lr: 0.01000 | train: 0.5641 | val: 0.5331
Epoch 045/100 | lr: 0.01000 | train: 0.4784 | val: 0.4577
Epoch 050/100 | lr: 0.01000 | train: 0.4650 | val: 0.4510
Epoch 055/100 | lr: 0.01000 | train: 0.5739 | val: 0.4496
Epoch 060/100 | lr: 0.01000 | train: 0.4179 | val: 0.3806
Epoch 065/100 | lr: 0.01000 | train: 0.3989 | val: 0.3465
Epoch 070/100 | lr: 0.01000 | train: 0.3669 | val: 0.3381
Epoch 075/100 | lr: 0.01000 | train: 0.4674 | val: 0.4345
Epoch 080/100 | lr: 0.01000 | train: 0.3448 | val: 0.3411
Epoch 085/100 | lr: 0.00500 | train: 0.4032 | val: 0.3239
Epoch 090/100 | lr: 0.00500 | train: 0.3285 | val: 0.3053
Epoch 095/100 | lr: 0.00500 | train: 0.3182 | val: 0.3039
Epoch 100/100 | lr: 0.00500 | train: 0.3038 | val: 0.2896
[s7_random]   after DPA: dpa=0.999  gng=0.529
[s7_random]  DPA done in 728.8s  final train=0.3038  val=0.2896  dpa=0.999  gng=0.529
[s7_random]  ┌── params: after DPA
[s7_random]  │  rank 0: ||m||=21.975  ||n||=35.995  corr(m,n)=+0.443
[s7_random]  │  rank 1: ||m||=34.503  ||n||=34.015  corr(m,n)=+0.728
[s7_random]  │  κ-Jacobian eigvals (gain·n^Tm/N): +2.3539+0.6179j  +2.3539-0.6179j
[s7_random]  │  Wi: ||·||_F=60.688  per-channel=22.83 22.36 23.30 23.06 23.69 22.16 23.12
[s7_random]  └──────────────────────────────────────────────────
[s7_random] ────────────────────────────────────────────────────────────
[s7_random]  STAGE: GNG   device=cuda:0   epochs=100
[s7_random]  freeze recurrent cols: [0]
[s7_random]  freeze input dims:     [0, 1, 2, 3, 6]
[s7_random] ────────────────────────────────────────────────────────────
[s7_random]  data: [516, 266, 7] → [516, 266, 2]
Epoch 005/100 | lr: 0.01000 | train: 0.2998 | val: 0.2580
Epoch 010/100 | lr: 0.01000 | train: 0.1874 | val: 0.1716
Epoch 015/100 | lr: 0.01000 | train: 0.1513 | val: 0.1426
Epoch 020/100 | lr: 0.01000 | train: 0.1353 | val: 0.1299
Epoch 025/100 | lr: 0.01000 | train: 0.1249 | val: 0.1198
Epoch 030/100 | lr: 0.01000 | train: 0.1163 | val: 0.1123
Epoch 035/100 | lr: 0.01000 | train: 0.1089 | val: 0.1046
Epoch 040/100 | lr: 0.01000 | train: 0.1021 | val: 0.0980
Epoch 045/100 | lr: 0.01000 | train: 0.0961 | val: 0.0923
Epoch 050/100 | lr: 0.01000 | train: 0.0905 | val: 0.0869
Epoch 055/100 | lr: 0.01000 | train: 0.0854 | val: 0.0818
Epoch 060/100 | lr: 0.01000 | train: 0.0808 | val: 0.0777
Epoch 065/100 | lr: 0.01000 | train: 0.0767 | val: 0.0742
Epoch 070/100 | lr: 0.01000 | train: 0.0731 | val: 0.0709
Epoch 075/100 | lr: 0.01000 | train: 0.0701 | val: 0.0678
Epoch 080/100 | lr: 0.01000 | train: 0.0673 | val: 0.0650
Epoch 085/100 | lr: 0.01000 | train: 0.0650 | val: 0.0625
Epoch 090/100 | lr: 0.01000 | train: 0.0633 | val: 0.0610
Epoch 095/100 | lr: 0.01000 | train: 0.0613 | val: 0.0591
Epoch 100/100 | lr: 0.01000 | train: 0.0596 | val: 0.0572
[s7_random]   after GNG: dpa=0.534  gng=0.992
[s7_random]  GNG done in 427.0s  final train=0.0596  val=0.0572  dpa=0.534  gng=0.992
[s7_random]  ┌── params: after GNG
[s7_random]  │  rank 0: ||m||=21.975  ||n||=35.995  corr(m,n)=+0.443
[s7_random]  │  rank 1: ||m||=25.211  ||n||=39.575  corr(m,n)=+0.544
[s7_random]  │  κ-Jacobian eigvals (gain·n^Tm/N): +1.7436+0.8610j  +1.7436-0.8610j
[s7_random]  │  Wi: ||·||_F=62.217  per-channel=22.83 22.36 23.30 23.06 24.91 24.90 23.12
[s7_random]  └──────────────────────────────────────────────────
[s7_random] ────────────────────────────────────────────────────────────
[s7_random]  STAGE: Dual   device=cuda:0   epochs=100
[s7_random]  freeze input dims:     [0, 1, 2, 3, 4, 5, 6]
[s7_random] ────────────────────────────────────────────────────────────
[s7_random]  data: [516, 444, 7] → [516, 444, 2]
[s7_random]  loss=separated  dpa_w=1.0  gng_w=1.0  aux_w=1.0  bl_w=1.0
Epoch 005/100 | lr: 0.01000 | train: 1.0347 | val: 0.9588
Epoch 010/100 | lr: 0.01000 | train: 0.9950 | val: 0.9023
Epoch 015/100 | lr: 0.01000 | train: 0.9676 | val: 0.8718
Epoch 020/100 | lr: 0.01000 | train: 0.9463 | val: 0.8564
Epoch 025/100 | lr: 0.01000 | train: 0.9347 | val: 0.8457
Epoch 030/100 | lr: 0.01000 | train: 0.9261 | val: 0.8354
Epoch 035/100 | lr: 0.01000 | train: 0.9174 | val: 0.8300
Epoch 040/100 | lr: 0.01000 | train: 0.9084 | val: 0.8215
Epoch 045/100 | lr: 0.01000 | train: 0.9007 | val: 0.8169
Epoch 050/100 | lr: 0.01000 | train: 0.8969 | val: 0.8139
Epoch 055/100 | lr: 0.01000 | train: 0.8898 | val: 0.8097
Epoch 060/100 | lr: 0.01000 | train: 0.8887 | val: 0.8068
Epoch 065/100 | lr: 0.01000 | train: 0.8858 | val: 0.7955
Epoch 070/100 | lr: 0.01000 | train: 0.8734 | val: 0.7872
Epoch 075/100 | lr: 0.01000 | train: 0.8695 | val: 0.7859
Epoch 080/100 | lr: 0.01000 | train: 0.8797 | val: 0.7825
Epoch 085/100 | lr: 0.01000 | train: 0.8539 | val: 0.7795
Epoch 090/100 | lr: 0.01000 | train: 0.8432 | val: 0.7652
Epoch 095/100 | lr: 0.01000 | train: 0.8331 | val: 0.7573
Epoch 100/100 | lr: 0.01000 | train: 0.8262 | val: 0.7522
[s7_random]  loss components: {'dpa': 0.7781, 'gng': 0.0351, 'baseline': 0.0038, 'aux': 0.0027}
[s7_random]   after Dual: dpa=1.000  gng=0.506
[s7_random]  Dual done in 718.1s  final train=0.8262  val=0.7522  dpa=1.000  gng=0.506
[s7_random]  ┌── params: after Dual
[s7_random]  │  rank 0: ||m||=27.251  ||n||=39.397  corr(m,n)=+0.169
[s7_random]  │  rank 1: ||m||=34.825  ||n||=42.486  corr(m,n)=+0.567
[s7_random]  │  κ-Jacobian eigvals (gain·n^Tm/N): +1.9909+1.0445j  +1.9909-1.0445j
[s7_random]  │  Wi: ||·||_F=62.217  per-channel=22.83 22.36 23.30 23.06 24.91 24.90 23.12
[s7_random]  └──────────────────────────────────────────────────
[s7_random] ════════════════════════════════════════════════════════════
[s7_random]  RUN COMPLETE  2026-06-04 21:46:36  total=1875.9s
[s7_random]  ACCURACY SUMMARY
[s7_random]    after DPA : dpa=0.999  gng=0.529
[s7_random]    after GNG : dpa=0.534  gng=0.992
[s7_random]    after Dual: dpa=1.000  gng=0.506  dual_dpa=0.724  dual_gng=0.650
[s7_random] ════════════════════════════════════════════════════════════
