[s2_cont] ════════════════════════════════════════════════════════════
[s2_cont]  RUN START  2026-06-09 01:14:40
[s2_cont]  run_id=s2_cont  seed=2  device=cuda:0
[s2_cont]  arch:  hidden=512  rank=2  gain=1.0  input_size=7  params=6,144
[s2_cont]  task:  cue_on_go=True  rwd=True  rwd_scale=1.0  freeze_input_stages=['gng', 'dual']  init=random
[s2_cont]  dynamics: alpha=0.0750  alpha_rec=0.1000  dt=0.0225  tau=0.3  tau_rec_frac=0.75
[s2_cont]  noise:  input_sigma=0.3732 (×1.0)  model_sigma=0.0000 (×0.0)
[s2_cont]  optim:  lr=0.01  wd=0.01  batch=64  n_batch=516  clip=None
[s2_cont]  epochs: dpa=100  gng=100  dual=100  loss=separated
[s2_cont]  shapes: m[512, 2]  n[512, 2]  Wi[512, 7]
[s2_cont]  ┌── params: init
[s2_cont]  │  rank 0: ||m||=22.730  ||n||=22.312  corr(m,n)=+0.023
[s2_cont]  │  rank 1: ||m||=22.626  ||n||=22.176  corr(m,n)=-0.024
[s2_cont]  │  κ-Jacobian eigvals (gain·n^Tm/N): +0.0345  -0.0353
[s2_cont]  │  Wi: ||·||_F=58.692  per-channel=22.57 21.62 22.94 22.02 22.37 21.28 22.45
[s2_cont]  └──────────────────────────────────────────────────
[s2_cont]  DPA: loading checkpoint from results/dual/sweep_adam2/s2_adam2/dpa_s2_adam2.pth
[s2_cont]   after DPA: dpa=0.997 (pair=0.998 unpair=0.996)  gng=0.494 (go=0.002 nogo=0.998)
[s2_cont]  DPA done in 1.9s  (checkpoint)  dpa=0.997  gng=0.494
[s2_cont]  ┌── params: after DPA
[s2_cont]  │  rank 0: ||m||=39.604  ||n||=37.191  corr(m,n)=+0.780
[s2_cont]  │  rank 1: ||m||=38.659  ||n||=43.277  corr(m,n)=+0.781
[s2_cont]  │  κ-Jacobian eigvals (gain·n^Tm/N): +2.3988+0.6167j  +2.3988-0.6167j
[s2_cont]  │  Wi: ||·||_F=66.330  per-channel=17.96 18.93 37.53 33.63 22.37 21.28 15.06
[s2_cont]  └──────────────────────────────────────────────────
[s2_cont]  GNG: loading checkpoint from results/dual/sweep_noHinge2/s2_noHinge2/expert_s2_noHinge2.pth
[s2_cont]   after GNG: dpa=0.931 (pair=0.985 unpair=0.871)  gng=1.000 (go=1.000 nogo=1.000)
[s2_cont]  GNG done in 1.8s  (checkpoint)  dpa=0.931  gng=1.000
[s2_cont]  ┌── params: after GNG
[s2_cont]  │  rank 0: ||m||=39.604  ||n||=37.191  corr(m,n)=+0.780
[s2_cont]  │  rank 1: ||m||=43.132  ||n||=68.280  corr(m,n)=+0.478
[s2_cont]  │  κ-Jacobian eigvals (gain·n^Tm/N): +2.4971+0.3374j  +2.4971-0.3374j
[s2_cont]  │  Wi: ||·||_F=66.330  per-channel=17.96 18.93 37.53 33.63 22.37 21.28 15.06
[s2_cont]  └──────────────────────────────────────────────────
[s2_cont] ────────────────────────────────────────────────────────────
[s2_cont]  STAGE: Dual   device=cuda:0   epochs=100
[s2_cont]  freeze recurrent cols: [0]
[s2_cont]  freeze input dims:     [0, 1, 2, 3, 4, 5, 6]
[s2_cont] ────────────────────────────────────────────────────────────
[s2_cont]  data: [516, 444, 7] → [516, 444, 2]
[s2_cont]  loss=separated  dpa_w=1.0  gng_w=1.0  go_w=1.0  nogo_w=2.0  aux_w=1.0  bl_w=1.0  go_hinge=None
Epoch 005/100 | lr: 0.01000 | train: 0.7044 | val: 0.6821
Epoch 010/100 | lr: 0.01000 | train: 0.7041 | val: 0.6486
Epoch 015/100 | lr: 0.01000 | train: 0.6834 | val: 0.6536
Epoch 020/100 | lr: 0.01000 | train: 0.6746 | val: 0.6756
Epoch 025/100 | lr: 0.01000 | train: 0.6536 | val: 0.6714
Epoch 030/100 | lr: 0.01000 | train: 0.6508 | val: 0.6723
Epoch 035/100 | lr: 0.01000 | train: 0.6356 | val: 0.6039
Epoch 040/100 | lr: 0.01000 | train: 0.6198 | val: 0.6043
Epoch 045/100 | lr: 0.01000 | train: 0.6170 | val: 0.6538
Epoch 050/100 | lr: 0.01000 | train: 0.6057 | val: 0.6765
Epoch 055/100 | lr: 0.01000 | train: 0.5975 | val: 0.6363
Epoch 060/100 | lr: 0.01000 | train: 0.5852 | val: 0.5934
Epoch 065/100 | lr: 0.01000 | train: 0.5768 | val: 0.5504
Epoch 070/100 | lr: 0.01000 | train: 0.5673 | val: 0.5678
Epoch 075/100 | lr: 0.01000 | train: 0.5602 | val: 0.5479
Epoch 080/100 | lr: 0.01000 | train: 0.5549 | val: 0.5202
Epoch 085/100 | lr: 0.01000 | train: 0.5440 | val: 0.5584
Epoch 090/100 | lr: 0.01000 | train: 0.5388 | val: 0.5905
Epoch 095/100 | lr: 0.01000 | train: 0.5438 | val: 0.4842
Epoch 100/100 | lr: 0.01000 | train: 0.5218 | val: 0.5108
[s2_cont]  loss components: {'dpa': 0.2725, 'gng': 0.1398, 'gng_go': 0.1037, 'gng_nogo': 0.018, 'baseline': 0.0117, 'aux': 0.005}
[s2_cont]   after Dual: dpa=0.942 (pair=0.986 unpair=0.903)  gng=1.000 (go=1.000 nogo=1.000)
[s2_cont]  Dual done in 743.1s  final train=0.5218  val=0.5108  dpa=0.942  gng=1.000
[s2_cont]  ┌── params: after Dual
[s2_cont]  │  rank 0: ||m||=39.604  ||n||=37.191  corr(m,n)=+0.780
[s2_cont]  │  rank 1: ||m||=44.827  ||n||=82.734  corr(m,n)=+0.415
[s2_cont]  │  κ-Jacobian eigvals (gain·n^Tm/N): +2.6259+0.2623j  +2.6259-0.2623j
[s2_cont]  │  Wi: ||·||_F=66.330  per-channel=17.96 18.93 37.53 33.63 22.37 21.28 15.06
[s2_cont]  └──────────────────────────────────────────────────
[s2_cont] ════════════════════════════════════════════════════════════
[s2_cont]  RUN COMPLETE  2026-06-09 01:27:07  total=748.2s
[s2_cont]  ACCURACY SUMMARY
[s2_cont]    after DPA : dpa=0.997  gng=0.494
[s2_cont]    after GNG : dpa=0.931  gng=1.000
[s2_cont]    after Dual: dpa=0.942  gng=1.000  dual_dpa=0.873  dual_gng=0.981
[s2_cont] ════════════════════════════════════════════════════════════
