[s0] ════════════════════════════════════════════════════════════
[s0]  RUN START  2026-07-01 19:15:33
[s0]  run_id=s0  seed=0  device=cuda:0
[s0]  arch:  N=1000 (E=750 I=250)  K=125 (prob 0.167)  rank=2  gain=1.0  input_size=6  params=3,000
[s0]  task:  cue_on_go=True  rwd=False  rwd_scale=1.0  freeze_input_stages=['dual']  init=random
[s0]  dynamics: dt=0.0225  tau=(0.4, 0.2)s  tau_syn=(0.2, 0.1)s  STP(use=0.05 tau_fac=1.0s tau_rec=0.2s)  j_stp=1.0
[s0]  noise:  input_sigma=0.3732 (×1.0)  model_sigma=0.0000 (×0.0)
[s0]  optim:  lr=0.1  wd=0.01  batch=32  n_batch=256  clip=None
[s0]  epochs: dpa=200  gng=100  dual=100  loss=separated
[s0]  shapes: m[750, 2]  n[750, 2]  Wi[750, 6]
[s0]  ┌── params: init
[s0]  │  rank 0: ||m||=27.499  ||n||=27.499  corr(m,n)=+1.000
[s0]  │  rank 1: ||m||=26.387  ||n||=26.387  corr(m,n)=+1.000
[s0]  │  low-rank overlap n^Tm/N (modulates STP E→E): +1.0176  +0.9190
[s0]  │  Wi: ||·||_F=66.907  per-channel=27.00 27.43 27.35 27.74 27.30 27.05
[s0]  └──────────────────────────────────────────────────
[s0] ────────────────────────────────────────────────────────────
[s0]  STAGE: DPA   device=cuda:0   epochs=200
[s0] ────────────────────────────────────────────────────────────
[s0]  data: [256, 444, 6] → [256, 444, 2]
Epoch 005/200 | lr: 0.10000 | train: 3.6261 | val: 3.6380
Epoch 010/200 | lr: 0.10000 | train: 3.4227 | val: 3.5139
Epoch 015/200 | lr: 0.10000 | train: 3.2783 | val: 3.4807
Epoch 020/200 | lr: 0.10000 | train: 3.1467 | val: 3.3444
Epoch 025/200 | lr: 0.10000 | train: 3.0611 | val: 3.2985
Epoch 030/200 | lr: 0.10000 | train: 2.9444 | val: 3.1840
Epoch 035/200 | lr: 0.10000 | train: 2.8663 | val: 3.1138
Epoch 040/200 | lr: 0.10000 | train: 2.7446 | val: 3.0374
Epoch 045/200 | lr: 0.10000 | train: 2.6378 | val: 2.9568
Epoch 050/200 | lr: 0.10000 | train: 2.5280 | val: 2.8314
Epoch 055/200 | lr: 0.10000 | train: 2.4058 | val: 2.7593
Epoch 060/200 | lr: 0.10000 | train: 2.2877 | val: 2.6726
Epoch 065/200 | lr: 0.10000 | train: 2.1888 | val: 2.5913
Epoch 070/200 | lr: 0.10000 | train: 2.0631 | val: 2.4702
Epoch 075/200 | lr: 0.10000 | train: 2.0104 | val: 2.4046
Epoch 080/200 | lr: 0.10000 | train: 1.9318 | val: 2.3786
Epoch 085/200 | lr: 0.10000 | train: 1.8639 | val: 2.3082
Epoch 090/200 | lr: 0.10000 | train: 1.8228 | val: 2.2600
Epoch 095/200 | lr: 0.10000 | train: 1.7659 | val: 2.2419
Epoch 100/200 | lr: 0.10000 | train: 1.7275 | val: 2.1969
Epoch 105/200 | lr: 0.10000 | train: 1.6571 | val: 2.1119
Epoch 110/200 | lr: 0.10000 | train: 1.5848 | val: 1.9811
Epoch 115/200 | lr: 0.10000 | train: 1.4613 | val: 1.8610
Epoch 120/200 | lr: 0.10000 | train: 1.2316 | val: 1.4871
Epoch 125/200 | lr: 0.10000 | train: 0.7167 | val: 0.7895
Epoch 130/200 | lr: 0.10000 | train: 0.1929 | val: 0.2304
Epoch 135/200 | lr: 0.10000 | train: 0.1208 | val: 0.1280
Epoch 140/200 | lr: 0.10000 | train: 0.0891 | val: 0.0990
Stopping: losses below 0.1.
[s0]   after DPA: dpa=1.000 (pair=1.000 unpair=1.000)  gng=0.663 (go=0.349 nogo=0.996)
[s0]  DPA done in 762.6s  final train=0.0891  val=0.0990  dpa=1.000  gng=0.663
[s0]  ┌── params: after DPA
[s0]  │  rank 0: ||m||=2090.115  ||n||=421.681  corr(m,n)=+0.757
[s0]  │  rank 1: ||m||=1248.543  ||n||=298.898  corr(m,n)=+0.216
[s0]  │  low-rank overlap n^Tm/N (modulates STP E→E): +870.6461  +126.4811
[s0]  │  Wi: ||·||_F=66.907  per-channel=27.00 27.43 27.35 27.74 27.30 27.05
[s0]  └──────────────────────────────────────────────────
[s0] ────────────────────────────────────────────────────────────
[s0]  STAGE: GNG   device=cuda:0   epochs=100
[s0]  freeze recurrent cols: [0]
[s0]  freeze input dims:     [0, 1, 2, 3]
[s0] ────────────────────────────────────────────────────────────
[s0]  data: [256, 266, 6] → [256, 266, 2]
Epoch 005/100 | lr: 0.10000 | train: 0.6507 | val: 0.5489
Epoch 010/100 | lr: 0.10000 | train: 0.5972 | val: 0.5008
Epoch 015/100 | lr: 0.10000 | train: 0.5624 | val: 0.4729
Epoch 020/100 | lr: 0.10000 | train: 0.5406 | val: 0.4460
Epoch 025/100 | lr: 0.10000 | train: 0.5087 | val: 0.4273
Epoch 030/100 | lr: 0.10000 | train: 0.4864 | val: 0.4101
Epoch 035/100 | lr: 0.10000 | train: 0.4728 | val: 0.3944
Epoch 040/100 | lr: 0.10000 | train: 0.4601 | val: 0.3809
Epoch 045/100 | lr: 0.10000 | train: 0.4401 | val: 0.3684
Epoch 050/100 | lr: 0.10000 | train: 0.4318 | val: 0.3601
Epoch 055/100 | lr: 0.10000 | train: 0.4205 | val: 0.3496
Epoch 060/100 | lr: 0.10000 | train: 0.4090 | val: 0.3425
Epoch 065/100 | lr: 0.10000 | train: 0.3963 | val: 0.3309
Epoch 070/100 | lr: 0.10000 | train: 0.3867 | val: 0.3228
Epoch 075/100 | lr: 0.10000 | train: 0.3765 | val: 0.3155
Epoch 080/100 | lr: 0.10000 | train: 0.3672 | val: 0.3106
Epoch 085/100 | lr: 0.10000 | train: 0.3631 | val: 0.3026
Epoch 090/100 | lr: 0.10000 | train: 0.3525 | val: 0.3004
Epoch 095/100 | lr: 0.10000 | train: 0.3403 | val: 0.2894
Epoch 100/100 | lr: 0.10000 | train: 0.3311 | val: 0.2820
[s0]   after GNG: dpa=1.000 (pair=1.000 unpair=1.000)  gng=0.995 (go=0.996 nogo=0.994)
[s0]  GNG done in 379.7s  final train=0.3311  val=0.2820  dpa=1.000  gng=0.995
[s0]  ┌── params: after GNG
[s0]  │  rank 0: ||m||=2090.115  ||n||=421.681  corr(m,n)=+0.757
[s0]  │  rank 1: ||m||=1415.658  ||n||=363.454  corr(m,n)=+0.119
[s0]  │  low-rank overlap n^Tm/N (modulates STP E→E): +835.8384  +135.1551
[s0]  │  Wi: ||·||_F=66.907  per-channel=27.00 27.43 27.35 27.74 27.30 27.05
[s0]  └──────────────────────────────────────────────────
[s0] ────────────────────────────────────────────────────────────
[s0]  STAGE: Dual   device=cuda:0   epochs=100
[s0]  freeze input dims:     [0, 1, 2, 3, 4, 5]
[s0] ────────────────────────────────────────────────────────────
[s0]  data: [256, 444, 6] → [256, 444, 2]
[s0]  loss=separated  dpa_w=1.0  gng_w=1.0  go_w=1.0  nogo_w=1.0  aux_w=1.0  bl_w=1.0  go_hinge=1.0
Epoch 005/100 | lr: 0.10000 | train: 1.4933 | val: 1.4453
Epoch 010/100 | lr: 0.10000 | train: 0.7691 | val: 0.7184
Epoch 015/100 | lr: 0.10000 | train: 0.5816 | val: 0.4883
Epoch 020/100 | lr: 0.10000 | train: 0.4938 | val: 0.3962
Epoch 025/100 | lr: 0.10000 | train: 0.4310 | val: 0.3311
Epoch 030/100 | lr: 0.10000 | train: 0.3681 | val: 0.2935
Epoch 035/100 | lr: 0.10000 | train: 0.3332 | val: 0.2618
Epoch 040/100 | lr: 0.10000 | train: 0.3037 | val: 0.2361
Epoch 045/100 | lr: 0.10000 | train: 0.2635 | val: 0.2133
Epoch 050/100 | lr: 0.10000 | train: 0.2420 | val: 0.1929
Epoch 055/100 | lr: 0.10000 | train: 0.2304 | val: 0.1799
Epoch 060/100 | lr: 0.10000 | train: 0.2062 | val: 0.1647
Epoch 065/100 | lr: 0.10000 | train: 0.1872 | val: 0.1543
Epoch 070/100 | lr: 0.10000 | train: 0.1753 | val: 0.1435
Epoch 075/100 | lr: 0.10000 | train: 0.1573 | val: 0.1394
Epoch 080/100 | lr: 0.10000 | train: 0.1501 | val: 0.1298
Epoch 085/100 | lr: 0.10000 | train: 0.1394 | val: 0.1290
Epoch 090/100 | lr: 0.10000 | train: 0.1337 | val: 0.1140
Epoch 095/100 | lr: 0.10000 | train: 0.1249 | val: 0.1087
Epoch 100/100 | lr: 0.10000 | train: 0.1175 | val: 0.1058
[s0]  loss components: {'dpa': 0.0055, 'gng': 0.013, 'gng_go': 0.0083, 'gng_nogo': 0.0047, 'baseline': 0.0333, 'aux': 0.0648}
[s0]   after Dual: dpa=1.000 (pair=1.000 unpair=1.000)  gng=0.986 (go=1.000 nogo=0.971)
[s0]  Dual done in 515.1s  final train=0.1175  val=0.1058  dpa=1.000  gng=0.986
[s0]  ┌── params: after Dual
[s0]  │  rank 0: ||m||=2230.578  ||n||=430.847  corr(m,n)=+0.760
[s0]  │  rank 1: ||m||=1508.042  ||n||=366.693  corr(m,n)=+0.157
[s0]  │  low-rank overlap n^Tm/N (modulates STP E→E): +922.9121  +165.7550
[s0]  │  Wi: ||·||_F=66.907  per-channel=27.00 27.43 27.35 27.74 27.30 27.05
[s0]  └──────────────────────────────────────────────────
[s0] ════════════════════════════════════════════════════════════
[s0]  RUN COMPLETE  2026-07-01 19:43:10  total=1658.4s
[s0]  ACCURACY SUMMARY
[s0]    after DPA : dpa=1.000  gng=0.663
[s0]    after GNG : dpa=1.000  gng=0.995
[s0]    after Dual: dpa=1.000  gng=0.986  dual_dpa=1.000  dual_gng=0.985
[s0] ════════════════════════════════════════════════════════════
