[s6_goH1] ════════════════════════════════════════════════════════════
[s6_goH1]  RUN START  2026-06-08 18:36:42
[s6_goH1]  run_id=s6_goH1  seed=6  device=cuda:0
[s6_goH1]  arch:  hidden=512  rank=2  gain=1.0  input_size=7  params=6,144
[s6_goH1]  task:  cue_on_go=True  rwd=True  rwd_scale=1.0  freeze_input_stages=['dual']  init=random
[s6_goH1]  dynamics: alpha=0.0750  alpha_rec=0.1000  dt=0.0225  tau=0.3  tau_rec_frac=0.75
[s6_goH1]  noise:  input_sigma=0.3732 (×1.0)  model_sigma=0.0000 (×0.0)
[s6_goH1]  optim:  lr=0.01  wd=0.01  batch=64  n_batch=516  clip=None
[s6_goH1]  epochs: dpa=100  gng=100  dual=100  loss=separated
[s6_goH1]  shapes: m[512, 2]  n[512, 2]  Wi[512, 7]
[s6_goH1]  ┌── params: init
[s6_goH1]  │  rank 0: ||m||=23.754  ||n||=22.561  corr(m,n)=+0.074
[s6_goH1]  │  rank 1: ||m||=21.713  ||n||=23.345  corr(m,n)=-0.005
[s6_goH1]  │  κ-Jacobian eigvals (gain·n^Tm/N): +0.0778  -0.0054
[s6_goH1]  │  Wi: ||·||_F=60.072  per-channel=23.10 21.97 23.40 22.89 22.22 23.84 21.41
[s6_goH1]  └──────────────────────────────────────────────────
[s6_goH1] ────────────────────────────────────────────────────────────
[s6_goH1]  STAGE: DPA   device=cuda:0   epochs=100
[s6_goH1] ────────────────────────────────────────────────────────────
[s6_goH1]  data: [516, 444, 7] → [516, 444, 2]
Epoch 005/100 | lr: 0.01000 | train: 1.9542 | val: 1.9519
Epoch 010/100 | lr: 0.01000 | train: 1.2557 | val: 1.2529
Epoch 015/100 | lr: 0.01000 | train: 1.0142 | val: 1.0005
Epoch 020/100 | lr: 0.01000 | train: 0.9312 | val: 0.9230
Epoch 025/100 | lr: 0.01000 | train: 0.8206 | val: 0.8122
Epoch 030/100 | lr: 0.01000 | train: 0.6314 | val: 0.6156
Epoch 035/100 | lr: 0.01000 | train: 0.6144 | val: 0.6213
Epoch 040/100 | lr: 0.01000 | train: 0.4836 | val: 0.4876
Epoch 045/100 | lr: 0.01000 | train: 0.3945 | val: 0.4002
Epoch 050/100 | lr: 0.01000 | train: 0.3525 | val: 0.3488
Epoch 055/100 | lr: 0.01000 | train: 0.3205 | val: 0.3224
Epoch 060/100 | lr: 0.01000 | train: 0.2911 | val: 0.3059
Epoch 065/100 | lr: 0.01000 | train: 0.2823 | val: 0.2682
Epoch 070/100 | lr: 0.01000 | train: 0.2434 | val: 0.2618
Epoch 075/100 | lr: 0.01000 | train: 0.2877 | val: 0.3426
Epoch 080/100 | lr: 0.00500 | train: 0.3245 | val: 0.3306
Epoch 085/100 | lr: 0.00250 | train: 0.2568 | val: 0.2653
Epoch 090/100 | lr: 0.00250 | train: 0.2344 | val: 0.2450
Epoch 095/100 | lr: 0.00125 | train: 0.2236 | val: 0.2322
Epoch 100/100 | lr: 0.00125 | train: 0.2162 | val: 0.2254
[s6_goH1]   after DPA: dpa=0.999 (pair=1.000 unpair=0.998)  gng=0.528 (go=0.020 nogo=0.994)
[s6_goH1]  DPA done in 671.7s  final train=0.2162  val=0.2254  dpa=0.999  gng=0.528
[s6_goH1]  ┌── params: after DPA
[s6_goH1]  │  rank 0: ||m||=34.476  ||n||=35.728  corr(m,n)=+0.831
[s6_goH1]  │  rank 1: ||m||=35.174  ||n||=42.790  corr(m,n)=+0.782
[s6_goH1]  │  κ-Jacobian eigvals (gain·n^Tm/N): +2.1486+0.4116j  +2.1486-0.4116j
[s6_goH1]  │  Wi: ||·||_F=56.708  per-channel=17.97 20.08 31.71 31.49 12.00 12.75 13.62
[s6_goH1]  └──────────────────────────────────────────────────
[s6_goH1] ────────────────────────────────────────────────────────────
[s6_goH1]  STAGE: GNG   device=cuda:0   epochs=100
[s6_goH1]  freeze recurrent cols: [0]
[s6_goH1]  freeze input dims:     [0, 1, 2, 3, 6]
[s6_goH1] ────────────────────────────────────────────────────────────
[s6_goH1]  data: [516, 266, 7] → [516, 266, 2]
Epoch 005/100 | lr: 0.01000 | train: 0.2460 | val: 0.1931
Epoch 010/100 | lr: 0.01000 | train: 0.1190 | val: 0.1069
Stopping: losses below 0.1.
[s6_goH1]   after GNG: dpa=0.830 (pair=0.930 unpair=0.741)  gng=0.997 (go=1.000 nogo=0.994)
[s6_goH1]  GNG done in 48.1s  final train=0.0991  val=0.0863  dpa=0.830  gng=0.997
[s6_goH1]  ┌── params: after GNG
[s6_goH1]  │  rank 0: ||m||=34.476  ||n||=35.728  corr(m,n)=+0.831
[s6_goH1]  │  rank 1: ||m||=32.890  ||n||=43.629  corr(m,n)=+0.814
[s6_goH1]  │  κ-Jacobian eigvals (gain·n^Tm/N): +2.1407+0.2922j  +2.1407-0.2922j
[s6_goH1]  │  Wi: ||·||_F=57.951  per-channel=17.97 20.08 31.71 31.49 13.34 16.46 13.62
[s6_goH1]  └──────────────────────────────────────────────────
[s6_goH1] ────────────────────────────────────────────────────────────
[s6_goH1]  STAGE: Dual   device=cuda:0   epochs=100
[s6_goH1]  freeze recurrent cols: [0]
[s6_goH1]  freeze input dims:     [0, 1, 2, 3, 4, 5, 6]
[s6_goH1] ────────────────────────────────────────────────────────────
[s6_goH1]  data: [516, 444, 7] → [516, 444, 2]
[s6_goH1]  loss=separated  dpa_w=1.0  gng_w=1.0  go_w=1.0  nogo_w=2.0  aux_w=1.0  bl_w=1.0  go_hinge=1.0
Epoch 005/100 | lr: 0.01000 | train: 0.7362 | val: 0.7482
Epoch 010/100 | lr: 0.01000 | train: 0.6965 | val: 0.7002
Epoch 015/100 | lr: 0.01000 | train: 0.6704 | val: 0.6789
Epoch 020/100 | lr: 0.01000 | train: 0.6458 | val: 0.6644
Epoch 025/100 | lr: 0.01000 | train: 0.6251 | val: 0.6357
Epoch 030/100 | lr: 0.01000 | train: 0.6065 | val: 0.6226
Epoch 035/100 | lr: 0.01000 | train: 0.5844 | val: 0.5951
Epoch 040/100 | lr: 0.01000 | train: 0.5684 | val: 0.5697
Epoch 045/100 | lr: 0.01000 | train: 0.5479 | val: 0.5579
Epoch 050/100 | lr: 0.01000 | train: 0.5212 | val: 0.5345
Epoch 055/100 | lr: 0.01000 | train: 0.5103 | val: 0.5206
Epoch 060/100 | lr: 0.01000 | train: 0.4871 | val: 0.5100
Epoch 065/100 | lr: 0.01000 | train: 0.4801 | val: 0.4896
Epoch 070/100 | lr: 0.01000 | train: 0.4727 | val: 0.4727
Epoch 075/100 | lr: 0.01000 | train: 0.4397 | val: 0.4688
Epoch 080/100 | lr: 0.01000 | train: 0.4316 | val: 0.4503
Epoch 085/100 | lr: 0.01000 | train: 0.4109 | val: 0.4355
Epoch 090/100 | lr: 0.01000 | train: 0.4022 | val: 0.4191
Epoch 095/100 | lr: 0.01000 | train: 0.3904 | val: 0.4099
Epoch 100/100 | lr: 0.01000 | train: 0.3732 | val: 0.4099
[s6_goH1]  loss components: {'dpa': 0.3336, 'gng': 0.1058, 'gng_go': 0.0655, 'gng_nogo': 0.0202, 'baseline': 0.0168, 'aux': 0.0097}
[s6_goH1]   after Dual: dpa=0.996 (pair=0.992 unpair=1.000)  gng=0.991 (go=0.983 nogo=1.000)
[s6_goH1]  Dual done in 610.0s  final train=0.3732  val=0.4099  dpa=0.996  gng=0.991
[s6_goH1]  ┌── params: after Dual
[s6_goH1]  │  rank 0: ||m||=34.476  ||n||=35.728  corr(m,n)=+0.831
[s6_goH1]  │  rank 1: ||m||=25.653  ||n||=58.446  corr(m,n)=+0.704
[s6_goH1]  │  κ-Jacobian eigvals (gain·n^Tm/N): +1.9296  +2.1305
[s6_goH1]  │  Wi: ||·||_F=57.951  per-channel=17.97 20.08 31.71 31.49 13.34 16.46 13.62
[s6_goH1]  └──────────────────────────────────────────────────
[s6_goH1] ════════════════════════════════════════════════════════════
[s6_goH1]  RUN COMPLETE  2026-06-08 18:58:51  total=1332.0s
[s6_goH1]  ACCURACY SUMMARY
[s6_goH1]    after DPA : dpa=0.999  gng=0.528
[s6_goH1]    after GNG : dpa=0.830  gng=0.997
[s6_goH1]    after Dual: dpa=0.996  gng=0.991  dual_dpa=0.926  dual_gng=0.978
[s6_goH1] ════════════════════════════════════════════════════════════
