[s7_fixedW] ════════════════════════════════════════════════════════════
[s7_fixedW]  RUN START  2026-06-08 16:37:48
[s7_fixedW]  run_id=s7_fixedW  seed=7  device=cuda:1
[s7_fixedW]  arch:  hidden=512  rank=2  gain=1.0  input_size=7  params=6,144
[s7_fixedW]  task:  cue_on_go=True  rwd=True  rwd_scale=1.0  freeze_input_stages=['dual']  init=random
[s7_fixedW]  dynamics: alpha=0.0750  alpha_rec=0.1000  dt=0.0225  tau=0.3  tau_rec_frac=0.75
[s7_fixedW]  noise:  input_sigma=0.3732 (×1.0)  model_sigma=0.0000 (×0.0)
[s7_fixedW]  optim:  lr=0.01  wd=0.01  batch=64  n_batch=516  clip=None
[s7_fixedW]  epochs: dpa=100  gng=100  dual=100  loss=separated
[s7_fixedW]  shapes: m[512, 2]  n[512, 2]  Wi[512, 7]
[s7_fixedW]  ┌── params: init
[s7_fixedW]  │  rank 0: ||m||=23.340  ||n||=23.513  corr(m,n)=-0.046
[s7_fixedW]  │  rank 1: ||m||=23.236  ||n||=22.508  corr(m,n)=-0.042
[s7_fixedW]  │  κ-Jacobian eigvals (gain·n^Tm/N): -0.0464+0.0483j  -0.0464-0.0483j
[s7_fixedW]  │  Wi: ||·||_F=60.688  per-channel=22.83 22.36 23.30 23.06 23.69 22.16 23.12
[s7_fixedW]  └──────────────────────────────────────────────────
[s7_fixedW] ────────────────────────────────────────────────────────────
[s7_fixedW]  STAGE: DPA   device=cuda:1   epochs=100
[s7_fixedW] ────────────────────────────────────────────────────────────
[s7_fixedW]  data: [516, 444, 7] → [516, 444, 2]
Epoch 005/100 | lr: 0.01000 | train: 1.9518 | val: 1.9335
Epoch 010/100 | lr: 0.01000 | train: 1.3129 | val: 1.2655
Epoch 015/100 | lr: 0.01000 | train: 1.0098 | val: 1.0006
Epoch 020/100 | lr: 0.01000 | train: 0.8864 | val: 0.8585
Epoch 025/100 | lr: 0.01000 | train: 0.7010 | val: 0.6337
Epoch 030/100 | lr: 0.01000 | train: 0.4361 | val: 0.5177
Epoch 035/100 | lr: 0.01000 | train: 0.3328 | val: 0.3150
Epoch 040/100 | lr: 0.01000 | train: 0.2790 | val: 0.2791
Epoch 045/100 | lr: 0.01000 | train: 0.1974 | val: 0.1800
Epoch 050/100 | lr: 0.01000 | train: 0.1864 | val: 0.1776
Epoch 055/100 | lr: 0.01000 | train: 0.1266 | val: 0.1296
Stopping: losses below 0.1.
[s7_fixedW]   after DPA: dpa=0.993  gng=0.417
[s7_fixedW]  DPA done in 556.4s  final train=0.0963  val=0.0939  dpa=0.993  gng=0.417
[s7_fixedW]  ┌── params: after DPA
[s7_fixedW]  │  rank 0: ||m||=32.327  ||n||=39.206  corr(m,n)=+0.782
[s7_fixedW]  │  rank 1: ||m||=36.089  ||n||=44.609  corr(m,n)=+0.760
[s7_fixedW]  │  κ-Jacobian eigvals (gain·n^Tm/N): +1.9961  +2.3286
[s7_fixedW]  │  Wi: ||·||_F=53.296  per-channel=17.96 19.27 30.03 28.24 12.44 10.10 13.82
[s7_fixedW]  └──────────────────────────────────────────────────
[s7_fixedW] ────────────────────────────────────────────────────────────
[s7_fixedW]  STAGE: GNG   device=cuda:1   epochs=100
[s7_fixedW]  freeze recurrent cols: [0]
[s7_fixedW]  freeze input dims:     [0, 1, 2, 3, 6]
[s7_fixedW] ────────────────────────────────────────────────────────────
[s7_fixedW]  data: [516, 266, 7] → [516, 266, 2]
Epoch 005/100 | lr: 0.01000 | train: 0.2222 | val: 0.1854
Epoch 010/100 | lr: 0.01000 | train: 0.1299 | val: 0.1127
Stopping: losses below 0.1.
[s7_fixedW]   after GNG: dpa=0.960  gng=0.995
[s7_fixedW]  GNG done in 84.5s  final train=0.0986  val=0.0882  dpa=0.960  gng=0.995
[s7_fixedW]  ┌── params: after GNG
[s7_fixedW]  │  rank 0: ||m||=32.327  ||n||=39.206  corr(m,n)=+0.782
[s7_fixedW]  │  rank 1: ||m||=36.316  ||n||=44.754  corr(m,n)=+0.735
[s7_fixedW]  │  κ-Jacobian eigvals (gain·n^Tm/N): +2.1347+0.1128j  +2.1347-0.1128j
[s7_fixedW]  │  Wi: ||·||_F=54.123  per-channel=17.96 19.27 30.03 28.24 13.26 13.02 13.82
[s7_fixedW]  └──────────────────────────────────────────────────
[s7_fixedW] ────────────────────────────────────────────────────────────
[s7_fixedW]  STAGE: Dual   device=cuda:1   epochs=100
[s7_fixedW]  freeze recurrent cols: [0]
[s7_fixedW]  freeze input dims:     [0, 1, 2, 3, 4, 5, 6]
[s7_fixedW] ────────────────────────────────────────────────────────────
[s7_fixedW]  data: [516, 444, 7] → [516, 444, 2]
[s7_fixedW]  loss=separated  dpa_w=1.0  gng_w=1.0  go_w=1.0  nogo_w=2.0  aux_w=1.0  bl_w=1.0
Epoch 005/100 | lr: 0.01000 | train: 0.5541 | val: 0.5175
Epoch 010/100 | lr: 0.01000 | train: 0.4925 | val: 0.4567
Epoch 015/100 | lr: 0.01000 | train: 0.4335 | val: 0.3957
Epoch 020/100 | lr: 0.01000 | train: 0.3906 | val: 0.3468
Epoch 025/100 | lr: 0.01000 | train: 0.3254 | val: 0.3139
Epoch 030/100 | lr: 0.01000 | train: 0.2908 | val: 0.2792
Epoch 035/100 | lr: 0.01000 | train: 0.2535 | val: 0.2496
Epoch 040/100 | lr: 0.01000 | train: 0.2232 | val: 0.2318
Epoch 045/100 | lr: 0.01000 | train: 0.1993 | val: 0.2144
Epoch 050/100 | lr: 0.01000 | train: 0.1867 | val: 0.2118
Epoch 055/100 | lr: 0.01000 | train: 0.1633 | val: 0.1827
Epoch 060/100 | lr: 0.01000 | train: 0.1544 | val: 0.1885
Epoch 065/100 | lr: 0.01000 | train: 0.1379 | val: 0.1710
Epoch 070/100 | lr: 0.01000 | train: 0.1217 | val: 0.1504
Epoch 075/100 | lr: 0.01000 | train: 0.1148 | val: 0.1441
Epoch 080/100 | lr: 0.01000 | train: 0.1100 | val: 0.1364
Epoch 085/100 | lr: 0.01000 | train: 0.0984 | val: 0.1361
Epoch 090/100 | lr: 0.01000 | train: 0.0938 | val: 0.1249
Epoch 095/100 | lr: 0.01000 | train: 0.0884 | val: 0.1197
Epoch 100/100 | lr: 0.01000 | train: 0.0837 | val: 0.1172
[s7_fixedW]  loss components: {'dpa': 0.0402, 'gng': 0.0365, 'gng_go': 0.0089, 'gng_nogo': 0.0138, 'baseline': 0.0138, 'aux': 0.0115}
[s7_fixedW]   after Dual: dpa=0.995  gng=0.995
[s7_fixedW]  Dual done in 945.5s  final train=0.0837  val=0.1172  dpa=0.995  gng=0.995
[s7_fixedW]  ┌── params: after Dual
[s7_fixedW]  │  rank 0: ||m||=32.327  ||n||=39.206  corr(m,n)=+0.782
[s7_fixedW]  │  rank 1: ||m||=36.509  ||n||=62.193  corr(m,n)=+0.622
[s7_fixedW]  │  κ-Jacobian eigvals (gain·n^Tm/N): +1.9371  +2.7572
[s7_fixedW]  │  Wi: ||·||_F=54.123  per-channel=17.96 19.27 30.03 28.24 13.26 13.02 13.82
[s7_fixedW]  └──────────────────────────────────────────────────
[s7_fixedW] ════════════════════════════════════════════════════════════
[s7_fixedW]  RUN COMPLETE  2026-06-08 17:04:14  total=1589.1s
[s7_fixedW]  ACCURACY SUMMARY
[s7_fixedW]    after DPA : dpa=0.993  gng=0.417
[s7_fixedW]    after GNG : dpa=0.960  gng=0.995
[s7_fixedW]    after Dual: dpa=0.995  gng=0.995  dual_dpa=0.998  dual_gng=1.000
[s7_fixedW] ════════════════════════════════════════════════════════════
