[s6_nogo2] ════════════════════════════════════════════════════════════
[s6_nogo2]  RUN START  2026-06-08 17:37:14
[s6_nogo2]  run_id=s6_nogo2  seed=6  device=cuda:0
[s6_nogo2]  arch:  hidden=512  rank=2  gain=1.0  input_size=7  params=6,144
[s6_nogo2]  task:  cue_on_go=True  rwd=True  rwd_scale=1.0  freeze_input_stages=['dual']  init=random
[s6_nogo2]  dynamics: alpha=0.0750  alpha_rec=0.1000  dt=0.0225  tau=0.3  tau_rec_frac=0.75
[s6_nogo2]  noise:  input_sigma=0.3732 (×1.0)  model_sigma=0.0000 (×0.0)
[s6_nogo2]  optim:  lr=0.01  wd=0.01  batch=64  n_batch=516  clip=None
[s6_nogo2]  epochs: dpa=100  gng=100  dual=100  loss=separated
[s6_nogo2]  shapes: m[512, 2]  n[512, 2]  Wi[512, 7]
[s6_nogo2]  ┌── params: init
[s6_nogo2]  │  rank 0: ||m||=23.754  ||n||=22.561  corr(m,n)=+0.074
[s6_nogo2]  │  rank 1: ||m||=21.713  ||n||=23.345  corr(m,n)=-0.005
[s6_nogo2]  │  κ-Jacobian eigvals (gain·n^Tm/N): +0.0778  -0.0054
[s6_nogo2]  │  Wi: ||·||_F=60.072  per-channel=23.10 21.97 23.40 22.89 22.22 23.84 21.41
[s6_nogo2]  └──────────────────────────────────────────────────
[s6_nogo2] ────────────────────────────────────────────────────────────
[s6_nogo2]  STAGE: DPA   device=cuda:0   epochs=100
[s6_nogo2] ────────────────────────────────────────────────────────────
[s6_nogo2]  data: [516, 444, 7] → [516, 444, 2]
Epoch 005/100 | lr: 0.01000 | train: 1.9542 | val: 1.9519
Epoch 010/100 | lr: 0.01000 | train: 1.2557 | val: 1.2529
Epoch 015/100 | lr: 0.01000 | train: 1.0142 | val: 1.0005
Epoch 020/100 | lr: 0.01000 | train: 0.9312 | val: 0.9230
Epoch 025/100 | lr: 0.01000 | train: 0.8206 | val: 0.8122
Epoch 030/100 | lr: 0.01000 | train: 0.6314 | val: 0.6156
Epoch 035/100 | lr: 0.01000 | train: 0.6144 | val: 0.6213
Epoch 040/100 | lr: 0.01000 | train: 0.4836 | val: 0.4876
Epoch 045/100 | lr: 0.01000 | train: 0.3945 | val: 0.4002
Epoch 050/100 | lr: 0.01000 | train: 0.3525 | val: 0.3488
Epoch 055/100 | lr: 0.01000 | train: 0.3205 | val: 0.3224
Epoch 060/100 | lr: 0.01000 | train: 0.2911 | val: 0.3059
Epoch 065/100 | lr: 0.01000 | train: 0.2823 | val: 0.2682
Epoch 070/100 | lr: 0.01000 | train: 0.2434 | val: 0.2618
Epoch 075/100 | lr: 0.01000 | train: 0.2877 | val: 0.3426
Epoch 080/100 | lr: 0.00500 | train: 0.3245 | val: 0.3306
Epoch 085/100 | lr: 0.00250 | train: 0.2568 | val: 0.2653
Epoch 090/100 | lr: 0.00250 | train: 0.2344 | val: 0.2450
Epoch 095/100 | lr: 0.00125 | train: 0.2236 | val: 0.2322
Epoch 100/100 | lr: 0.00125 | train: 0.2162 | val: 0.2254
[s6_nogo2]   after DPA: dpa=0.999 (pair=1.000 unpair=0.998)  gng=0.528 (go=0.020 nogo=0.994)
[s6_nogo2]  DPA done in 1026.7s  final train=0.2162  val=0.2254  dpa=0.999  gng=0.528
[s6_nogo2]  ┌── params: after DPA
[s6_nogo2]  │  rank 0: ||m||=34.476  ||n||=35.728  corr(m,n)=+0.831
[s6_nogo2]  │  rank 1: ||m||=35.174  ||n||=42.790  corr(m,n)=+0.782
[s6_nogo2]  │  κ-Jacobian eigvals (gain·n^Tm/N): +2.1486+0.4116j  +2.1486-0.4116j
[s6_nogo2]  │  Wi: ||·||_F=56.708  per-channel=17.97 20.08 31.71 31.49 12.00 12.75 13.62
[s6_nogo2]  └──────────────────────────────────────────────────
[s6_nogo2] ────────────────────────────────────────────────────────────
[s6_nogo2]  STAGE: GNG   device=cuda:0   epochs=100
[s6_nogo2]  freeze recurrent cols: [0]
[s6_nogo2]  freeze input dims:     [0, 1, 2, 3, 6]
[s6_nogo2] ────────────────────────────────────────────────────────────
[s6_nogo2]  data: [516, 266, 7] → [516, 266, 2]
Epoch 005/100 | lr: 0.01000 | train: 0.1762 | val: 0.1408
Stopping: losses below 0.1.
[s6_nogo2]   after GNG: dpa=0.871 (pair=0.926 unpair=0.822)  gng=0.997 (go=1.000 nogo=0.994)
[s6_nogo2]  GNG done in 58.8s  final train=0.0950  val=0.0933  dpa=0.871  gng=0.997
[s6_nogo2]  ┌── params: after GNG
[s6_nogo2]  │  rank 0: ||m||=34.476  ||n||=35.728  corr(m,n)=+0.831
[s6_nogo2]  │  rank 1: ||m||=33.206  ||n||=43.648  corr(m,n)=+0.809
[s6_nogo2]  │  κ-Jacobian eigvals (gain·n^Tm/N): +2.1451+0.3125j  +2.1451-0.3125j
[s6_nogo2]  │  Wi: ||·||_F=57.700  per-channel=17.97 20.08 31.71 31.49 13.29 15.61 13.62
[s6_nogo2]  └──────────────────────────────────────────────────
[s6_nogo2] ────────────────────────────────────────────────────────────
[s6_nogo2]  STAGE: Dual   device=cuda:0   epochs=100
[s6_nogo2]  freeze recurrent cols: [0]
[s6_nogo2]  freeze input dims:     [0, 1, 2, 3, 4, 5, 6]
[s6_nogo2] ────────────────────────────────────────────────────────────
[s6_nogo2]  data: [516, 444, 7] → [516, 444, 2]
[s6_nogo2]  loss=separated  dpa_w=1.0  gng_w=1.0  go_w=1.0  nogo_w=2.0  aux_w=1.0  bl_w=1.0
Epoch 005/100 | lr: 0.01000 | train: 0.7662 | val: 0.7742
Epoch 010/100 | lr: 0.01000 | train: 0.7056 | val: 0.7010
Epoch 015/100 | lr: 0.01000 | train: 0.6842 | val: 0.6928
Epoch 020/100 | lr: 0.01000 | train: 0.6675 | val: 0.6808
Epoch 025/100 | lr: 0.01000 | train: 0.6387 | val: 0.6701
Epoch 030/100 | lr: 0.01000 | train: 0.6267 | val: 0.6410
Epoch 035/100 | lr: 0.01000 | train: 0.6066 | val: 0.6261
Epoch 040/100 | lr: 0.01000 | train: 0.5840 | val: 0.6156
Epoch 045/100 | lr: 0.01000 | train: 0.5753 | val: 0.5783
Epoch 050/100 | lr: 0.01000 | train: 0.5447 | val: 0.5803
Epoch 055/100 | lr: 0.01000 | train: 0.5176 | val: 0.5367
Epoch 060/100 | lr: 0.01000 | train: 0.5035 | val: 0.5497
Epoch 065/100 | lr: 0.01000 | train: 0.4890 | val: 0.5028
Epoch 070/100 | lr: 0.01000 | train: 0.4572 | val: 0.5249
Epoch 075/100 | lr: 0.01000 | train: 0.4480 | val: 0.4810
Epoch 080/100 | lr: 0.01000 | train: 0.4442 | val: 0.4637
Epoch 085/100 | lr: 0.01000 | train: 0.4108 | val: 0.4702
Epoch 090/100 | lr: 0.01000 | train: 0.4025 | val: 0.4353
Epoch 095/100 | lr: 0.01000 | train: 0.3859 | val: 0.4423
Epoch 100/100 | lr: 0.01000 | train: 0.3738 | val: 0.4259
[s6_nogo2]  loss components: {'dpa': 0.3799, 'gng': 0.0824, 'gng_go': 0.0748, 'gng_nogo': 0.0038, 'baseline': 0.0129, 'aux': 0.0088}
[s6_nogo2]   after Dual: dpa=0.991 (pair=0.982 unpair=1.000)  gng=0.993 (go=0.987 nogo=1.000)
[s6_nogo2]  Dual done in 806.6s  final train=0.3738  val=0.4259  dpa=0.991  gng=0.993
[s6_nogo2]  ┌── params: after Dual
[s6_nogo2]  │  rank 0: ||m||=34.476  ||n||=35.728  corr(m,n)=+0.831
[s6_nogo2]  │  rank 1: ||m||=25.472  ||n||=58.163  corr(m,n)=+0.706
[s6_nogo2]  │  κ-Jacobian eigvals (gain·n^Tm/N): +1.8720  +2.1695
[s6_nogo2]  │  Wi: ||·||_F=57.700  per-channel=17.97 20.08 31.71 31.49 13.29 15.61 13.62
[s6_nogo2]  └──────────────────────────────────────────────────
[s6_nogo2] ════════════════════════════════════════════════════════════
[s6_nogo2]  RUN COMPLETE  2026-06-08 18:08:46  total=1896.2s
[s6_nogo2]  ACCURACY SUMMARY
[s6_nogo2]    after DPA : dpa=0.999  gng=0.528
[s6_nogo2]    after GNG : dpa=0.871  gng=0.997
[s6_nogo2]    after Dual: dpa=0.991  gng=0.993  dual_dpa=0.931  dual_gng=0.968
[s6_nogo2] ════════════════════════════════════════════════════════════
