[s2] ════════════════════════════════════════════════════════════
[s2]  RUN START  2026-06-22 17:17:45
[s2]  run_id=s2  seed=2  device=cuda:0
[s2]  arch:  N=1000 (E=750 I=250)  K=125 (prob 0.167)  rank=2  gain=1.0  input_size=6  params=3,000
[s2]  task:  cue_on_go=True  rwd=False  rwd_scale=1.0  freeze_input_stages=['dual']  init=random
[s2]  dynamics: dt=0.0225  tau=(0.4, 0.2)s  tau_syn=(0.2, 0.1)s  STP(use=0.05 tau_fac=1.0s tau_rec=0.2s)  j_stp=1.0
[s2]  noise:  input_sigma=0.3732 (×1.0)  model_sigma=0.0000 (×0.0)
[s2]  optim:  lr=0.05  wd=0.01  batch=32  n_batch=256  clip=1.0
[s2]  epochs: dpa=100  gng=100  dual=100  loss=separated
[s2]  shapes: m[750, 2]  n[750, 2]  Wi[750, 6]
[s2]  ┌── params: init
[s2]  │  rank 0: ||m||=27.614  ||n||=27.317  corr(m,n)=+0.058
[s2]  │  rank 1: ||m||=27.288  ||n||=27.261  corr(m,n)=-0.012
[s2]  │  low-rank overlap n^Tm/N (modulates STP E→E): +0.0510  -0.0046
[s2]  │  Wi: ||·||_F=67.310  per-channel=27.03 28.09 27.17 28.06 27.35 27.16
[s2]  └──────────────────────────────────────────────────
[s2] ────────────────────────────────────────────────────────────
[s2]  STAGE: DPA   device=cuda:0   epochs=100
[s2] ────────────────────────────────────────────────────────────
[s2]  data: [256, 444, 6] → [256, 444, 2]
Epoch 005/100 | lr: 0.05000 | train: 3.6346 | val: 3.7803
Epoch 010/100 | lr: 0.05000 | train: 3.2709 | val: 3.4146
Epoch 015/100 | lr: 0.05000 | train: 2.6110 | val: 2.7513
Epoch 020/100 | lr: 0.05000 | train: 1.7227 | val: 1.9932
Epoch 025/100 | lr: 0.05000 | train: 0.0487 | val: 0.0502
Stopping: losses below 0.1.
[s2]   after DPA: dpa=0.999 (pair=1.000 unpair=0.998)  gng=0.506 (go=0.000 nogo=1.000)
[s2]  DPA done in 165.5s  final train=0.0487  val=0.0502  dpa=0.999  gng=0.506
[s2]  ┌── params: after DPA
[s2]  │  rank 0: ||m||=220.615  ||n||=112.705  corr(m,n)=+0.773
[s2]  │  rank 1: ||m||=122.130  ||n||=68.866  corr(m,n)=+0.412
[s2]  │  low-rank overlap n^Tm/N (modulates STP E→E): +25.7302  +4.5227
[s2]  │  Wi: ||·||_F=67.310  per-channel=27.03 28.09 27.17 28.06 27.35 27.16
[s2]  └──────────────────────────────────────────────────
[s2] ────────────────────────────────────────────────────────────
[s2]  STAGE: GNG   device=cuda:0   epochs=100
[s2]  freeze recurrent cols: [0]
[s2]  freeze input dims:     [0, 1, 2, 3]
[s2] ────────────────────────────────────────────────────────────
[s2]  data: [256, 266, 6] → [256, 266, 2]
Epoch 005/100 | lr: 0.05000 | train: 1.6122 | val: 1.4496
Epoch 010/100 | lr: 0.05000 | train: 0.9894 | val: 0.9042
Epoch 015/100 | lr: 0.05000 | train: 0.7323 | val: 0.6509
Epoch 020/100 | lr: 0.05000 | train: 0.5824 | val: 0.5177
Epoch 025/100 | lr: 0.05000 | train: 0.4741 | val: 0.4124
Epoch 030/100 | lr: 0.05000 | train: 0.4193 | val: 0.3615
Epoch 035/100 | lr: 0.05000 | train: 0.3805 | val: 0.3462
Epoch 040/100 | lr: 0.05000 | train: 0.3569 | val: 0.3199
Epoch 045/100 | lr: 0.05000 | train: 0.3384 | val: 0.3114
Epoch 050/100 | lr: 0.05000 | train: 0.2999 | val: 0.2677
Epoch 055/100 | lr: 0.05000 | train: 0.2389 | val: 0.1983
Epoch 060/100 | lr: 0.05000 | train: 0.2478 | val: 0.1967
Stopping: non-finite loss.
[s2]   after GNG: dpa=0.953 (pair=0.914 unpair=0.990)  gng=0.967 (go=0.930 nogo=1.000)
[s2]  GNG done in 185.1s  final train=nan  val=0.1831  dpa=0.953  gng=0.967
[s2]  ┌── params: after GNG
[s2]  │  rank 0: ||m||=220.615  ||n||=112.705  corr(m,n)=+0.773
[s2]  │  rank 1: ||m||=199.634  ||n||=88.276  corr(m,n)=+0.257
[s2]  │  low-rank overlap n^Tm/N (modulates STP E→E): +25.6779  +5.9813
[s2]  │  Wi: ||·||_F=67.310  per-channel=27.03 28.09 27.17 28.06 27.35 27.16
[s2]  └──────────────────────────────────────────────────
[s2] ────────────────────────────────────────────────────────────
[s2]  STAGE: Dual   device=cuda:0   epochs=100
[s2]  freeze input dims:     [0, 1, 2, 3, 4, 5]
[s2] ────────────────────────────────────────────────────────────
[s2]  data: [256, 444, 6] → [256, 444, 2]
[s2]  loss=separated  dpa_w=1.0  gng_w=1.0  go_w=1.0  nogo_w=1.0  aux_w=1.0  bl_w=1.0  go_hinge=1.0
Stopping: non-finite loss.
[s2]  loss components: {'dpa': 0.076, 'gng': 0.3469, 'gng_go': 0.0231, 'gng_nogo': 0.3237, 'baseline': 29.329, 'aux': 0.1351}
[s2]   after Dual: dpa=0.954 (pair=0.913 unpair=0.996)  gng=0.954 (go=0.908 nogo=1.000)
[s2]  Dual done in 9.9s  final train=nan  val=29.8870  dpa=0.954  gng=0.954
[s2]  ┌── params: after Dual
[s2]  │  rank 0: ||m||=220.615  ||n||=112.705  corr(m,n)=+0.773
[s2]  │  rank 1: ||m||=199.634  ||n||=88.276  corr(m,n)=+0.257
[s2]  │  low-rank overlap n^Tm/N (modulates STP E→E): +25.6779  +5.9813
[s2]  │  Wi: ||·||_F=67.310  per-channel=27.03 28.09 27.17 28.06 27.35 27.16
[s2]  └──────────────────────────────────────────────────
[s2] ════════════════════════════════════════════════════════════
[s2]  RUN COMPLETE  2026-06-22 17:23:46  total=361.9s
[s2]  ACCURACY SUMMARY
[s2]    after DPA : dpa=0.999  gng=0.506
[s2]    after GNG : dpa=0.953  gng=0.967
[s2]    after Dual: dpa=0.954  gng=0.954  dual_dpa=0.938  dual_gng=0.705
[s2] ════════════════════════════════════════════════════════════
