[s4_relu_struct] ════════════════════════════════════════════════════════════
[s4_relu_struct]  RUN START  2026-06-09 14:52:33
[s4_relu_struct]  run_id=s4_relu_struct  seed=4  device=cuda:0
[s4_relu_struct]  arch:  hidden=512  rank=2  gain=2.0  input_size=7  params=6,144
[s4_relu_struct]  task:  cue_on_go=True  rwd=True  rwd_scale=1.0  freeze_input_stages=['gng', 'dual']  init=structured
[s4_relu_struct]  dynamics: alpha=0.0750  alpha_rec=0.1000  dt=0.0225  tau=0.3  tau_rec_frac=0.75
[s4_relu_struct]  noise:  input_sigma=0.3732 (×1.0)  model_sigma=0.0000 (×0.0)
[s4_relu_struct]  optim:  lr=0.01  wd=0.01  batch=64  n_batch=516  clip=None
[s4_relu_struct]  epochs: dpa=100  gng=100  dual=200  loss=separated
[s4_relu_struct]  shapes: m[512, 2]  n[512, 2]  Wi[512, 7]
Low-rank recurrent core C = n^T m / N:
tensor([[8.0000e-01, 1.2574e-09],
        [6.0081e-09, 5.0000e-01]])
eig(C): tensor([0.8000+0.j, 0.5000+0.j])

C[0,0] = +0.8000  # sample memory
C[1,1] = +0.5000  # decision memory
C[0,1] = +0.0000
C[1,0] = +0.0000

corr(m0, n0) = +0.8000
corr(m1, n1) = +0.8003
corr(m0, n1) = -0.0000
corr(m1, n0) = +0.0000

corr(inA, n1) = +0.0000
corr(inB, n1) = -0.0000
corr(inC, n1) = +0.0000
corr(inD, n1) = -0.0000
[s4_relu_struct]  ┌── params: init
[s4_relu_struct]  │  rank 0: ||m||=22.605  ||n||=22.650  corr(m,n)=+0.800
[s4_relu_struct]  │  rank 1: ||m||=14.151  ||n||=22.605  corr(m,n)=+0.800
[s4_relu_struct]  │  κ-Jacobian eigvals (gain·n^Tm/N): +1.6000  +1.0000
[s4_relu_struct]  │  Wi: ||·||_F=60.343  per-channel=22.61 22.61 22.61 22.61 23.48 23.13 22.61
[s4_relu_struct]  └──────────────────────────────────────────────────
[s4_relu_struct] ────────────────────────────────────────────────────────────
[s4_relu_struct]  STAGE: DPA   device=cuda:0   epochs=100
[s4_relu_struct]  freeze input dims:     [4, 5]
[s4_relu_struct] ────────────────────────────────────────────────────────────
[s4_relu_struct]  data: [516, 444, 7] → [516, 444, 2]
Epoch 005/100 | lr: 0.01000 | train: 0.8149 | val: 0.7242
Epoch 010/100 | lr: 0.01000 | train: 0.1499 | val: 0.1051
Stopping: losses below 0.1.
[s4_relu_struct]   after DPA: dpa=1.000 (pair=1.000 unpair=1.000)  gng=0.491 (go=0.000 nogo=1.000)
[s4_relu_struct]  DPA done in 59.8s  final train=0.0985  val=0.0886  dpa=1.000  gng=0.491
[s4_relu_struct]  ┌── params: after DPA
[s4_relu_struct]  │  rank 0: ||m||=26.209  ||n||=22.431  corr(m,n)=+0.826
[s4_relu_struct]  │  rank 1: ||m||=19.661  ||n||=25.053  corr(m,n)=+0.870
[s4_relu_struct]  │  κ-Jacobian eigvals (gain·n^Tm/N): +1.8953  +1.6744
[s4_relu_struct]  │  Wi: ||·||_F=55.728  per-channel=16.00 15.60 25.50 25.13 23.48 23.13 15.43
[s4_relu_struct]  └──────────────────────────────────────────────────
[s4_relu_struct] ────────────────────────────────────────────────────────────
[s4_relu_struct]  STAGE: GNG   device=cuda:0   epochs=100
[s4_relu_struct]  freeze recurrent cols: [0]
[s4_relu_struct]  freeze input dims:     [0, 1, 2, 3, 4, 5, 6]
[s4_relu_struct] ────────────────────────────────────────────────────────────
[s4_relu_struct]  data: [516, 266, 7] → [516, 266, 2]
Epoch 005/100 | lr: 0.01000 | train: 0.7166 | val: 0.5631
Epoch 010/100 | lr: 0.01000 | train: 0.1904 | val: 0.1584
Epoch 015/100 | lr: 0.01000 | train: 0.1043 | val: 0.0990
Stopping: losses below 0.1.
[s4_relu_struct]   after GNG: dpa=0.673 (pair=0.679 unpair=0.667)  gng=0.997 (go=1.000 nogo=0.994)
[s4_relu_struct]  GNG done in 46.7s  final train=0.0964  val=0.0969  dpa=0.673  gng=0.997
[s4_relu_struct]  ┌── params: after GNG
[s4_relu_struct]  │  rank 0: ||m||=26.209  ||n||=22.431  corr(m,n)=+0.826
[s4_relu_struct]  │  rank 1: ||m||=22.198  ||n||=26.415  corr(m,n)=+0.842
[s4_relu_struct]  │  κ-Jacobian eigvals (gain·n^Tm/N): +1.9126+0.1232j  +1.9126-0.1232j
[s4_relu_struct]  │  Wi: ||·||_F=55.728  per-channel=16.00 15.60 25.50 25.13 23.48 23.13 15.43
[s4_relu_struct]  └──────────────────────────────────────────────────
[s4_relu_struct] ────────────────────────────────────────────────────────────
[s4_relu_struct]  STAGE: Dual   device=cuda:0   epochs=200
[s4_relu_struct]  freeze recurrent cols: [0]
[s4_relu_struct]  freeze input dims:     [0, 1, 2, 3, 4, 5, 6]
[s4_relu_struct] ────────────────────────────────────────────────────────────
[s4_relu_struct]  data: [516, 444, 7] → [516, 444, 2]
[s4_relu_struct]  loss=separated  dpa_w=1.0  gng_w=1.0  go_w=1.0  nogo_w=2.0  aux_w=1.0  bl_w=1.0  go_hinge=1.0
Epoch 005/200 | lr: 0.01000 | train: 0.4000 | val: 0.3877
Epoch 010/200 | lr: 0.01000 | train: 0.3360 | val: 0.3110
Epoch 015/200 | lr: 0.01000 | train: 0.3061 | val: 0.2879
Epoch 020/200 | lr: 0.01000 | train: 0.2859 | val: 0.2668
Epoch 025/200 | lr: 0.01000 | train: 0.2684 | val: 0.2498
Epoch 030/200 | lr: 0.01000 | train: 0.2521 | val: 0.2343
Epoch 035/200 | lr: 0.01000 | train: 0.2376 | val: 0.2209
Epoch 040/200 | lr: 0.01000 | train: 0.2299 | val: 0.2123
Epoch 045/200 | lr: 0.01000 | train: 0.2146 | val: 0.2031
Epoch 050/200 | lr: 0.01000 | train: 0.2044 | val: 0.2019
Epoch 055/200 | lr: 0.01000 | train: 0.2016 | val: 0.1879
Epoch 060/200 | lr: 0.01000 | train: 0.1912 | val: 0.1869
Epoch 065/200 | lr: 0.01000 | train: 0.1811 | val: 0.1849
Epoch 070/200 | lr: 0.01000 | train: 0.1776 | val: 0.1735
Epoch 075/200 | lr: 0.01000 | train: 0.1725 | val: 0.1725
Epoch 080/200 | lr: 0.01000 | train: 0.1739 | val: 0.1691
Epoch 085/200 | lr: 0.01000 | train: 0.1614 | val: 0.1691
Epoch 090/200 | lr: 0.01000 | train: 0.1547 | val: 0.1562
Epoch 095/200 | lr: 0.01000 | train: 0.1587 | val: 0.1538
Epoch 100/200 | lr: 0.01000 | train: 0.1489 | val: 0.1462
Epoch 105/200 | lr: 0.01000 | train: 0.1418 | val: 0.1445
Epoch 110/200 | lr: 0.01000 | train: 0.1386 | val: 0.1466
Epoch 115/200 | lr: 0.01000 | train: 0.1322 | val: 0.1376
Epoch 120/200 | lr: 0.01000 | train: 0.1252 | val: 0.1287
Epoch 125/200 | lr: 0.01000 | train: 0.1239 | val: 0.1283
Epoch 130/200 | lr: 0.01000 | train: 0.1178 | val: 0.1217
Epoch 135/200 | lr: 0.01000 | train: 0.1132 | val: 0.1150
Epoch 140/200 | lr: 0.01000 | train: 0.1088 | val: 0.1173
Epoch 145/200 | lr: 0.01000 | train: 0.1053 | val: 0.1057
Epoch 150/200 | lr: 0.01000 | train: 0.1011 | val: 0.1012
Stopping: losses below 0.1.
[s4_relu_struct]  loss components: {'dpa': 0.0344, 'gng': 0.0254, 'gng_go': 0.0204, 'gng_nogo': 0.0025, 'baseline': 0.0175, 'aux': 0.0076}
[s4_relu_struct]   after Dual: dpa=1.000 (pair=1.000 unpair=1.000)  gng=1.000 (go=1.000 nogo=1.000)
[s4_relu_struct]  Dual done in 702.3s  final train=0.0999  val=0.0990  dpa=1.000  gng=1.000
[s4_relu_struct]  ┌── params: after Dual
[s4_relu_struct]  │  rank 0: ||m||=26.209  ||n||=22.431  corr(m,n)=+0.826
[s4_relu_struct]  │  rank 1: ||m||=27.422  ||n||=29.113  corr(m,n)=+0.441
[s4_relu_struct]  │  κ-Jacobian eigvals (gain·n^Tm/N): +1.8958  +1.3742
[s4_relu_struct]  │  Wi: ||·||_F=55.728  per-channel=16.00 15.60 25.50 25.13 23.48 23.13 15.43
[s4_relu_struct]  └──────────────────────────────────────────────────
[s4_relu_struct] ════════════════════════════════════════════════════════════
[s4_relu_struct]  RUN COMPLETE  2026-06-09 15:06:03  total=810.1s
[s4_relu_struct]  ACCURACY SUMMARY
[s4_relu_struct]    after DPA : dpa=1.000  gng=0.491
[s4_relu_struct]    after GNG : dpa=0.673  gng=0.997
[s4_relu_struct]    after Dual: dpa=1.000  gng=1.000  dual_dpa=1.000  dual_gng=0.999
[s4_relu_struct] ════════════════════════════════════════════════════════════
