[s3_nogo5] ════════════════════════════════════════════════════════════
[s3_nogo5]  RUN START  2026-06-09 03:04:41
[s3_nogo5]  run_id=s3_nogo5  seed=3  device=cuda:1
[s3_nogo5]  arch:  hidden=512  rank=2  gain=1.0  input_size=7  params=6,144
[s3_nogo5]  task:  cue_on_go=True  rwd=True  rwd_scale=1.0  freeze_input_stages=['gng', 'dual']  init=random
[s3_nogo5]  dynamics: alpha=0.0750  alpha_rec=0.1000  dt=0.0225  tau=0.3  tau_rec_frac=0.75
[s3_nogo5]  noise:  input_sigma=0.3732 (×1.0)  model_sigma=0.0000 (×0.0)
[s3_nogo5]  optim:  lr=0.01  wd=0.01  batch=64  n_batch=516  clip=None
[s3_nogo5]  epochs: dpa=100  gng=100  dual=100  loss=separated
[s3_nogo5]  shapes: m[512, 2]  n[512, 2]  Wi[512, 7]
[s3_nogo5]  ┌── params: init
[s3_nogo5]  │  rank 0: ||m||=22.816  ||n||=22.436  corr(m,n)=+0.020
[s3_nogo5]  │  rank 1: ||m||=21.350  ||n||=23.585  corr(m,n)=+0.075
[s3_nogo5]  │  κ-Jacobian eigvals (gain·n^Tm/N): +0.0115  +0.0822
[s3_nogo5]  │  Wi: ||·||_F=61.487  per-channel=24.64 23.94 21.69 23.93 23.19 21.98 23.15
[s3_nogo5]  └──────────────────────────────────────────────────
[s3_nogo5]  DPA: loading checkpoint from results/dual/sweep_hingeGNG/s3_hingeGNG/dpa_s3_hingeGNG.pth
[s3_nogo5]   after DPA: dpa=0.995 (pair=0.998 unpair=0.992)  gng=0.505 (go=0.000 nogo=0.994)
[s3_nogo5]  DPA done in 1.4s  (checkpoint)  dpa=0.995  gng=0.505
[s3_nogo5]  ┌── params: after DPA
[s3_nogo5]  │  rank 0: ||m||=39.128  ||n||=37.436  corr(m,n)=+0.791
[s3_nogo5]  │  rank 1: ||m||=35.473  ||n||=44.526  corr(m,n)=+0.779
[s3_nogo5]  │  κ-Jacobian eigvals (gain·n^Tm/N): +2.3328+0.4870j  +2.3328-0.4870j
[s3_nogo5]  │  Wi: ||·||_F=68.174  per-channel=19.82 21.22 31.53 38.34 23.19 21.98 17.86
[s3_nogo5]  └──────────────────────────────────────────────────
[s3_nogo5]  GNG: loading checkpoint from results/dual/sweep_hingeGNG/s3_hingeGNG/naive_s3_hingeGNG.pth
[s3_nogo5]   after GNG: dpa=0.863 (pair=0.794 unpair=0.928)  gng=0.966 (go=1.000 nogo=0.934)
[s3_nogo5]  GNG done in 1.6s  (checkpoint)  dpa=0.863  gng=0.966
[s3_nogo5]  ┌── params: after GNG
[s3_nogo5]  │  rank 0: ||m||=39.128  ||n||=37.436  corr(m,n)=+0.791
[s3_nogo5]  │  rank 1: ||m||=38.558  ||n||=50.392  corr(m,n)=+0.727
[s3_nogo5]  │  κ-Jacobian eigvals (gain·n^Tm/N): +2.5112+0.3705j  +2.5112-0.3705j
[s3_nogo5]  │  Wi: ||·||_F=68.174  per-channel=19.82 21.22 31.53 38.34 23.19 21.98 17.86
[s3_nogo5]  └──────────────────────────────────────────────────
[s3_nogo5] ────────────────────────────────────────────────────────────
[s3_nogo5]  STAGE: Dual   device=cuda:1   epochs=100
[s3_nogo5]  freeze recurrent cols: [0]
[s3_nogo5]  freeze input dims:     [0, 1, 2, 3, 4, 5, 6]
[s3_nogo5] ────────────────────────────────────────────────────────────
[s3_nogo5]  data: [516, 444, 7] → [516, 444, 2]
[s3_nogo5]  loss=separated  dpa_w=1.0  gng_w=1.0  go_w=1.0  nogo_w=5.0  aux_w=1.0  bl_w=1.0  go_hinge=1.0
Epoch 005/100 | lr: 0.01000 | train: 1.2683 | val: 1.1640
Epoch 010/100 | lr: 0.01000 | train: 1.0544 | val: 1.0010
Epoch 015/100 | lr: 0.01000 | train: 0.9732 | val: 0.9234
Epoch 020/100 | lr: 0.01000 | train: 0.9083 | val: 0.8406
Epoch 025/100 | lr: 0.01000 | train: 0.8691 | val: 0.7899
Epoch 030/100 | lr: 0.01000 | train: 0.8187 | val: 0.7418
Epoch 035/100 | lr: 0.01000 | train: 0.7883 | val: 0.6988
Epoch 040/100 | lr: 0.01000 | train: 0.7347 | val: 0.6526
Epoch 045/100 | lr: 0.01000 | train: 0.7070 | val: 0.6177
Epoch 050/100 | lr: 0.01000 | train: 0.6683 | val: 0.5902
Epoch 055/100 | lr: 0.01000 | train: 0.6343 | val: 0.5596
Epoch 060/100 | lr: 0.01000 | train: 0.6092 | val: 0.5308
Epoch 065/100 | lr: 0.01000 | train: 0.5831 | val: 0.5154
Epoch 070/100 | lr: 0.01000 | train: 0.5541 | val: 0.4958
Epoch 075/100 | lr: 0.01000 | train: 0.5273 | val: 0.4723
Epoch 080/100 | lr: 0.01000 | train: 0.5166 | val: 0.4558
Epoch 085/100 | lr: 0.01000 | train: 0.4927 | val: 0.4463
Epoch 090/100 | lr: 0.01000 | train: 0.4770 | val: 0.4255
Epoch 095/100 | lr: 0.01000 | train: 0.4609 | val: 0.4219
Epoch 100/100 | lr: 0.01000 | train: 0.4369 | val: 0.3963
[s3_nogo5]  loss components: {'dpa': 0.1092, 'gng': 0.2069, 'gng_go': 0.1284, 'gng_nogo': 0.0157, 'baseline': 0.0159, 'aux': 0.0115}
[s3_nogo5]   after Dual: dpa=0.992 (pair=0.983 unpair=1.000)  gng=0.998 (go=0.996 nogo=1.000)
[s3_nogo5]  Dual done in 703.5s  final train=0.4369  val=0.3963  dpa=0.992  gng=0.998
[s3_nogo5]  ┌── params: after Dual
[s3_nogo5]  │  rank 0: ||m||=39.128  ||n||=37.436  corr(m,n)=+0.791
[s3_nogo5]  │  rank 1: ||m||=33.218  ||n||=66.144  corr(m,n)=+0.570
[s3_nogo5]  │  κ-Jacobian eigvals (gain·n^Tm/N): +2.3534+0.1259j  +2.3534-0.1259j
[s3_nogo5]  │  Wi: ||·||_F=68.174  per-channel=19.82 21.22 31.53 38.34 23.19 21.98 17.86
[s3_nogo5]  └──────────────────────────────────────────────────
[s3_nogo5] ════════════════════════════════════════════════════════════
[s3_nogo5]  RUN COMPLETE  2026-06-09 03:16:28  total=708.3s
[s3_nogo5]  ACCURACY SUMMARY
[s3_nogo5]    after DPA : dpa=0.995  gng=0.505
[s3_nogo5]    after GNG : dpa=0.863  gng=0.966
[s3_nogo5]    after Dual: dpa=0.992  gng=0.998  dual_dpa=0.958  dual_gng=0.993
[s3_nogo5] ════════════════════════════════════════════════════════════
