[s1] ════════════════════════════════════════════════════════════
[s1]  RUN START  2026-06-24 14:04:54
[s1]  run_id=s1  seed=1  device=cuda:1
[s1]  arch:  N=1000 (E=750 I=250)  K=125 (prob 0.167)  rank=2  gain=1.0  input_size=6  params=3,000
[s1]  task:  cue_on_go=True  rwd=False  rwd_scale=1.0  freeze_input_stages=['dual']  init=random
[s1]  dynamics: dt=0.0225  tau=(0.4, 0.2)s  tau_syn=(0.2, 0.1)s  STP(use=0.05 tau_fac=1.0s tau_rec=0.2s)  j_stp=1.0
[s1]  noise:  input_sigma=0.3732 (×1.0)  model_sigma=0.0000 (×0.0)
[s1]  optim:  lr=0.1  wd=0.01  batch=32  n_batch=256  clip=None
[s1]  epochs: dpa=200  gng=100  dual=100  loss=separated
[s1]  shapes: m[750, 2]  n[750, 2]  Wi[750, 6]
[s1]  ┌── params: init
[s1]  │  rank 0: ||m||=27.897  ||n||=27.365  corr(m,n)=+0.055
[s1]  │  rank 1: ||m||=27.443  ||n||=26.733  corr(m,n)=-0.017
[s1]  │  low-rank overlap n^Tm/N (modulates STP E→E): +0.0195+0.0064j  +0.0195-0.0064j
[s1]  │  Wi: ||·||_F=67.159  per-channel=27.93 27.41 27.36 27.12 27.00 27.69
[s1]  └──────────────────────────────────────────────────
[s1] ────────────────────────────────────────────────────────────
[s1]  STAGE: DPA   device=cuda:1   epochs=200
[s1] ────────────────────────────────────────────────────────────
[s1]  data: [256, 444, 6] → [256, 444, 2]
Epoch 005/200 | lr: 0.10000 | train: 3.5965 | val: 3.5872
Epoch 010/200 | lr: 0.10000 | train: 3.3983 | val: 3.4412
Epoch 015/200 | lr: 0.10000 | train: 3.2446 | val: 3.3237
Epoch 020/200 | lr: 0.10000 | train: 3.1091 | val: 3.2355
Epoch 025/200 | lr: 0.10000 | train: 3.0050 | val: 3.1543
Epoch 030/200 | lr: 0.10000 | train: 2.9096 | val: 3.0883
Epoch 035/200 | lr: 0.10000 | train: 2.8222 | val: 3.0171
Epoch 040/200 | lr: 0.10000 | train: 2.7158 | val: 2.9417
Epoch 045/200 | lr: 0.10000 | train: 2.6274 | val: 2.8648
Epoch 050/200 | lr: 0.10000 | train: 2.5115 | val: 2.7695
Epoch 055/200 | lr: 0.10000 | train: 2.4060 | val: 2.6798
Epoch 060/200 | lr: 0.10000 | train: 2.2839 | val: 2.5862
Epoch 065/200 | lr: 0.10000 | train: 2.1874 | val: 2.4862
Epoch 070/200 | lr: 0.10000 | train: 2.1044 | val: 2.3964
Epoch 075/200 | lr: 0.10000 | train: 1.9924 | val: 2.3128
Epoch 080/200 | lr: 0.10000 | train: 1.8917 | val: 2.2451
Epoch 085/200 | lr: 0.10000 | train: 1.8203 | val: 2.1726
Epoch 090/200 | lr: 0.10000 | train: 1.7667 | val: 2.1186
Epoch 095/200 | lr: 0.10000 | train: 1.6904 | val: 2.0783
Epoch 100/200 | lr: 0.10000 | train: 1.6375 | val: 2.0203
Epoch 105/200 | lr: 0.10000 | train: 1.5423 | val: 1.9523
Epoch 110/200 | lr: 0.10000 | train: 1.3865 | val: 1.7927
Epoch 115/200 | lr: 0.10000 | train: 1.0660 | val: 1.4669
Epoch 120/200 | lr: 0.10000 | train: 0.5512 | val: 0.8325
Epoch 125/200 | lr: 0.10000 | train: 0.1971 | val: 0.3606
Epoch 130/200 | lr: 0.10000 | train: 0.1139 | val: 0.2259
Epoch 135/200 | lr: 0.10000 | train: 0.0811 | val: 0.1739
Epoch 140/200 | lr: 0.10000 | train: 0.0604 | val: 0.1396
Epoch 145/200 | lr: 0.10000 | train: 0.0474 | val: 0.1167
Epoch 150/200 | lr: 0.10000 | train: 0.0391 | val: 0.1012
Stopping: losses below 0.1.
[s1]   after DPA: dpa=1.000 (pair=1.000 unpair=1.000)  gng=0.514 (go=0.089 nogo=0.950)
[s1]  DPA done in 688.0s  final train=0.0369  val=0.0937  dpa=1.000  gng=0.514
[s1]  ┌── params: after DPA
[s1]  │  rank 0: ||m||=2146.413  ||n||=424.222  corr(m,n)=+0.774
[s1]  │  rank 1: ||m||=1215.891  ||n||=311.922  corr(m,n)=+0.331
[s1]  │  low-rank overlap n^Tm/N (modulates STP E→E): +935.7609  +171.3038
[s1]  │  Wi: ||·||_F=67.159  per-channel=27.93 27.41 27.36 27.12 27.00 27.69
[s1]  └──────────────────────────────────────────────────
[s1] ────────────────────────────────────────────────────────────
[s1]  STAGE: GNG   device=cuda:1   epochs=100
[s1]  freeze recurrent cols: [0]
[s1]  freeze input dims:     [0, 1, 2, 3]
[s1] ────────────────────────────────────────────────────────────
[s1]  data: [256, 266, 6] → [256, 266, 2]
Epoch 005/100 | lr: 0.10000 | train: 0.9552 | val: 0.8419
Epoch 010/100 | lr: 0.10000 | train: 0.8511 | val: 0.7498
Epoch 015/100 | lr: 0.10000 | train: 0.7836 | val: 0.6893
Epoch 020/100 | lr: 0.10000 | train: 0.7396 | val: 0.6519
Epoch 025/100 | lr: 0.10000 | train: 0.7094 | val: 0.6180
Epoch 030/100 | lr: 0.10000 | train: 0.6792 | val: 0.5927
Epoch 035/100 | lr: 0.10000 | train: 0.6539 | val: 0.5717
Epoch 040/100 | lr: 0.10000 | train: 0.6340 | val: 0.5512
Epoch 045/100 | lr: 0.10000 | train: 0.6102 | val: 0.5334
Epoch 050/100 | lr: 0.10000 | train: 0.5959 | val: 0.5152
Epoch 055/100 | lr: 0.10000 | train: 0.5751 | val: 0.5015
Epoch 060/100 | lr: 0.10000 | train: 0.5557 | val: 0.4864
Epoch 065/100 | lr: 0.10000 | train: 0.5408 | val: 0.4755
Epoch 070/100 | lr: 0.10000 | train: 0.5254 | val: 0.4614
Epoch 075/100 | lr: 0.10000 | train: 0.5085 | val: 0.4528
Epoch 080/100 | lr: 0.10000 | train: 0.4976 | val: 0.4393
Epoch 085/100 | lr: 0.10000 | train: 0.4839 | val: 0.4275
Epoch 090/100 | lr: 0.10000 | train: 0.4699 | val: 0.4180
Epoch 095/100 | lr: 0.10000 | train: 0.4579 | val: 0.4133
Epoch 100/100 | lr: 0.10000 | train: 0.4463 | val: 0.3987
[s1]   after GNG: dpa=0.986 (pair=0.998 unpair=0.975)  gng=0.974 (go=0.998 nogo=0.949)
[s1]  GNG done in 277.8s  final train=0.4463  val=0.3987  dpa=0.986  gng=0.974
[s1]  ┌── params: after GNG
[s1]  │  rank 0: ||m||=2146.413  ||n||=424.222  corr(m,n)=+0.774
[s1]  │  rank 1: ||m||=1480.961  ||n||=417.181  corr(m,n)=+0.238
[s1]  │  low-rank overlap n^Tm/N (modulates STP E→E): +920.8858  +214.4464
[s1]  │  Wi: ||·||_F=67.159  per-channel=27.93 27.41 27.36 27.12 27.00 27.69
[s1]  └──────────────────────────────────────────────────
[s1] ────────────────────────────────────────────────────────────
[s1]  STAGE: Dual   device=cuda:1   epochs=100
[s1]  freeze input dims:     [0, 1, 2, 3, 4, 5]
[s1] ────────────────────────────────────────────────────────────
[s1]  data: [256, 444, 6] → [256, 444, 2]
[s1]  loss=separated  dpa_w=1.0  gng_w=1.0  go_w=1.0  nogo_w=1.0  aux_w=1.0  bl_w=1.0  go_hinge=1.0
Epoch 005/100 | lr: 0.10000 | train: 2.0239 | val: 2.1407
Epoch 010/100 | lr: 0.10000 | train: 1.4113 | val: 1.6038
Epoch 015/100 | lr: 0.10000 | train: 1.1783 | val: 1.3433
Epoch 020/100 | lr: 0.10000 | train: 0.9753 | val: 1.1378
Epoch 025/100 | lr: 0.10000 | train: 0.7846 | val: 0.9313
Epoch 030/100 | lr: 0.10000 | train: 0.6639 | val: 0.7659
Epoch 035/100 | lr: 0.10000 | train: 0.5544 | val: 0.6455
Epoch 040/100 | lr: 0.10000 | train: 0.4850 | val: 0.5572
Epoch 045/100 | lr: 0.10000 | train: 0.4325 | val: 0.4963
Epoch 050/100 | lr: 0.10000 | train: 0.4048 | val: 0.4471
Epoch 055/100 | lr: 0.10000 | train: 0.3721 | val: 0.4323
Epoch 060/100 | lr: 0.10000 | train: 0.3416 | val: 0.3905
Epoch 065/100 | lr: 0.10000 | train: 0.3160 | val: 0.3673
Epoch 070/100 | lr: 0.10000 | train: 0.3083 | val: 0.3548
Epoch 075/100 | lr: 0.10000 | train: 0.2843 | val: 0.3355
Epoch 080/100 | lr: 0.10000 | train: 0.2884 | val: 0.3188
Epoch 085/100 | lr: 0.10000 | train: 0.2635 | val: 0.3113
Epoch 090/100 | lr: 0.10000 | train: 0.2636 | val: 0.3135
Epoch 095/100 | lr: 0.10000 | train: 0.2415 | val: 0.2922
Epoch 100/100 | lr: 0.10000 | train: 0.2254 | val: 0.2771
[s1]  loss components: {'dpa': 0.0215, 'gng': 0.1197, 'gng_go': 0.015, 'gng_nogo': 0.1047, 'baseline': 0.0424, 'aux': 0.0562}
[s1]   after Dual: dpa=1.000 (pair=1.000 unpair=1.000)  gng=0.999 (go=1.000 nogo=0.998)
[s1]  Dual done in 462.6s  final train=0.2254  val=0.2771  dpa=1.000  gng=0.999
[s1]  ┌── params: after Dual
[s1]  │  rank 0: ||m||=2278.028  ||n||=431.485  corr(m,n)=+0.752
[s1]  │  rank 1: ||m||=1520.280  ||n||=431.129  corr(m,n)=+0.268
[s1]  │  low-rank overlap n^Tm/N (modulates STP E→E): +949.3853  +269.7431
[s1]  │  Wi: ||·||_F=67.159  per-channel=27.93 27.41 27.36 27.12 27.00 27.69
[s1]  └──────────────────────────────────────────────────
[s1] ════════════════════════════════════════════════════════════
[s1]  RUN COMPLETE  2026-06-24 14:28:42  total=1429.6s
[s1]  ACCURACY SUMMARY
[s1]    after DPA : dpa=1.000  gng=0.514
[s1]    after GNG : dpa=0.986  gng=0.974
[s1]    after Dual: dpa=1.000  gng=0.999  dual_dpa=1.000  dual_gng=0.996
[s1] ════════════════════════════════════════════════════════════
