[s0] ════════════════════════════════════════════════════════════
[s0]  RUN START  2026-07-01 19:44:05
[s0]  run_id=s0  seed=0  device=cuda:0
[s0]  arch:  N=1000 (E=750 I=250)  K=125 (prob 0.167)  rank=2  gain=1.0  input_size=6  params=3,000
[s0]  task:  cue_on_go=True  rwd=False  rwd_scale=1.0  freeze_input_stages=['dual']  init=random
[s0]  dynamics: dt=0.0225  tau=(0.4, 0.2)s  tau_syn=(0.2, 0.1)s  STP(use=0.05 tau_fac=1.0s tau_rec=0.2s)  j_stp=1.0
[s0]  noise:  input_sigma=0.3732 (×1.0)  model_sigma=0.0000 (×0.0)
[s0]  optim:  lr=0.1  wd=0.01  batch=32  n_batch=256  clip=None
[s0]  epochs: dpa=200  gng=100  dual=100  loss=separated
[s0]  shapes: m[750, 2]  n[750, 2]  Wi[750, 6]
[s0]  ┌── params: init
[s0]  │  rank 0: ||m||=27.499  ||n||=27.499  corr(m,n)=+1.000
[s0]  │  rank 1: ||m||=26.387  ||n||=26.387  corr(m,n)=+1.000
[s0]  │  low-rank overlap n^Tm/N (modulates STP E→E): +1.0176  +0.9190
[s0]  │  Wi: ||·||_F=66.907  per-channel=27.00 27.43 27.35 27.74 27.30 27.05
[s0]  └──────────────────────────────────────────────────
[s0] ────────────────────────────────────────────────────────────
[s0]  STAGE: DPA   device=cuda:0   epochs=200
[s0] ────────────────────────────────────────────────────────────
[s0]  data: [256, 444, 6] → [256, 444, 2]
Epoch 005/200 | lr: 0.10000 | train: 3.5159 | val: 3.4905
Epoch 010/200 | lr: 0.10000 | train: 2.3348 | val: 2.1588
Epoch 015/200 | lr: 0.10000 | train: 0.5985 | val: 0.3048
Stopping: losses below 0.1.
[s0]   after DPA: dpa=1.000 (pair=1.000 unpair=1.000)  gng=0.527 (go=0.317 nogo=0.706)
[s0]  DPA done in 96.6s  final train=0.0646  val=0.0288  dpa=1.000  gng=0.527
[s0]  ┌── params: after DPA
[s0]  │  rank 0: ||m||=242.678  ||n||=109.251  corr(m,n)=+0.755
[s0]  │  rank 1: ||m||=141.131  ||n||=77.086  corr(m,n)=+0.517
[s0]  │  low-rank overlap n^Tm/N (modulates STP E→E): +26.6205  +7.5523
[s0]  │  Wi: ||·||_F=66.907  per-channel=27.00 27.43 27.35 27.74 27.30 27.05
[s0]  └──────────────────────────────────────────────────
[s0] ────────────────────────────────────────────────────────────
[s0]  STAGE: GNG   device=cuda:0   epochs=100
[s0]  freeze recurrent cols: [0]
[s0]  freeze input dims:     [0, 1, 2, 3]
[s0] ────────────────────────────────────────────────────────────
[s0]  data: [256, 266, 6] → [256, 266, 2]
Epoch 005/100 | lr: 0.10000 | train: 0.6444 | val: 0.6166
Epoch 010/100 | lr: 0.10000 | train: 0.4674 | val: 0.4556
Epoch 015/100 | lr: 0.10000 | train: 0.3716 | val: 0.3811
Epoch 020/100 | lr: 0.10000 | train: 0.3091 | val: 0.3244
Epoch 025/100 | lr: 0.10000 | train: 0.2632 | val: 0.2788
Epoch 030/100 | lr: 0.10000 | train: 0.2220 | val: 0.2349
Epoch 035/100 | lr: 0.10000 | train: 0.1810 | val: 0.1931
Epoch 040/100 | lr: 0.10000 | train: 0.1490 | val: 0.1549
Epoch 045/100 | lr: 0.10000 | train: 0.1256 | val: 0.1321
Epoch 050/100 | lr: 0.10000 | train: 0.1138 | val: 0.1215
Epoch 055/100 | lr: 0.10000 | train: 0.1033 | val: 0.1129
Epoch 060/100 | lr: 0.10000 | train: 0.1046 | val: 0.1101
Epoch 065/100 | lr: 0.10000 | train: 0.0973 | val: 0.1051
Epoch 070/100 | lr: 0.10000 | train: 0.0896 | val: 0.1050
Epoch 075/100 | lr: 0.10000 | train: 0.0873 | val: 0.0997
Stopping: losses below 0.1.
[s0]   after GNG: dpa=0.588 (pair=0.489 unpair=0.691)  gng=1.000 (go=1.000 nogo=1.000)
[s0]  GNG done in 227.3s  final train=0.0873  val=0.0997  dpa=0.588  gng=1.000
[s0]  ┌── params: after GNG
[s0]  │  rank 0: ||m||=242.678  ||n||=109.251  corr(m,n)=+0.755
[s0]  │  rank 1: ||m||=217.353  ||n||=130.391  corr(m,n)=+0.241
[s0]  │  low-rank overlap n^Tm/N (modulates STP E→E): +24.3998  +11.3863
[s0]  │  Wi: ||·||_F=66.907  per-channel=27.00 27.43 27.35 27.74 27.30 27.05
[s0]  └──────────────────────────────────────────────────
[s0] ────────────────────────────────────────────────────────────
[s0]  STAGE: Dual   device=cuda:0   epochs=100
[s0]  freeze input dims:     [0, 1, 2, 3, 4, 5]
[s0] ────────────────────────────────────────────────────────────
[s0]  data: [256, 444, 6] → [256, 444, 2]
[s0]  loss=separated  dpa_w=1.0  gng_w=1.0  go_w=1.0  nogo_w=1.0  aux_w=1.0  bl_w=1.0  go_hinge=1.0
Epoch 005/100 | lr: 0.10000 | train: 1.1649 | val: 1.0707
Epoch 010/100 | lr: 0.10000 | train: 0.5378 | val: 0.4085
Epoch 015/100 | lr: 0.10000 | train: 0.1420 | val: 0.1498
Epoch 020/100 | lr: 0.10000 | train: 0.0945 | val: 0.1070
Stopping: losses below 0.1.
[s0]  loss components: {'dpa': 0.0115, 'gng': 0.0005, 'gng_go': 0.0003, 'gng_nogo': 0.0002, 'baseline': 0.0325, 'aux': 0.0619}
[s0]   after Dual: dpa=1.000 (pair=1.000 unpair=1.000)  gng=1.000 (go=1.000 nogo=1.000)
[s0]  Dual done in 113.0s  final train=0.0850  val=0.0979  dpa=1.000  gng=1.000
[s0]  ┌── params: after Dual
[s0]  │  rank 0: ||m||=240.104  ||n||=118.022  corr(m,n)=+0.794
[s0]  │  rank 1: ||m||=209.637  ||n||=130.099  corr(m,n)=+0.230
[s0]  │  low-rank overlap n^Tm/N (modulates STP E→E): +24.9817  +13.3619
[s0]  │  Wi: ||·||_F=66.907  per-channel=27.00 27.43 27.35 27.74 27.30 27.05
[s0]  └──────────────────────────────────────────────────
[s0] ════════════════════════════════════════════════════════════
[s0]  RUN COMPLETE  2026-07-01 19:51:22  total=437.9s
[s0]  ACCURACY SUMMARY
[s0]    after DPA : dpa=1.000  gng=0.527
[s0]    after GNG : dpa=0.588  gng=1.000
[s0]    after Dual: dpa=1.000  gng=1.000  dual_dpa=1.000  dual_gng=1.000
[s0] ════════════════════════════════════════════════════════════
