[s2_proja] ════════════════════════════════════════════════════════════
[s2_proja]  RUN START  2026-06-07 15:13:47
[s2_proja]  run_id=s2_proja  seed=2  device=cuda:0
[s2_proja]  arch:  hidden=512  rank=2  gain=1.0  input_size=7  params=6,144
[s2_proja]  task:  cue_on_go=True  rwd=True  rwd_scale=1.0  freeze_input_stages=['dual']  init=random
[s2_proja]  dynamics: alpha=0.0750  alpha_rec=0.1000  dt=0.0225  tau=0.3  tau_rec_frac=0.75
[s2_proja]  noise:  input_sigma=0.3732 (×1.0)  model_sigma=0.3732 (×1.0)
[s2_proja]  optim:  lr=0.01  wd=0.01  batch=64  n_batch=516  clip=None
[s2_proja]  epochs: dpa=200  gng=200  dual=200  loss=separated
[s2_proja]  shapes: m[512, 2]  n[512, 2]  Wi[512, 7]
[s2_proja]  ┌── params: init
[s2_proja]  │  rank 0: ||m||=22.730  ||n||=22.312  corr(m,n)=+0.023
[s2_proja]  │  rank 1: ||m||=22.626  ||n||=22.176  corr(m,n)=-0.024
[s2_proja]  │  κ-Jacobian eigvals (gain·n^Tm/N): +0.0345  -0.0353
[s2_proja]  │  Wi: ||·||_F=58.692  per-channel=22.57 21.62 22.94 22.02 22.37 21.28 22.45
[s2_proja]  └──────────────────────────────────────────────────
[s2_proja] ────────────────────────────────────────────────────────────
[s2_proja]  STAGE: DPA   device=cuda:0   epochs=200
[s2_proja] ────────────────────────────────────────────────────────────
[s2_proja]  data: [516, 444, 7] → [516, 444, 2]
Epoch 005/200 | lr: 0.01000 | train: 1.9749 | val: 1.9734
Epoch 010/200 | lr: 0.01000 | train: 1.7963 | val: 1.7250
Epoch 015/200 | lr: 0.01000 | train: 1.0486 | val: 1.0800
Epoch 020/200 | lr: 0.01000 | train: 0.9978 | val: 1.0277
Epoch 025/200 | lr: 0.01000 | train: 0.9503 | val: 0.9911
Epoch 030/200 | lr: 0.01000 | train: 0.9027 | val: 0.9404
Epoch 035/200 | lr: 0.01000 | train: 0.7995 | val: 0.8492
Epoch 040/200 | lr: 0.01000 | train: 0.5907 | val: 0.5730
Epoch 045/200 | lr: 0.01000 | train: 0.4553 | val: 0.4797
Epoch 050/200 | lr: 0.01000 | train: 0.3691 | val: 0.3926
Epoch 055/200 | lr: 0.01000 | train: 0.3135 | val: 0.3618
Epoch 060/200 | lr: 0.01000 | train: 0.2688 | val: 0.3380
Epoch 065/200 | lr: 0.01000 | train: 0.2038 | val: 0.1981
Epoch 070/200 | lr: 0.01000 | train: 0.1773 | val: 0.1606
Epoch 075/200 | lr: 0.01000 | train: 0.1557 | val: 0.1461
Epoch 080/200 | lr: 0.01000 | train: 0.1232 | val: 0.1072
Epoch 085/200 | lr: 0.01000 | train: 0.1248 | val: 0.1017
Epoch 090/200 | lr: 0.01000 | train: 0.1051 | val: 0.0915
Stopping: losses below 0.1.
[s2_proja]  projected go ch=4 onto n₁ unit vector
[s2_proja]   after DPA: dpa=0.996  gng=0.662
[s2_proja]  DPA done in 656.9s  final train=0.0997  val=0.0954  dpa=0.996  gng=0.662
[s2_proja]  ┌── params: after DPA
[s2_proja]  │  rank 0: ||m||=44.853  ||n||=37.288  corr(m,n)=+0.845
[s2_proja]  │  rank 1: ||m||=33.437  ||n||=50.978  corr(m,n)=+0.858
[s2_proja]  │  κ-Jacobian eigvals (gain·n^Tm/N): +2.6697  +2.9487
[s2_proja]  │  Wi: ||·||_F=73.391  per-channel=25.64 22.40 41.13 43.34 13.24 11.66 18.60
[s2_proja]  └──────────────────────────────────────────────────
[s2_proja] ────────────────────────────────────────────────────────────
[s2_proja]  STAGE: GNG   device=cuda:0   epochs=200
[s2_proja]  freeze recurrent cols: [0]
[s2_proja]  freeze input dims:     [0, 1, 2, 3, 6]
[s2_proja] ────────────────────────────────────────────────────────────
[s2_proja]  data: [516, 266, 7] → [516, 266, 2]
Epoch 005/200 | lr: 0.01000 | train: 0.2253 | val: 0.1998
Epoch 010/200 | lr: 0.01000 | train: 0.1758 | val: 0.1652
Epoch 015/200 | lr: 0.01000 | train: 0.1426 | val: 0.1345
Epoch 020/200 | lr: 0.01000 | train: 0.1198 | val: 0.1108
Epoch 025/200 | lr: 0.01000 | train: 0.0967 | val: 0.0967
Stopping: losses below 0.1.
[s2_proja]   after GNG: dpa=0.994  gng=0.960
[s2_proja]  GNG done in 110.5s  final train=0.0967  val=0.0967  dpa=0.994  gng=0.960
[s2_proja]  ┌── params: after GNG
[s2_proja]  │  rank 0: ||m||=44.853  ||n||=37.288  corr(m,n)=+0.845
[s2_proja]  │  rank 1: ||m||=35.413  ||n||=47.562  corr(m,n)=+0.841
[s2_proja]  │  κ-Jacobian eigvals (gain·n^Tm/N): +2.6693  +2.8574
[s2_proja]  │  Wi: ||·||_F=75.060  per-channel=25.64 22.40 41.13 43.34 12.28 20.21 18.60
[s2_proja]  └──────────────────────────────────────────────────
[s2_proja] ────────────────────────────────────────────────────────────
[s2_proja]  STAGE: Dual   device=cuda:0   epochs=200
[s2_proja]  freeze recurrent cols: [0]
[s2_proja]  freeze input dims:     [0, 1, 2, 3, 4, 5, 6]
[s2_proja] ────────────────────────────────────────────────────────────
[s2_proja]  data: [516, 444, 7] → [516, 444, 2]
[s2_proja]  loss=separated  dpa_w=1.0  gng_w=1.0  aux_w=1.0  bl_w=1.0
Epoch 005/200 | lr: 0.01000 | train: 0.7501 | val: 0.7753
Epoch 010/200 | lr: 0.01000 | train: 0.7059 | val: 0.7288
Epoch 015/200 | lr: 0.01000 | train: 0.6885 | val: 0.6971
Epoch 020/200 | lr: 0.01000 | train: 0.6606 | val: 0.6410
Epoch 025/200 | lr: 0.01000 | train: 0.6536 | val: 0.6209
Epoch 030/200 | lr: 0.01000 | train: 0.6002 | val: 0.5625
Epoch 035/200 | lr: 0.01000 | train: 0.5868 | val: 0.5577
Epoch 040/200 | lr: 0.01000 | train: 0.5564 | val: 0.5498
Epoch 045/200 | lr: 0.01000 | train: 0.5363 | val: 0.5124
Epoch 050/200 | lr: 0.00500 | train: 0.5248 | val: 0.5141
Epoch 055/200 | lr: 0.00500 | train: 0.5106 | val: 0.4957
Epoch 060/200 | lr: 0.00500 | train: 0.4956 | val: 0.4897
Epoch 065/200 | lr: 0.00500 | train: 0.5004 | val: 0.4848
Epoch 070/200 | lr: 0.00250 | train: 0.4671 | val: 0.4677
Epoch 075/200 | lr: 0.00250 | train: 0.4916 | val: 0.4573
Epoch 080/200 | lr: 0.00125 | train: 0.4691 | val: 0.4711
Epoch 085/200 | lr: 0.00125 | train: 0.4837 | val: 0.4464
Epoch 090/200 | lr: 0.00125 | train: 0.4837 | val: 0.4665
Epoch 095/200 | lr: 0.00063 | train: 0.4705 | val: 0.4639
Epoch 100/200 | lr: 0.00031 | train: 0.4685 | val: 0.4484
Epoch 105/200 | lr: 0.00016 | train: 0.4707 | val: 0.4519
Epoch 110/200 | lr: 0.00016 | train: 0.4642 | val: 0.4570
Epoch 115/200 | lr: 0.00008 | train: 0.4729 | val: 0.4259
Epoch 120/200 | lr: 0.00008 | train: 0.4657 | val: 0.4232
Epoch 125/200 | lr: 0.00008 | train: 0.4864 | val: 0.4447
Epoch 130/200 | lr: 0.00004 | train: 0.4713 | val: 0.4433
Epoch 135/200 | lr: 0.00002 | train: 0.4676 | val: 0.4329
Epoch 140/200 | lr: 0.00001 | train: 0.4794 | val: 0.4376
Epoch 145/200 | lr: 0.00001 | train: 0.4657 | val: 0.4324
Epoch 150/200 | lr: 0.00001 | train: 0.4572 | val: 0.4527
Epoch 155/200 | lr: 0.00001 | train: 0.4690 | val: 0.4536
Epoch 160/200 | lr: 0.00001 | train: 0.4556 | val: 0.4745
Epoch 165/200 | lr: 0.00001 | train: 0.4638 | val: 0.4509
Epoch 170/200 | lr: 0.00001 | train: 0.4710 | val: 0.4418
Epoch 175/200 | lr: 0.00001 | train: 0.4678 | val: 0.4426
Epoch 180/200 | lr: 0.00001 | train: 0.4639 | val: 0.4333
Epoch 185/200 | lr: 0.00001 | train: 0.4551 | val: 0.4407
Epoch 190/200 | lr: 0.00001 | train: 0.4629 | val: 0.4659
Epoch 195/200 | lr: 0.00001 | train: 0.4777 | val: 0.4423
Epoch 200/200 | lr: 0.00001 | train: 0.4646 | val: 0.4563
[s2_proja]  loss components: {'dpa': 0.1284, 'gng': 0.2786, 'baseline': 0.0384, 'aux': 0.0209}
[s2_proja]   after Dual: dpa=0.999  gng=0.962
[s2_proja]  Dual done in 1456.7s  final train=0.4646  val=0.4563  dpa=0.999  gng=0.962
[s2_proja]  ┌── params: after Dual
[s2_proja]  │  rank 0: ||m||=44.853  ||n||=37.288  corr(m,n)=+0.845
[s2_proja]  │  rank 1: ||m||=32.312  ||n||=59.682  corr(m,n)=+0.752
[s2_proja]  │  κ-Jacobian eigvals (gain·n^Tm/N): +2.6233  +2.9688
[s2_proja]  │  Wi: ||·||_F=75.060  per-channel=25.64 22.40 41.13 43.34 12.28 20.21 18.60
[s2_proja]  └──────────────────────────────────────────────────
[s2_proja] ════════════════════════════════════════════════════════════
[s2_proja]  RUN COMPLETE  2026-06-07 15:50:51  total=2225.8s
[s2_proja]  ACCURACY SUMMARY
[s2_proja]    after DPA : dpa=0.996  gng=0.662
[s2_proja]    after GNG : dpa=0.994  gng=0.960
[s2_proja]    after Dual: dpa=0.999  gng=0.962  dual_dpa=0.997  dual_gng=0.765
[s2_proja] ════════════════════════════════════════════════════════════
