[s3_relu_struct] ════════════════════════════════════════════════════════════
[s3_relu_struct]  RUN START  2026-06-09 14:52:33
[s3_relu_struct]  run_id=s3_relu_struct  seed=3  device=cuda:1
[s3_relu_struct]  arch:  hidden=512  rank=2  gain=2.0  input_size=7  params=6,144
[s3_relu_struct]  task:  cue_on_go=True  rwd=True  rwd_scale=1.0  freeze_input_stages=['gng', 'dual']  init=structured
[s3_relu_struct]  dynamics: alpha=0.0750  alpha_rec=0.1000  dt=0.0225  tau=0.3  tau_rec_frac=0.75
[s3_relu_struct]  noise:  input_sigma=0.3732 (×1.0)  model_sigma=0.0000 (×0.0)
[s3_relu_struct]  optim:  lr=0.01  wd=0.01  batch=64  n_batch=516  clip=None
[s3_relu_struct]  epochs: dpa=100  gng=100  dual=200  loss=separated
[s3_relu_struct]  shapes: m[512, 2]  n[512, 2]  Wi[512, 7]
Low-rank recurrent core C = n^T m / N:
tensor([[8.0000e-01, 3.1429e-09],
        [1.2979e-08, 5.0000e-01]])
eig(C): tensor([0.8000+0.j, 0.5000+0.j])

C[0,0] = +0.8000  # sample memory
C[1,1] = +0.5000  # decision memory
C[0,1] = +0.0000
C[1,0] = +0.0000

corr(m0, n0) = +0.8000
corr(m1, n1) = +0.8003
corr(m0, n1) = +0.0000
corr(m1, n0) = +0.0000

corr(inA, n1) = +0.0000
corr(inB, n1) = -0.0000
corr(inC, n1) = +0.0000
corr(inD, n1) = -0.0000
[s3_relu_struct]  ┌── params: init
[s3_relu_struct]  │  rank 0: ||m||=22.605  ||n||=22.650  corr(m,n)=+0.800
[s3_relu_struct]  │  rank 1: ||m||=14.151  ||n||=22.605  corr(m,n)=+0.800
[s3_relu_struct]  │  κ-Jacobian eigvals (gain·n^Tm/N): +1.0000  +1.6000
[s3_relu_struct]  │  Wi: ||·||_F=59.065  per-channel=22.61 22.61 22.61 22.61 20.90 22.29 22.61
[s3_relu_struct]  └──────────────────────────────────────────────────
[s3_relu_struct] ────────────────────────────────────────────────────────────
[s3_relu_struct]  STAGE: DPA   device=cuda:1   epochs=100
[s3_relu_struct]  freeze input dims:     [4, 5]
[s3_relu_struct] ────────────────────────────────────────────────────────────
[s3_relu_struct]  data: [516, 444, 7] → [516, 444, 2]
Epoch 005/100 | lr: 0.01000 | train: 0.7548 | val: 0.6547
Epoch 010/100 | lr: 0.01000 | train: 0.1730 | val: 0.1246
Stopping: losses below 0.1.
[s3_relu_struct]   after DPA: dpa=1.000 (pair=1.000 unpair=1.000)  gng=0.478 (go=0.000 nogo=1.000)
[s3_relu_struct]  DPA done in 50.9s  final train=0.0970  val=0.0782  dpa=1.000  gng=0.478
[s3_relu_struct]  ┌── params: after DPA
[s3_relu_struct]  │  rank 0: ||m||=26.276  ||n||=22.433  corr(m,n)=+0.821
[s3_relu_struct]  │  rank 1: ||m||=20.288  ||n||=24.373  corr(m,n)=+0.873
[s3_relu_struct]  │  κ-Jacobian eigvals (gain·n^Tm/N): +1.8922  +1.6862
[s3_relu_struct]  │  Wi: ||·||_F=54.408  per-channel=15.92 16.18 25.29 25.10 20.90 22.29 15.55
[s3_relu_struct]  └──────────────────────────────────────────────────
[s3_relu_struct] ────────────────────────────────────────────────────────────
[s3_relu_struct]  STAGE: GNG   device=cuda:1   epochs=100
[s3_relu_struct]  freeze recurrent cols: [0]
[s3_relu_struct]  freeze input dims:     [0, 1, 2, 3, 4, 5, 6]
[s3_relu_struct] ────────────────────────────────────────────────────────────
[s3_relu_struct]  data: [516, 266, 7] → [516, 266, 2]
Epoch 005/100 | lr: 0.01000 | train: 1.0411 | val: 0.9134
Epoch 010/100 | lr: 0.01000 | train: 0.2283 | val: 0.1749
Epoch 015/100 | lr: 0.01000 | train: 0.1269 | val: 0.0933
Stopping: losses below 0.1.
[s3_relu_struct]   after GNG: dpa=0.912 (pair=0.934 unpair=0.889)  gng=0.998 (go=1.000 nogo=0.996)
[s3_relu_struct]  GNG done in 44.7s  final train=0.0949  val=0.0649  dpa=0.912  gng=0.998
[s3_relu_struct]  ┌── params: after GNG
[s3_relu_struct]  │  rank 0: ||m||=26.276  ||n||=22.433  corr(m,n)=+0.821
[s3_relu_struct]  │  rank 1: ||m||=22.556  ||n||=25.868  corr(m,n)=+0.844
[s3_relu_struct]  │  κ-Jacobian eigvals (gain·n^Tm/N): +1.9070+0.0682j  +1.9070-0.0682j
[s3_relu_struct]  │  Wi: ||·||_F=54.408  per-channel=15.92 16.18 25.29 25.10 20.90 22.29 15.55
[s3_relu_struct]  └──────────────────────────────────────────────────
[s3_relu_struct] ────────────────────────────────────────────────────────────
[s3_relu_struct]  STAGE: Dual   device=cuda:1   epochs=200
[s3_relu_struct]  freeze recurrent cols: [0]
[s3_relu_struct]  freeze input dims:     [0, 1, 2, 3, 4, 5, 6]
[s3_relu_struct] ────────────────────────────────────────────────────────────
[s3_relu_struct]  data: [516, 444, 7] → [516, 444, 2]
[s3_relu_struct]  loss=separated  dpa_w=1.0  gng_w=1.0  go_w=1.0  nogo_w=2.0  aux_w=1.0  bl_w=1.0  go_hinge=1.0
Epoch 005/200 | lr: 0.01000 | train: 0.3856 | val: 0.3751
Epoch 010/200 | lr: 0.01000 | train: 0.3096 | val: 0.3423
Epoch 015/200 | lr: 0.01000 | train: 0.2911 | val: 0.3203
Epoch 020/200 | lr: 0.01000 | train: 0.2696 | val: 0.3033
Epoch 025/200 | lr: 0.01000 | train: 0.2528 | val: 0.2848
Epoch 030/200 | lr: 0.01000 | train: 0.2413 | val: 0.2722
Epoch 035/200 | lr: 0.01000 | train: 0.2309 | val: 0.2766
Epoch 040/200 | lr: 0.01000 | train: 0.2231 | val: 0.2538
Epoch 045/200 | lr: 0.01000 | train: 0.2215 | val: 0.2397
Epoch 050/200 | lr: 0.01000 | train: 0.2063 | val: 0.2456
Epoch 055/200 | lr: 0.01000 | train: 0.1962 | val: 0.2303
Epoch 060/200 | lr: 0.01000 | train: 0.1893 | val: 0.2172
Epoch 065/200 | lr: 0.01000 | train: 0.1858 | val: 0.2135
Epoch 070/200 | lr: 0.01000 | train: 0.1837 | val: 0.2058
Epoch 075/200 | lr: 0.01000 | train: 0.1801 | val: 0.2099
Epoch 080/200 | lr: 0.01000 | train: 0.1669 | val: 0.1954
Epoch 085/200 | lr: 0.01000 | train: 0.1608 | val: 0.1809
Epoch 090/200 | lr: 0.01000 | train: 0.1517 | val: 0.1763
Epoch 095/200 | lr: 0.01000 | train: 0.1493 | val: 0.1707
Epoch 100/200 | lr: 0.01000 | train: 0.1449 | val: 0.1686
Epoch 105/200 | lr: 0.01000 | train: 0.1384 | val: 0.1595
Epoch 110/200 | lr: 0.01000 | train: 0.1348 | val: 0.1501
Epoch 115/200 | lr: 0.01000 | train: 0.1312 | val: 0.1535
Epoch 120/200 | lr: 0.01000 | train: 0.1221 | val: 0.1391
Epoch 125/200 | lr: 0.01000 | train: 0.1264 | val: 0.1345
Epoch 130/200 | lr: 0.01000 | train: 0.1112 | val: 0.1333
Epoch 135/200 | lr: 0.01000 | train: 0.1119 | val: 0.1392
Epoch 140/200 | lr: 0.01000 | train: 0.1073 | val: 0.1346
Epoch 145/200 | lr: 0.01000 | train: 0.1049 | val: 0.1186
Epoch 150/200 | lr: 0.01000 | train: 0.0991 | val: 0.1166
Epoch 155/200 | lr: 0.01000 | train: 0.0969 | val: 0.1127
Epoch 160/200 | lr: 0.01000 | train: 0.0934 | val: 0.1037
Epoch 165/200 | lr: 0.01000 | train: 0.0883 | val: 0.1007
Epoch 170/200 | lr: 0.01000 | train: 0.0857 | val: 0.1001
Stopping: losses below 0.1.
[s3_relu_struct]  loss components: {'dpa': 0.0441, 'gng': 0.044, 'gng_go': 0.0318, 'gng_nogo': 0.0061, 'baseline': 0.0165, 'aux': 0.0108}
[s3_relu_struct]   after Dual: dpa=1.000 (pair=1.000 unpair=1.000)  gng=1.000 (go=1.000 nogo=1.000)
[s3_relu_struct]  Dual done in 642.2s  final train=0.0851  val=0.0978  dpa=1.000  gng=1.000
[s3_relu_struct]  ┌── params: after Dual
[s3_relu_struct]  │  rank 0: ||m||=26.276  ||n||=22.433  corr(m,n)=+0.821
[s3_relu_struct]  │  rank 1: ||m||=30.177  ||n||=30.854  corr(m,n)=+0.333
[s3_relu_struct]  │  κ-Jacobian eigvals (gain·n^Tm/N): +1.8922  +1.2086
[s3_relu_struct]  │  Wi: ||·||_F=54.408  per-channel=15.92 16.18 25.29 25.10 20.90 22.29 15.55
[s3_relu_struct]  └──────────────────────────────────────────────────
[s3_relu_struct] ════════════════════════════════════════════════════════════
[s3_relu_struct]  RUN COMPLETE  2026-06-09 15:04:52  total=739.1s
[s3_relu_struct]  ACCURACY SUMMARY
[s3_relu_struct]    after DPA : dpa=1.000  gng=0.478
[s3_relu_struct]    after GNG : dpa=0.912  gng=0.998
[s3_relu_struct]    after Dual: dpa=1.000  gng=1.000  dual_dpa=1.000  dual_gng=1.000
[s3_relu_struct] ════════════════════════════════════════════════════════════
