[s3] ════════════════════════════════════════════════════════════
[s3]  RUN START  2026-06-23 14:57:57
[s3]  run_id=s3  seed=3  device=cuda:1
[s3]  arch:  N=1000 (E=750 I=250)  K=125 (prob 0.167)  rank=2  gain=1.0  input_size=6  params=3,000
[s3]  task:  cue_on_go=True  rwd=False  rwd_scale=1.0  freeze_input_stages=['dual']  init=random
[s3]  dynamics: dt=0.0225  tau=(0.4, 0.2)s  tau_syn=(0.2, 0.1)s  STP(use=0.05 tau_fac=1.0s tau_rec=0.2s)  j_stp=5.0
[s3]  noise:  input_sigma=0.3732 (×1.0)  model_sigma=0.0000 (×0.0)
[s3]  optim:  lr=0.01  wd=0.01  batch=32  n_batch=256  clip=1.0
[s3]  epochs: dpa=100  gng=100  dual=100  loss=separated
[s3]  shapes: m[750, 2]  n[750, 2]  Wi[750, 6]
[s3]  ┌── params: init
[s3]  │  rank 0: ||m||=27.010  ||n||=26.699  corr(m,n)=-0.024
[s3]  │  rank 1: ||m||=28.018  ||n||=26.829  corr(m,n)=-0.023
[s3]  │  low-rank overlap n^Tm/N (modulates STP E→E): -0.0232+0.0536j  -0.0232-0.0536j
[s3]  │  Wi: ||·||_F=65.723  per-channel=27.09 27.03 26.55 27.24 26.37 26.69
[s3]  └──────────────────────────────────────────────────
[s3] ────────────────────────────────────────────────────────────
[s3]  STAGE: DPA   device=cuda:1   epochs=100
[s3] ────────────────────────────────────────────────────────────
[s3]  data: [256, 444, 6] → [256, 444, 2]
Epoch 005/100 | lr: 0.01000 | train: 3.6589 | val: 3.6585
Epoch 010/100 | lr: 0.01000 | train: 3.2824 | val: 3.2883
Epoch 015/100 | lr: 0.01000 | train: 2.5655 | val: 2.4977
Epoch 020/100 | lr: 0.01000 | train: 1.7063 | val: 1.5879
Epoch 025/100 | lr: 0.01000 | train: 0.4030 | val: 0.3260
Stopping: losses below 0.1.
[s3]   after DPA: dpa=0.993 (pair=0.990 unpair=0.996)  gng=0.491 (go=0.008 nogo=0.975)
[s3]  DPA done in 136.2s  final train=0.0922  val=0.0751  dpa=0.993  gng=0.491
[s3]  ┌── params: after DPA
[s3]  │  rank 0: ||m||=52.602  ||n||=50.740  corr(m,n)=+0.694
[s3]  │  rank 1: ||m||=41.901  ||n||=40.157  corr(m,n)=+0.267
[s3]  │  low-rank overlap n^Tm/N (modulates STP E→E): +2.5088  +0.5609
[s3]  │  Wi: ||·||_F=65.723  per-channel=27.09 27.03 26.55 27.24 26.37 26.69
[s3]  └──────────────────────────────────────────────────
[s3] ────────────────────────────────────────────────────────────
[s3]  STAGE: GNG   device=cuda:1   epochs=100
[s3]  freeze recurrent cols: [0]
[s3]  freeze input dims:     [0, 1, 2, 3]
[s3] ────────────────────────────────────────────────────────────
[s3]  data: [256, 266, 6] → [256, 266, 2]
Epoch 005/100 | lr: 0.01000 | train: 1.0223 | val: 0.9847
Epoch 010/100 | lr: 0.01000 | train: 0.7853 | val: 0.7656
Epoch 015/100 | lr: 0.01000 | train: 0.6092 | val: 0.5974
Epoch 020/100 | lr: 0.01000 | train: 0.4982 | val: 0.4831
Epoch 025/100 | lr: 0.01000 | train: 0.4345 | val: 0.4226
Epoch 030/100 | lr: 0.01000 | train: 0.3889 | val: 0.3684
Epoch 035/100 | lr: 0.01000 | train: 0.3523 | val: 0.3360
Epoch 040/100 | lr: 0.01000 | train: 0.3303 | val: 0.3153
Epoch 045/100 | lr: 0.01000 | train: 0.3097 | val: 0.2914
Epoch 050/100 | lr: 0.01000 | train: 0.2912 | val: 0.2779
Epoch 055/100 | lr: 0.01000 | train: 0.2772 | val: 0.2573
Epoch 060/100 | lr: 0.01000 | train: 0.2623 | val: 0.2447
Epoch 065/100 | lr: 0.01000 | train: 0.2491 | val: 0.2363
Epoch 070/100 | lr: 0.01000 | train: 0.2311 | val: 0.2215
Epoch 075/100 | lr: 0.01000 | train: 0.2205 | val: 0.2103
Epoch 080/100 | lr: 0.01000 | train: 0.2064 | val: 0.1955
Epoch 085/100 | lr: 0.01000 | train: 0.1965 | val: 0.1887
Epoch 090/100 | lr: 0.01000 | train: 0.1847 | val: 0.1805
Epoch 095/100 | lr: 0.01000 | train: 0.1740 | val: 0.1686
Epoch 100/100 | lr: 0.01000 | train: 0.1665 | val: 0.1673
[s3]   after GNG: dpa=1.000 (pair=1.000 unpair=1.000)  gng=1.000 (go=1.000 nogo=1.000)
[s3]  GNG done in 287.1s  final train=0.1665  val=0.1673  dpa=1.000  gng=1.000
[s3]  ┌── params: after GNG
[s3]  │  rank 0: ||m||=52.602  ||n||=50.740  corr(m,n)=+0.694
[s3]  │  rank 1: ||m||=63.172  ||n||=53.148  corr(m,n)=+0.213
[s3]  │  low-rank overlap n^Tm/N (modulates STP E→E): +2.4706  +0.9519
[s3]  │  Wi: ||·||_F=65.723  per-channel=27.09 27.03 26.55 27.24 26.37 26.69
[s3]  └──────────────────────────────────────────────────
[s3] ────────────────────────────────────────────────────────────
[s3]  STAGE: Dual   device=cuda:1   epochs=100
[s3]  freeze input dims:     [0, 1, 2, 3, 4, 5]
[s3] ────────────────────────────────────────────────────────────
[s3]  data: [256, 444, 6] → [256, 444, 2]
[s3]  loss=separated  dpa_w=1.0  gng_w=1.0  go_w=1.0  nogo_w=1.0  aux_w=1.0  bl_w=1.0  go_hinge=1.0
Epoch 005/100 | lr: 0.01000 | train: 3.2120 | val: 2.3772
Epoch 010/100 | lr: 0.01000 | train: 0.7494 | val: 0.5839
Epoch 015/100 | lr: 0.01000 | train: 0.3738 | val: 0.2989
Epoch 020/100 | lr: 0.01000 | train: 0.2507 | val: 0.2079
Epoch 025/100 | lr: 0.01000 | train: 0.1900 | val: 0.1565
Epoch 030/100 | lr: 0.01000 | train: 0.1503 | val: 0.1264
Epoch 035/100 | lr: 0.01000 | train: 0.1250 | val: 0.1119
Epoch 040/100 | lr: 0.01000 | train: 0.1061 | val: 0.0990
Stopping: losses below 0.1.
[s3]  loss components: {'dpa': 0.0012, 'gng': 0.0513, 'gng_go': 0.0032, 'gng_nogo': 0.0482, 'baseline': 0.051, 'aux': 0.0081}
[s3]   after Dual: dpa=1.000 (pair=1.000 unpair=1.000)  gng=1.000 (go=1.000 nogo=1.000)
[s3]  Dual done in 240.2s  final train=0.0976  val=0.0887  dpa=1.000  gng=1.000
[s3]  ┌── params: after Dual
[s3]  │  rank 0: ||m||=57.330  ||n||=51.383  corr(m,n)=+0.731
[s3]  │  rank 1: ||m||=56.795  ||n||=49.728  corr(m,n)=+0.369
[s3]  │  low-rank overlap n^Tm/N (modulates STP E→E): +2.8542  +1.4059
[s3]  │  Wi: ||·||_F=65.723  per-channel=27.09 27.03 26.55 27.24 26.37 26.69
[s3]  └──────────────────────────────────────────────────
[s3] ════════════════════════════════════════════════════════════
[s3]  RUN COMPLETE  2026-06-23 15:09:01  total=664.5s
[s3]  ACCURACY SUMMARY
[s3]    after DPA : dpa=0.993  gng=0.491
[s3]    after GNG : dpa=1.000  gng=1.000
[s3]    after Dual: dpa=1.000  gng=1.000  dual_dpa=1.000  dual_gng=1.000
[s3] ════════════════════════════════════════════════════════════
