[s6_random] ════════════════════════════════════════════════════════════
[s6_random]  RUN START  2026-06-05 01:09:46
[s6_random]  run_id=s6_random  seed=6  device=cuda:1
[s6_random]  arch:  hidden=512  rank=2  gain=2.0  input_size=7  params=6,144
[s6_random]  task:  cue_on_go=True  rwd=True  rwd_scale=2.0  freeze_input_stages=['gng', 'dual']  init=random
[s6_random]  dynamics: alpha=0.0750  alpha_rec=0.1000  dt=0.0225  tau=0.3  tau_rec_frac=0.75
[s6_random]  noise:  input_sigma=0.1866 (×0.5)  model_sigma=0.0000 (×0.0)
[s6_random]  optim:  lr=0.01  wd=0.01  batch=64  n_batch=516  clip=1.0
[s6_random]  epochs: dpa=100  gng=100  dual=100  loss=separated
[s6_random]  shapes: m[512, 2]  n[512, 2]  Wi[512, 7]
[s6_random]  ┌── params: init
[s6_random]  │  rank 0: ||m||=23.754  ||n||=22.561  corr(m,n)=+0.074
[s6_random]  │  rank 1: ||m||=21.713  ||n||=23.345  corr(m,n)=-0.005
[s6_random]  │  κ-Jacobian eigvals (gain·n^Tm/N): +0.1556  -0.0108
[s6_random]  │  Wi: ||·||_F=60.072  per-channel=23.10 21.97 23.40 22.89 22.22 23.84 21.41
[s6_random]  └──────────────────────────────────────────────────
[s6_random] ────────────────────────────────────────────────────────────
[s6_random]  STAGE: DPA   device=cuda:1   epochs=100
[s6_random] ────────────────────────────────────────────────────────────
[s6_random]  data: [516, 444, 7] → [516, 444, 2]
Epoch 005/100 | lr: 0.01000 | train: 1.5982 | val: 1.4503
Epoch 010/100 | lr: 0.01000 | train: 1.1078 | val: 1.0692
Epoch 015/100 | lr: 0.01000 | train: 0.8901 | val: 0.8611
Epoch 020/100 | lr: 0.01000 | train: 0.6072 | val: 0.6020
Epoch 025/100 | lr: 0.01000 | train: 0.4353 | val: 0.4202
Epoch 030/100 | lr: 0.01000 | train: 0.3383 | val: 0.3227
Epoch 035/100 | lr: 0.01000 | train: 0.2586 | val: 0.2257
Epoch 040/100 | lr: 0.01000 | train: 0.2114 | val: 0.2003
Epoch 045/100 | lr: 0.01000 | train: 0.1904 | val: 0.1802
Epoch 050/100 | lr: 0.01000 | train: 0.1832 | val: 0.1617
Epoch 055/100 | lr: 0.01000 | train: 0.1458 | val: 0.1302
Epoch 060/100 | lr: 0.01000 | train: 0.1361 | val: 0.1135
Epoch 065/100 | lr: 0.01000 | train: 0.1328 | val: 0.1332
Epoch 070/100 | lr: 0.01000 | train: 0.1244 | val: 0.0909
Epoch 075/100 | lr: 0.01000 | train: 0.0883 | val: 0.0850
Epoch 080/100 | lr: 0.01000 | train: 0.0836 | val: 0.0810
Epoch 085/100 | lr: 0.01000 | train: 0.0802 | val: 0.0663
Epoch 090/100 | lr: 0.00500 | train: 0.0724 | val: 0.0680
Epoch 095/100 | lr: 0.00500 | train: 0.0542 | val: 0.0539
Epoch 100/100 | lr: 0.00500 | train: 0.0482 | val: 0.0478
[s6_random]   after DPA: dpa=1.000  gng=0.437
[s6_random]  DPA done in 586.7s  final train=0.0482  val=0.0478  dpa=1.000  gng=0.437
[s6_random]  ┌── params: after DPA
[s6_random]  │  rank 0: ||m||=21.294  ||n||=35.482  corr(m,n)=+0.604
[s6_random]  │  rank 1: ||m||=23.781  ||n||=37.870  corr(m,n)=+0.770
[s6_random]  │  κ-Jacobian eigvals (gain·n^Tm/N): +1.9553  +2.5342
[s6_random]  │  Wi: ||·||_F=73.742  per-channel=23.82 24.70 41.57 35.96 18.55 20.03 22.22
[s6_random]  └──────────────────────────────────────────────────
[s6_random] ────────────────────────────────────────────────────────────
[s6_random]  STAGE: GNG   device=cuda:1   epochs=100
[s6_random]  freeze recurrent cols: [0]
[s6_random]  freeze input dims:     [0, 1, 2, 3, 4, 5, 6]
[s6_random] ────────────────────────────────────────────────────────────
[s6_random]  data: [516, 266, 7] → [516, 266, 2]
Epoch 005/100 | lr: 0.01000 | train: 0.8618 | val: 0.8220
Epoch 010/100 | lr: 0.01000 | train: 0.4177 | val: 0.4517
Epoch 015/100 | lr: 0.01000 | train: 0.3178 | val: 0.3653
Epoch 020/100 | lr: 0.01000 | train: 0.2693 | val: 0.3169
Epoch 025/100 | lr: 0.01000 | train: 0.2426 | val: 0.2856
Epoch 030/100 | lr: 0.01000 | train: 0.2183 | val: 0.2626
Epoch 035/100 | lr: 0.01000 | train: 0.2020 | val: 0.2412
Epoch 040/100 | lr: 0.01000 | train: 0.1845 | val: 0.2243
Epoch 045/100 | lr: 0.01000 | train: 0.1722 | val: 0.2082
Epoch 050/100 | lr: 0.01000 | train: 0.1605 | val: 0.1959
Epoch 055/100 | lr: 0.01000 | train: 0.1533 | val: 0.1851
Epoch 060/100 | lr: 0.01000 | train: 0.1451 | val: 0.1769
Epoch 065/100 | lr: 0.01000 | train: 0.1397 | val: 0.1693
Epoch 070/100 | lr: 0.01000 | train: 0.1346 | val: 0.1593
Epoch 075/100 | lr: 0.01000 | train: 0.1303 | val: 0.1544
Epoch 080/100 | lr: 0.01000 | train: 0.1258 | val: 0.1493
Epoch 085/100 | lr: 0.01000 | train: 0.1221 | val: 0.1447
Epoch 090/100 | lr: 0.01000 | train: 0.1185 | val: 0.1401
Epoch 095/100 | lr: 0.01000 | train: 0.1154 | val: 0.1360
Epoch 100/100 | lr: 0.01000 | train: 0.1126 | val: 0.1335
[s6_random]   after GNG: dpa=1.000  gng=0.998
[s6_random]  GNG done in 362.7s  final train=0.1126  val=0.1335  dpa=1.000  gng=0.998
[s6_random]  ┌── params: after GNG
[s6_random]  │  rank 0: ||m||=21.294  ||n||=35.482  corr(m,n)=+0.604
[s6_random]  │  rank 1: ||m||=19.811  ||n||=44.281  corr(m,n)=+0.552
[s6_random]  │  κ-Jacobian eigvals (gain·n^Tm/N): +1.8362+0.3317j  +1.8362-0.3317j
[s6_random]  │  Wi: ||·||_F=73.742  per-channel=23.82 24.70 41.57 35.96 18.55 20.03 22.22
[s6_random]  └──────────────────────────────────────────────────
[s6_random] ────────────────────────────────────────────────────────────
[s6_random]  STAGE: Dual   device=cuda:1   epochs=100
[s6_random]  freeze input dims:     [0, 1, 2, 3, 4, 5, 6]
[s6_random] ────────────────────────────────────────────────────────────
[s6_random]  data: [516, 444, 7] → [516, 444, 2]
[s6_random]  loss=separated  dpa_w=1.0  gng_w=1.0  aux_w=1.0  bl_w=1.0
Epoch 005/100 | lr: 0.01000 | train: 0.4573 | val: 0.4899
Epoch 010/100 | lr: 0.01000 | train: 0.3945 | val: 0.4304
Epoch 015/100 | lr: 0.01000 | train: 0.3946 | val: 0.4534
Epoch 020/100 | lr: 0.01000 | train: 0.3589 | val: 0.4189
Epoch 025/100 | lr: 0.01000 | train: 0.3288 | val: 0.3677
Epoch 030/100 | lr: 0.01000 | train: 0.3062 | val: 0.3608
Epoch 035/100 | lr: 0.01000 | train: 0.2835 | val: 0.3028
Epoch 040/100 | lr: 0.01000 | train: 0.2012 | val: 0.1987
Epoch 045/100 | lr: 0.01000 | train: 0.1338 | val: 0.1376
Epoch 050/100 | lr: 0.01000 | train: 0.1105 | val: 0.1125
Epoch 055/100 | lr: 0.01000 | train: 0.0972 | val: 0.0967
Epoch 060/100 | lr: 0.01000 | train: 0.0887 | val: 0.0867
Epoch 065/100 | lr: 0.01000 | train: 0.0798 | val: 0.0788
Epoch 070/100 | lr: 0.01000 | train: 0.0756 | val: 0.0749
Epoch 075/100 | lr: 0.01000 | train: 0.0691 | val: 0.0687
Epoch 080/100 | lr: 0.01000 | train: 0.0669 | val: 0.0678
Epoch 085/100 | lr: 0.01000 | train: 0.0620 | val: 0.0590
Epoch 090/100 | lr: 0.01000 | train: 0.0572 | val: 0.0572
Epoch 095/100 | lr: 0.01000 | train: 0.0546 | val: 0.0563
Epoch 100/100 | lr: 0.01000 | train: 0.0519 | val: 0.0532
[s6_random]  loss components: {'dpa': 0.0161, 'gng': 0.0257, 'baseline': 0.0058, 'aux': 0.0046}
[s6_random]   after Dual: dpa=1.000  gng=0.999
[s6_random]  Dual done in 588.4s  final train=0.0519  val=0.0532  dpa=1.000  gng=0.999
[s6_random]  ┌── params: after Dual
[s6_random]  │  rank 0: ||m||=25.363  ||n||=36.890  corr(m,n)=+0.554
[s6_random]  │  rank 1: ||m||=20.143  ||n||=59.081  corr(m,n)=+0.418
[s6_random]  │  κ-Jacobian eigvals (gain·n^Tm/N): +2.1923  +1.7777
[s6_random]  │  Wi: ||·||_F=73.742  per-channel=23.82 24.70 41.57 35.96 18.55 20.03 22.22
[s6_random]  └──────────────────────────────────────────────────
[s6_random] ════════════════════════════════════════════════════════════
[s6_random]  RUN COMPLETE  2026-06-05 01:35:23  total=1539.7s
[s6_random]  ACCURACY SUMMARY
[s6_random]    after DPA : dpa=1.000  gng=0.437
[s6_random]    after GNG : dpa=1.000  gng=0.998
[s6_random]    after Dual: dpa=1.000  gng=0.999  dual_dpa=1.000  dual_gng=0.997
[s6_random] ════════════════════════════════════════════════════════════
