[s2] ════════════════════════════════════════════════════════════
[s2]  RUN START  2026-06-23 14:57:57
[s2]  run_id=s2  seed=2  device=cuda:0
[s2]  arch:  N=1000 (E=750 I=250)  K=125 (prob 0.167)  rank=2  gain=1.0  input_size=6  params=3,000
[s2]  task:  cue_on_go=True  rwd=False  rwd_scale=1.0  freeze_input_stages=['dual']  init=random
[s2]  dynamics: dt=0.0225  tau=(0.4, 0.2)s  tau_syn=(0.2, 0.1)s  STP(use=0.05 tau_fac=1.0s tau_rec=0.2s)  j_stp=5.0
[s2]  noise:  input_sigma=0.3732 (×1.0)  model_sigma=0.0000 (×0.0)
[s2]  optim:  lr=0.01  wd=0.01  batch=32  n_batch=256  clip=1.0
[s2]  epochs: dpa=100  gng=100  dual=100  loss=separated
[s2]  shapes: m[750, 2]  n[750, 2]  Wi[750, 6]
[s2]  ┌── params: init
[s2]  │  rank 0: ||m||=27.614  ||n||=27.317  corr(m,n)=+0.058
[s2]  │  rank 1: ||m||=27.288  ||n||=27.261  corr(m,n)=-0.012
[s2]  │  low-rank overlap n^Tm/N (modulates STP E→E): +0.0510  -0.0046
[s2]  │  Wi: ||·||_F=67.310  per-channel=27.03 28.09 27.17 28.06 27.35 27.16
[s2]  └──────────────────────────────────────────────────
[s2] ────────────────────────────────────────────────────────────
[s2]  STAGE: DPA   device=cuda:0   epochs=100
[s2] ────────────────────────────────────────────────────────────
[s2]  data: [256, 444, 6] → [256, 444, 2]
Epoch 005/100 | lr: 0.01000 | train: 3.6087 | val: 3.6723
Epoch 010/100 | lr: 0.01000 | train: 3.1605 | val: 3.2534
Epoch 015/100 | lr: 0.01000 | train: 2.3260 | val: 2.3624
Epoch 020/100 | lr: 0.01000 | train: 1.5402 | val: 1.6519
Epoch 025/100 | lr: 0.01000 | train: 0.3344 | val: 0.3393
Stopping: losses below 0.1.
[s2]   after DPA: dpa=0.997 (pair=0.998 unpair=0.996)  gng=0.497 (go=0.869 nogo=0.137)
[s2]  DPA done in 133.2s  final train=0.0597  val=0.0781  dpa=0.997  gng=0.497
[s2]  ┌── params: after DPA
[s2]  │  rank 0: ||m||=53.249  ||n||=51.920  corr(m,n)=+0.719
[s2]  │  rank 1: ||m||=39.651  ||n||=39.026  corr(m,n)=+0.284
[s2]  │  low-rank overlap n^Tm/N (modulates STP E→E): +2.6496  +0.5853
[s2]  │  Wi: ||·||_F=67.310  per-channel=27.03 28.09 27.17 28.06 27.35 27.16
[s2]  └──────────────────────────────────────────────────
[s2] ────────────────────────────────────────────────────────────
[s2]  STAGE: GNG   device=cuda:0   epochs=100
[s2]  freeze recurrent cols: [0]
[s2]  freeze input dims:     [0, 1, 2, 3]
[s2] ────────────────────────────────────────────────────────────
[s2]  data: [256, 266, 6] → [256, 266, 2]
Epoch 005/100 | lr: 0.01000 | train: 1.1320 | val: 1.1846
Epoch 010/100 | lr: 0.01000 | train: 0.9315 | val: 0.9977
Epoch 015/100 | lr: 0.01000 | train: 0.7448 | val: 0.8083
Epoch 020/100 | lr: 0.01000 | train: 0.5866 | val: 0.6532
Epoch 025/100 | lr: 0.01000 | train: 0.4650 | val: 0.5260
Epoch 030/100 | lr: 0.01000 | train: 0.3951 | val: 0.4631
Epoch 035/100 | lr: 0.01000 | train: 0.3547 | val: 0.4307
Epoch 040/100 | lr: 0.01000 | train: 0.3240 | val: 0.4032
Epoch 045/100 | lr: 0.01000 | train: 0.3028 | val: 0.3856
Epoch 050/100 | lr: 0.01000 | train: 0.2810 | val: 0.3597
Epoch 055/100 | lr: 0.01000 | train: 0.2644 | val: 0.3401
Epoch 060/100 | lr: 0.01000 | train: 0.2485 | val: 0.3244
Epoch 065/100 | lr: 0.01000 | train: 0.2314 | val: 0.3023
Epoch 070/100 | lr: 0.01000 | train: 0.2197 | val: 0.2878
Epoch 075/100 | lr: 0.01000 | train: 0.2072 | val: 0.2788
Epoch 080/100 | lr: 0.01000 | train: 0.1988 | val: 0.2594
Epoch 085/100 | lr: 0.01000 | train: 0.1900 | val: 0.2560
Epoch 090/100 | lr: 0.01000 | train: 0.1855 | val: 0.2443
Epoch 095/100 | lr: 0.01000 | train: 0.1763 | val: 0.2385
Epoch 100/100 | lr: 0.01000 | train: 0.1678 | val: 0.2310
[s2]   after GNG: dpa=0.982 (pair=0.964 unpair=1.000)  gng=1.000 (go=1.000 nogo=1.000)
[s2]  GNG done in 283.9s  final train=0.1678  val=0.2310  dpa=0.982  gng=1.000
[s2]  ┌── params: after GNG
[s2]  │  rank 0: ||m||=53.249  ||n||=51.920  corr(m,n)=+0.719
[s2]  │  rank 1: ||m||=66.102  ||n||=54.601  corr(m,n)=+0.261
[s2]  │  low-rank overlap n^Tm/N (modulates STP E→E): +2.6399  +1.2646
[s2]  │  Wi: ||·||_F=67.310  per-channel=27.03 28.09 27.17 28.06 27.35 27.16
[s2]  └──────────────────────────────────────────────────
[s2] ────────────────────────────────────────────────────────────
[s2]  STAGE: Dual   device=cuda:0   epochs=100
[s2]  freeze input dims:     [0, 1, 2, 3, 4, 5]
[s2] ────────────────────────────────────────────────────────────
[s2]  data: [256, 444, 6] → [256, 444, 2]
[s2]  loss=separated  dpa_w=1.0  gng_w=1.0  go_w=1.0  nogo_w=1.0  aux_w=1.0  bl_w=1.0  go_hinge=1.0
Epoch 005/100 | lr: 0.01000 | train: 4.2294 | val: 3.3023
Epoch 010/100 | lr: 0.01000 | train: 0.8357 | val: 0.7864
Epoch 015/100 | lr: 0.01000 | train: 0.3800 | val: 0.3861
Epoch 020/100 | lr: 0.01000 | train: 0.2434 | val: 0.2465
Epoch 025/100 | lr: 0.01000 | train: 0.1675 | val: 0.1839
Epoch 030/100 | lr: 0.01000 | train: 0.1353 | val: 0.1516
Epoch 035/100 | lr: 0.01000 | train: 0.1092 | val: 0.1285
Epoch 040/100 | lr: 0.01000 | train: 0.0922 | val: 0.1109
Stopping: losses below 0.1.
[s2]  loss components: {'dpa': 0.0019, 'gng': 0.0539, 'gng_go': 0.0231, 'gng_nogo': 0.0308, 'baseline': 0.0254, 'aux': 0.0129}
[s2]   after Dual: dpa=1.000 (pair=1.000 unpair=1.000)  gng=1.000 (go=1.000 nogo=1.000)
[s2]  Dual done in 238.9s  final train=0.0881  val=0.0984  dpa=1.000  gng=1.000
[s2]  ┌── params: after Dual
[s2]  │  rank 0: ||m||=57.085  ||n||=51.803  corr(m,n)=+0.727
[s2]  │  rank 1: ||m||=59.118  ||n||=50.879  corr(m,n)=+0.411
[s2]  │  low-rank overlap n^Tm/N (modulates STP E→E): +2.8622  +1.6532
[s2]  │  Wi: ||·||_F=67.310  per-channel=27.03 28.09 27.17 28.06 27.35 27.16
[s2]  └──────────────────────────────────────────────────
[s2] ════════════════════════════════════════════════════════════
[s2]  RUN COMPLETE  2026-06-23 15:08:53  total=657.0s
[s2]  ACCURACY SUMMARY
[s2]    after DPA : dpa=0.997  gng=0.497
[s2]    after GNG : dpa=0.982  gng=1.000
[s2]    after Dual: dpa=1.000  gng=1.000  dual_dpa=1.000  dual_gng=1.000
[s2] ════════════════════════════════════════════════════════════
