[s0_erf] ════════════════════════════════════════════════════════════
[s0_erf]  RUN START  2026-06-09 14:07:23
[s0_erf]  run_id=s0_erf  seed=0  device=cuda:0
[s0_erf]  arch:  hidden=512  rank=2  gain=2.0  input_size=7  params=6,144
[s0_erf]  task:  cue_on_go=True  rwd=True  rwd_scale=1.0  freeze_input_stages=['gng', 'dual']  init=random
[s0_erf]  dynamics: alpha=0.0750  alpha_rec=0.1000  dt=0.0225  tau=0.3  tau_rec_frac=0.75
[s0_erf]  noise:  input_sigma=0.3732 (×1.0)  model_sigma=0.0000 (×0.0)
[s0_erf]  optim:  lr=0.01  wd=0.01  batch=64  n_batch=516  clip=None
[s0_erf]  epochs: dpa=100  gng=100  dual=200  loss=separated
[s0_erf]  shapes: m[512, 2]  n[512, 2]  Wi[512, 7]
[s0_erf]  ┌── params: init
[s0_erf]  │  rank 0: ||m||=22.187  ||n||=22.116  corr(m,n)=-0.011
[s0_erf]  │  rank 1: ||m||=22.375  ||n||=22.846  corr(m,n)=+0.037
[s0_erf]  │  κ-Jacobian eigvals (gain·n^Tm/N): +0.0265+0.0683j  +0.0265-0.0683j
[s0_erf]  │  Wi: ||·||_F=59.379  per-channel=22.21 22.79 22.15 22.73 21.77 21.92 23.48
[s0_erf]  └──────────────────────────────────────────────────
[s0_erf] ────────────────────────────────────────────────────────────
[s0_erf]  STAGE: DPA   device=cuda:0   epochs=100
[s0_erf]  freeze input dims:     [4, 5]
[s0_erf] ────────────────────────────────────────────────────────────
[s0_erf]  data: [516, 444, 7] → [516, 444, 2]
Epoch 005/100 | lr: 0.01000 | train: 1.9590 | val: 1.9245
Epoch 010/100 | lr: 0.01000 | train: 1.2577 | val: 1.1981
Epoch 015/100 | lr: 0.01000 | train: 0.9956 | val: 0.9588
Epoch 020/100 | lr: 0.01000 | train: 0.8491 | val: 0.7967
Epoch 025/100 | lr: 0.01000 | train: 0.6190 | val: 0.5822
Epoch 030/100 | lr: 0.01000 | train: 0.5464 | val: 0.5464
Epoch 035/100 | lr: 0.01000 | train: 0.3680 | val: 0.4728
Epoch 040/100 | lr: 0.01000 | train: 0.3738 | val: 0.3728
Epoch 045/100 | lr: 0.01000 | train: 0.2933 | val: 0.4048
Epoch 050/100 | lr: 0.01000 | train: 0.2545 | val: 0.3684
Epoch 055/100 | lr: 0.01000 | train: 0.2519 | val: 0.3012
Epoch 060/100 | lr: 0.01000 | train: 0.2738 | val: 0.2999
Epoch 065/100 | lr: 0.01000 | train: 0.1947 | val: 0.3318
Epoch 070/100 | lr: 0.01000 | train: 0.1818 | val: 0.2601
Epoch 075/100 | lr: 0.01000 | train: 0.1597 | val: 0.2623
Epoch 080/100 | lr: 0.01000 | train: 0.3663 | val: 0.3164
Epoch 085/100 | lr: 0.01000 | train: 0.1830 | val: 0.1802
Epoch 090/100 | lr: 0.01000 | train: 0.1295 | val: 0.1872
Epoch 095/100 | lr: 0.01000 | train: 0.1037 | val: 0.2328
Epoch 100/100 | lr: 0.01000 | train: 0.1062 | val: 0.1882
[s0_erf]   after DPA: dpa=0.995 (pair=0.996 unpair=0.994)  gng=0.540 (go=0.120 nogo=0.982)
[s0_erf]  DPA done in 804.3s  final train=0.1062  val=0.1882  dpa=0.995  gng=0.540
[s0_erf]  ┌── params: after DPA
[s0_erf]  │  rank 0: ||m||=31.547  ||n||=38.203  corr(m,n)=+0.761
[s0_erf]  │  rank 1: ||m||=29.899  ||n||=46.404  corr(m,n)=+0.762
[s0_erf]  │  κ-Jacobian eigvals (gain·n^Tm/N): +3.4584  +4.2549
[s0_erf]  │  Wi: ||·||_F=62.669  per-channel=20.22 21.64 31.21 28.81 21.77 21.92 17.09
[s0_erf]  └──────────────────────────────────────────────────
[s0_erf] ────────────────────────────────────────────────────────────
[s0_erf]  STAGE: GNG   device=cuda:0   epochs=100
[s0_erf]  freeze recurrent cols: [0]
[s0_erf]  freeze input dims:     [0, 1, 2, 3, 4, 5, 6]
[s0_erf] ────────────────────────────────────────────────────────────
[s0_erf]  data: [516, 266, 7] → [516, 266, 2]
Epoch 005/100 | lr: 0.01000 | train: 0.7577 | val: 0.8743
Epoch 010/100 | lr: 0.01000 | train: 0.3958 | val: 0.5337
Epoch 015/100 | lr: 0.01000 | train: 0.2697 | val: 0.3861
Epoch 020/100 | lr: 0.01000 | train: 0.1950 | val: 0.3054
Epoch 025/100 | lr: 0.01000 | train: 0.1525 | val: 0.2476
Epoch 030/100 | lr: 0.01000 | train: 0.1286 | val: 0.2018
Epoch 035/100 | lr: 0.01000 | train: 0.1025 | val: 0.1686
Epoch 040/100 | lr: 0.01000 | train: 0.0815 | val: 0.1427
Epoch 045/100 | lr: 0.01000 | train: 0.0707 | val: 0.1252
Epoch 050/100 | lr: 0.01000 | train: 0.0624 | val: 0.1120
Epoch 055/100 | lr: 0.01000 | train: 0.0554 | val: 0.1005
Stopping: losses below 0.1.
[s0_erf]   after GNG: dpa=0.870 (pair=0.934 unpair=0.814)  gng=0.995 (go=0.998 nogo=0.992)
[s0_erf]  GNG done in 165.3s  final train=0.0536  val=0.0990  dpa=0.870  gng=0.995
[s0_erf]  ┌── params: after GNG
[s0_erf]  │  rank 0: ||m||=31.547  ||n||=38.203  corr(m,n)=+0.761
[s0_erf]  │  rank 1: ||m||=30.646  ||n||=50.960  corr(m,n)=+0.674
[s0_erf]  │  κ-Jacobian eigvals (gain·n^Tm/N): +3.8470+0.2311j  +3.8470-0.2311j
[s0_erf]  │  Wi: ||·||_F=62.669  per-channel=20.22 21.64 31.21 28.81 21.77 21.92 17.09
[s0_erf]  └──────────────────────────────────────────────────
[s0_erf] ────────────────────────────────────────────────────────────
[s0_erf]  STAGE: Dual   device=cuda:0   epochs=200
[s0_erf]  freeze recurrent cols: [0]
[s0_erf]  freeze input dims:     [0, 1, 2, 3, 4, 5, 6]
[s0_erf] ────────────────────────────────────────────────────────────
[s0_erf]  data: [516, 444, 7] → [516, 444, 2]
[s0_erf]  loss=separated  dpa_w=1.0  gng_w=1.0  go_w=1.0  nogo_w=2.0  aux_w=1.0  bl_w=1.0  go_hinge=1.0
Epoch 005/200 | lr: 0.01000 | train: 0.9649 | val: 0.9149
Epoch 010/200 | lr: 0.01000 | train: 0.8342 | val: 0.8273
Epoch 015/200 | lr: 0.01000 | train: 0.7513 | val: 0.7669
Epoch 020/200 | lr: 0.01000 | train: 0.6989 | val: 0.7107
Epoch 025/200 | lr: 0.01000 | train: 0.6648 | val: 0.6715
Epoch 030/200 | lr: 0.01000 | train: 0.6258 | val: 0.6397
Epoch 035/200 | lr: 0.01000 | train: 0.5826 | val: 0.6057
Epoch 040/200 | lr: 0.01000 | train: 0.5580 | val: 0.5822
Epoch 045/200 | lr: 0.01000 | train: 0.5362 | val: 0.5578
Epoch 050/200 | lr: 0.01000 | train: 0.4946 | val: 0.5190
Epoch 055/200 | lr: 0.01000 | train: 0.4646 | val: 0.4844
Epoch 060/200 | lr: 0.01000 | train: 0.4359 | val: 0.4525
Epoch 065/200 | lr: 0.01000 | train: 0.4093 | val: 0.4265
Epoch 070/200 | lr: 0.01000 | train: 0.3828 | val: 0.3953
Epoch 075/200 | lr: 0.01000 | train: 0.3623 | val: 0.3974
Epoch 080/200 | lr: 0.01000 | train: 0.3420 | val: 0.3493
Epoch 085/200 | lr: 0.01000 | train: 0.3190 | val: 0.3306
Epoch 090/200 | lr: 0.01000 | train: 0.3106 | val: 0.3259
Epoch 095/200 | lr: 0.01000 | train: 0.2897 | val: 0.2901
Epoch 100/200 | lr: 0.01000 | train: 0.2738 | val: 0.2785
Epoch 105/200 | lr: 0.01000 | train: 0.2702 | val: 0.2690
Epoch 110/200 | lr: 0.01000 | train: 0.2747 | val: 0.2947
Epoch 115/200 | lr: 0.01000 | train: 0.2456 | val: 0.2459
Epoch 120/200 | lr: 0.01000 | train: 0.2276 | val: 0.2317
Epoch 125/200 | lr: 0.01000 | train: 0.2250 | val: 0.2236
Epoch 130/200 | lr: 0.01000 | train: 0.2898 | val: 0.3062
Epoch 135/200 | lr: 0.01000 | train: 0.2137 | val: 0.2148
Epoch 140/200 | lr: 0.01000 | train: 0.2008 | val: 0.2071
Epoch 145/200 | lr: 0.01000 | train: 0.1972 | val: 0.1950
Epoch 150/200 | lr: 0.01000 | train: 0.1869 | val: 0.1872
Epoch 155/200 | lr: 0.01000 | train: 0.1993 | val: 0.2002
Epoch 160/200 | lr: 0.01000 | train: 0.1946 | val: 0.1927
Epoch 165/200 | lr: 0.01000 | train: 0.1821 | val: 0.2004
Epoch 170/200 | lr: 0.01000 | train: 0.1760 | val: 0.1771
Epoch 175/200 | lr: 0.01000 | train: 0.1640 | val: 0.1837
Epoch 180/200 | lr: 0.01000 | train: 0.1574 | val: 0.1651
Epoch 185/200 | lr: 0.01000 | train: 0.2413 | val: 0.1919
Epoch 190/200 | lr: 0.01000 | train: 0.1566 | val: 0.1559
Epoch 195/200 | lr: 0.01000 | train: 0.1498 | val: 0.1487
Epoch 200/200 | lr: 0.01000 | train: 0.1596 | val: 0.1509
[s0_erf]  loss components: {'dpa': 0.1046, 'gng': 0.0319, 'gng_go': 0.0263, 'gng_nogo': 0.0028, 'baseline': 0.0228, 'aux': 0.0174}
[s0_erf]   after Dual: dpa=0.998 (pair=0.996 unpair=1.000)  gng=1.000 (go=1.000 nogo=1.000)
[s0_erf]  Dual done in 956.5s  final train=0.1596  val=0.1509  dpa=0.998  gng=1.000
[s0_erf]  ┌── params: after Dual
[s0_erf]  │  rank 0: ||m||=31.547  ||n||=38.203  corr(m,n)=+0.761
[s0_erf]  │  rank 1: ||m||=33.437  ||n||=84.030  corr(m,n)=+0.456
[s0_erf]  │  κ-Jacobian eigvals (gain·n^Tm/N): +3.5028  +5.0825
[s0_erf]  │  Wi: ||·||_F=62.669  per-channel=20.22 21.64 31.21 28.81 21.77 21.92 17.09
[s0_erf]  └──────────────────────────────────────────────────
[s0_erf] ════════════════════════════════════════════════════════════
[s0_erf]  RUN COMPLETE  2026-06-09 14:39:29  total=1927.1s
[s0_erf]  ACCURACY SUMMARY
[s0_erf]    after DPA : dpa=0.995  gng=0.540
[s0_erf]    after GNG : dpa=0.870  gng=0.995
[s0_erf]    after Dual: dpa=0.998  gng=1.000  dual_dpa=0.998  dual_gng=1.000
[s0_erf] ════════════════════════════════════════════════════════════
