[s0_random] ════════════════════════════════════════════════════════════
[s0_random]  RUN START  2026-06-04 23:34:37
[s0_random]  run_id=s0_random  seed=0  device=cuda:0
[s0_random]  arch:  hidden=512  rank=2  gain=2.0  input_size=7  params=6,144
[s0_random]  task:  cue_on_go=True  rwd=True  freeze_input_stages=['gng', 'dual']  init=random
[s0_random]  dynamics: alpha=0.0750  alpha_rec=0.1000  dt=0.0225  tau=0.3  tau_rec_frac=0.75
[s0_random]  noise:  input_sigma=0.1866 (×0.5)  model_sigma=0.0000 (×0.0)
[s0_random]  optim:  lr=0.01  wd=0.01  batch=64  n_batch=516  clip=1.0
[s0_random]  epochs: dpa=100  gng=100  dual=100  loss=separated
[s0_random]  shapes: m[512, 2]  n[512, 2]  Wi[512, 7]
[s0_random]  ┌── params: init
[s0_random]  │  rank 0: ||m||=22.187  ||n||=22.116  corr(m,n)=-0.011
[s0_random]  │  rank 1: ||m||=22.375  ||n||=22.846  corr(m,n)=+0.037
[s0_random]  │  κ-Jacobian eigvals (gain·n^Tm/N): +0.0265+0.0683j  +0.0265-0.0683j
[s0_random]  │  Wi: ||·||_F=59.379  per-channel=22.21 22.79 22.15 22.73 21.77 21.92 23.48
[s0_random]  └──────────────────────────────────────────────────
[s0_random] ────────────────────────────────────────────────────────────
[s0_random]  STAGE: DPA   device=cuda:0   epochs=100
[s0_random] ────────────────────────────────────────────────────────────
[s0_random]  data: [516, 444, 7] → [516, 444, 2]
Epoch 005/100 | lr: 0.01000 | train: 1.8915 | val: 1.7717
Epoch 010/100 | lr: 0.01000 | train: 1.0713 | val: 1.0218
Epoch 015/100 | lr: 0.01000 | train: 0.8286 | val: 0.7650
Epoch 020/100 | lr: 0.01000 | train: 0.5606 | val: 0.5388
Epoch 025/100 | lr: 0.01000 | train: 0.3646 | val: 0.3462
Epoch 030/100 | lr: 0.01000 | train: 0.2790 | val: 0.2840
Epoch 035/100 | lr: 0.01000 | train: 0.2013 | val: 0.3334
Epoch 040/100 | lr: 0.01000 | train: 0.1772 | val: 0.2057
Epoch 045/100 | lr: 0.01000 | train: 0.1552 | val: 0.1704
Epoch 050/100 | lr: 0.01000 | train: 0.1423 | val: 0.1351
Epoch 055/100 | lr: 0.01000 | train: 0.1044 | val: 0.0971
Epoch 060/100 | lr: 0.01000 | train: 0.1858 | val: 0.0995
Epoch 065/100 | lr: 0.01000 | train: 0.0762 | val: 0.0682
Epoch 070/100 | lr: 0.01000 | train: 0.0671 | val: 0.0642
Epoch 075/100 | lr: 0.01000 | train: 0.0528 | val: 0.1012
Epoch 080/100 | lr: 0.01000 | train: 0.1301 | val: 0.0804
Epoch 085/100 | lr: 0.00500 | train: 0.0510 | val: 0.0480
Epoch 090/100 | lr: 0.00500 | train: 0.0464 | val: 0.0442
Epoch 095/100 | lr: 0.00500 | train: 0.0411 | val: 0.0401
Epoch 100/100 | lr: 0.00500 | train: 0.0389 | val: 0.0383
[s0_random]   after DPA: dpa=1.000  gng=0.509
[s0_random]  DPA done in 704.7s  final train=0.0389  val=0.0383  dpa=1.000  gng=0.509
[s0_random]  ┌── params: after DPA
[s0_random]  │  rank 0: ||m||=19.959  ||n||=35.800  corr(m,n)=+0.647
[s0_random]  │  rank 1: ||m||=24.301  ||n||=38.398  corr(m,n)=+0.776
[s0_random]  │  κ-Jacobian eigvals (gain·n^Tm/N): +1.8461  +2.7885
[s0_random]  │  Wi: ||·||_F=72.088  per-channel=25.95 24.35 34.86 40.46 18.47 17.63 20.65
[s0_random]  └──────────────────────────────────────────────────
[s0_random] ────────────────────────────────────────────────────────────
[s0_random]  STAGE: GNG   device=cuda:0   epochs=100
[s0_random]  freeze recurrent cols: [0]
[s0_random]  freeze input dims:     [0, 1, 2, 3, 4, 5, 6]
[s0_random] ────────────────────────────────────────────────────────────
[s0_random]  data: [516, 266, 7] → [516, 266, 2]
Epoch 005/100 | lr: 0.01000 | train: 0.8095 | val: 0.7970
Epoch 010/100 | lr: 0.01000 | train: 0.5043 | val: 0.5471
Epoch 015/100 | lr: 0.01000 | train: 0.4141 | val: 0.4639
Epoch 020/100 | lr: 0.01000 | train: 0.3581 | val: 0.4085
Epoch 025/100 | lr: 0.01000 | train: 0.3169 | val: 0.3651
Epoch 030/100 | lr: 0.01000 | train: 0.2942 | val: 0.3259
Epoch 035/100 | lr: 0.01000 | train: 0.2573 | val: 0.2916
Epoch 040/100 | lr: 0.01000 | train: 0.2301 | val: 0.2628
Epoch 045/100 | lr: 0.01000 | train: 0.2096 | val: 0.2397
Epoch 050/100 | lr: 0.01000 | train: 0.1941 | val: 0.2215
Epoch 055/100 | lr: 0.01000 | train: 0.1821 | val: 0.2072
Epoch 060/100 | lr: 0.01000 | train: 0.1707 | val: 0.1946
Epoch 065/100 | lr: 0.01000 | train: 0.1624 | val: 0.1826
Epoch 070/100 | lr: 0.01000 | train: 0.1542 | val: 0.1735
Epoch 075/100 | lr: 0.01000 | train: 0.1469 | val: 0.1653
Epoch 080/100 | lr: 0.01000 | train: 0.1407 | val: 0.1586
Epoch 085/100 | lr: 0.01000 | train: 0.1350 | val: 0.1524
Epoch 090/100 | lr: 0.01000 | train: 0.1306 | val: 0.1471
Epoch 095/100 | lr: 0.01000 | train: 0.1259 | val: 0.1425
Epoch 100/100 | lr: 0.01000 | train: 0.1219 | val: 0.1383
[s0_random]   after GNG: dpa=0.718  gng=0.997
[s0_random]  GNG done in 451.8s  final train=0.1219  val=0.1383  dpa=0.718  gng=0.997
[s0_random]  ┌── params: after GNG
[s0_random]  │  rank 0: ||m||=19.959  ||n||=35.800  corr(m,n)=+0.647
[s0_random]  │  rank 1: ||m||=22.068  ||n||=43.120  corr(m,n)=+0.583
[s0_random]  │  κ-Jacobian eigvals (gain·n^Tm/N): +1.9862+0.4396j  +1.9862-0.4396j
[s0_random]  │  Wi: ||·||_F=72.088  per-channel=25.95 24.35 34.86 40.46 18.47 17.63 20.65
[s0_random]  └──────────────────────────────────────────────────
[s0_random] ────────────────────────────────────────────────────────────
[s0_random]  STAGE: Dual   device=cuda:0   epochs=100
[s0_random]  freeze input dims:     [0, 1, 2, 3, 4, 5, 6]
[s0_random] ────────────────────────────────────────────────────────────
[s0_random]  data: [516, 444, 7] → [516, 444, 2]
[s0_random]  loss=separated  dpa_w=1.0  gng_w=1.0  aux_w=1.0  bl_w=1.0
Epoch 005/100 | lr: 0.01000 | train: 0.4813 | val: 0.5322
Epoch 010/100 | lr: 0.01000 | train: 0.3880 | val: 0.4740
Epoch 015/100 | lr: 0.01000 | train: 0.3414 | val: 0.4256
Epoch 020/100 | lr: 0.01000 | train: 0.3038 | val: 0.3876
Epoch 025/100 | lr: 0.01000 | train: 0.2708 | val: 0.3448
Epoch 030/100 | lr: 0.01000 | train: 0.2343 | val: 0.2960
Epoch 035/100 | lr: 0.01000 | train: 0.2024 | val: 0.2680
Epoch 040/100 | lr: 0.01000 | train: 0.1795 | val: 0.2430
Epoch 045/100 | lr: 0.01000 | train: 0.1595 | val: 0.2093
Epoch 050/100 | lr: 0.01000 | train: 0.1423 | val: 0.1884
Epoch 055/100 | lr: 0.01000 | train: 0.1290 | val: 0.1544
Epoch 060/100 | lr: 0.01000 | train: 0.1170 | val: 0.1525
Epoch 065/100 | lr: 0.01000 | train: 0.1073 | val: 0.1295
Epoch 070/100 | lr: 0.01000 | train: 0.1004 | val: 0.1252
Epoch 075/100 | lr: 0.01000 | train: 0.0923 | val: 0.1159
Epoch 080/100 | lr: 0.01000 | train: 0.0859 | val: 0.1015
Epoch 085/100 | lr: 0.01000 | train: 0.0808 | val: 0.0932
Epoch 090/100 | lr: 0.01000 | train: 0.0776 | val: 0.0899
Epoch 095/100 | lr: 0.01000 | train: 0.0737 | val: 0.0943
Epoch 100/100 | lr: 0.01000 | train: 0.0695 | val: 0.0809
[s0_random]  loss components: {'dpa': 0.0281, 'gng': 0.0573, 'baseline': 0.0068, 'aux': 0.0053}
[s0_random]   after Dual: dpa=1.000  gng=0.994
[s0_random]  Dual done in 734.1s  final train=0.0695  val=0.0809  dpa=1.000  gng=0.994
[s0_random]  ┌── params: after Dual
[s0_random]  │  rank 0: ||m||=23.463  ||n||=35.675  corr(m,n)=+0.630
[s0_random]  │  rank 1: ||m||=18.011  ||n||=55.053  corr(m,n)=+0.577
[s0_random]  │  κ-Jacobian eigvals (gain·n^Tm/N): +1.9911  +2.3034
[s0_random]  │  Wi: ||·||_F=72.088  per-channel=25.95 24.35 34.86 40.46 18.47 17.63 20.65
[s0_random]  └──────────────────────────────────────────────────
[s0_random] ════════════════════════════════════════════════════════════
[s0_random]  RUN COMPLETE  2026-06-05 00:06:08  total=1892.4s
[s0_random]  ACCURACY SUMMARY
[s0_random]    after DPA : dpa=1.000  gng=0.509
[s0_random]    after GNG : dpa=0.718  gng=0.997
[s0_random]    after Dual: dpa=1.000  gng=0.994  dual_dpa=1.000  dual_gng=0.994
[s0_random] ════════════════════════════════════════════════════════════
