[s5_nogo2] ════════════════════════════════════════════════════════════
[s5_nogo2]  RUN START  2026-06-08 17:37:14
[s5_nogo2]  run_id=s5_nogo2  seed=5  device=cuda:1
[s5_nogo2]  arch:  hidden=512  rank=2  gain=1.0  input_size=7  params=6,144
[s5_nogo2]  task:  cue_on_go=True  rwd=True  rwd_scale=1.0  freeze_input_stages=['dual']  init=random
[s5_nogo2]  dynamics: alpha=0.0750  alpha_rec=0.1000  dt=0.0225  tau=0.3  tau_rec_frac=0.75
[s5_nogo2]  noise:  input_sigma=0.3732 (×1.0)  model_sigma=0.0000 (×0.0)
[s5_nogo2]  optim:  lr=0.01  wd=0.01  batch=64  n_batch=516  clip=None
[s5_nogo2]  epochs: dpa=100  gng=100  dual=100  loss=separated
[s5_nogo2]  shapes: m[512, 2]  n[512, 2]  Wi[512, 7]
[s5_nogo2]  ┌── params: init
[s5_nogo2]  │  rank 0: ||m||=23.437  ||n||=22.965  corr(m,n)=+0.028
[s5_nogo2]  │  rank 1: ||m||=22.893  ||n||=23.012  corr(m,n)=+0.061
[s5_nogo2]  │  κ-Jacobian eigvals (gain·n^Tm/N): +0.0320  +0.0594
[s5_nogo2]  │  Wi: ||·||_F=58.987  per-channel=22.32 23.25 22.23 22.01 21.84 22.14 22.26
[s5_nogo2]  └──────────────────────────────────────────────────
[s5_nogo2] ────────────────────────────────────────────────────────────
[s5_nogo2]  STAGE: DPA   device=cuda:1   epochs=100
[s5_nogo2] ────────────────────────────────────────────────────────────
[s5_nogo2]  data: [516, 444, 7] → [516, 444, 2]
Epoch 005/100 | lr: 0.01000 | train: 1.9569 | val: 1.9571
Epoch 010/100 | lr: 0.01000 | train: 1.2923 | val: 1.2042
Epoch 015/100 | lr: 0.01000 | train: 0.9561 | val: 0.9756
Epoch 020/100 | lr: 0.01000 | train: 0.8765 | val: 0.9118
Epoch 025/100 | lr: 0.01000 | train: 0.8033 | val: 0.8237
Epoch 030/100 | lr: 0.01000 | train: 0.6332 | val: 0.6365
Epoch 035/100 | lr: 0.01000 | train: 0.4477 | val: 0.4370
Epoch 040/100 | lr: 0.01000 | train: 0.3344 | val: 0.3388
Epoch 045/100 | lr: 0.01000 | train: 0.2741 | val: 0.2839
Epoch 050/100 | lr: 0.01000 | train: 0.2258 | val: 0.2251
Epoch 055/100 | lr: 0.01000 | train: 0.1871 | val: 0.1966
Epoch 060/100 | lr: 0.01000 | train: 0.1419 | val: 0.1422
Epoch 065/100 | lr: 0.01000 | train: 0.1196 | val: 0.1142
Epoch 070/100 | lr: 0.01000 | train: 0.1075 | val: 0.1204
Epoch 075/100 | lr: 0.01000 | train: 0.1139 | val: 0.1025
Stopping: losses below 0.1.
[s5_nogo2]   after DPA: dpa=0.998 (pair=1.000 unpair=0.996)  gng=0.364 (go=0.146 nogo=0.589)
[s5_nogo2]  DPA done in 657.2s  final train=0.0946  val=0.0923  dpa=0.998  gng=0.364
[s5_nogo2]  ┌── params: after DPA
[s5_nogo2]  │  rank 0: ||m||=35.873  ||n||=38.402  corr(m,n)=+0.813
[s5_nogo2]  │  rank 1: ||m||=30.733  ||n||=51.593  corr(m,n)=+0.785
[s5_nogo2]  │  κ-Jacobian eigvals (gain·n^Tm/N): +2.1090  +2.5105
[s5_nogo2]  │  Wi: ||·||_F=58.375  per-channel=21.31 19.84 31.11 33.10 11.83 12.88 13.82
[s5_nogo2]  └──────────────────────────────────────────────────
[s5_nogo2] ────────────────────────────────────────────────────────────
[s5_nogo2]  STAGE: GNG   device=cuda:1   epochs=100
[s5_nogo2]  freeze recurrent cols: [0]
[s5_nogo2]  freeze input dims:     [0, 1, 2, 3, 6]
[s5_nogo2] ────────────────────────────────────────────────────────────
[s5_nogo2]  data: [516, 266, 7] → [516, 266, 2]
Epoch 005/100 | lr: 0.01000 | train: 0.2447 | val: 0.2220
Epoch 010/100 | lr: 0.01000 | train: 0.1407 | val: 0.1302
Epoch 015/100 | lr: 0.01000 | train: 0.1115 | val: 0.0997
Stopping: losses below 0.1.
[s5_nogo2]   after GNG: dpa=1.000 (pair=1.000 unpair=1.000)  gng=1.000 (go=1.000 nogo=1.000)
[s5_nogo2]  GNG done in 98.6s  final train=0.0969  val=0.0851  dpa=1.000  gng=1.000
[s5_nogo2]  ┌── params: after GNG
[s5_nogo2]  │  rank 0: ||m||=35.873  ||n||=38.402  corr(m,n)=+0.813
[s5_nogo2]  │  rank 1: ||m||=29.859  ||n||=50.574  corr(m,n)=+0.735
[s5_nogo2]  │  κ-Jacobian eigvals (gain·n^Tm/N): +2.3722  +1.9827
[s5_nogo2]  │  Wi: ||·||_F=59.364  per-channel=21.31 19.84 31.11 33.10 12.50 16.31 13.82
[s5_nogo2]  └──────────────────────────────────────────────────
[s5_nogo2] ────────────────────────────────────────────────────────────
[s5_nogo2]  STAGE: Dual   device=cuda:1   epochs=100
[s5_nogo2]  freeze recurrent cols: [0]
[s5_nogo2]  freeze input dims:     [0, 1, 2, 3, 4, 5, 6]
[s5_nogo2] ────────────────────────────────────────────────────────────
[s5_nogo2]  data: [516, 444, 7] → [516, 444, 2]
[s5_nogo2]  loss=separated  dpa_w=1.0  gng_w=1.0  go_w=1.0  nogo_w=2.0  aux_w=1.0  bl_w=1.0
Epoch 005/100 | lr: 0.01000 | train: 0.5389 | val: 0.5482
Epoch 010/100 | lr: 0.01000 | train: 0.4867 | val: 0.5030
Epoch 015/100 | lr: 0.01000 | train: 0.4598 | val: 0.4645
Epoch 020/100 | lr: 0.01000 | train: 0.4162 | val: 0.4153
Epoch 025/100 | lr: 0.01000 | train: 0.3814 | val: 0.3889
Epoch 030/100 | lr: 0.01000 | train: 0.3442 | val: 0.3573
Epoch 035/100 | lr: 0.01000 | train: 0.3268 | val: 0.3258
Epoch 040/100 | lr: 0.01000 | train: 0.2950 | val: 0.3152
Epoch 045/100 | lr: 0.01000 | train: 0.2947 | val: 0.2747
Epoch 050/100 | lr: 0.01000 | train: 0.2629 | val: 0.2674
Epoch 055/100 | lr: 0.01000 | train: 0.2418 | val: 0.2511
Epoch 060/100 | lr: 0.01000 | train: 0.2320 | val: 0.2391
Epoch 065/100 | lr: 0.01000 | train: 0.2195 | val: 0.2202
Epoch 070/100 | lr: 0.01000 | train: 0.2066 | val: 0.2033
Epoch 075/100 | lr: 0.01000 | train: 0.1972 | val: 0.1902
Epoch 080/100 | lr: 0.01000 | train: 0.1911 | val: 0.1864
Epoch 085/100 | lr: 0.01000 | train: 0.1840 | val: 0.1869
Epoch 090/100 | lr: 0.01000 | train: 0.1760 | val: 0.1684
Epoch 095/100 | lr: 0.01000 | train: 0.1681 | val: 0.1699
Epoch 100/100 | lr: 0.01000 | train: 0.1638 | val: 0.1523
[s5_nogo2]  loss components: {'dpa': 0.0701, 'gng': 0.0595, 'gng_go': 0.0421, 'gng_nogo': 0.0087, 'baseline': 0.0165, 'aux': 0.0127}
[s5_nogo2]   after Dual: dpa=1.000 (pair=1.000 unpair=1.000)  gng=1.000 (go=1.000 nogo=1.000)
[s5_nogo2]  Dual done in 870.0s  final train=0.1638  val=0.1523  dpa=1.000  gng=1.000
[s5_nogo2]  ┌── params: after Dual
[s5_nogo2]  │  rank 0: ||m||=35.873  ||n||=38.402  corr(m,n)=+0.813
[s5_nogo2]  │  rank 1: ||m||=29.981  ||n||=69.088  corr(m,n)=+0.628
[s5_nogo2]  │  κ-Jacobian eigvals (gain·n^Tm/N): +2.1607  +2.5690
[s5_nogo2]  │  Wi: ||·||_F=59.364  per-channel=21.31 19.84 31.11 33.10 12.50 16.31 13.82
[s5_nogo2]  └──────────────────────────────────────────────────
[s5_nogo2] ════════════════════════════════════════════════════════════
[s5_nogo2]  RUN COMPLETE  2026-06-08 18:04:19  total=1629.9s
[s5_nogo2]  ACCURACY SUMMARY
[s5_nogo2]    after DPA : dpa=0.998  gng=0.364
[s5_nogo2]    after GNG : dpa=1.000  gng=1.000
[s5_nogo2]    after Dual: dpa=1.000  gng=1.000  dual_dpa=0.998  dual_gng=0.991
[s5_nogo2] ════════════════════════════════════════════════════════════
