[s1_softplus] ════════════════════════════════════════════════════════════
[s1_softplus]  RUN START  2026-06-09 04:17:40
[s1_softplus]  run_id=s1_softplus  seed=1  device=cuda:1
[s1_softplus]  arch:  hidden=512  rank=2  gain=1.0  input_size=7  params=6,144
[s1_softplus]  task:  cue_on_go=True  rwd=True  rwd_scale=1.0  freeze_input_stages=['gng', 'dual']  init=random
[s1_softplus]  dynamics: alpha=0.0750  alpha_rec=0.1000  dt=0.0225  tau=0.3  tau_rec_frac=0.75
[s1_softplus]  noise:  input_sigma=0.3732 (×1.0)  model_sigma=0.0000 (×0.0)
[s1_softplus]  optim:  lr=0.01  wd=0.01  batch=64  n_batch=516  clip=None
[s1_softplus]  epochs: dpa=100  gng=100  dual=100  loss=separated
[s1_softplus]  shapes: m[512, 2]  n[512, 2]  Wi[512, 7]
[s1_softplus]  ┌── params: init
[s1_softplus]  │  rank 0: ||m||=22.898  ||n||=22.288  corr(m,n)=-0.020
[s1_softplus]  │  rank 1: ||m||=23.302  ||n||=22.428  corr(m,n)=+0.009
[s1_softplus]  │  κ-Jacobian eigvals (gain·n^Tm/N): -0.0155  +0.0043
[s1_softplus]  │  Wi: ||·||_F=58.820  per-channel=21.94 22.58 22.12 21.70 21.92 23.07 22.27
[s1_softplus]  └──────────────────────────────────────────────────
[s1_softplus] ────────────────────────────────────────────────────────────
[s1_softplus]  STAGE: DPA   device=cuda:1   epochs=100
[s1_softplus]  freeze input dims:     [4, 5]
[s1_softplus] ────────────────────────────────────────────────────────────
[s1_softplus]  data: [516, 444, 7] → [516, 444, 2]
Epoch 005/100 | lr: 0.01000 | train: 1.9851 | val: 1.9769
Epoch 010/100 | lr: 0.01000 | train: 1.9238 | val: 1.9004
Epoch 015/100 | lr: 0.01000 | train: 1.1058 | val: 1.1133
Epoch 020/100 | lr: 0.01000 | train: 0.9398 | val: 0.9740
Epoch 025/100 | lr: 0.01000 | train: 0.7820 | val: 0.8326
Epoch 030/100 | lr: 0.01000 | train: 0.5868 | val: 0.6034
Epoch 035/100 | lr: 0.01000 | train: 0.2057 | val: 0.1889
Epoch 040/100 | lr: 0.01000 | train: 0.0989 | val: 0.0971
Stopping: losses below 0.1.
[s1_softplus]   after DPA: dpa=1.000 (pair=1.000 unpair=1.000)  gng=0.498 (go=0.000 nogo=1.000)
[s1_softplus]  DPA done in 792.3s  final train=0.0989  val=0.0971  dpa=1.000  gng=0.498
[s1_softplus]  ┌── params: after DPA
[s1_softplus]  │  rank 0: ||m||=42.332  ||n||=28.906  corr(m,n)=+0.768
[s1_softplus]  │  rank 1: ||m||=37.135  ||n||=28.857  corr(m,n)=+0.772
[s1_softplus]  │  κ-Jacobian eigvals (gain·n^Tm/N): +1.8992  +1.5513
[s1_softplus]  │  Wi: ||·||_F=76.676  per-channel=25.02 24.20 38.97 39.61 21.92 23.07 23.82
[s1_softplus]  └──────────────────────────────────────────────────
[s1_softplus] ────────────────────────────────────────────────────────────
[s1_softplus]  STAGE: GNG   device=cuda:1   epochs=100
[s1_softplus]  freeze recurrent cols: [0]
[s1_softplus]  freeze input dims:     [0, 1, 2, 3, 4, 5, 6]
[s1_softplus] ────────────────────────────────────────────────────────────
[s1_softplus]  data: [516, 266, 7] → [516, 266, 2]
Epoch 005/100 | lr: 0.01000 | train: 1.6320 | val: 1.5907
Epoch 010/100 | lr: 0.01000 | train: 1.3938 | val: 1.3521
Epoch 015/100 | lr: 0.01000 | train: 0.9249 | val: 0.8367
Epoch 020/100 | lr: 0.01000 | train: 0.3540 | val: 0.3691
Epoch 025/100 | lr: 0.01000 | train: 0.2448 | val: 0.2639
Epoch 030/100 | lr: 0.01000 | train: 0.1863 | val: 0.1895
Epoch 035/100 | lr: 0.01000 | train: 0.1584 | val: 0.1612
Epoch 040/100 | lr: 0.01000 | train: 0.1334 | val: 0.1492
Epoch 045/100 | lr: 0.01000 | train: 0.1196 | val: 0.1201
Epoch 050/100 | lr: 0.01000 | train: 0.1075 | val: 0.1075
Stopping: losses below 0.1.
[s1_softplus]   after GNG: dpa=0.750 (pair=1.000 unpair=0.494)  gng=0.991 (go=1.000 nogo=0.982)
[s1_softplus]  GNG done in 762.7s  final train=0.0964  val=0.0979  dpa=0.750  gng=0.991
[s1_softplus]  ┌── params: after GNG
[s1_softplus]  │  rank 0: ||m||=42.332  ||n||=28.906  corr(m,n)=+0.768
[s1_softplus]  │  rank 1: ||m||=42.707  ||n||=32.185  corr(m,n)=+0.747
[s1_softplus]  │  κ-Jacobian eigvals (gain·n^Tm/N): +1.7696  +2.0696
[s1_softplus]  │  Wi: ||·||_F=76.676  per-channel=25.02 24.20 38.97 39.61 21.92 23.07 23.82
[s1_softplus]  └──────────────────────────────────────────────────
[s1_softplus] ────────────────────────────────────────────────────────────
[s1_softplus]  STAGE: Dual   device=cuda:1   epochs=100
[s1_softplus]  freeze recurrent cols: [0]
[s1_softplus]  freeze input dims:     [0, 1, 2, 3, 4, 5, 6]
[s1_softplus] ────────────────────────────────────────────────────────────
[s1_softplus]  data: [516, 444, 7] → [516, 444, 2]
[s1_softplus]  loss=separated  dpa_w=1.0  gng_w=1.0  go_w=1.0  nogo_w=2.0  aux_w=1.0  bl_w=1.0  go_hinge=1.0
Epoch 005/100 | lr: 0.01000 | train: 0.5264 | val: 0.5855
Epoch 010/100 | lr: 0.01000 | train: 0.4569 | val: 0.4961
Epoch 015/100 | lr: 0.01000 | train: 0.4349 | val: 0.4562
Epoch 020/100 | lr: 0.01000 | train: 0.4109 | val: 0.4342
Epoch 025/100 | lr: 0.01000 | train: 0.3973 | val: 0.4166
Epoch 030/100 | lr: 0.01000 | train: 0.3842 | val: 0.3968
Epoch 035/100 | lr: 0.01000 | train: 0.3692 | val: 0.3837
Epoch 040/100 | lr: 0.01000 | train: 0.3569 | val: 0.3714
Epoch 045/100 | lr: 0.01000 | train: 0.3518 | val: 0.3678
Epoch 050/100 | lr: 0.01000 | train: 0.3420 | val: 0.3537
Epoch 055/100 | lr: 0.01000 | train: 0.3354 | val: 0.3487
Epoch 060/100 | lr: 0.01000 | train: 0.3285 | val: 0.3375
Epoch 065/100 | lr: 0.01000 | train: 0.3250 | val: 0.3306
Epoch 070/100 | lr: 0.01000 | train: 0.3173 | val: 0.3242
Epoch 075/100 | lr: 0.01000 | train: 0.3146 | val: 0.3307
Epoch 080/100 | lr: 0.01000 | train: 0.3048 | val: 0.3115
Epoch 085/100 | lr: 0.01000 | train: 0.3003 | val: 0.3052
Epoch 090/100 | lr: 0.01000 | train: 0.2961 | val: 0.2991
Epoch 095/100 | lr: 0.01000 | train: 0.2868 | val: 0.2943
Epoch 100/100 | lr: 0.01000 | train: 0.2789 | val: 0.2888
[s1_softplus]  loss components: {'dpa': 0.0625, 'gng': 0.2555, 'gng_go': 0.127, 'gng_nogo': 0.0642, 'baseline': 0.0035, 'aux': 0.006}
[s1_softplus]   after Dual: dpa=1.000 (pair=1.000 unpair=1.000)  gng=1.000 (go=1.000 nogo=1.000)
[s1_softplus]  Dual done in 2110.2s  final train=0.2789  val=0.2888  dpa=1.000  gng=1.000
[s1_softplus]  ┌── params: after Dual
[s1_softplus]  │  rank 0: ||m||=42.332  ||n||=28.906  corr(m,n)=+0.768
[s1_softplus]  │  rank 1: ||m||=40.674  ||n||=31.786  corr(m,n)=+0.656
[s1_softplus]  │  κ-Jacobian eigvals (gain·n^Tm/N): +1.8420  +1.6505
[s1_softplus]  │  Wi: ||·||_F=76.676  per-channel=25.02 24.20 38.97 39.61 21.92 23.07 23.82
[s1_softplus]  └──────────────────────────────────────────────────
[s1_softplus] ════════════════════════════════════════════════════════════
[s1_softplus]  RUN COMPLETE  2026-06-09 05:18:45  total=3669.2s
[s1_softplus]  ACCURACY SUMMARY
[s1_softplus]    after DPA : dpa=1.000  gng=0.498
[s1_softplus]    after GNG : dpa=0.750  gng=0.991
[s1_softplus]    after Dual: dpa=1.000  gng=1.000  dual_dpa=0.999  dual_gng=0.987
[s1_softplus] ════════════════════════════════════════════════════════════
