[s1] ════════════════════════════════════════════════════════════
[s1]  RUN START  2026-07-01 19:15:33
[s1]  run_id=s1  seed=1  device=cuda:1
[s1]  arch:  N=1000 (E=750 I=250)  K=125 (prob 0.167)  rank=2  gain=1.0  input_size=6  params=3,000
[s1]  task:  cue_on_go=True  rwd=False  rwd_scale=1.0  freeze_input_stages=['dual']  init=random
[s1]  dynamics: dt=0.0225  tau=(0.4, 0.2)s  tau_syn=(0.2, 0.1)s  STP(use=0.05 tau_fac=1.0s tau_rec=0.2s)  j_stp=1.0
[s1]  noise:  input_sigma=0.3732 (×1.0)  model_sigma=0.0000 (×0.0)
[s1]  optim:  lr=0.1  wd=0.01  batch=32  n_batch=256  clip=None
[s1]  epochs: dpa=200  gng=100  dual=100  loss=separated
[s1]  shapes: m[750, 2]  n[750, 2]  Wi[750, 6]
[s1]  ┌── params: init
[s1]  │  rank 0: ||m||=27.365  ||n||=27.365  corr(m,n)=+1.000
[s1]  │  rank 1: ||m||=26.733  ||n||=26.733  corr(m,n)=+1.000
[s1]  │  low-rank overlap n^Tm/N (modulates STP E→E): +1.0132  +0.9381
[s1]  │  Wi: ||·||_F=68.513  per-channel=28.15 28.18 27.38 27.38 28.40 28.32
[s1]  └──────────────────────────────────────────────────
[s1] ────────────────────────────────────────────────────────────
[s1]  STAGE: DPA   device=cuda:1   epochs=200
[s1] ────────────────────────────────────────────────────────────
[s1]  data: [256, 444, 6] → [256, 444, 2]
Epoch 005/200 | lr: 0.10000 | train: 3.6084 | val: 3.5836
Epoch 010/200 | lr: 0.10000 | train: 3.4053 | val: 3.4255
Epoch 015/200 | lr: 0.10000 | train: 3.2395 | val: 3.2988
Epoch 020/200 | lr: 0.10000 | train: 3.0931 | val: 3.2029
Epoch 025/200 | lr: 0.10000 | train: 2.9728 | val: 3.1078
Epoch 030/200 | lr: 0.10000 | train: 2.8530 | val: 3.0249
Epoch 035/200 | lr: 0.10000 | train: 2.7442 | val: 2.9370
Epoch 040/200 | lr: 0.10000 | train: 2.6185 | val: 2.8421
Epoch 045/200 | lr: 0.10000 | train: 2.5025 | val: 2.7464
Epoch 050/200 | lr: 0.10000 | train: 2.3651 | val: 2.6422
Epoch 055/200 | lr: 0.10000 | train: 2.2514 | val: 2.5490
Epoch 060/200 | lr: 0.10000 | train: 2.1307 | val: 2.4629
Epoch 065/200 | lr: 0.10000 | train: 2.0419 | val: 2.3867
Epoch 070/200 | lr: 0.10000 | train: 1.9760 | val: 2.3318
Epoch 075/200 | lr: 0.10000 | train: 1.8850 | val: 2.2808
Epoch 080/200 | lr: 0.10000 | train: 1.8084 | val: 2.2469
Epoch 085/200 | lr: 0.10000 | train: 1.7474 | val: 2.1997
Epoch 090/200 | lr: 0.10000 | train: 1.7058 | val: 2.1639
Epoch 095/200 | lr: 0.10000 | train: 1.6345 | val: 2.1251
Epoch 100/200 | lr: 0.10000 | train: 1.5813 | val: 2.0746
Epoch 105/200 | lr: 0.10000 | train: 1.4775 | val: 1.9980
Epoch 110/200 | lr: 0.10000 | train: 1.3166 | val: 1.8398
Epoch 115/200 | lr: 0.10000 | train: 1.0521 | val: 1.5401
Epoch 120/200 | lr: 0.10000 | train: 0.6271 | val: 0.9367
Epoch 125/200 | lr: 0.10000 | train: 0.2107 | val: 0.3513
Epoch 130/200 | lr: 0.10000 | train: 0.1246 | val: 0.2353
Epoch 135/200 | lr: 0.10000 | train: 0.0893 | val: 0.1822
Epoch 140/200 | lr: 0.10000 | train: 0.0668 | val: 0.1391
Epoch 145/200 | lr: 0.10000 | train: 0.0523 | val: 0.1134
Epoch 150/200 | lr: 0.10000 | train: 0.0440 | val: 0.0955
Stopping: losses below 0.1.
[s1]   after DPA: dpa=1.000 (pair=1.000 unpair=1.000)  gng=0.493 (go=0.000 nogo=1.000)
[s1]  DPA done in 737.5s  final train=0.0440  val=0.0955  dpa=1.000  gng=0.493
[s1]  ┌── params: after DPA
[s1]  │  rank 0: ||m||=2107.756  ||n||=455.894  corr(m,n)=+0.785
[s1]  │  rank 1: ||m||=1202.811  ||n||=306.917  corr(m,n)=+0.339
[s1]  │  low-rank overlap n^Tm/N (modulates STP E→E): +990.7788  +181.4469
[s1]  │  Wi: ||·||_F=68.513  per-channel=28.15 28.18 27.38 27.38 28.40 28.32
[s1]  └──────────────────────────────────────────────────
[s1] ────────────────────────────────────────────────────────────
[s1]  STAGE: GNG   device=cuda:1   epochs=100
[s1]  freeze recurrent cols: [0]
[s1]  freeze input dims:     [0, 1, 2, 3]
[s1] ────────────────────────────────────────────────────────────
[s1]  data: [256, 266, 6] → [256, 266, 2]
Epoch 005/100 | lr: 0.10000 | train: 1.0917 | val: 1.0546
Epoch 010/100 | lr: 0.10000 | train: 0.9356 | val: 0.9046
Epoch 015/100 | lr: 0.10000 | train: 0.8331 | val: 0.7982
Epoch 020/100 | lr: 0.10000 | train: 0.7578 | val: 0.7174
Epoch 025/100 | lr: 0.10000 | train: 0.7016 | val: 0.6650
Epoch 030/100 | lr: 0.10000 | train: 0.6572 | val: 0.6247
Epoch 035/100 | lr: 0.10000 | train: 0.6295 | val: 0.6003
Epoch 040/100 | lr: 0.10000 | train: 0.6076 | val: 0.5772
Epoch 045/100 | lr: 0.10000 | train: 0.5903 | val: 0.5592
Epoch 050/100 | lr: 0.10000 | train: 0.5769 | val: 0.5465
Epoch 055/100 | lr: 0.10000 | train: 0.5603 | val: 0.5330
Epoch 060/100 | lr: 0.10000 | train: 0.5551 | val: 0.5209
Epoch 065/100 | lr: 0.10000 | train: 0.5343 | val: 0.5123
Epoch 070/100 | lr: 0.10000 | train: 0.5252 | val: 0.5003
Epoch 075/100 | lr: 0.10000 | train: 0.5133 | val: 0.4885
Epoch 080/100 | lr: 0.10000 | train: 0.5045 | val: 0.4802
Epoch 085/100 | lr: 0.10000 | train: 0.4905 | val: 0.4669
Epoch 090/100 | lr: 0.10000 | train: 0.4806 | val: 0.4575
Epoch 095/100 | lr: 0.10000 | train: 0.4658 | val: 0.4480
Epoch 100/100 | lr: 0.10000 | train: 0.4595 | val: 0.4383
[s1]   after GNG: dpa=0.746 (pair=1.000 unpair=0.495)  gng=0.967 (go=0.981 nogo=0.952)
[s1]  GNG done in 304.4s  final train=0.4595  val=0.4383  dpa=0.746  gng=0.967
[s1]  ┌── params: after GNG
[s1]  │  rank 0: ||m||=2107.756  ||n||=455.894  corr(m,n)=+0.785
[s1]  │  rank 1: ||m||=1322.633  ||n||=349.246  corr(m,n)=+0.218
[s1]  │  low-rank overlap n^Tm/N (modulates STP E→E): +947.9770  +191.4724
[s1]  │  Wi: ||·||_F=68.513  per-channel=28.15 28.18 27.38 27.38 28.40 28.32
[s1]  └──────────────────────────────────────────────────
[s1] ────────────────────────────────────────────────────────────
[s1]  STAGE: Dual   device=cuda:1   epochs=100
[s1]  freeze input dims:     [0, 1, 2, 3, 4, 5]
[s1] ────────────────────────────────────────────────────────────
[s1]  data: [256, 444, 6] → [256, 444, 2]
[s1]  loss=separated  dpa_w=1.0  gng_w=1.0  go_w=1.0  nogo_w=1.0  aux_w=1.0  bl_w=1.0  go_hinge=1.0
Epoch 005/100 | lr: 0.10000 | train: 2.9911 | val: 2.3935
Epoch 010/100 | lr: 0.10000 | train: 1.3221 | val: 1.3008
Epoch 015/100 | lr: 0.10000 | train: 0.7713 | val: 0.7837
Epoch 020/100 | lr: 0.10000 | train: 0.5324 | val: 0.6084
Epoch 025/100 | lr: 0.10000 | train: 0.4643 | val: 0.5513
Epoch 030/100 | lr: 0.10000 | train: 0.4281 | val: 0.5090
Epoch 035/100 | lr: 0.10000 | train: 0.3827 | val: 0.4756
Epoch 040/100 | lr: 0.10000 | train: 0.3551 | val: 0.4323
Epoch 045/100 | lr: 0.10000 | train: 0.3310 | val: 0.4032
Epoch 050/100 | lr: 0.10000 | train: 0.2967 | val: 0.3719
Epoch 055/100 | lr: 0.10000 | train: 0.2777 | val: 0.3486
Epoch 060/100 | lr: 0.10000 | train: 0.2698 | val: 0.3339
Epoch 065/100 | lr: 0.10000 | train: 0.2406 | val: 0.3039
Epoch 070/100 | lr: 0.10000 | train: 0.2344 | val: 0.3035
Epoch 075/100 | lr: 0.10000 | train: 0.2099 | val: 0.2697
Epoch 080/100 | lr: 0.10000 | train: 0.1946 | val: 0.2576
Epoch 085/100 | lr: 0.10000 | train: 0.1859 | val: 0.2380
Epoch 090/100 | lr: 0.10000 | train: 0.1804 | val: 0.2253
Epoch 095/100 | lr: 0.10000 | train: 0.1613 | val: 0.2132
Epoch 100/100 | lr: 0.10000 | train: 0.1585 | val: 0.2136
[s1]  loss components: {'dpa': 0.0214, 'gng': 0.0389, 'gng_go': 0.0093, 'gng_nogo': 0.0296, 'baseline': 0.0187, 'aux': 0.0791}
[s1]   after Dual: dpa=1.000 (pair=1.000 unpair=1.000)  gng=0.998 (go=0.996 nogo=1.000)
[s1]  Dual done in 509.6s  final train=0.1585  val=0.2136  dpa=1.000  gng=0.998
[s1]  ┌── params: after Dual
[s1]  │  rank 0: ||m||=2216.591  ||n||=456.603  corr(m,n)=+0.794
[s1]  │  rank 1: ||m||=1407.618  ||n||=352.680  corr(m,n)=+0.254
[s1]  │  low-rank overlap n^Tm/N (modulates STP E→E): +1007.8073  +231.0614
[s1]  │  Wi: ||·||_F=68.513  per-channel=28.15 28.18 27.38 27.38 28.40 28.32
[s1]  └──────────────────────────────────────────────────
[s1] ════════════════════════════════════════════════════════════
[s1]  RUN COMPLETE  2026-07-01 19:41:24  total=1552.5s
[s1]  ACCURACY SUMMARY
[s1]    after DPA : dpa=1.000  gng=0.493
[s1]    after GNG : dpa=0.746  gng=0.967
[s1]    after Dual: dpa=1.000  gng=0.998  dual_dpa=1.000  dual_gng=0.956
[s1] ════════════════════════════════════════════════════════════
