[s8_fixedW] ════════════════════════════════════════════════════════════
[s8_fixedW]  RUN START  2026-06-08 16:37:48
[s8_fixedW]  run_id=s8_fixedW  seed=8  device=cuda:0
[s8_fixedW]  arch:  hidden=512  rank=2  gain=1.0  input_size=7  params=6,144
[s8_fixedW]  task:  cue_on_go=True  rwd=True  rwd_scale=1.0  freeze_input_stages=['dual']  init=random
[s8_fixedW]  dynamics: alpha=0.0750  alpha_rec=0.1000  dt=0.0225  tau=0.3  tau_rec_frac=0.75
[s8_fixedW]  noise:  input_sigma=0.3732 (×1.0)  model_sigma=0.0000 (×0.0)
[s8_fixedW]  optim:  lr=0.01  wd=0.01  batch=64  n_batch=516  clip=None
[s8_fixedW]  epochs: dpa=100  gng=100  dual=100  loss=separated
[s8_fixedW]  shapes: m[512, 2]  n[512, 2]  Wi[512, 7]
[s8_fixedW]  ┌── params: init
[s8_fixedW]  │  rank 0: ||m||=21.882  ||n||=22.260  corr(m,n)=+0.051
[s8_fixedW]  │  rank 1: ||m||=23.191  ||n||=22.746  corr(m,n)=+0.052
[s8_fixedW]  │  κ-Jacobian eigvals (gain·n^Tm/N): +0.0400  +0.0614
[s8_fixedW]  │  Wi: ||·||_F=58.682  per-channel=22.28 22.71 21.71 21.44 22.33 22.66 22.10
[s8_fixedW]  └──────────────────────────────────────────────────
[s8_fixedW] ────────────────────────────────────────────────────────────
[s8_fixedW]  STAGE: DPA   device=cuda:0   epochs=100
[s8_fixedW] ────────────────────────────────────────────────────────────
[s8_fixedW]  data: [516, 444, 7] → [516, 444, 2]
Epoch 005/100 | lr: 0.01000 | train: 1.9464 | val: 1.9537
Epoch 010/100 | lr: 0.01000 | train: 1.3552 | val: 1.1890
Epoch 015/100 | lr: 0.01000 | train: 0.9779 | val: 0.9809
Epoch 020/100 | lr: 0.01000 | train: 0.7840 | val: 0.7984
Epoch 025/100 | lr: 0.01000 | train: 0.5384 | val: 0.5437
Epoch 030/100 | lr: 0.01000 | train: 0.3799 | val: 0.4060
Epoch 035/100 | lr: 0.01000 | train: 0.2328 | val: 0.3022
Epoch 040/100 | lr: 0.01000 | train: 0.1659 | val: 0.2017
Epoch 045/100 | lr: 0.01000 | train: 0.1237 | val: 0.2253
Epoch 050/100 | lr: 0.01000 | train: 0.1203 | val: 0.1372
Epoch 055/100 | lr: 0.01000 | train: 0.0816 | val: 0.1096
Stopping: losses below 0.1.
[s8_fixedW]   after DPA: dpa=0.994  gng=0.531
[s8_fixedW]  DPA done in 473.2s  final train=0.0847  val=0.0986  dpa=0.994  gng=0.531
[s8_fixedW]  ┌── params: after DPA
[s8_fixedW]  │  rank 0: ||m||=31.720  ||n||=38.533  corr(m,n)=+0.771
[s8_fixedW]  │  rank 1: ||m||=34.611  ||n||=46.990  corr(m,n)=+0.785
[s8_fixedW]  │  κ-Jacobian eigvals (gain·n^Tm/N): +1.8328  +2.5020
[s8_fixedW]  │  Wi: ||·||_F=54.899  per-channel=19.35 19.75 31.61 28.80 10.90 11.54 12.98
[s8_fixedW]  └──────────────────────────────────────────────────
[s8_fixedW] ────────────────────────────────────────────────────────────
[s8_fixedW]  STAGE: GNG   device=cuda:0   epochs=100
[s8_fixedW]  freeze recurrent cols: [0]
[s8_fixedW]  freeze input dims:     [0, 1, 2, 3, 6]
[s8_fixedW] ────────────────────────────────────────────────────────────
[s8_fixedW]  data: [516, 266, 7] → [516, 266, 2]
Epoch 005/100 | lr: 0.01000 | train: 0.1840 | val: 0.1605
Epoch 010/100 | lr: 0.01000 | train: 0.1118 | val: 0.1044
Stopping: losses below 0.1.
[s8_fixedW]   after GNG: dpa=0.998  gng=1.000
[s8_fixedW]  GNG done in 61.4s  final train=0.0976  val=0.0930  dpa=0.998  gng=1.000
[s8_fixedW]  ┌── params: after GNG
[s8_fixedW]  │  rank 0: ||m||=31.720  ||n||=38.533  corr(m,n)=+0.771
[s8_fixedW]  │  rank 1: ||m||=33.979  ||n||=46.760  corr(m,n)=+0.747
[s8_fixedW]  │  κ-Jacobian eigvals (gain·n^Tm/N): +1.8458  +2.3135
[s8_fixedW]  │  Wi: ||·||_F=55.609  per-channel=19.35 19.75 31.61 28.80 12.13 13.54 12.98
[s8_fixedW]  └──────────────────────────────────────────────────
[s8_fixedW] ────────────────────────────────────────────────────────────
[s8_fixedW]  STAGE: Dual   device=cuda:0   epochs=100
[s8_fixedW]  freeze recurrent cols: [0]
[s8_fixedW]  freeze input dims:     [0, 1, 2, 3, 4, 5, 6]
[s8_fixedW] ────────────────────────────────────────────────────────────
[s8_fixedW]  data: [516, 444, 7] → [516, 444, 2]
[s8_fixedW]  loss=separated  dpa_w=1.0  gng_w=1.0  go_w=1.0  nogo_w=2.0  aux_w=1.0  bl_w=1.0
Epoch 005/100 | lr: 0.01000 | train: 0.5311 | val: 0.5217
Epoch 010/100 | lr: 0.01000 | train: 0.4834 | val: 0.4613
Epoch 015/100 | lr: 0.01000 | train: 0.4347 | val: 0.4069
Epoch 020/100 | lr: 0.01000 | train: 0.3833 | val: 0.3620
Epoch 025/100 | lr: 0.01000 | train: 0.3488 | val: 0.3276
Epoch 030/100 | lr: 0.01000 | train: 0.3099 | val: 0.2982
Epoch 035/100 | lr: 0.01000 | train: 0.2737 | val: 0.2674
Epoch 040/100 | lr: 0.01000 | train: 0.2507 | val: 0.2381
Epoch 045/100 | lr: 0.01000 | train: 0.2204 | val: 0.2217
Epoch 050/100 | lr: 0.01000 | train: 0.2067 | val: 0.1986
Epoch 055/100 | lr: 0.01000 | train: 0.1856 | val: 0.1771
Epoch 060/100 | lr: 0.01000 | train: 0.1706 | val: 0.1668
Epoch 065/100 | lr: 0.01000 | train: 0.1560 | val: 0.1564
Epoch 070/100 | lr: 0.01000 | train: 0.1436 | val: 0.1437
Epoch 075/100 | lr: 0.01000 | train: 0.1359 | val: 0.1349
Epoch 080/100 | lr: 0.01000 | train: 0.1274 | val: 0.1326
Epoch 085/100 | lr: 0.01000 | train: 0.1204 | val: 0.1280
Epoch 090/100 | lr: 0.01000 | train: 0.1155 | val: 0.1140
Epoch 095/100 | lr: 0.01000 | train: 0.1050 | val: 0.1135
Epoch 100/100 | lr: 0.01000 | train: 0.0980 | val: 0.1031
[s8_fixedW]  loss components: {'dpa': 0.0595, 'gng': 0.0293, 'gng_go': 0.0166, 'gng_nogo': 0.0063, 'baseline': 0.0138, 'aux': 0.0089}
[s8_fixedW]   after Dual: dpa=0.998  gng=1.000
[s8_fixedW]  Dual done in 822.8s  final train=0.0980  val=0.1031  dpa=0.998  gng=1.000
[s8_fixedW]  ┌── params: after Dual
[s8_fixedW]  │  rank 0: ||m||=31.720  ||n||=38.533  corr(m,n)=+0.771
[s8_fixedW]  │  rank 1: ||m||=35.859  ||n||=64.893  corr(m,n)=+0.606
[s8_fixedW]  │  κ-Jacobian eigvals (gain·n^Tm/N): +1.8356  +2.7582
[s8_fixedW]  │  Wi: ||·||_F=55.609  per-channel=19.35 19.75 31.61 28.80 12.13 13.54 12.98
[s8_fixedW]  └──────────────────────────────────────────────────
[s8_fixedW] ════════════════════════════════════════════════════════════
[s8_fixedW]  RUN COMPLETE  2026-06-08 17:00:26  total=1360.3s
[s8_fixedW]  ACCURACY SUMMARY
[s8_fixedW]    after DPA : dpa=0.994  gng=0.531
[s8_fixedW]    after GNG : dpa=0.998  gng=1.000
[s8_fixedW]    after Dual: dpa=0.998  gng=1.000  dual_dpa=0.998  dual_gng=0.997
[s8_fixedW] ════════════════════════════════════════════════════════════
