[s8_cue5] ════════════════════════════════════════════════════════════
[s8_cue5]  RUN START  2026-06-09 03:37:07
[s8_cue5]  run_id=s8_cue5  seed=8  device=cuda:0
[s8_cue5]  arch:  hidden=512  rank=2  gain=1.0  input_size=7  params=6,144
[s8_cue5]  task:  cue_on_go=True  rwd=True  rwd_scale=1.0  freeze_input_stages=['gng', 'dual']  init=random
[s8_cue5]  dynamics: alpha=0.0750  alpha_rec=0.1000  dt=0.0225  tau=0.3  tau_rec_frac=0.75
[s8_cue5]  noise:  input_sigma=0.3732 (×1.0)  model_sigma=0.0000 (×0.0)
[s8_cue5]  optim:  lr=0.01  wd=0.01  batch=64  n_batch=516  clip=None
[s8_cue5]  epochs: dpa=100  gng=100  dual=100  loss=separated
[s8_cue5]  shapes: m[512, 2]  n[512, 2]  Wi[512, 7]
[s8_cue5]  ┌── params: init
[s8_cue5]  │  rank 0: ||m||=21.882  ||n||=22.260  corr(m,n)=+0.051
[s8_cue5]  │  rank 1: ||m||=23.191  ||n||=22.746  corr(m,n)=+0.052
[s8_cue5]  │  κ-Jacobian eigvals (gain·n^Tm/N): +0.0400  +0.0614
[s8_cue5]  │  Wi: ||·||_F=58.682  per-channel=22.28 22.71 21.71 21.44 22.33 22.66 22.10
[s8_cue5]  └──────────────────────────────────────────────────
[s8_cue5]  DPA: loading checkpoint from results/dual/sweep_hingeGNG/s8_hingeGNG/dpa_s8_hingeGNG.pth
[s8_cue5]   after DPA: dpa=0.996 (pair=0.994 unpair=0.998)  gng=0.497 (go=0.000 nogo=1.000)
[s8_cue5]  DPA done in 1.8s  (checkpoint)  dpa=0.996  gng=0.497
[s8_cue5]  ┌── params: after DPA
[s8_cue5]  │  rank 0: ||m||=38.297  ||n||=39.150  corr(m,n)=+0.797
[s8_cue5]  │  rank 1: ||m||=33.819  ||n||=49.008  corr(m,n)=+0.861
[s8_cue5]  │  κ-Jacobian eigvals (gain·n^Tm/N): +2.3200  +2.8021
[s8_cue5]  │  Wi: ||·||_F=69.174  per-channel=20.90 20.20 39.36 35.40 22.33 22.66 11.22
[s8_cue5]  └──────────────────────────────────────────────────
[s8_cue5]  GNG: loading checkpoint from results/dual/sweep_hingeGNG/s8_hingeGNG/naive_s8_hingeGNG.pth
[s8_cue5]   after GNG: dpa=0.999 (pair=0.998 unpair=1.000)  gng=0.554 (go=1.000 nogo=0.121)
[s8_cue5]  GNG done in 0.7s  (checkpoint)  dpa=0.999  gng=0.554
[s8_cue5]  ┌── params: after GNG
[s8_cue5]  │  rank 0: ||m||=38.297  ||n||=39.150  corr(m,n)=+0.797
[s8_cue5]  │  rank 1: ||m||=31.563  ||n||=55.068  corr(m,n)=+0.712
[s8_cue5]  │  κ-Jacobian eigvals (gain·n^Tm/N): +2.3023  +2.4495
[s8_cue5]  │  Wi: ||·||_F=69.174  per-channel=20.90 20.20 39.36 35.40 22.33 22.66 11.22
[s8_cue5]  └──────────────────────────────────────────────────
[s8_cue5] ────────────────────────────────────────────────────────────
[s8_cue5]  STAGE: Dual   device=cuda:0   epochs=100
[s8_cue5]  freeze recurrent cols: [0]
[s8_cue5]  freeze input dims:     [0, 1, 2, 3, 4, 5, 6]
[s8_cue5] ────────────────────────────────────────────────────────────
[s8_cue5]  data: [516, 444, 7] → [516, 444, 2]
[s8_cue5]  loss=separated  dpa_w=1.0  gng_w=1.0  go_w=1.0  nogo_w=2.0  aux_w=1.0  bl_w=1.0  go_hinge=1.0
Epoch 005/100 | lr: 0.01000 | train: 1.1953 | val: 1.1167
Epoch 010/100 | lr: 0.01000 | train: 1.0672 | val: 1.0044
Epoch 015/100 | lr: 0.01000 | train: 0.9651 | val: 0.9084
Epoch 020/100 | lr: 0.01000 | train: 0.8735 | val: 0.8507
Epoch 025/100 | lr: 0.01000 | train: 0.8038 | val: 0.7410
Epoch 030/100 | lr: 0.01000 | train: 0.7447 | val: 0.7562
Epoch 035/100 | lr: 0.01000 | train: 0.6834 | val: 0.6387
Epoch 040/100 | lr: 0.01000 | train: 0.6287 | val: 0.6213
Epoch 045/100 | lr: 0.01000 | train: 0.6037 | val: 0.5871
Epoch 050/100 | lr: 0.01000 | train: 0.5677 | val: 0.5720
Epoch 055/100 | lr: 0.01000 | train: 0.5403 | val: 0.5123
Epoch 060/100 | lr: 0.01000 | train: 0.5170 | val: 0.4981
Epoch 065/100 | lr: 0.01000 | train: 0.4888 | val: 0.4884
Epoch 070/100 | lr: 0.01000 | train: 0.4687 | val: 0.4466
Epoch 075/100 | lr: 0.01000 | train: 0.4501 | val: 0.4443
Epoch 080/100 | lr: 0.01000 | train: 0.4324 | val: 0.4177
Epoch 085/100 | lr: 0.01000 | train: 0.4176 | val: 0.4249
Epoch 090/100 | lr: 0.01000 | train: 0.4038 | val: 0.3916
Epoch 095/100 | lr: 0.01000 | train: 0.3926 | val: 0.3814
Epoch 100/100 | lr: 0.01000 | train: 0.3706 | val: 0.3661
[s8_cue5]  loss components: {'dpa': 0.1637, 'gng': 0.1261, 'gng_go': 0.0855, 'gng_nogo': 0.0203, 'baseline': 0.0159, 'aux': 0.0177}
[s8_cue5]   after Dual: dpa=0.997 (pair=0.994 unpair=1.000)  gng=0.979 (go=0.960 nogo=1.000)
[s8_cue5]  Dual done in 732.8s  final train=0.3706  val=0.3661  dpa=0.997  gng=0.979
[s8_cue5]  ┌── params: after Dual
[s8_cue5]  │  rank 0: ||m||=38.297  ||n||=39.150  corr(m,n)=+0.797
[s8_cue5]  │  rank 1: ||m||=36.350  ||n||=80.947  corr(m,n)=+0.492
[s8_cue5]  │  κ-Jacobian eigvals (gain·n^Tm/N): +2.3162  +2.8469
[s8_cue5]  │  Wi: ||·||_F=69.174  per-channel=20.90 20.20 39.36 35.40 22.33 22.66 11.22
[s8_cue5]  └──────────────────────────────────────────────────
[s8_cue5] ════════════════════════════════════════════════════════════
[s8_cue5]  RUN COMPLETE  2026-06-09 03:49:22  total=737.2s
[s8_cue5]  ACCURACY SUMMARY
[s8_cue5]    after DPA : dpa=0.996  gng=0.497
[s8_cue5]    after GNG : dpa=0.999  gng=0.554
[s8_cue5]    after Dual: dpa=0.997  gng=0.979  dual_dpa=0.972  dual_gng=0.987
[s8_cue5] ════════════════════════════════════════════════════════════
