[s9_norwd] ════════════════════════════════════════════════════════════
[s9_norwd]  RUN START  2026-06-07 17:49:11
[s9_norwd]  run_id=s9_norwd  seed=9  device=cuda:0
[s9_norwd]  arch:  hidden=512  rank=2  gain=1.0  input_size=7  params=6,144
[s9_norwd]  task:  cue_on_go=True  rwd=True  rwd_scale=1.0  freeze_input_stages=['dual']  init=random
[s9_norwd]  dynamics: alpha=0.0750  alpha_rec=0.1000  dt=0.0225  tau=0.3  tau_rec_frac=0.75
[s9_norwd]  noise:  input_sigma=0.3732 (×1.0)  model_sigma=0.3732 (×1.0)
[s9_norwd]  optim:  lr=0.01  wd=0.01  batch=64  n_batch=516  clip=None
[s9_norwd]  epochs: dpa=200  gng=200  dual=200  loss=separated
[s9_norwd]  shapes: m[512, 2]  n[512, 2]  Wi[512, 7]
[s9_norwd]  ┌── params: init
[s9_norwd]  │  rank 0: ||m||=23.029  ||n||=22.465  corr(m,n)=+0.028
[s9_norwd]  │  rank 1: ||m||=22.407  ||n||=23.814  corr(m,n)=+0.019
[s9_norwd]  │  κ-Jacobian eigvals (gain·n^Tm/N): +0.0303  +0.0176
[s9_norwd]  │  Wi: ||·||_F=60.662  per-channel=22.99 23.55 22.57 23.32 22.36 21.71 23.91
[s9_norwd]  └──────────────────────────────────────────────────
[s9_norwd] ────────────────────────────────────────────────────────────
[s9_norwd]  STAGE: DPA   device=cuda:0   epochs=200
[s9_norwd] ────────────────────────────────────────────────────────────
[s9_norwd]  data: [516, 444, 7] → [516, 444, 2]
Epoch 005/200 | lr: 0.01000 | train: 1.9800 | val: 1.9735
Epoch 010/200 | lr: 0.01000 | train: 1.8502 | val: 1.7804
Epoch 015/200 | lr: 0.01000 | train: 1.0969 | val: 1.0412
Epoch 020/200 | lr: 0.01000 | train: 1.0007 | val: 0.9925
Epoch 025/200 | lr: 0.01000 | train: 0.9551 | val: 0.9375
Epoch 030/200 | lr: 0.01000 | train: 0.8626 | val: 0.8293
Epoch 035/200 | lr: 0.01000 | train: 0.6493 | val: 0.6244
Epoch 040/200 | lr: 0.01000 | train: 0.4278 | val: 0.4490
Epoch 045/200 | lr: 0.01000 | train: 0.3196 | val: 0.4197
Epoch 050/200 | lr: 0.01000 | train: 0.3535 | val: 0.3447
Epoch 055/200 | lr: 0.01000 | train: 0.2927 | val: 0.3368
Epoch 060/200 | lr: 0.01000 | train: 0.2863 | val: 0.2991
Epoch 065/200 | lr: 0.00500 | train: 0.2442 | val: 0.2885
Epoch 070/200 | lr: 0.00500 | train: 0.2393 | val: 0.3006
Epoch 075/200 | lr: 0.00250 | train: 0.2286 | val: 0.2464
Epoch 080/200 | lr: 0.00125 | train: 0.2069 | val: 0.2512
Epoch 085/200 | lr: 0.00125 | train: 0.2110 | val: 0.2261
Epoch 090/200 | lr: 0.00125 | train: 0.2211 | val: 0.2559
Epoch 095/200 | lr: 0.00063 | train: 0.2085 | val: 0.2376
Epoch 100/200 | lr: 0.00063 | train: 0.2209 | val: 0.2539
Epoch 105/200 | lr: 0.00031 | train: 0.2153 | val: 0.2321
Epoch 110/200 | lr: 0.00031 | train: 0.2117 | val: 0.2161
Epoch 115/200 | lr: 0.00031 | train: 0.2126 | val: 0.2474
Epoch 120/200 | lr: 0.00016 | train: 0.2156 | val: 0.2225
Epoch 125/200 | lr: 0.00008 | train: 0.2095 | val: 0.2303
Epoch 130/200 | lr: 0.00004 | train: 0.2082 | val: 0.2358
Epoch 135/200 | lr: 0.00002 | train: 0.2018 | val: 0.2294
Epoch 140/200 | lr: 0.00001 | train: 0.2061 | val: 0.2366
Epoch 145/200 | lr: 0.00001 | train: 0.2145 | val: 0.2758
Epoch 150/200 | lr: 0.00001 | train: 0.2151 | val: 0.2569
Epoch 155/200 | lr: 0.00001 | train: 0.2233 | val: 0.2254
Epoch 160/200 | lr: 0.00001 | train: 0.2047 | val: 0.2289
Epoch 165/200 | lr: 0.00001 | train: 0.2152 | val: 0.2223
Epoch 170/200 | lr: 0.00001 | train: 0.2129 | val: 0.2342
Epoch 175/200 | lr: 0.00001 | train: 0.2155 | val: 0.2164
Epoch 180/200 | lr: 0.00001 | train: 0.2027 | val: 0.2615
Epoch 185/200 | lr: 0.00001 | train: 0.2183 | val: 0.2254
Epoch 190/200 | lr: 0.00001 | train: 0.2058 | val: 0.2613
Epoch 195/200 | lr: 0.00001 | train: 0.2160 | val: 0.2262
Epoch 200/200 | lr: 0.00001 | train: 0.2221 | val: 0.2298
[s9_norwd]  projected go ch=4 onto n₁ unit vector
[s9_norwd]   after DPA: dpa=0.980  gng=0.512
[s9_norwd]  DPA done in 1467.4s  final train=0.2221  val=0.2298  dpa=0.980  gng=0.512
[s9_norwd]  ┌── params: after DPA
[s9_norwd]  │  rank 0: ||m||=42.065  ||n||=36.211  corr(m,n)=+0.855
[s9_norwd]  │  rank 1: ||m||=41.752  ||n||=43.921  corr(m,n)=+0.814
[s9_norwd]  │  κ-Jacobian eigvals (gain·n^Tm/N): +2.7300+0.5253j  +2.7300-0.5253j
[s9_norwd]  │  Wi: ||·||_F=65.920  per-channel=20.18 22.13 38.16 37.93 12.35 11.31 16.52
[s9_norwd]  └──────────────────────────────────────────────────
[s9_norwd] ────────────────────────────────────────────────────────────
[s9_norwd]  STAGE: GNG   device=cuda:0   epochs=200
[s9_norwd]  freeze recurrent cols: [0]
[s9_norwd]  freeze input dims:     [0, 1, 2, 3, 6]
[s9_norwd] ────────────────────────────────────────────────────────────
[s9_norwd]  data: [516, 266, 7] → [516, 266, 2]
Epoch 005/200 | lr: 0.01000 | train: 0.2222 | val: 0.1772
Epoch 010/200 | lr: 0.01000 | train: 0.1189 | val: 0.1089
Epoch 015/200 | lr: 0.01000 | train: 0.0928 | val: 0.0854
Stopping: losses below 0.1.
[s9_norwd]   after GNG: dpa=0.787  gng=0.987
[s9_norwd]  GNG done in 67.4s  final train=0.0928  val=0.0854  dpa=0.787  gng=0.987
[s9_norwd]  ┌── params: after GNG
[s9_norwd]  │  rank 0: ||m||=42.065  ||n||=36.211  corr(m,n)=+0.855
[s9_norwd]  │  rank 1: ||m||=38.740  ||n||=44.524  corr(m,n)=+0.862
[s9_norwd]  │  κ-Jacobian eigvals (gain·n^Tm/N): +2.7240+0.2922j  +2.7240-0.2922j
[s9_norwd]  │  Wi: ||·||_F=67.279  per-channel=20.18 22.13 38.16 37.93 15.25 15.13 16.52
[s9_norwd]  └──────────────────────────────────────────────────
[s9_norwd] ────────────────────────────────────────────────────────────
[s9_norwd]  STAGE: Dual   device=cuda:0   epochs=200
[s9_norwd]  freeze recurrent cols: [0]
[s9_norwd]  freeze input dims:     [0, 1, 2, 3, 4, 5, 6]
[s9_norwd] ────────────────────────────────────────────────────────────
[s9_norwd]  data: [516, 444, 7] → [516, 444, 2]
[s9_norwd]  loss=separated  dpa_w=1.0  gng_w=1.0  aux_w=1.0  bl_w=1.0
Epoch 005/200 | lr: 0.01000 | train: 0.9586 | val: 1.0548
Epoch 010/200 | lr: 0.01000 | train: 0.9519 | val: 1.0621
Epoch 015/200 | lr: 0.01000 | train: 0.9184 | val: 1.0274
Epoch 020/200 | lr: 0.01000 | train: 0.8964 | val: 1.0247
Epoch 025/200 | lr: 0.01000 | train: 0.8838 | val: 0.9678
Epoch 030/200 | lr: 0.01000 | train: 0.8565 | val: 0.9580
Epoch 035/200 | lr: 0.01000 | train: 0.8690 | val: 0.9497
Epoch 040/200 | lr: 0.01000 | train: 0.8411 | val: 0.8892
Epoch 045/200 | lr: 0.01000 | train: 0.8268 | val: 0.9100
Epoch 050/200 | lr: 0.00500 | train: 0.7829 | val: 0.8937
Epoch 055/200 | lr: 0.00250 | train: 0.7899 | val: 0.8860
Epoch 060/200 | lr: 0.00250 | train: 0.7773 | val: 0.8326
Epoch 065/200 | lr: 0.00250 | train: 0.7848 | val: 0.8503
Epoch 070/200 | lr: 0.00125 | train: 0.7689 | val: 0.8593
Epoch 075/200 | lr: 0.00063 | train: 0.7756 | val: 0.8239
Epoch 080/200 | lr: 0.00063 | train: 0.7668 | val: 0.8787
Epoch 085/200 | lr: 0.00031 | train: 0.7708 | val: 0.8483
Epoch 090/200 | lr: 0.00016 | train: 0.7713 | val: 0.8442
Epoch 095/200 | lr: 0.00008 | train: 0.7637 | val: 0.8591
Epoch 100/200 | lr: 0.00004 | train: 0.7644 | val: 0.8600
Epoch 105/200 | lr: 0.00004 | train: 0.7831 | val: 0.8746
Epoch 110/200 | lr: 0.00002 | train: 0.7761 | val: 0.8727
Epoch 115/200 | lr: 0.00001 | train: 0.8035 | val: 0.8557
Epoch 120/200 | lr: 0.00001 | train: 0.7910 | val: 0.8830
Epoch 125/200 | lr: 0.00001 | train: 0.7636 | val: 0.8471
Epoch 130/200 | lr: 0.00001 | train: 0.7764 | val: 0.8630
Epoch 135/200 | lr: 0.00001 | train: 0.7738 | val: 0.8740
Epoch 140/200 | lr: 0.00001 | train: 0.7791 | val: 0.8682
Epoch 145/200 | lr: 0.00001 | train: 0.7775 | val: 0.8398
Epoch 150/200 | lr: 0.00001 | train: 0.7778 | val: 0.8641
Epoch 155/200 | lr: 0.00001 | train: 0.7711 | val: 0.8640
Epoch 160/200 | lr: 0.00001 | train: 0.7767 | val: 0.8515
Epoch 165/200 | lr: 0.00001 | train: 0.7650 | val: 0.8685
Epoch 170/200 | lr: 0.00001 | train: 0.7849 | val: 0.8709
Epoch 175/200 | lr: 0.00001 | train: 0.7731 | val: 0.8794
Epoch 180/200 | lr: 0.00001 | train: 0.7643 | val: 0.8783
Epoch 185/200 | lr: 0.00001 | train: 0.7912 | val: 0.8554
Epoch 190/200 | lr: 0.00001 | train: 0.7607 | val: 0.8549
Epoch 195/200 | lr: 0.00001 | train: 0.7903 | val: 0.8703
Epoch 200/200 | lr: 0.00001 | train: 0.7727 | val: 0.8735
[s9_norwd]  loss components: {'dpa': 0.5486, 'gng': 0.4195, 'baseline': 0.0231, 'aux': 0.0173}
[s9_norwd]   after Dual: dpa=0.953  gng=0.977
[s9_norwd]  Dual done in 1035.6s  final train=0.7727  val=0.8735  dpa=0.953  gng=0.977
[s9_norwd]  ┌── params: after Dual
[s9_norwd]  │  rank 0: ||m||=42.065  ||n||=36.211  corr(m,n)=+0.855
[s9_norwd]  │  rank 1: ||m||=36.321  ||n||=47.977  corr(m,n)=+0.817
[s9_norwd]  │  κ-Jacobian eigvals (gain·n^Tm/N): +2.6632+0.2641j  +2.6632-0.2641j
[s9_norwd]  │  Wi: ||·||_F=67.279  per-channel=20.18 22.13 38.16 37.93 15.25 15.13 16.52
[s9_norwd]  └──────────────────────────────────────────────────
[s9_norwd] ════════════════════════════════════════════════════════════
[s9_norwd]  RUN COMPLETE  2026-06-07 18:32:02  total=2572.3s
[s9_norwd]  ACCURACY SUMMARY
[s9_norwd]    after DPA : dpa=0.980  gng=0.512
[s9_norwd]    after GNG : dpa=0.787  gng=0.987
[s9_norwd]    after Dual: dpa=0.953  gng=0.977  dual_dpa=0.891  dual_gng=0.736
[s9_norwd] ════════════════════════════════════════════════════════════
