[s3_orth_n0] ════════════════════════════════════════════════════════════
[s3_orth_n0]  RUN START  2026-06-08 15:29:41
[s3_orth_n0]  run_id=s3_orth_n0  seed=3  device=cuda:1
[s3_orth_n0]  arch:  hidden=512  rank=2  gain=1.0  input_size=7  params=6,144
[s3_orth_n0]  task:  cue_on_go=True  rwd=True  rwd_scale=1.0  freeze_input_stages=['dual']  init=random
[s3_orth_n0]  dynamics: alpha=0.0750  alpha_rec=0.1000  dt=0.0225  tau=0.3  tau_rec_frac=0.75
[s3_orth_n0]  noise:  input_sigma=0.3732 (×1.0)  model_sigma=0.0000 (×0.0)
[s3_orth_n0]  optim:  lr=0.01  wd=0.01  batch=64  n_batch=516  clip=None
[s3_orth_n0]  epochs: dpa=100  gng=100  dual=100  loss=separated
[s3_orth_n0]  shapes: m[512, 2]  n[512, 2]  Wi[512, 7]
[s3_orth_n0]  ┌── params: init
[s3_orth_n0]  │  rank 0: ||m||=22.816  ||n||=22.436  corr(m,n)=+0.020
[s3_orth_n0]  │  rank 1: ||m||=21.350  ||n||=23.585  corr(m,n)=+0.075
[s3_orth_n0]  │  κ-Jacobian eigvals (gain·n^Tm/N): +0.0115  +0.0822
[s3_orth_n0]  │  Wi: ||·||_F=61.487  per-channel=24.64 23.94 21.69 23.93 23.19 21.98 23.15
[s3_orth_n0]  └──────────────────────────────────────────────────
[s3_orth_n0] ────────────────────────────────────────────────────────────
[s3_orth_n0]  STAGE: DPA   device=cuda:1   epochs=100
[s3_orth_n0] ────────────────────────────────────────────────────────────
[s3_orth_n0]  data: [516, 444, 7] → [516, 444, 2]
Epoch 005/100 | lr: 0.01000 | train: 1.9554 | val: 1.9454
Epoch 010/100 | lr: 0.01000 | train: 1.2476 | val: 1.0609
Epoch 015/100 | lr: 0.01000 | train: 1.0270 | val: 1.0196
Epoch 020/100 | lr: 0.01000 | train: 0.9776 | val: 0.9658
Epoch 025/100 | lr: 0.01000 | train: 0.8795 | val: 0.8427
Epoch 030/100 | lr: 0.01000 | train: 0.5313 | val: 0.5391
Epoch 035/100 | lr: 0.01000 | train: 0.4284 | val: 0.3969
Epoch 040/100 | lr: 0.01000 | train: 0.3021 | val: 0.4083
Epoch 045/100 | lr: 0.00500 | train: 0.4074 | val: 0.4304
Epoch 050/100 | lr: 0.00250 | train: 0.3215 | val: 0.3488
Epoch 055/100 | lr: 0.00250 | train: 0.3001 | val: 0.3360
Epoch 060/100 | lr: 0.00125 | train: 0.2886 | val: 0.3271
Epoch 065/100 | lr: 0.00125 | train: 0.2815 | val: 0.3260
Epoch 070/100 | lr: 0.00063 | train: 0.2731 | val: 0.3137
Epoch 075/100 | lr: 0.00063 | train: 0.2677 | val: 0.2992
Epoch 080/100 | lr: 0.00063 | train: 0.2633 | val: 0.2958
Epoch 085/100 | lr: 0.00063 | train: 0.2614 | val: 0.2898
Epoch 090/100 | lr: 0.00063 | train: 0.2572 | val: 0.2900
Epoch 095/100 | lr: 0.00063 | train: 0.2566 | val: 0.2851
Epoch 100/100 | lr: 0.00063 | train: 0.2613 | val: 0.2849
[s3_orth_n0]  orthogonalised go ch=4, nogo ch=5 to n₀
[s3_orth_n0]   after DPA: dpa=0.994  gng=0.485
[s3_orth_n0]  DPA done in 921.1s  final train=0.2613  val=0.2849  dpa=0.994  gng=0.485
[s3_orth_n0]  ┌── params: after DPA
[s3_orth_n0]  │  rank 0: ||m||=33.960  ||n||=34.572  corr(m,n)=+0.798
[s3_orth_n0]  │  rank 1: ||m||=39.398  ||n||=40.090  corr(m,n)=+0.811
[s3_orth_n0]  │  κ-Jacobian eigvals (gain·n^Tm/N): +2.1660+0.4277j  +2.1660-0.4277j
[s3_orth_n0]  │  Wi: ||·||_F=54.190  per-channel=17.31 16.86 24.52 34.66 12.18 12.88 15.35
[s3_orth_n0]  └──────────────────────────────────────────────────
[s3_orth_n0] ────────────────────────────────────────────────────────────
[s3_orth_n0]  STAGE: GNG   device=cuda:1   epochs=100
[s3_orth_n0]  freeze recurrent cols: [0]
[s3_orth_n0]  freeze input dims:     [0, 1, 2, 3, 6]
[s3_orth_n0] ────────────────────────────────────────────────────────────
[s3_orth_n0]  data: [516, 266, 7] → [516, 266, 2]
Epoch 005/100 | lr: 0.01000 | train: 0.4589 | val: 0.3074
Epoch 010/100 | lr: 0.01000 | train: 0.1083 | val: 0.0899
Stopping: losses below 0.1.
[s3_orth_n0]   after GNG: dpa=0.782  gng=1.000
[s3_orth_n0]  GNG done in 64.9s  final train=0.0953  val=0.0771  dpa=0.782  gng=1.000
[s3_orth_n0]  ┌── params: after GNG
[s3_orth_n0]  │  rank 0: ||m||=33.960  ||n||=34.572  corr(m,n)=+0.798
[s3_orth_n0]  │  rank 1: ||m||=35.911  ||n||=40.243  corr(m,n)=+0.825
[s3_orth_n0]  │  κ-Jacobian eigvals (gain·n^Tm/N): +2.0791+0.4210j  +2.0791-0.4210j
[s3_orth_n0]  │  Wi: ||·||_F=55.376  per-channel=17.31 16.86 24.52 34.66 13.72 16.00 15.35
[s3_orth_n0]  └──────────────────────────────────────────────────
[s3_orth_n0] ────────────────────────────────────────────────────────────
[s3_orth_n0]  STAGE: Dual   device=cuda:1   epochs=100
[s3_orth_n0]  freeze recurrent cols: [0]
[s3_orth_n0]  freeze input dims:     [0, 1, 2, 3, 4, 5, 6]
[s3_orth_n0] ────────────────────────────────────────────────────────────
[s3_orth_n0]  data: [516, 444, 7] → [516, 444, 2]
[s3_orth_n0]  loss=separated  dpa_w=1.0  gng_w=1.0  go_w=1.0  nogo_w=1.0  aux_w=1.0  bl_w=1.0
Epoch 005/100 | lr: 0.01000 | train: 0.8267 | val: 0.8439
Epoch 010/100 | lr: 0.01000 | train: 0.8070 | val: 0.8081
Epoch 015/100 | lr: 0.01000 | train: 0.7908 | val: 0.7851
Epoch 020/100 | lr: 0.01000 | train: 0.7719 | val: 0.7461
Epoch 025/100 | lr: 0.01000 | train: 0.7523 | val: 0.7149
Epoch 030/100 | lr: 0.01000 | train: 0.7270 | val: 0.6910
Epoch 035/100 | lr: 0.01000 | train: 0.7050 | val: 0.6791
Epoch 040/100 | lr: 0.01000 | train: 0.6928 | val: 0.6718
Epoch 045/100 | lr: 0.01000 | train: 0.6718 | val: 0.6532
Epoch 050/100 | lr: 0.01000 | train: 0.6609 | val: 0.6410
Epoch 055/100 | lr: 0.01000 | train: 0.6489 | val: 0.6388
Epoch 060/100 | lr: 0.01000 | train: 0.6358 | val: 0.6242
Epoch 065/100 | lr: 0.01000 | train: 0.6214 | val: 0.6085
Epoch 070/100 | lr: 0.01000 | train: 0.6102 | val: 0.6044
Epoch 075/100 | lr: 0.01000 | train: 0.5981 | val: 0.5908
Epoch 080/100 | lr: 0.01000 | train: 0.5892 | val: 0.5838
Epoch 085/100 | lr: 0.01000 | train: 0.5758 | val: 0.5708
Epoch 090/100 | lr: 0.01000 | train: 0.5617 | val: 0.5687
Epoch 095/100 | lr: 0.01000 | train: 0.5596 | val: 0.5550
Epoch 100/100 | lr: 0.01000 | train: 0.5474 | val: 0.5436
[s3_orth_n0]  loss components: {'dpa': 0.4444, 'gng': 0.0932, 'gng_go': 0.033, 'gng_nogo': 0.0602, 'baseline': 0.0102, 'aux': 0.016}
[s3_orth_n0]   after Dual: dpa=0.980  gng=1.000
[s3_orth_n0]  Dual done in 862.1s  final train=0.5474  val=0.5436  dpa=0.980  gng=1.000
[s3_orth_n0]  ┌── params: after Dual
[s3_orth_n0]  │  rank 0: ||m||=33.960  ||n||=34.572  corr(m,n)=+0.798
[s3_orth_n0]  │  rank 1: ||m||=26.654  ||n||=50.747  corr(m,n)=+0.740
[s3_orth_n0]  │  κ-Jacobian eigvals (gain·n^Tm/N): +1.8926+0.2382j  +1.8926-0.2382j
[s3_orth_n0]  │  Wi: ||·||_F=55.376  per-channel=17.31 16.86 24.52 34.66 13.72 16.00 15.35
[s3_orth_n0]  └──────────────────────────────────────────────────
[s3_orth_n0] ════════════════════════════════════════════════════════════
[s3_orth_n0]  RUN COMPLETE  2026-06-08 16:00:29  total=1850.5s
[s3_orth_n0]  ACCURACY SUMMARY
[s3_orth_n0]    after DPA : dpa=0.994  gng=0.485
[s3_orth_n0]    after GNG : dpa=0.782  gng=1.000
[s3_orth_n0]    after Dual: dpa=0.980  gng=1.000  dual_dpa=0.902  dual_gng=0.966
[s3_orth_n0] ════════════════════════════════════════════════════════════
