[s4] ════════════════════════════════════════════════════════════
[s4]  RUN START  2026-06-22 15:51:50
[s4]  run_id=s4  seed=4  device=cuda:0
[s4]  arch:  N=1000 (E=750 I=250)  K=125 (prob 0.167)  rank=2  gain=1.0  input_size=6  params=3,000
[s4]  task:  cue_on_go=True  rwd=False  rwd_scale=1.0  freeze_input_stages=['dual']  init=random
[s4]  dynamics: dt=0.0225  tau=(0.4, 0.2)s  tau_syn=(0.2, 0.1)s  STP(use=0.05 tau_fac=1.0s tau_rec=0.2s)  j_stp=1.0
[s4]  noise:  input_sigma=0.3732 (×1.0)  model_sigma=0.0000 (×0.0)
[s4]  optim:  lr=0.05  wd=0.01  batch=32  n_batch=256  clip=0.5
[s4]  epochs: dpa=100  gng=100  dual=100  loss=separated
[s4]  shapes: m[750, 2]  n[750, 2]  Wi[750, 6]
[s4]  ┌── params: init
[s4]  │  rank 0: ||m||=26.666  ||n||=26.666  corr(m,n)=+1.000
[s4]  │  rank 1: ||m||=27.228  ||n||=27.228  corr(m,n)=+1.000
[s4]  │  low-rank overlap n^Tm/N (modulates STP E→E): +0.9330  +1.0035
[s4]  │  Wi: ||·||_F=67.977  per-channel=28.28 26.89 27.67 28.75 27.04 27.83
[s4]  └──────────────────────────────────────────────────
[s4] ────────────────────────────────────────────────────────────
[s4]  STAGE: DPA   device=cuda:0   epochs=100
[s4] ────────────────────────────────────────────────────────────
[s4]  data: [256, 444, 6] → [256, 444, 2]
Epoch 005/100 | lr: 0.05000 | train: 3.6425 | val: 3.7214
Epoch 010/100 | lr: 0.05000 | train: 3.2751 | val: 3.3184
Epoch 015/100 | lr: 0.05000 | train: 2.5183 | val: 2.5328
Epoch 020/100 | lr: 0.05000 | train: 1.4255 | val: 1.1019
Stopping: losses below 0.1.
[s4]   after DPA: dpa=1.000 (pair=1.000 unpair=1.000)  gng=0.409 (go=0.748 nogo=0.067)
[s4]  DPA done in 116.0s  final train=0.0468  val=0.0366  dpa=1.000  gng=0.409
[s4]  ┌── params: after DPA
[s4]  │  rank 0: ||m||=221.254  ||n||=117.494  corr(m,n)=+0.818
[s4]  │  rank 1: ||m||=116.168  ||n||=66.118  corr(m,n)=+0.486
[s4]  │  low-rank overlap n^Tm/N (modulates STP E→E): +28.2638  +5.0507
[s4]  │  Wi: ||·||_F=67.977  per-channel=28.28 26.89 27.67 28.75 27.04 27.83
[s4]  └──────────────────────────────────────────────────
[s4] ────────────────────────────────────────────────────────────
[s4]  STAGE: GNG   device=cuda:0   epochs=100
[s4]  freeze recurrent cols: [0]
[s4]  freeze input dims:     [0, 1, 2, 3]
[s4] ────────────────────────────────────────────────────────────
[s4]  data: [256, 266, 6] → [256, 266, 2]
Epoch 005/100 | lr: 0.05000 | train: 1.0397 | val: 1.0388
Epoch 010/100 | lr: 0.05000 | train: 0.8513 | val: 0.8604
Epoch 015/100 | lr: 0.05000 | train: 0.7429 | val: 0.7149
Epoch 020/100 | lr: 0.05000 | train: 0.6348 | val: 0.5770
Epoch 025/100 | lr: 0.05000 | train: 0.5388 | val: 0.4789
Epoch 030/100 | lr: 0.05000 | train: 0.4361 | val: 0.4036
Epoch 035/100 | lr: 0.05000 | train: 0.3668 | val: 0.3584
Epoch 040/100 | lr: 0.05000 | train: 0.3213 | val: 0.3249
Epoch 045/100 | lr: 0.05000 | train: 0.2845 | val: 0.2885
Epoch 050/100 | lr: 0.05000 | train: 0.2565 | val: 0.2567
Epoch 055/100 | lr: 0.05000 | train: 0.2243 | val: 0.2316
Epoch 060/100 | lr: 0.05000 | train: 0.1657 | val: 0.2042
Epoch 065/100 | lr: 0.05000 | train: 0.1319 | val: 0.1501
Epoch 070/100 | lr: 0.05000 | train: 0.1186 | val: 0.1350
Epoch 075/100 | lr: 0.05000 | train: 0.1093 | val: 0.1403
Epoch 080/100 | lr: 0.05000 | train: 0.0998 | val: 0.1182
Epoch 085/100 | lr: 0.05000 | train: 0.0934 | val: 0.1091
Epoch 090/100 | lr: 0.05000 | train: 0.0886 | val: 0.1052
Epoch 095/100 | lr: 0.05000 | train: 0.0877 | val: 0.0965
Stopping: losses below 0.1.
[s4]   after GNG: dpa=0.733 (pair=0.949 unpair=0.520)  gng=0.999 (go=0.998 nogo=1.000)
[s4]  GNG done in 275.6s  final train=0.0877  val=0.0965  dpa=0.733  gng=0.999
[s4]  ┌── params: after GNG
[s4]  │  rank 0: ||m||=221.254  ||n||=117.494  corr(m,n)=+0.818
[s4]  │  rank 1: ||m||=250.328  ||n||=122.038  corr(m,n)=+0.161
[s4]  │  low-rank overlap n^Tm/N (modulates STP E→E): +27.2026  +7.6908
[s4]  │  Wi: ||·||_F=67.977  per-channel=28.28 26.89 27.67 28.75 27.04 27.83
[s4]  └──────────────────────────────────────────────────
[s4] ────────────────────────────────────────────────────────────
[s4]  STAGE: Dual   device=cuda:0   epochs=100
[s4]  freeze input dims:     [0, 1, 2, 3, 4, 5]
[s4] ────────────────────────────────────────────────────────────
[s4]  data: [256, 444, 6] → [256, 444, 2]
[s4]  loss=separated  dpa_w=1.0  gng_w=1.0  go_w=1.0  nogo_w=1.0  aux_w=1.0  bl_w=1.0  go_hinge=1.0
Epoch 005/100 | lr: 0.05000 | train: 2.8580 | val: 2.2896
Epoch 010/100 | lr: 0.05000 | train: 1.0134 | val: 0.9068
Epoch 015/100 | lr: 0.05000 | train: 0.5890 | val: 0.5402
Epoch 020/100 | lr: 0.05000 | train: 0.3643 | val: 0.3462
Epoch 025/100 | lr: 0.05000 | train: 0.2541 | val: 0.2600
Epoch 030/100 | lr: 0.05000 | train: 0.1965 | val: 0.2088
Epoch 035/100 | lr: 0.05000 | train: 0.1534 | val: 0.1663
Epoch 040/100 | lr: 0.05000 | train: 0.1253 | val: 0.1494
Epoch 045/100 | lr: 0.05000 | train: 0.1078 | val: 0.1319
Epoch 050/100 | lr: 0.05000 | train: 0.0950 | val: 0.1223
Epoch 055/100 | lr: 0.05000 | train: 0.0854 | val: 0.1109
Epoch 060/100 | lr: 0.05000 | train: 0.0789 | val: 0.1067
Stopping: losses below 0.1.
[s4]  loss components: {'dpa': 0.0, 'gng': 0.0188, 'gng_go': 0.0, 'gng_nogo': 0.0188, 'baseline': 0.0167, 'aux': 0.0305}
[s4]   after Dual: dpa=1.000 (pair=1.000 unpair=1.000)  gng=1.000 (go=1.000 nogo=1.000)
[s4]  Dual done in 289.8s  final train=0.0786  val=0.0975  dpa=1.000  gng=1.000
[s4]  ┌── params: after Dual
[s4]  │  rank 0: ||m||=234.136  ||n||=113.498  corr(m,n)=+0.798
[s4]  │  rank 1: ||m||=233.725  ||n||=117.512  corr(m,n)=+0.146
[s4]  │  low-rank overlap n^Tm/N (modulates STP E→E): +27.0456  +6.5927
[s4]  │  Wi: ||·||_F=67.977  per-channel=28.28 26.89 27.67 28.75 27.04 27.83
[s4]  └──────────────────────────────────────────────────
[s4] ════════════════════════════════════════════════════════════
[s4]  RUN COMPLETE  2026-06-22 16:03:11  total=682.4s
[s4]  ACCURACY SUMMARY
[s4]    after DPA : dpa=1.000  gng=0.409
[s4]    after GNG : dpa=0.733  gng=0.999
[s4]    after Dual: dpa=1.000  gng=1.000  dual_dpa=1.000  dual_gng=1.000
[s4] ════════════════════════════════════════════════════════════
