[s5_adam] ════════════════════════════════════════════════════════════
[s5_adam]  RUN START  2026-06-08 22:53:12
[s5_adam]  run_id=s5_adam  seed=5  device=cuda:1
[s5_adam]  arch:  hidden=512  rank=2  gain=1.0  input_size=7  params=6,144
[s5_adam]  task:  cue_on_go=True  rwd=True  rwd_scale=1.0  freeze_input_stages=['gng', 'dual']  init=random
[s5_adam]  dynamics: alpha=0.0750  alpha_rec=0.1000  dt=0.0225  tau=0.3  tau_rec_frac=0.75
[s5_adam]  noise:  input_sigma=0.3732 (×1.0)  model_sigma=0.0000 (×0.0)
[s5_adam]  optim:  lr=0.01  wd=0.01  batch=64  n_batch=516  clip=None
[s5_adam]  epochs: dpa=100  gng=100  dual=100  loss=separated
[s5_adam]  shapes: m[512, 2]  n[512, 2]  Wi[512, 7]
[s5_adam]  ┌── params: init
[s5_adam]  │  rank 0: ||m||=23.437  ||n||=22.965  corr(m,n)=+0.028
[s5_adam]  │  rank 1: ||m||=22.893  ||n||=23.012  corr(m,n)=+0.061
[s5_adam]  │  κ-Jacobian eigvals (gain·n^Tm/N): +0.0320  +0.0594
[s5_adam]  │  Wi: ||·||_F=58.987  per-channel=22.32 23.25 22.23 22.01 21.84 22.14 22.26
[s5_adam]  └──────────────────────────────────────────────────
[s5_adam]  DPA: loading checkpoint from results/dual/sweep_frzGNG/s5_frzGNG/dpa_s5_frzGNG.pth
[s5_adam]   after DPA: dpa=0.999 (pair=1.000 unpair=0.998)  gng=0.427 (go=0.029 nogo=0.827)
[s5_adam]  DPA done in 1.5s  (checkpoint)  dpa=0.999  gng=0.427
[s5_adam]  ┌── params: after DPA
[s5_adam]  │  rank 0: ||m||=37.022  ||n||=39.151  corr(m,n)=+0.812
[s5_adam]  │  rank 1: ||m||=32.349  ||n||=52.443  corr(m,n)=+0.801
[s5_adam]  │  κ-Jacobian eigvals (gain·n^Tm/N): +2.1886  +2.7650
[s5_adam]  │  Wi: ||·||_F=64.976  per-channel=20.66 19.75 32.20 34.94 21.84 22.14 13.43
[s5_adam]  └──────────────────────────────────────────────────
[s5_adam] ────────────────────────────────────────────────────────────
[s5_adam]  STAGE: GNG   device=cuda:1   epochs=100
[s5_adam]  freeze recurrent cols: [0]
[s5_adam]  freeze input dims:     [0, 1, 2, 3, 4, 5, 6]
[s5_adam] ────────────────────────────────────────────────────────────
[s5_adam]  data: [516, 266, 7] → [516, 266, 2]
Epoch 005/100 | lr: 0.01000 | train: 1.4570 | val: 1.3301
Epoch 010/100 | lr: 0.01000 | train: 0.7014 | val: 0.6518
Epoch 015/100 | lr: 0.01000 | train: 0.4724 | val: 0.4085
Epoch 020/100 | lr: 0.01000 | train: 0.3584 | val: 0.3438
Epoch 025/100 | lr: 0.01000 | train: 0.2809 | val: 0.2501
Epoch 030/100 | lr: 0.01000 | train: 0.2384 | val: 0.2373
Epoch 035/100 | lr: 0.01000 | train: 0.2044 | val: 0.1792
Epoch 040/100 | lr: 0.01000 | train: 0.1845 | val: 0.1637
Epoch 045/100 | lr: 0.01000 | train: 0.1601 | val: 0.1420
Epoch 050/100 | lr: 0.01000 | train: 0.1447 | val: 0.1291
Epoch 055/100 | lr: 0.01000 | train: 0.1333 | val: 0.1188
Epoch 060/100 | lr: 0.01000 | train: 0.1216 | val: 0.1054
Epoch 065/100 | lr: 0.01000 | train: 0.1123 | val: 0.0958
Epoch 070/100 | lr: 0.01000 | train: 0.1070 | val: 0.0886
Stopping: losses below 0.1.
[s5_adam]   after GNG: dpa=0.991 (pair=0.986 unpair=0.996)  gng=0.997 (go=1.000 nogo=0.994)
[s5_adam]  GNG done in 325.6s  final train=0.0994  val=0.0844  dpa=0.991  gng=0.997
[s5_adam]  ┌── params: after GNG
[s5_adam]  │  rank 0: ||m||=37.022  ||n||=39.151  corr(m,n)=+0.812
[s5_adam]  │  rank 1: ||m||=32.550  ||n||=57.806  corr(m,n)=+0.697
[s5_adam]  │  κ-Jacobian eigvals (gain·n^Tm/N): +2.1005  +2.7592
[s5_adam]  │  Wi: ||·||_F=64.976  per-channel=20.66 19.75 32.20 34.94 21.84 22.14 13.43
[s5_adam]  └──────────────────────────────────────────────────
[s5_adam] ────────────────────────────────────────────────────────────
[s5_adam]  STAGE: Dual   device=cuda:1   epochs=100
[s5_adam]  freeze recurrent cols: [0]
[s5_adam]  freeze input dims:     [0, 1, 2, 3, 4, 5, 6]
[s5_adam] ────────────────────────────────────────────────────────────
[s5_adam]  data: [516, 444, 7] → [516, 444, 2]
[s5_adam]  loss=separated  dpa_w=1.0  gng_w=1.0  go_w=1.0  nogo_w=2.0  aux_w=1.0  bl_w=1.0  go_hinge=1.0
Epoch 005/100 | lr: 0.01000 | train: 0.6510 | val: 0.6791
Epoch 010/100 | lr: 0.01000 | train: 0.6039 | val: 0.6257
Epoch 015/100 | lr: 0.01000 | train: 0.5611 | val: 0.5933
Epoch 020/100 | lr: 0.01000 | train: 0.5252 | val: 0.5674
Epoch 025/100 | lr: 0.01000 | train: 0.4877 | val: 0.5378
Epoch 030/100 | lr: 0.01000 | train: 0.4515 | val: 0.5009
Epoch 035/100 | lr: 0.01000 | train: 0.4230 | val: 0.4591
Epoch 040/100 | lr: 0.01000 | train: 0.3962 | val: 0.4630
Epoch 045/100 | lr: 0.01000 | train: 0.3908 | val: 0.3931
Epoch 050/100 | lr: 0.01000 | train: 0.3518 | val: 0.4074
Epoch 055/100 | lr: 0.01000 | train: 0.3225 | val: 0.3699
Epoch 060/100 | lr: 0.01000 | train: 0.3064 | val: 0.3374
Epoch 065/100 | lr: 0.01000 | train: 0.2991 | val: 0.3120
Epoch 070/100 | lr: 0.01000 | train: 0.2758 | val: 0.3291
Epoch 075/100 | lr: 0.01000 | train: 0.2639 | val: 0.2987
Epoch 080/100 | lr: 0.01000 | train: 0.2547 | val: 0.2954
Epoch 085/100 | lr: 0.01000 | train: 0.2421 | val: 0.2584
Epoch 090/100 | lr: 0.01000 | train: 0.2269 | val: 0.2626
Epoch 095/100 | lr: 0.01000 | train: 0.2203 | val: 0.2476
Epoch 100/100 | lr: 0.01000 | train: 0.2051 | val: 0.2368
[s5_adam]  loss components: {'dpa': 0.1289, 'gng': 0.0561, 'gng_go': 0.047, 'gng_nogo': 0.0046, 'baseline': 0.0105, 'aux': 0.0161}
[s5_adam]   after Dual: dpa=0.998 (pair=0.996 unpair=1.000)  gng=0.997 (go=0.994 nogo=1.000)
[s5_adam]  Dual done in 695.8s  final train=0.2051  val=0.2368  dpa=0.998  gng=0.997
[s5_adam]  ┌── params: after Dual
[s5_adam]  │  rank 0: ||m||=37.022  ||n||=39.151  corr(m,n)=+0.812
[s5_adam]  │  rank 1: ||m||=31.714  ||n||=76.181  corr(m,n)=+0.566
[s5_adam]  │  κ-Jacobian eigvals (gain·n^Tm/N): +2.2357  +2.7329
[s5_adam]  │  Wi: ||·||_F=64.976  per-channel=20.66 19.75 32.20 34.94 21.84 22.14 13.43
[s5_adam]  └──────────────────────────────────────────────────
[s5_adam] ════════════════════════════════════════════════════════════
[s5_adam]  RUN COMPLETE  2026-06-08 23:10:15  total=1024.8s
[s5_adam]  ACCURACY SUMMARY
[s5_adam]    after DPA : dpa=0.999  gng=0.427
[s5_adam]    after GNG : dpa=0.991  gng=0.997
[s5_adam]    after Dual: dpa=0.998  gng=0.997  dual_dpa=0.991  dual_gng=0.993
[s5_adam] ════════════════════════════════════════════════════════════
