[s1_goH1] ════════════════════════════════════════════════════════════
[s1_goH1]  RUN START  2026-06-08 18:36:40
[s1_goH1]  run_id=s1_goH1  seed=1  device=cuda:1
[s1_goH1]  arch:  hidden=512  rank=2  gain=1.0  input_size=7  params=6,144
[s1_goH1]  task:  cue_on_go=True  rwd=True  rwd_scale=1.0  freeze_input_stages=['dual']  init=random
[s1_goH1]  dynamics: alpha=0.0750  alpha_rec=0.1000  dt=0.0225  tau=0.3  tau_rec_frac=0.75
[s1_goH1]  noise:  input_sigma=0.3732 (×1.0)  model_sigma=0.0000 (×0.0)
[s1_goH1]  optim:  lr=0.01  wd=0.01  batch=64  n_batch=516  clip=None
[s1_goH1]  epochs: dpa=100  gng=100  dual=100  loss=separated
[s1_goH1]  shapes: m[512, 2]  n[512, 2]  Wi[512, 7]
[s1_goH1]  ┌── params: init
[s1_goH1]  │  rank 0: ||m||=22.898  ||n||=22.288  corr(m,n)=-0.020
[s1_goH1]  │  rank 1: ||m||=23.302  ||n||=22.428  corr(m,n)=+0.009
[s1_goH1]  │  κ-Jacobian eigvals (gain·n^Tm/N): -0.0155  +0.0043
[s1_goH1]  │  Wi: ||·||_F=58.820  per-channel=21.94 22.58 22.12 21.70 21.92 23.07 22.27
[s1_goH1]  └──────────────────────────────────────────────────
[s1_goH1] ────────────────────────────────────────────────────────────
[s1_goH1]  STAGE: DPA   device=cuda:1   epochs=100
[s1_goH1] ────────────────────────────────────────────────────────────
[s1_goH1]  data: [516, 444, 7] → [516, 444, 2]
Epoch 005/100 | lr: 0.01000 | train: 1.9663 | val: 1.9532
Epoch 010/100 | lr: 0.01000 | train: 1.3829 | val: 1.2566
Epoch 015/100 | lr: 0.01000 | train: 1.0077 | val: 1.0153
Epoch 020/100 | lr: 0.01000 | train: 0.9114 | val: 0.9326
Epoch 025/100 | lr: 0.01000 | train: 0.8309 | val: 0.8525
Epoch 030/100 | lr: 0.01000 | train: 0.6907 | val: 0.6848
Epoch 035/100 | lr: 0.01000 | train: 0.4860 | val: 0.4487
Epoch 040/100 | lr: 0.01000 | train: 0.3418 | val: 0.3453
Epoch 045/100 | lr: 0.01000 | train: 0.2835 | val: 0.2758
Epoch 050/100 | lr: 0.01000 | train: 0.2270 | val: 0.2229
Epoch 055/100 | lr: 0.01000 | train: 0.1680 | val: 0.1709
Epoch 060/100 | lr: 0.01000 | train: 0.1343 | val: 0.1355
Epoch 065/100 | lr: 0.01000 | train: 0.1131 | val: 0.1154
Epoch 070/100 | lr: 0.01000 | train: 0.0977 | val: 0.1025
Stopping: losses below 0.1.
[s1_goH1]   after DPA: dpa=0.997 (pair=0.994 unpair=1.000)  gng=0.579 (go=0.367 nogo=0.794)
[s1_goH1]  DPA done in 621.1s  final train=0.0972  val=0.0991  dpa=0.997  gng=0.579
[s1_goH1]  ┌── params: after DPA
[s1_goH1]  │  rank 0: ||m||=35.666  ||n||=38.931  corr(m,n)=+0.816
[s1_goH1]  │  rank 1: ||m||=30.853  ||n||=47.521  corr(m,n)=+0.834
[s1_goH1]  │  κ-Jacobian eigvals (gain·n^Tm/N): +2.1541  +2.4482
[s1_goH1]  │  Wi: ||·||_F=58.072  per-channel=20.40 20.88 29.56 33.27 10.75 12.08 16.66
[s1_goH1]  └──────────────────────────────────────────────────
[s1_goH1] ────────────────────────────────────────────────────────────
[s1_goH1]  STAGE: GNG   device=cuda:1   epochs=100
[s1_goH1]  freeze recurrent cols: [0]
[s1_goH1]  freeze input dims:     [0, 1, 2, 3, 6]
[s1_goH1] ────────────────────────────────────────────────────────────
[s1_goH1]  data: [516, 266, 7] → [516, 266, 2]
Epoch 005/100 | lr: 0.01000 | train: 0.2922 | val: 0.3552
Epoch 010/100 | lr: 0.01000 | train: 0.1387 | val: 0.2011
Epoch 015/100 | lr: 0.01000 | train: 0.1071 | val: 0.1619
Epoch 020/100 | lr: 0.01000 | train: 0.0913 | val: 0.1405
Epoch 025/100 | lr: 0.01000 | train: 0.0760 | val: 0.1170
Epoch 030/100 | lr: 0.01000 | train: 0.0678 | val: 0.1043
Stopping: losses below 0.1.
[s1_goH1]   after GNG: dpa=1.000 (pair=1.000 unpair=1.000)  gng=0.999 (go=1.000 nogo=0.998)
[s1_goH1]  GNG done in 175.2s  final train=0.0667  val=0.0951  dpa=1.000  gng=0.999
[s1_goH1]  ┌── params: after GNG
[s1_goH1]  │  rank 0: ||m||=35.666  ||n||=38.931  corr(m,n)=+0.816
[s1_goH1]  │  rank 1: ||m||=28.451  ||n||=47.009  corr(m,n)=+0.821
[s1_goH1]  │  κ-Jacobian eigvals (gain·n^Tm/N): +2.3053  +2.0532
[s1_goH1]  │  Wi: ||·||_F=59.986  per-channel=20.40 20.88 29.56 33.27 12.79 17.99 16.66
[s1_goH1]  └──────────────────────────────────────────────────
[s1_goH1] ────────────────────────────────────────────────────────────
[s1_goH1]  STAGE: Dual   device=cuda:1   epochs=100
[s1_goH1]  freeze recurrent cols: [0]
[s1_goH1]  freeze input dims:     [0, 1, 2, 3, 4, 5, 6]
[s1_goH1] ────────────────────────────────────────────────────────────
[s1_goH1]  data: [516, 444, 7] → [516, 444, 2]
[s1_goH1]  loss=separated  dpa_w=1.0  gng_w=1.0  go_w=1.0  nogo_w=2.0  aux_w=1.0  bl_w=1.0  go_hinge=1.0
Epoch 005/100 | lr: 0.01000 | train: 0.5384 | val: 0.6221
Epoch 010/100 | lr: 0.01000 | train: 0.4926 | val: 0.5170
Epoch 015/100 | lr: 0.01000 | train: 0.4500 | val: 0.4719
Epoch 020/100 | lr: 0.01000 | train: 0.4195 | val: 0.4346
Epoch 025/100 | lr: 0.01000 | train: 0.3830 | val: 0.3887
Epoch 030/100 | lr: 0.01000 | train: 0.3729 | val: 0.3710
Epoch 035/100 | lr: 0.01000 | train: 0.3188 | val: 0.3468
Epoch 040/100 | lr: 0.01000 | train: 0.2968 | val: 0.3119
Epoch 045/100 | lr: 0.01000 | train: 0.2753 | val: 0.2691
Epoch 050/100 | lr: 0.01000 | train: 0.2556 | val: 0.2597
Epoch 055/100 | lr: 0.01000 | train: 0.2424 | val: 0.2431
Epoch 060/100 | lr: 0.01000 | train: 0.2314 | val: 0.2283
Epoch 065/100 | lr: 0.01000 | train: 0.2120 | val: 0.2150
Epoch 070/100 | lr: 0.01000 | train: 0.1991 | val: 0.2084
Epoch 075/100 | lr: 0.01000 | train: 0.1936 | val: 0.1974
Epoch 080/100 | lr: 0.01000 | train: 0.1894 | val: 0.1879
Epoch 085/100 | lr: 0.01000 | train: 0.1769 | val: 0.1826
Epoch 090/100 | lr: 0.01000 | train: 0.1727 | val: 0.1754
Epoch 095/100 | lr: 0.01000 | train: 0.1646 | val: 0.1690
Epoch 100/100 | lr: 0.01000 | train: 0.1619 | val: 0.1740
[s1_goH1]  loss components: {'dpa': 0.0816, 'gng': 0.0471, 'gng_go': 0.046, 'gng_nogo': 0.0005, 'baseline': 0.0312, 'aux': 0.0123}
[s1_goH1]   after Dual: dpa=0.996 (pair=0.992 unpair=1.000)  gng=0.986 (go=0.973 nogo=1.000)
[s1_goH1]  Dual done in 875.4s  final train=0.1619  val=0.1740  dpa=0.996  gng=0.986
[s1_goH1]  ┌── params: after Dual
[s1_goH1]  │  rank 0: ||m||=35.666  ||n||=38.931  corr(m,n)=+0.816
[s1_goH1]  │  rank 1: ||m||=27.080  ||n||=66.251  corr(m,n)=+0.657
[s1_goH1]  │  κ-Jacobian eigvals (gain·n^Tm/N): +2.1315  +2.3850
[s1_goH1]  │  Wi: ||·||_F=59.986  per-channel=20.40 20.88 29.56 33.27 12.79 17.99 16.66
[s1_goH1]  └──────────────────────────────────────────────────
[s1_goH1] ════════════════════════════════════════════════════════════
[s1_goH1]  RUN COMPLETE  2026-06-08 19:04:32  total=1673.2s
[s1_goH1]  ACCURACY SUMMARY
[s1_goH1]    after DPA : dpa=0.997  gng=0.579
[s1_goH1]    after GNG : dpa=1.000  gng=0.999
[s1_goH1]    after Dual: dpa=0.996  gng=0.986  dual_dpa=0.995  dual_gng=0.996
[s1_goH1] ════════════════════════════════════════════════════════════
