[s2_nogo5] ════════════════════════════════════════════════════════════
[s2_nogo5]  RUN START  2026-06-09 03:04:41
[s2_nogo5]  run_id=s2_nogo5  seed=2  device=cuda:0
[s2_nogo5]  arch:  hidden=512  rank=2  gain=1.0  input_size=7  params=6,144
[s2_nogo5]  task:  cue_on_go=True  rwd=True  rwd_scale=1.0  freeze_input_stages=['gng', 'dual']  init=random
[s2_nogo5]  dynamics: alpha=0.0750  alpha_rec=0.1000  dt=0.0225  tau=0.3  tau_rec_frac=0.75
[s2_nogo5]  noise:  input_sigma=0.3732 (×1.0)  model_sigma=0.0000 (×0.0)
[s2_nogo5]  optim:  lr=0.01  wd=0.01  batch=64  n_batch=516  clip=None
[s2_nogo5]  epochs: dpa=100  gng=100  dual=100  loss=separated
[s2_nogo5]  shapes: m[512, 2]  n[512, 2]  Wi[512, 7]
[s2_nogo5]  ┌── params: init
[s2_nogo5]  │  rank 0: ||m||=22.730  ||n||=22.312  corr(m,n)=+0.023
[s2_nogo5]  │  rank 1: ||m||=22.626  ||n||=22.176  corr(m,n)=-0.024
[s2_nogo5]  │  κ-Jacobian eigvals (gain·n^Tm/N): +0.0345  -0.0353
[s2_nogo5]  │  Wi: ||·||_F=58.692  per-channel=22.57 21.62 22.94 22.02 22.37 21.28 22.45
[s2_nogo5]  └──────────────────────────────────────────────────
[s2_nogo5]  DPA: loading checkpoint from results/dual/sweep_hingeGNG/s2_hingeGNG/dpa_s2_hingeGNG.pth
[s2_nogo5]   after DPA: dpa=0.997 (pair=0.998 unpair=0.996)  gng=0.494 (go=0.002 nogo=0.998)
[s2_nogo5]  DPA done in 1.7s  (checkpoint)  dpa=0.997  gng=0.494
[s2_nogo5]  ┌── params: after DPA
[s2_nogo5]  │  rank 0: ||m||=39.604  ||n||=37.191  corr(m,n)=+0.780
[s2_nogo5]  │  rank 1: ||m||=38.659  ||n||=43.277  corr(m,n)=+0.781
[s2_nogo5]  │  κ-Jacobian eigvals (gain·n^Tm/N): +2.3988+0.6167j  +2.3988-0.6167j
[s2_nogo5]  │  Wi: ||·||_F=66.330  per-channel=17.96 18.93 37.53 33.63 22.37 21.28 15.06
[s2_nogo5]  └──────────────────────────────────────────────────
[s2_nogo5]  GNG: loading checkpoint from results/dual/sweep_hingeGNG/s2_hingeGNG/naive_s2_hingeGNG.pth
[s2_nogo5]   after GNG: dpa=0.944 (pair=0.948 unpair=0.940)  gng=0.956 (go=1.000 nogo=0.913)
[s2_nogo5]  GNG done in 1.1s  (checkpoint)  dpa=0.944  gng=0.956
[s2_nogo5]  ┌── params: after GNG
[s2_nogo5]  │  rank 0: ||m||=39.604  ||n||=37.191  corr(m,n)=+0.780
[s2_nogo5]  │  rank 1: ||m||=38.438  ||n||=49.011  corr(m,n)=+0.740
[s2_nogo5]  │  κ-Jacobian eigvals (gain·n^Tm/N): +2.4846+0.3869j  +2.4846-0.3869j
[s2_nogo5]  │  Wi: ||·||_F=66.330  per-channel=17.96 18.93 37.53 33.63 22.37 21.28 15.06
[s2_nogo5]  └──────────────────────────────────────────────────
[s2_nogo5] ────────────────────────────────────────────────────────────
[s2_nogo5]  STAGE: Dual   device=cuda:0   epochs=100
[s2_nogo5]  freeze recurrent cols: [0]
[s2_nogo5]  freeze input dims:     [0, 1, 2, 3, 4, 5, 6]
[s2_nogo5] ────────────────────────────────────────────────────────────
[s2_nogo5]  data: [516, 444, 7] → [516, 444, 2]
[s2_nogo5]  loss=separated  dpa_w=1.0  gng_w=1.0  go_w=1.0  nogo_w=5.0  aux_w=1.0  bl_w=1.0  go_hinge=1.0
Epoch 005/100 | lr: 0.01000 | train: 1.1583 | val: 1.1706
Epoch 010/100 | lr: 0.01000 | train: 1.0138 | val: 0.9763
Epoch 015/100 | lr: 0.01000 | train: 0.9432 | val: 0.8941
Epoch 020/100 | lr: 0.01000 | train: 0.8883 | val: 0.8374
Epoch 025/100 | lr: 0.01000 | train: 0.8417 | val: 0.7988
Epoch 030/100 | lr: 0.01000 | train: 0.8028 | val: 0.7375
Epoch 035/100 | lr: 0.01000 | train: 0.7671 | val: 0.6937
Epoch 040/100 | lr: 0.01000 | train: 0.7240 | val: 0.6616
Epoch 045/100 | lr: 0.01000 | train: 0.7055 | val: 0.6513
Epoch 050/100 | lr: 0.01000 | train: 0.6784 | val: 0.6060
Epoch 055/100 | lr: 0.01000 | train: 0.6530 | val: 0.5887
Epoch 060/100 | lr: 0.01000 | train: 0.6324 | val: 0.5688
Epoch 065/100 | lr: 0.01000 | train: 0.6185 | val: 0.5399
Epoch 070/100 | lr: 0.01000 | train: 0.5976 | val: 0.5572
Epoch 075/100 | lr: 0.01000 | train: 0.5750 | val: 0.5151
Epoch 080/100 | lr: 0.01000 | train: 0.5566 | val: 0.4922
Epoch 085/100 | lr: 0.01000 | train: 0.5417 | val: 0.4916
Epoch 090/100 | lr: 0.01000 | train: 0.5270 | val: 0.4921
Epoch 095/100 | lr: 0.01000 | train: 0.5250 | val: 0.4435
Epoch 100/100 | lr: 0.01000 | train: 0.4974 | val: 0.4434
[s2_nogo5]  loss components: {'dpa': 0.2803, 'gng': 0.1356, 'gng_go': 0.0959, 'gng_nogo': 0.0079, 'baseline': 0.009, 'aux': 0.0054}
[s2_nogo5]   after Dual: dpa=0.990 (pair=0.988 unpair=0.993)  gng=1.000 (go=1.000 nogo=1.000)
[s2_nogo5]  Dual done in 729.9s  final train=0.4974  val=0.4434  dpa=0.990  gng=1.000
[s2_nogo5]  ┌── params: after Dual
[s2_nogo5]  │  rank 0: ||m||=39.604  ||n||=37.191  corr(m,n)=+0.780
[s2_nogo5]  │  rank 1: ||m||=34.315  ||n||=64.652  corr(m,n)=+0.545
[s2_nogo5]  │  κ-Jacobian eigvals (gain·n^Tm/N): +2.3036+0.2428j  +2.3036-0.2428j
[s2_nogo5]  │  Wi: ||·||_F=66.330  per-channel=17.96 18.93 37.53 33.63 22.37 21.28 15.06
[s2_nogo5]  └──────────────────────────────────────────────────
[s2_nogo5] ════════════════════════════════════════════════════════════
[s2_nogo5]  RUN COMPLETE  2026-06-09 03:16:54  total=734.6s
[s2_nogo5]  ACCURACY SUMMARY
[s2_nogo5]    after DPA : dpa=0.997  gng=0.494
[s2_nogo5]    after GNG : dpa=0.944  gng=0.956
[s2_nogo5]    after Dual: dpa=0.990  gng=1.000  dual_dpa=0.899  dual_gng=1.000
[s2_nogo5] ════════════════════════════════════════════════════════════
