[s3_relu] ════════════════════════════════════════════════════════════
[s3_relu]  RUN START  2026-06-09 04:21:00
[s3_relu]  run_id=s3_relu  seed=3  device=cuda:0
[s3_relu]  arch:  hidden=512  rank=2  gain=1.0  input_size=7  params=6,144
[s3_relu]  task:  cue_on_go=True  rwd=True  rwd_scale=1.0  freeze_input_stages=['gng', 'dual']  init=random
[s3_relu]  dynamics: alpha=0.0750  alpha_rec=0.1000  dt=0.0225  tau=0.3  tau_rec_frac=0.75
[s3_relu]  noise:  input_sigma=0.3732 (×1.0)  model_sigma=0.0000 (×0.0)
[s3_relu]  optim:  lr=0.01  wd=0.01  batch=64  n_batch=516  clip=None
[s3_relu]  epochs: dpa=100  gng=100  dual=100  loss=separated
[s3_relu]  shapes: m[512, 2]  n[512, 2]  Wi[512, 7]
[s3_relu]  ┌── params: init
[s3_relu]  │  rank 0: ||m||=22.816  ||n||=22.436  corr(m,n)=+0.020
[s3_relu]  │  rank 1: ||m||=21.350  ||n||=23.585  corr(m,n)=+0.075
[s3_relu]  │  κ-Jacobian eigvals (gain·n^Tm/N): +0.0115  +0.0822
[s3_relu]  │  Wi: ||·||_F=61.487  per-channel=24.64 23.94 21.69 23.93 23.19 21.98 23.15
[s3_relu]  └──────────────────────────────────────────────────
[s3_relu] ────────────────────────────────────────────────────────────
[s3_relu]  STAGE: DPA   device=cuda:0   epochs=100
[s3_relu]  freeze input dims:     [4, 5]
[s3_relu] ────────────────────────────────────────────────────────────
[s3_relu]  data: [516, 444, 7] → [516, 444, 2]
Epoch 005/100 | lr: 0.01000 | train: 1.9697 | val: 1.9625
Epoch 010/100 | lr: 0.01000 | train: 1.7180 | val: 1.5610
Epoch 015/100 | lr: 0.01000 | train: 0.9922 | val: 1.0036
Epoch 020/100 | lr: 0.01000 | train: 0.7864 | val: 0.7898
Epoch 025/100 | lr: 0.01000 | train: 0.1580 | val: 0.1907
Stopping: losses below 0.1.
[s3_relu]   after DPA: dpa=1.000 (pair=1.000 unpair=1.000)  gng=0.480 (go=0.000 nogo=1.000)
[s3_relu]  DPA done in 934.9s  final train=0.0836  val=0.0677  dpa=1.000  gng=0.480
[s3_relu]  ┌── params: after DPA
[s3_relu]  │  rank 0: ||m||=36.928  ||n||=30.012  corr(m,n)=+0.788
[s3_relu]  │  rank 1: ||m||=33.213  ||n||=32.016  corr(m,n)=+0.760
[s3_relu]  │  κ-Jacobian eigvals (gain·n^Tm/N): +1.7602  +1.5229
[s3_relu]  │  Wi: ||·||_F=68.923  per-channel=25.03 24.82 31.60 32.16 23.19 21.98 21.28
[s3_relu]  └──────────────────────────────────────────────────
[s3_relu] ────────────────────────────────────────────────────────────
[s3_relu]  STAGE: GNG   device=cuda:0   epochs=100
[s3_relu]  freeze recurrent cols: [0]
[s3_relu]  freeze input dims:     [0, 1, 2, 3, 4, 5, 6]
[s3_relu] ────────────────────────────────────────────────────────────
[s3_relu]  data: [516, 266, 7] → [516, 266, 2]
Epoch 005/100 | lr: 0.01000 | train: 0.8874 | val: 0.7508
Epoch 010/100 | lr: 0.01000 | train: 0.3096 | val: 0.2662
Epoch 015/100 | lr: 0.01000 | train: 0.1904 | val: 0.1736
Epoch 020/100 | lr: 0.01000 | train: 0.1432 | val: 0.1556
Epoch 025/100 | lr: 0.01000 | train: 0.1163 | val: 0.1176
Epoch 030/100 | lr: 0.01000 | train: 0.1022 | val: 0.0906
Stopping: losses below 0.1.
[s3_relu]   after GNG: dpa=0.680 (pair=0.591 unpair=0.773)  gng=0.987 (go=1.000 nogo=0.974)
[s3_relu]  GNG done in 661.7s  final train=0.0962  val=0.0942  dpa=0.680  gng=0.987
[s3_relu]  ┌── params: after GNG
[s3_relu]  │  rank 0: ||m||=36.928  ||n||=30.012  corr(m,n)=+0.788
[s3_relu]  │  rank 1: ||m||=37.424  ||n||=34.905  corr(m,n)=+0.763
[s3_relu]  │  κ-Jacobian eigvals (gain·n^Tm/N): +1.7270  +1.9231
[s3_relu]  │  Wi: ||·||_F=68.923  per-channel=25.03 24.82 31.60 32.16 23.19 21.98 21.28
[s3_relu]  └──────────────────────────────────────────────────
[s3_relu] ────────────────────────────────────────────────────────────
[s3_relu]  STAGE: Dual   device=cuda:0   epochs=100
[s3_relu]  freeze recurrent cols: [0]
[s3_relu]  freeze input dims:     [0, 1, 2, 3, 4, 5, 6]
[s3_relu] ────────────────────────────────────────────────────────────
[s3_relu]  data: [516, 444, 7] → [516, 444, 2]
[s3_relu]  loss=separated  dpa_w=1.0  gng_w=1.0  go_w=1.0  nogo_w=2.0  aux_w=1.0  bl_w=1.0  go_hinge=1.0
Epoch 005/100 | lr: 0.01000 | train: 0.5208 | val: 0.6385
Epoch 010/100 | lr: 0.01000 | train: 0.4640 | val: 0.5552
Epoch 015/100 | lr: 0.01000 | train: 0.4321 | val: 0.5134
Epoch 020/100 | lr: 0.01000 | train: 0.4015 | val: 0.4811
Epoch 025/100 | lr: 0.01000 | train: 0.3755 | val: 0.4559
Epoch 030/100 | lr: 0.01000 | train: 0.3628 | val: 0.4332
Epoch 035/100 | lr: 0.01000 | train: 0.3551 | val: 0.4191
Epoch 040/100 | lr: 0.01000 | train: 0.3358 | val: 0.3996
Epoch 045/100 | lr: 0.01000 | train: 0.3200 | val: 0.3855
Epoch 050/100 | lr: 0.01000 | train: 0.3082 | val: 0.3748
Epoch 055/100 | lr: 0.01000 | train: 0.2960 | val: 0.3617
Epoch 060/100 | lr: 0.01000 | train: 0.2892 | val: 0.3512
Epoch 065/100 | lr: 0.01000 | train: 0.2793 | val: 0.3419
Epoch 070/100 | lr: 0.01000 | train: 0.2674 | val: 0.3318
Epoch 075/100 | lr: 0.01000 | train: 0.2590 | val: 0.3223
Epoch 080/100 | lr: 0.01000 | train: 0.2488 | val: 0.3141
Epoch 085/100 | lr: 0.01000 | train: 0.2495 | val: 0.3096
Epoch 090/100 | lr: 0.01000 | train: 0.2476 | val: 0.3019
Epoch 095/100 | lr: 0.01000 | train: 0.2314 | val: 0.2980
Epoch 100/100 | lr: 0.01000 | train: 0.2260 | val: 0.2869
[s3_relu]  loss components: {'dpa': 0.0915, 'gng': 0.1389, 'gng_go': 0.0946, 'gng_nogo': 0.0221, 'baseline': 0.0093, 'aux': 0.0055}
[s3_relu]   after Dual: dpa=1.000 (pair=1.000 unpair=1.000)  gng=1.000 (go=1.000 nogo=1.000)
[s3_relu]  Dual done in 3438.0s  final train=0.2260  val=0.2869  dpa=1.000  gng=1.000
[s3_relu]  ┌── params: after Dual
[s3_relu]  │  rank 0: ||m||=36.928  ||n||=30.012  corr(m,n)=+0.788
[s3_relu]  │  rank 1: ||m||=36.431  ||n||=35.575  corr(m,n)=+0.646
[s3_relu]  │  κ-Jacobian eigvals (gain·n^Tm/N): +1.6703+0.0459j  +1.6703-0.0459j
[s3_relu]  │  Wi: ||·||_F=68.923  per-channel=25.03 24.82 31.60 32.16 23.19 21.98 21.28
[s3_relu]  └──────────────────────────────────────────────────
[s3_relu] ════════════════════════════════════════════════════════════
[s3_relu]  RUN COMPLETE  2026-06-09 05:44:54  total=5040.3s
[s3_relu]  ACCURACY SUMMARY
[s3_relu]    after DPA : dpa=1.000  gng=0.480
[s3_relu]    after GNG : dpa=0.680  gng=0.987
[s3_relu]    after Dual: dpa=1.000  gng=1.000  dual_dpa=0.998  dual_gng=0.990
[s3_relu] ════════════════════════════════════════════════════════════
