[s3_noHinge2] ════════════════════════════════════════════════════════════
[s3_noHinge2]  RUN START  2026-06-09 00:46:37
[s3_noHinge2]  run_id=s3_noHinge2  seed=3  device=cuda:1
[s3_noHinge2]  arch:  hidden=512  rank=2  gain=1.0  input_size=7  params=6,144
[s3_noHinge2]  task:  cue_on_go=True  rwd=True  rwd_scale=1.0  freeze_input_stages=['gng', 'dual']  init=random
[s3_noHinge2]  dynamics: alpha=0.0750  alpha_rec=0.1000  dt=0.0225  tau=0.3  tau_rec_frac=0.75
[s3_noHinge2]  noise:  input_sigma=0.3732 (×1.0)  model_sigma=0.0000 (×0.0)
[s3_noHinge2]  optim:  lr=0.01  wd=0.01  batch=64  n_batch=516  clip=None
[s3_noHinge2]  epochs: dpa=100  gng=100  dual=100  loss=separated
[s3_noHinge2]  shapes: m[512, 2]  n[512, 2]  Wi[512, 7]
[s3_noHinge2]  ┌── params: init
[s3_noHinge2]  │  rank 0: ||m||=22.816  ||n||=22.436  corr(m,n)=+0.020
[s3_noHinge2]  │  rank 1: ||m||=21.350  ||n||=23.585  corr(m,n)=+0.075
[s3_noHinge2]  │  κ-Jacobian eigvals (gain·n^Tm/N): +0.0115  +0.0822
[s3_noHinge2]  │  Wi: ||·||_F=61.487  per-channel=24.64 23.94 21.69 23.93 23.19 21.98 23.15
[s3_noHinge2]  └──────────────────────────────────────────────────
[s3_noHinge2]  DPA: loading checkpoint from results/dual/sweep_adam2/s3_adam2/dpa_s3_adam2.pth
[s3_noHinge2]   after DPA: dpa=0.995 (pair=0.998 unpair=0.992)  gng=0.505 (go=0.000 nogo=0.994)
[s3_noHinge2]  DPA done in 1.6s  (checkpoint)  dpa=0.995  gng=0.505
[s3_noHinge2]  ┌── params: after DPA
[s3_noHinge2]  │  rank 0: ||m||=39.128  ||n||=37.436  corr(m,n)=+0.791
[s3_noHinge2]  │  rank 1: ||m||=35.473  ||n||=44.526  corr(m,n)=+0.779
[s3_noHinge2]  │  κ-Jacobian eigvals (gain·n^Tm/N): +2.3328+0.4870j  +2.3328-0.4870j
[s3_noHinge2]  │  Wi: ||·||_F=68.174  per-channel=19.82 21.22 31.53 38.34 23.19 21.98 17.86
[s3_noHinge2]  └──────────────────────────────────────────────────
[s3_noHinge2]  GNG: loading checkpoint from results/dual/sweep_adam2/s3_adam2/naive_s3_adam2.pth
[s3_noHinge2]   after GNG: dpa=0.779 (pair=0.705 unpair=0.849)  gng=0.959 (go=1.000 nogo=0.921)
[s3_noHinge2]  GNG done in 1.2s  (checkpoint)  dpa=0.779  gng=0.959
[s3_noHinge2]  ┌── params: after GNG
[s3_noHinge2]  │  rank 0: ||m||=39.128  ||n||=37.436  corr(m,n)=+0.791
[s3_noHinge2]  │  rank 1: ||m||=38.415  ||n||=50.825  corr(m,n)=+0.715
[s3_noHinge2]  │  κ-Jacobian eigvals (gain·n^Tm/N): +2.4944+0.3815j  +2.4944-0.3815j
[s3_noHinge2]  │  Wi: ||·||_F=68.174  per-channel=19.82 21.22 31.53 38.34 23.19 21.98 17.86
[s3_noHinge2]  └──────────────────────────────────────────────────
[s3_noHinge2] ────────────────────────────────────────────────────────────
[s3_noHinge2]  STAGE: Dual   device=cuda:1   epochs=100
[s3_noHinge2]  freeze recurrent cols: [0]
[s3_noHinge2]  freeze input dims:     [0, 1, 2, 3, 4, 5, 6]
[s3_noHinge2] ────────────────────────────────────────────────────────────
[s3_noHinge2]  data: [516, 444, 7] → [516, 444, 2]
[s3_noHinge2]  loss=separated  dpa_w=1.0  gng_w=1.0  go_w=1.0  nogo_w=2.0  aux_w=1.0  bl_w=1.0  go_hinge=None
Epoch 005/100 | lr: 0.01000 | train: 1.7112 | val: 1.4921
Epoch 010/100 | lr: 0.01000 | train: 1.5591 | val: 1.3354
Epoch 015/100 | lr: 0.01000 | train: 1.4626 | val: 1.2289
Epoch 020/100 | lr: 0.01000 | train: 1.3416 | val: 1.1336
Epoch 025/100 | lr: 0.01000 | train: 1.2681 | val: 1.1104
Epoch 030/100 | lr: 0.01000 | train: 1.2247 | val: 1.0147
Epoch 035/100 | lr: 0.01000 | train: 1.1905 | val: 0.9838
Epoch 040/100 | lr: 0.01000 | train: 1.1092 | val: 0.9341
Epoch 045/100 | lr: 0.01000 | train: 1.0798 | val: 0.8983
Epoch 050/100 | lr: 0.01000 | train: 1.0352 | val: 0.8725
Epoch 055/100 | lr: 0.01000 | train: 1.0032 | val: 0.8458
Epoch 060/100 | lr: 0.01000 | train: 0.9720 | val: 0.8210
Epoch 065/100 | lr: 0.01000 | train: 0.9511 | val: 0.8055
Epoch 070/100 | lr: 0.01000 | train: 0.9278 | val: 0.7924
Epoch 075/100 | lr: 0.01000 | train: 0.8912 | val: 0.7646
Epoch 080/100 | lr: 0.01000 | train: 0.8937 | val: 0.7448
Epoch 085/100 | lr: 0.01000 | train: 0.8597 | val: 0.7366
Epoch 090/100 | lr: 0.01000 | train: 0.8390 | val: 0.7197
Epoch 095/100 | lr: 0.01000 | train: 0.8293 | val: 0.7049
Epoch 100/100 | lr: 0.01000 | train: 0.7927 | val: 0.6837
[s3_noHinge2]  loss components: {'dpa': 0.2297, 'gng': 0.2605, 'gng_go': 0.1556, 'gng_nogo': 0.0525, 'baseline': 0.0208, 'aux': 0.0087}
[s3_noHinge2]   after Dual: dpa=0.955 (pair=0.955 unpair=0.955)  gng=1.000 (go=1.000 nogo=1.000)
[s3_noHinge2]  Dual done in 735.5s  final train=0.7927  val=0.6837  dpa=0.955  gng=1.000
[s3_noHinge2]  ┌── params: after Dual
[s3_noHinge2]  │  rank 0: ||m||=39.128  ||n||=37.436  corr(m,n)=+0.791
[s3_noHinge2]  │  rank 1: ||m||=38.659  ||n||=68.218  corr(m,n)=+0.520
[s3_noHinge2]  │  κ-Jacobian eigvals (gain·n^Tm/N): +2.4697+0.0757j  +2.4697-0.0757j
[s3_noHinge2]  │  Wi: ||·||_F=68.174  per-channel=19.82 21.22 31.53 38.34 23.19 21.98 17.86
[s3_noHinge2]  └──────────────────────────────────────────────────
[s3_noHinge2] ════════════════════════════════════════════════════════════
[s3_noHinge2]  RUN COMPLETE  2026-06-09 00:58:56  total=740.2s
[s3_noHinge2]  ACCURACY SUMMARY
[s3_noHinge2]    after DPA : dpa=0.995  gng=0.505
[s3_noHinge2]    after GNG : dpa=0.779  gng=0.959
[s3_noHinge2]    after Dual: dpa=0.955  gng=1.000  dual_dpa=0.845  dual_gng=0.981
[s3_noHinge2] ════════════════════════════════════════════════════════════
