[s4] ════════════════════════════════════════════════════════════
[s4]  RUN START  2026-07-01 18:57:53
[s4]  run_id=s4  seed=4  device=cuda:0
[s4]  arch:  N=1000 (E=750 I=250)  K=125 (prob 0.167)  rank=2  gain=1.0  input_size=6  params=3,000
[s4]  task:  cue_on_go=True  rwd=False  rwd_scale=1.0  freeze_input_stages=['dual']  init=random
[s4]  dynamics: dt=0.0225  tau=(0.4, 0.2)s  tau_syn=(0.2, 0.1)s  STP(use=0.05 tau_fac=1.0s tau_rec=0.2s)  j_stp=1.0
[s4]  noise:  input_sigma=0.3732 (×1.0)  model_sigma=0.0000 (×0.0)
[s4]  optim:  lr=0.1  wd=0.01  batch=32  n_batch=256  clip=None
[s4]  epochs: dpa=200  gng=100  dual=100  loss=separated
[s4]  shapes: m[750, 2]  n[750, 2]  Wi[750, 6]
[s4]  ┌── params: init
[s4]  │  rank 0: ||m||=26.666  ||n||=26.666  corr(m,n)=+1.000
[s4]  │  rank 1: ||m||=27.228  ||n||=27.228  corr(m,n)=+1.000
[s4]  │  low-rank overlap n^Tm/N (modulates STP E→E): +0.9330  +1.0035
[s4]  │  Wi: ||·||_F=67.977  per-channel=28.28 26.89 27.67 28.75 27.04 27.83
[s4]  └──────────────────────────────────────────────────
[s4] ────────────────────────────────────────────────────────────
[s4]  STAGE: DPA   device=cuda:0   epochs=200
[s4] ────────────────────────────────────────────────────────────
[s4]  data: [256, 444, 6] → [256, 444, 2]
Epoch 005/200 | lr: 0.10000 | train: 3.5320 | val: 3.5906
Epoch 010/200 | lr: 0.10000 | train: 2.6850 | val: 2.5046
Epoch 015/200 | lr: 0.10000 | train: 1.2103 | val: 0.9672
Stopping: losses below 0.1.
[s4]   after DPA: dpa=1.000 (pair=1.000 unpair=1.000)  gng=0.504 (go=0.998 nogo=0.004)
[s4]  DPA done in 131.6s  final train=0.0513  val=0.0275  dpa=1.000  gng=0.504
[s4]  ┌── params: after DPA
[s4]  │  rank 0: ||m||=256.070  ||n||=121.479  corr(m,n)=+0.745
[s4]  │  rank 1: ||m||=138.235  ||n||=76.503  corr(m,n)=+0.487
[s4]  │  low-rank overlap n^Tm/N (modulates STP E→E): +30.8858  +6.8728
[s4]  │  Wi: ||·||_F=67.977  per-channel=28.28 26.89 27.67 28.75 27.04 27.83
[s4]  └──────────────────────────────────────────────────
[s4] ────────────────────────────────────────────────────────────
[s4]  STAGE: GNG   device=cuda:0   epochs=100
[s4]  freeze recurrent cols: [0]
[s4]  freeze input dims:     [0, 1, 2, 3]
[s4] ────────────────────────────────────────────────────────────
[s4]  data: [256, 266, 6] → [256, 266, 2]
Epoch 005/100 | lr: 0.10000 | train: 0.8071 | val: 0.8609
Epoch 010/100 | lr: 0.10000 | train: 0.5209 | val: 0.5552
Epoch 015/100 | lr: 0.10000 | train: 0.3115 | val: 0.3250
Epoch 020/100 | lr: 0.10000 | train: 0.1956 | val: 0.2022
Epoch 025/100 | lr: 0.10000 | train: 0.1443 | val: 0.1546
Epoch 030/100 | lr: 0.10000 | train: 0.1212 | val: 0.1303
Epoch 035/100 | lr: 0.10000 | train: 0.1080 | val: 0.1206
Epoch 040/100 | lr: 0.10000 | train: 0.1015 | val: 0.1101
Epoch 045/100 | lr: 0.10000 | train: 0.0967 | val: 0.1034
Epoch 050/100 | lr: 0.10000 | train: 0.0891 | val: 0.0986
Stopping: losses below 0.1.
[s4]   after GNG: dpa=0.458 (pair=0.058 unpair=0.864)  gng=1.000 (go=1.000 nogo=1.000)
[s4]  GNG done in 167.5s  final train=0.0891  val=0.0986  dpa=0.458  gng=1.000
[s4]  ┌── params: after GNG
[s4]  │  rank 0: ||m||=256.070  ||n||=121.479  corr(m,n)=+0.745
[s4]  │  rank 1: ||m||=264.054  ||n||=132.006  corr(m,n)=+0.171
[s4]  │  low-rank overlap n^Tm/N (modulates STP E→E): +27.5314  +11.3340
[s4]  │  Wi: ||·||_F=67.977  per-channel=28.28 26.89 27.67 28.75 27.04 27.83
[s4]  └──────────────────────────────────────────────────
[s4] ────────────────────────────────────────────────────────────
[s4]  STAGE: Dual   device=cuda:0   epochs=100
[s4]  freeze input dims:     [0, 1, 2, 3, 4, 5]
[s4] ────────────────────────────────────────────────────────────
[s4]  data: [256, 444, 6] → [256, 444, 2]
[s4]  loss=separated  dpa_w=1.0  gng_w=1.0  go_w=1.0  nogo_w=1.0  aux_w=1.0  bl_w=1.0  go_hinge=1.0
Epoch 005/100 | lr: 0.10000 | train: 1.4201 | val: 1.5695
Epoch 010/100 | lr: 0.10000 | train: 1.2293 | val: 1.3958
Epoch 015/100 | lr: 0.10000 | train: 1.1700 | val: 1.2991
Epoch 020/100 | lr: 0.10000 | train: 1.0446 | val: 1.1391
Epoch 025/100 | lr: 0.10000 | train: 0.5111 | val: 0.5644
Epoch 030/100 | lr: 0.10000 | train: 0.3013 | val: 0.4181
Epoch 035/100 | lr: 0.10000 | train: 0.2292 | val: 0.3644
Epoch 040/100 | lr: 0.10000 | train: 0.1849 | val: 0.3051
Epoch 045/100 | lr: 0.10000 | train: 0.1586 | val: 0.2657
Epoch 050/100 | lr: 0.10000 | train: 0.1426 | val: 0.2401
Epoch 055/100 | lr: 0.10000 | train: 0.1222 | val: 0.2069
Epoch 060/100 | lr: 0.10000 | train: 0.1306 | val: 0.1980
Epoch 065/100 | lr: 0.10000 | train: 0.1003 | val: 0.1873
Epoch 070/100 | lr: 0.10000 | train: 0.0986 | val: 0.1750
Epoch 075/100 | lr: 0.10000 | train: 0.0880 | val: 0.1937
Epoch 080/100 | lr: 0.10000 | train: 0.0829 | val: 0.1926
Epoch 085/100 | lr: 0.10000 | train: 0.0799 | val: 0.1535
Epoch 090/100 | lr: 0.10000 | train: 0.0757 | val: 0.1682
Epoch 095/100 | lr: 0.10000 | train: 0.0691 | val: 0.1485
Epoch 100/100 | lr: 0.10000 | train: 0.0811 | val: 0.1807
[s4]  loss components: {'dpa': 0.0135, 'gng': 0.1317, 'gng_go': 0.0016, 'gng_nogo': 0.1301, 'baseline': 0.0162, 'aux': 0.0196}
[s4]   after Dual: dpa=1.000 (pair=1.000 unpair=1.000)  gng=1.000 (go=1.000 nogo=1.000)
[s4]  Dual done in 530.0s  final train=0.0811  val=0.1807  dpa=1.000  gng=1.000
[s4]  ┌── params: after Dual
[s4]  │  rank 0: ||m||=250.015  ||n||=125.435  corr(m,n)=+0.788
[s4]  │  rank 1: ||m||=230.309  ||n||=129.694  corr(m,n)=+0.259
[s4]  │  low-rank overlap n^Tm/N (modulates STP E→E): +27.3696  +15.9148
[s4]  │  Wi: ||·||_F=67.977  per-channel=28.28 26.89 27.67 28.75 27.04 27.83
[s4]  └──────────────────────────────────────────────────
[s4] ════════════════════════════════════════════════════════════
[s4]  RUN COMPLETE  2026-07-01 19:11:42  total=831.7s
[s4]  ACCURACY SUMMARY
[s4]    after DPA : dpa=1.000  gng=0.504
[s4]    after GNG : dpa=0.458  gng=1.000
[s4]    after Dual: dpa=1.000  gng=1.000  dual_dpa=1.000  dual_gng=1.000
[s4] ════════════════════════════════════════════════════════════
