[s6_noHinge2] ════════════════════════════════════════════════════════════
[s6_noHinge2]  RUN START  2026-06-09 00:46:38
[s6_noHinge2]  run_id=s6_noHinge2  seed=6  device=cuda:0
[s6_noHinge2]  arch:  hidden=512  rank=2  gain=1.0  input_size=7  params=6,144
[s6_noHinge2]  task:  cue_on_go=True  rwd=True  rwd_scale=1.0  freeze_input_stages=['gng', 'dual']  init=random
[s6_noHinge2]  dynamics: alpha=0.0750  alpha_rec=0.1000  dt=0.0225  tau=0.3  tau_rec_frac=0.75
[s6_noHinge2]  noise:  input_sigma=0.3732 (×1.0)  model_sigma=0.0000 (×0.0)
[s6_noHinge2]  optim:  lr=0.01  wd=0.01  batch=64  n_batch=516  clip=None
[s6_noHinge2]  epochs: dpa=100  gng=100  dual=100  loss=separated
[s6_noHinge2]  shapes: m[512, 2]  n[512, 2]  Wi[512, 7]
[s6_noHinge2]  ┌── params: init
[s6_noHinge2]  │  rank 0: ||m||=23.754  ||n||=22.561  corr(m,n)=+0.074
[s6_noHinge2]  │  rank 1: ||m||=21.713  ||n||=23.345  corr(m,n)=-0.005
[s6_noHinge2]  │  κ-Jacobian eigvals (gain·n^Tm/N): +0.0778  -0.0054
[s6_noHinge2]  │  Wi: ||·||_F=60.072  per-channel=23.10 21.97 23.40 22.89 22.22 23.84 21.41
[s6_noHinge2]  └──────────────────────────────────────────────────
[s6_noHinge2]  DPA: loading checkpoint from results/dual/sweep_adam2/s6_adam2/dpa_s6_adam2.pth
[s6_noHinge2]   after DPA: dpa=0.999 (pair=1.000 unpair=0.998)  gng=0.484 (go=0.000 nogo=1.000)
[s6_noHinge2]  DPA done in 1.6s  (checkpoint)  dpa=0.999  gng=0.484
[s6_noHinge2]  ┌── params: after DPA
[s6_noHinge2]  │  rank 0: ||m||=39.778  ||n||=37.319  corr(m,n)=+0.805
[s6_noHinge2]  │  rank 1: ||m||=34.768  ||n||=47.957  corr(m,n)=+0.797
[s6_noHinge2]  │  κ-Jacobian eigvals (gain·n^Tm/N): +2.4654+0.3916j  +2.4654-0.3916j
[s6_noHinge2]  │  Wi: ||·||_F=70.959  per-channel=21.44 21.83 38.44 35.74 22.22 23.84 16.79
[s6_noHinge2]  └──────────────────────────────────────────────────
[s6_noHinge2]  GNG: loading checkpoint from results/dual/sweep_adam2/s6_adam2/naive_s6_adam2.pth
[s6_noHinge2]   after GNG: dpa=0.708 (pair=0.781 unpair=0.636)  gng=0.985 (go=1.000 nogo=0.970)
[s6_noHinge2]  GNG done in 1.0s  (checkpoint)  dpa=0.708  gng=0.985
[s6_noHinge2]  ┌── params: after GNG
[s6_noHinge2]  │  rank 0: ||m||=39.778  ||n||=37.319  corr(m,n)=+0.805
[s6_noHinge2]  │  rank 1: ||m||=35.545  ||n||=53.171  corr(m,n)=+0.745
[s6_noHinge2]  │  κ-Jacobian eigvals (gain·n^Tm/N): +2.5421+0.4282j  +2.5421-0.4282j
[s6_noHinge2]  │  Wi: ||·||_F=70.959  per-channel=21.44 21.83 38.44 35.74 22.22 23.84 16.79
[s6_noHinge2]  └──────────────────────────────────────────────────
[s6_noHinge2] ────────────────────────────────────────────────────────────
[s6_noHinge2]  STAGE: Dual   device=cuda:0   epochs=100
[s6_noHinge2]  freeze recurrent cols: [0]
[s6_noHinge2]  freeze input dims:     [0, 1, 2, 3, 4, 5, 6]
[s6_noHinge2] ────────────────────────────────────────────────────────────
[s6_noHinge2]  data: [516, 444, 7] → [516, 444, 2]
[s6_noHinge2]  loss=separated  dpa_w=1.0  gng_w=1.0  go_w=1.0  nogo_w=2.0  aux_w=1.0  bl_w=1.0  go_hinge=None
Epoch 005/100 | lr: 0.01000 | train: 1.7146 | val: 1.9917
Epoch 010/100 | lr: 0.01000 | train: 1.5572 | val: 1.6866
Epoch 015/100 | lr: 0.01000 | train: 1.4190 | val: 1.5382
Epoch 020/100 | lr: 0.01000 | train: 1.3100 | val: 1.4279
Epoch 025/100 | lr: 0.01000 | train: 1.1920 | val: 1.3289
Epoch 030/100 | lr: 0.01000 | train: 1.1109 | val: 1.2603
Epoch 035/100 | lr: 0.01000 | train: 1.0541 | val: 1.1816
Epoch 040/100 | lr: 0.01000 | train: 0.9849 | val: 1.1234
Epoch 045/100 | lr: 0.01000 | train: 0.9604 | val: 1.0861
Epoch 050/100 | lr: 0.01000 | train: 0.9000 | val: 1.0461
Epoch 055/100 | lr: 0.01000 | train: 0.8686 | val: 0.9959
Epoch 060/100 | lr: 0.01000 | train: 0.8406 | val: 0.9499
Epoch 065/100 | lr: 0.01000 | train: 0.8075 | val: 0.9321
Epoch 070/100 | lr: 0.01000 | train: 0.7737 | val: 0.9366
Epoch 075/100 | lr: 0.01000 | train: 0.7476 | val: 0.8722
Epoch 080/100 | lr: 0.01000 | train: 0.7322 | val: 0.8452
Epoch 085/100 | lr: 0.01000 | train: 0.6967 | val: 0.8432
Epoch 090/100 | lr: 0.01000 | train: 0.6676 | val: 0.7767
Epoch 095/100 | lr: 0.01000 | train: 0.6469 | val: 0.7785
Epoch 100/100 | lr: 0.01000 | train: 0.6260 | val: 0.7727
[s6_noHinge2]  loss components: {'dpa': 0.3342, 'gng': 0.5318, 'gng_go': 0.4727, 'gng_nogo': 0.0295, 'baseline': 0.0239, 'aux': 0.0106}
[s6_noHinge2]   after Dual: dpa=0.989 (pair=0.979 unpair=1.000)  gng=0.999 (go=0.998 nogo=1.000)
[s6_noHinge2]  Dual done in 731.2s  final train=0.6260  val=0.7727  dpa=0.989  gng=0.999
[s6_noHinge2]  ┌── params: after Dual
[s6_noHinge2]  │  rank 0: ||m||=39.778  ||n||=37.319  corr(m,n)=+0.805
[s6_noHinge2]  │  rank 1: ||m||=36.679  ||n||=73.993  corr(m,n)=+0.516
[s6_noHinge2]  │  κ-Jacobian eigvals (gain·n^Tm/N): +2.3089  +2.7617
[s6_noHinge2]  │  Wi: ||·||_F=70.959  per-channel=21.44 21.83 38.44 35.74 22.22 23.84 16.79
[s6_noHinge2]  └──────────────────────────────────────────────────
[s6_noHinge2] ════════════════════════════════════════════════════════════
[s6_noHinge2]  RUN COMPLETE  2026-06-09 00:58:51  total=735.7s
[s6_noHinge2]  ACCURACY SUMMARY
[s6_noHinge2]    after DPA : dpa=0.999  gng=0.484
[s6_noHinge2]    after GNG : dpa=0.708  gng=0.985
[s6_noHinge2]    after Dual: dpa=0.989  gng=0.999  dual_dpa=0.898  dual_gng=0.985
[s6_noHinge2] ════════════════════════════════════════════════════════════
