[s1_nogo0_cue5] ════════════════════════════════════════════════════════════
[s1_nogo0_cue5]  RUN START  2026-06-08 11:41:05
[s1_nogo0_cue5]  run_id=s1_nogo0_cue5  seed=1  device=cuda:1
[s1_nogo0_cue5]  arch:  hidden=512  rank=2  gain=1.0  input_size=7  params=6,144
[s1_nogo0_cue5]  task:  cue_on_go=True  rwd=True  rwd_scale=1.0  freeze_input_stages=['dual']  init=random
[s1_nogo0_cue5]  dynamics: alpha=0.0750  alpha_rec=0.1000  dt=0.0225  tau=0.3  tau_rec_frac=0.75
[s1_nogo0_cue5]  noise:  input_sigma=0.3732 (×1.0)  model_sigma=0.3732 (×1.0)
[s1_nogo0_cue5]  optim:  lr=0.01  wd=0.01  batch=64  n_batch=516  clip=None
[s1_nogo0_cue5]  epochs: dpa=100  gng=100  dual=100  loss=separated
[s1_nogo0_cue5]  shapes: m[512, 2]  n[512, 2]  Wi[512, 7]
[s1_nogo0_cue5]  ┌── params: init
[s1_nogo0_cue5]  │  rank 0: ||m||=22.898  ||n||=22.288  corr(m,n)=-0.020
[s1_nogo0_cue5]  │  rank 1: ||m||=23.302  ||n||=22.428  corr(m,n)=+0.009
[s1_nogo0_cue5]  │  κ-Jacobian eigvals (gain·n^Tm/N): -0.0155  +0.0043
[s1_nogo0_cue5]  │  Wi: ||·||_F=58.820  per-channel=21.94 22.58 22.12 21.70 21.92 23.07 22.27
[s1_nogo0_cue5]  └──────────────────────────────────────────────────
[s1_nogo0_cue5] ────────────────────────────────────────────────────────────
[s1_nogo0_cue5]  STAGE: DPA   device=cuda:1   epochs=100
[s1_nogo0_cue5] ────────────────────────────────────────────────────────────
[s1_nogo0_cue5]  data: [516, 444, 7] → [516, 444, 2]
Epoch 005/100 | lr: 0.01000 | train: 1.9785 | val: 1.9689
Epoch 010/100 | lr: 0.01000 | train: 1.8293 | val: 1.7481
Epoch 015/100 | lr: 0.01000 | train: 1.0532 | val: 1.0718
Epoch 020/100 | lr: 0.01000 | train: 0.9910 | val: 1.0038
Epoch 025/100 | lr: 0.01000 | train: 0.9278 | val: 0.9435
Epoch 030/100 | lr: 0.01000 | train: 0.8662 | val: 0.8988
Epoch 035/100 | lr: 0.01000 | train: 0.7993 | val: 0.8175
Epoch 040/100 | lr: 0.01000 | train: 0.6185 | val: 0.6130
Epoch 045/100 | lr: 0.01000 | train: 0.4334 | val: 0.4223
Epoch 050/100 | lr: 0.01000 | train: 0.3487 | val: 0.3505
Epoch 055/100 | lr: 0.01000 | train: 0.2818 | val: 0.3056
Epoch 060/100 | lr: 0.01000 | train: 0.2421 | val: 0.2436
Epoch 065/100 | lr: 0.01000 | train: 0.1940 | val: 0.1946
Epoch 070/100 | lr: 0.01000 | train: 0.1802 | val: 0.1836
Epoch 075/100 | lr: 0.01000 | train: 0.1286 | val: 0.1391
Epoch 080/100 | lr: 0.01000 | train: 0.1080 | val: 0.1082
Epoch 085/100 | lr: 0.01000 | train: 0.1059 | val: 0.1116
Stopping: losses below 0.1.
[s1_nogo0_cue5]   after DPA: dpa=0.999  gng=0.502
[s1_nogo0_cue5]  DPA done in 837.8s  final train=0.0963  val=0.0917  dpa=0.999  gng=0.502
[s1_nogo0_cue5]  ┌── params: after DPA
[s1_nogo0_cue5]  │  rank 0: ||m||=43.997  ||n||=38.008  corr(m,n)=+0.850
[s1_nogo0_cue5]  │  rank 1: ||m||=33.750  ||n||=51.697  corr(m,n)=+0.842
[s1_nogo0_cue5]  │  κ-Jacobian eigvals (gain·n^Tm/N): +2.6285  +3.0181
[s1_nogo0_cue5]  │  Wi: ||·||_F=70.306  per-channel=24.17 24.21 37.03 41.86 10.56 11.69 20.02
[s1_nogo0_cue5]  └──────────────────────────────────────────────────
[s1_nogo0_cue5] ────────────────────────────────────────────────────────────
[s1_nogo0_cue5]  STAGE: GNG   device=cuda:1   epochs=100
[s1_nogo0_cue5]  freeze recurrent cols: [0]
[s1_nogo0_cue5]  freeze input dims:     [0, 1, 2, 3, 6]
[s1_nogo0_cue5] ────────────────────────────────────────────────────────────
[s1_nogo0_cue5]  data: [516, 266, 7] → [516, 266, 2]
Epoch 005/100 | lr: 0.01000 | train: 0.4775 | val: 0.4578
Epoch 010/100 | lr: 0.01000 | train: 0.2763 | val: 0.2951
Epoch 015/100 | lr: 0.01000 | train: 0.2112 | val: 0.1912
Epoch 020/100 | lr: 0.01000 | train: 0.1671 | val: 0.1657
Epoch 025/100 | lr: 0.01000 | train: 0.1456 | val: 0.1429
Epoch 030/100 | lr: 0.01000 | train: 0.1357 | val: 0.1444
Epoch 035/100 | lr: 0.01000 | train: 0.1198 | val: 0.1292
Epoch 040/100 | lr: 0.01000 | train: 0.1120 | val: 0.1097
Epoch 045/100 | lr: 0.01000 | train: 0.1030 | val: 0.1035
Epoch 050/100 | lr: 0.01000 | train: 0.0979 | val: 0.1016
Stopping: losses below 0.1.
[s1_nogo0_cue5]   after GNG: dpa=0.852  gng=0.995
[s1_nogo0_cue5]  GNG done in 308.4s  final train=0.0977  val=0.0978  dpa=0.852  gng=0.995
[s1_nogo0_cue5]  ┌── params: after GNG
[s1_nogo0_cue5]  │  rank 0: ||m||=43.997  ||n||=38.008  corr(m,n)=+0.850
[s1_nogo0_cue5]  │  rank 1: ||m||=31.874  ||n||=51.020  corr(m,n)=+0.687
[s1_nogo0_cue5]  │  κ-Jacobian eigvals (gain·n^Tm/N): +2.4785+0.2011j  +2.4785-0.2011j
[s1_nogo0_cue5]  │  Wi: ||·||_F=75.752  per-channel=24.17 24.21 37.03 41.86 20.18 25.23 20.02
[s1_nogo0_cue5]  └──────────────────────────────────────────────────
[s1_nogo0_cue5] ────────────────────────────────────────────────────────────
[s1_nogo0_cue5]  STAGE: Dual   device=cuda:1   epochs=100
[s1_nogo0_cue5]  freeze recurrent cols: [0]
[s1_nogo0_cue5]  freeze input dims:     [0, 1, 2, 3, 4, 5, 6]
[s1_nogo0_cue5] ────────────────────────────────────────────────────────────
[s1_nogo0_cue5]  data: [516, 444, 7] → [516, 444, 2]
[s1_nogo0_cue5]  loss=separated  dpa_w=1.0  gng_w=1.0  aux_w=1.0  bl_w=1.0
Epoch 005/100 | lr: 0.01000 | train: 0.8027 | val: 0.7594
Epoch 010/100 | lr: 0.01000 | train: 0.7417 | val: 0.6968
Epoch 015/100 | lr: 0.01000 | train: 0.7099 | val: 0.6638
Epoch 020/100 | lr: 0.01000 | train: 0.6946 | val: 0.6635
Epoch 025/100 | lr: 0.01000 | train: 0.6886 | val: 0.6211
Epoch 030/100 | lr: 0.01000 | train: 0.6728 | val: 0.6160
Epoch 035/100 | lr: 0.01000 | train: 0.6614 | val: 0.5987
Epoch 040/100 | lr: 0.01000 | train: 0.6498 | val: 0.6035
Epoch 045/100 | lr: 0.01000 | train: 0.6379 | val: 0.5814
Epoch 050/100 | lr: 0.01000 | train: 0.6292 | val: 0.5677
Epoch 055/100 | lr: 0.01000 | train: 0.6214 | val: 0.5638
Epoch 060/100 | lr: 0.01000 | train: 0.6251 | val: 0.5599
Epoch 065/100 | lr: 0.01000 | train: 0.6016 | val: 0.5602
Epoch 070/100 | lr: 0.00500 | train: 0.6024 | val: 0.5470
Epoch 075/100 | lr: 0.00500 | train: 0.5970 | val: 0.5353
Epoch 080/100 | lr: 0.00250 | train: 0.5931 | val: 0.5481
Epoch 085/100 | lr: 0.00250 | train: 0.5840 | val: 0.5458
Epoch 090/100 | lr: 0.00250 | train: 0.5909 | val: 0.5199
Epoch 095/100 | lr: 0.00250 | train: 0.5830 | val: 0.5370
Epoch 100/100 | lr: 0.00250 | train: 0.5863 | val: 0.5236
[s1_nogo0_cue5]  loss components: {'dpa': 0.3295, 'gng': 0.1934, 'baseline': 0.022, 'aux': 0.0255}
[s1_nogo0_cue5]   after Dual: dpa=0.981  gng=0.894
[s1_nogo0_cue5]  Dual done in 963.9s  final train=0.5863  val=0.5236  dpa=0.981  gng=0.894
[s1_nogo0_cue5]  ┌── params: after Dual
[s1_nogo0_cue5]  │  rank 0: ||m||=43.997  ||n||=38.008  corr(m,n)=+0.850
[s1_nogo0_cue5]  │  rank 1: ||m||=38.634  ||n||=58.165  corr(m,n)=+0.594
[s1_nogo0_cue5]  │  κ-Jacobian eigvals (gain·n^Tm/N): +2.6908+0.2289j  +2.6908-0.2289j
[s1_nogo0_cue5]  │  Wi: ||·||_F=75.752  per-channel=24.17 24.21 37.03 41.86 20.18 25.23 20.02
[s1_nogo0_cue5]  └──────────────────────────────────────────────────
[s1_nogo0_cue5] ════════════════════════════════════════════════════════════
[s1_nogo0_cue5]  RUN COMPLETE  2026-06-08 12:16:16  total=2111.8s
[s1_nogo0_cue5]  ACCURACY SUMMARY
[s1_nogo0_cue5]    after DPA : dpa=0.999  gng=0.502
[s1_nogo0_cue5]    after GNG : dpa=0.852  gng=0.995
[s1_nogo0_cue5]    after Dual: dpa=0.981  gng=0.894  dual_dpa=0.961  dual_gng=0.557
[s1_nogo0_cue5] ════════════════════════════════════════════════════════════
