[s4] ════════════════════════════════════════════════════════════
[s4]  RUN START  2026-06-23 14:57:58
[s4]  run_id=s4  seed=4  device=cuda:0
[s4]  arch:  N=1000 (E=750 I=250)  K=125 (prob 0.167)  rank=2  gain=1.0  input_size=6  params=3,000
[s4]  task:  cue_on_go=True  rwd=False  rwd_scale=1.0  freeze_input_stages=['dual']  init=random
[s4]  dynamics: dt=0.0225  tau=(0.4, 0.2)s  tau_syn=(0.2, 0.1)s  STP(use=0.05 tau_fac=1.0s tau_rec=0.2s)  j_stp=5.0
[s4]  noise:  input_sigma=0.3732 (×1.0)  model_sigma=0.0000 (×0.0)
[s4]  optim:  lr=0.01  wd=0.01  batch=32  n_batch=256  clip=1.0
[s4]  epochs: dpa=100  gng=100  dual=100  loss=separated
[s4]  shapes: m[750, 2]  n[750, 2]  Wi[750, 6]
[s4]  ┌── params: init
[s4]  │  rank 0: ||m||=27.487  ||n||=26.666  corr(m,n)=+0.053
[s4]  │  rank 1: ||m||=28.806  ||n||=27.228  corr(m,n)=+0.043
[s4]  │  low-rank overlap n^Tm/N (modulates STP E→E): +0.0488+0.0385j  +0.0488-0.0385j
[s4]  │  Wi: ||·||_F=67.782  per-channel=27.36 27.75 27.87 27.13 27.15 28.74
[s4]  └──────────────────────────────────────────────────
[s4] ────────────────────────────────────────────────────────────
[s4]  STAGE: DPA   device=cuda:0   epochs=100
[s4] ────────────────────────────────────────────────────────────
[s4]  data: [256, 444, 6] → [256, 444, 2]
Epoch 005/100 | lr: 0.01000 | train: 3.6903 | val: 3.7540
Epoch 010/100 | lr: 0.01000 | train: 3.3120 | val: 3.3483
Epoch 015/100 | lr: 0.01000 | train: 2.4561 | val: 2.4924
Epoch 020/100 | lr: 0.01000 | train: 1.6741 | val: 1.9691
Epoch 025/100 | lr: 0.01000 | train: 0.9995 | val: 1.2056
Epoch 030/100 | lr: 0.01000 | train: 0.1647 | val: 0.1808
Stopping: losses below 0.1.
[s4]   after DPA: dpa=0.999 (pair=0.998 unpair=1.000)  gng=0.524 (go=0.932 nogo=0.110)
[s4]  DPA done in 157.2s  final train=0.0914  val=0.0992  dpa=0.999  gng=0.524
[s4]  ┌── params: after DPA
[s4]  │  rank 0: ||m||=53.715  ||n||=51.557  corr(m,n)=+0.682
[s4]  │  rank 1: ||m||=44.364  ||n||=40.765  corr(m,n)=+0.329
[s4]  │  low-rank overlap n^Tm/N (modulates STP E→E): +2.6231  +0.6890
[s4]  │  Wi: ||·||_F=67.782  per-channel=27.36 27.75 27.87 27.13 27.15 28.74
[s4]  └──────────────────────────────────────────────────
[s4] ────────────────────────────────────────────────────────────
[s4]  STAGE: GNG   device=cuda:0   epochs=100
[s4]  freeze recurrent cols: [0]
[s4]  freeze input dims:     [0, 1, 2, 3]
[s4] ────────────────────────────────────────────────────────────
[s4]  data: [256, 266, 6] → [256, 266, 2]
Epoch 005/100 | lr: 0.01000 | train: 0.9317 | val: 0.9372
Epoch 010/100 | lr: 0.01000 | train: 0.7258 | val: 0.7181
Epoch 015/100 | lr: 0.01000 | train: 0.5733 | val: 0.5647
Epoch 020/100 | lr: 0.01000 | train: 0.4666 | val: 0.4840
Epoch 025/100 | lr: 0.01000 | train: 0.3832 | val: 0.3990
Epoch 030/100 | lr: 0.01000 | train: 0.3284 | val: 0.3559
Epoch 035/100 | lr: 0.01000 | train: 0.2973 | val: 0.3350
Epoch 040/100 | lr: 0.01000 | train: 0.2740 | val: 0.3125
Epoch 045/100 | lr: 0.01000 | train: 0.2586 | val: 0.3003
Epoch 050/100 | lr: 0.01000 | train: 0.2450 | val: 0.2895
Epoch 055/100 | lr: 0.01000 | train: 0.2312 | val: 0.2705
Epoch 060/100 | lr: 0.01000 | train: 0.2208 | val: 0.2589
Epoch 065/100 | lr: 0.01000 | train: 0.2094 | val: 0.2499
Epoch 070/100 | lr: 0.01000 | train: 0.2030 | val: 0.2426
Epoch 075/100 | lr: 0.01000 | train: 0.1939 | val: 0.2320
Epoch 080/100 | lr: 0.01000 | train: 0.1847 | val: 0.2285
Epoch 085/100 | lr: 0.01000 | train: 0.1792 | val: 0.2208
Epoch 090/100 | lr: 0.01000 | train: 0.1719 | val: 0.2127
Epoch 095/100 | lr: 0.01000 | train: 0.1671 | val: 0.2028
Epoch 100/100 | lr: 0.01000 | train: 0.1623 | val: 0.1992
[s4]   after GNG: dpa=0.978 (pair=0.960 unpair=0.994)  gng=1.000 (go=1.000 nogo=1.000)
[s4]  GNG done in 304.8s  final train=0.1623  val=0.1992  dpa=0.978  gng=1.000
[s4]  ┌── params: after GNG
[s4]  │  rank 0: ||m||=53.715  ||n||=51.557  corr(m,n)=+0.682
[s4]  │  rank 1: ||m||=61.190  ||n||=56.560  corr(m,n)=+0.310
[s4]  │  low-rank overlap n^Tm/N (modulates STP E→E): +2.5633  +1.3887
[s4]  │  Wi: ||·||_F=67.782  per-channel=27.36 27.75 27.87 27.13 27.15 28.74
[s4]  └──────────────────────────────────────────────────
[s4] ────────────────────────────────────────────────────────────
[s4]  STAGE: Dual   device=cuda:0   epochs=100
[s4]  freeze input dims:     [0, 1, 2, 3, 4, 5]
[s4] ────────────────────────────────────────────────────────────
[s4]  data: [256, 444, 6] → [256, 444, 2]
[s4]  loss=separated  dpa_w=1.0  gng_w=1.0  go_w=1.0  nogo_w=1.0  aux_w=1.0  bl_w=1.0  go_hinge=1.0
Epoch 005/100 | lr: 0.01000 | train: 3.6547 | val: 2.8139
Epoch 010/100 | lr: 0.01000 | train: 0.5276 | val: 0.5380
Epoch 015/100 | lr: 0.01000 | train: 0.2456 | val: 0.2828
Epoch 020/100 | lr: 0.01000 | train: 0.1687 | val: 0.2041
Epoch 025/100 | lr: 0.01000 | train: 0.1313 | val: 0.1667
Epoch 030/100 | lr: 0.01000 | train: 0.1086 | val: 0.1360
Epoch 035/100 | lr: 0.01000 | train: 0.1010 | val: 0.1155
Epoch 040/100 | lr: 0.01000 | train: 0.0830 | val: 0.1047
Stopping: losses below 0.1.
[s4]  loss components: {'dpa': 0.0026, 'gng': 0.0462, 'gng_go': 0.0088, 'gng_nogo': 0.0374, 'baseline': 0.0374, 'aux': 0.0259}
[s4]   after Dual: dpa=1.000 (pair=1.000 unpair=1.000)  gng=1.000 (go=1.000 nogo=1.000)
[s4]  Dual done in 299.7s  final train=0.0778  val=0.0957  dpa=1.000  gng=1.000
[s4]  ┌── params: after Dual
[s4]  │  rank 0: ||m||=58.968  ||n||=53.232  corr(m,n)=+0.749
[s4]  │  rank 1: ||m||=55.729  ||n||=53.925  corr(m,n)=+0.436
[s4]  │  low-rank overlap n^Tm/N (modulates STP E→E): +3.1616  +1.7214
[s4]  │  Wi: ||·||_F=67.782  per-channel=27.36 27.75 27.87 27.13 27.15 28.74
[s4]  └──────────────────────────────────────────────────
[s4] ════════════════════════════════════════════════════════════
[s4]  RUN COMPLETE  2026-06-23 15:10:39  total=762.8s
[s4]  ACCURACY SUMMARY
[s4]    after DPA : dpa=0.999  gng=0.524
[s4]    after GNG : dpa=0.978  gng=1.000
[s4]    after Dual: dpa=1.000  gng=1.000  dual_dpa=1.000  dual_gng=1.000
[s4] ════════════════════════════════════════════════════════════
