[s3_cont] ════════════════════════════════════════════════════════════
[s3_cont]  RUN START  2026-06-09 01:14:40
[s3_cont]  run_id=s3_cont  seed=3  device=cuda:1
[s3_cont]  arch:  hidden=512  rank=2  gain=1.0  input_size=7  params=6,144
[s3_cont]  task:  cue_on_go=True  rwd=True  rwd_scale=1.0  freeze_input_stages=['gng', 'dual']  init=random
[s3_cont]  dynamics: alpha=0.0750  alpha_rec=0.1000  dt=0.0225  tau=0.3  tau_rec_frac=0.75
[s3_cont]  noise:  input_sigma=0.3732 (×1.0)  model_sigma=0.0000 (×0.0)
[s3_cont]  optim:  lr=0.01  wd=0.01  batch=64  n_batch=516  clip=None
[s3_cont]  epochs: dpa=100  gng=100  dual=100  loss=separated
[s3_cont]  shapes: m[512, 2]  n[512, 2]  Wi[512, 7]
[s3_cont]  ┌── params: init
[s3_cont]  │  rank 0: ||m||=22.816  ||n||=22.436  corr(m,n)=+0.020
[s3_cont]  │  rank 1: ||m||=21.350  ||n||=23.585  corr(m,n)=+0.075
[s3_cont]  │  κ-Jacobian eigvals (gain·n^Tm/N): +0.0115  +0.0822
[s3_cont]  │  Wi: ||·||_F=61.487  per-channel=24.64 23.94 21.69 23.93 23.19 21.98 23.15
[s3_cont]  └──────────────────────────────────────────────────
[s3_cont]  DPA: loading checkpoint from results/dual/sweep_adam2/s3_adam2/dpa_s3_adam2.pth
[s3_cont]   after DPA: dpa=0.995 (pair=0.998 unpair=0.992)  gng=0.505 (go=0.000 nogo=0.994)
[s3_cont]  DPA done in 2.0s  (checkpoint)  dpa=0.995  gng=0.505
[s3_cont]  ┌── params: after DPA
[s3_cont]  │  rank 0: ||m||=39.128  ||n||=37.436  corr(m,n)=+0.791
[s3_cont]  │  rank 1: ||m||=35.473  ||n||=44.526  corr(m,n)=+0.779
[s3_cont]  │  κ-Jacobian eigvals (gain·n^Tm/N): +2.3328+0.4870j  +2.3328-0.4870j
[s3_cont]  │  Wi: ||·||_F=68.174  per-channel=19.82 21.22 31.53 38.34 23.19 21.98 17.86
[s3_cont]  └──────────────────────────────────────────────────
[s3_cont]  GNG: loading checkpoint from results/dual/sweep_noHinge2/s3_noHinge2/expert_s3_noHinge2.pth
[s3_cont]   after GNG: dpa=0.946 (pair=0.945 unpair=0.947)  gng=1.000 (go=1.000 nogo=1.000)
[s3_cont]  GNG done in 2.0s  (checkpoint)  dpa=0.946  gng=1.000
[s3_cont]  ┌── params: after GNG
[s3_cont]  │  rank 0: ||m||=39.128  ||n||=37.436  corr(m,n)=+0.791
[s3_cont]  │  rank 1: ||m||=38.659  ||n||=68.218  corr(m,n)=+0.520
[s3_cont]  │  κ-Jacobian eigvals (gain·n^Tm/N): +2.4697+0.0757j  +2.4697-0.0757j
[s3_cont]  │  Wi: ||·||_F=68.174  per-channel=19.82 21.22 31.53 38.34 23.19 21.98 17.86
[s3_cont]  └──────────────────────────────────────────────────
[s3_cont] ────────────────────────────────────────────────────────────
[s3_cont]  STAGE: Dual   device=cuda:1   epochs=100
[s3_cont]  freeze recurrent cols: [0]
[s3_cont]  freeze input dims:     [0, 1, 2, 3, 4, 5, 6]
[s3_cont] ────────────────────────────────────────────────────────────
[s3_cont]  data: [516, 444, 7] → [516, 444, 2]
[s3_cont]  loss=separated  dpa_w=1.0  gng_w=1.0  go_w=1.0  nogo_w=2.0  aux_w=1.0  bl_w=1.0  go_hinge=None
Epoch 005/100 | lr: 0.01000 | train: 0.7794 | val: 0.6749
Epoch 010/100 | lr: 0.01000 | train: 0.7399 | val: 0.6581
Epoch 015/100 | lr: 0.01000 | train: 0.7303 | val: 0.6338
Epoch 020/100 | lr: 0.01000 | train: 0.7045 | val: 0.6140
Epoch 025/100 | lr: 0.01000 | train: 0.6890 | val: 0.6084
Epoch 030/100 | lr: 0.01000 | train: 0.6708 | val: 0.5893
Epoch 035/100 | lr: 0.01000 | train: 0.6742 | val: 0.5865
Epoch 040/100 | lr: 0.01000 | train: 0.6294 | val: 0.5603
Epoch 045/100 | lr: 0.01000 | train: 0.6113 | val: 0.5403
Epoch 050/100 | lr: 0.01000 | train: 0.5931 | val: 0.5328
Epoch 055/100 | lr: 0.01000 | train: 0.5724 | val: 0.5189
Epoch 060/100 | lr: 0.01000 | train: 0.5547 | val: 0.5002
Epoch 065/100 | lr: 0.01000 | train: 0.5447 | val: 0.4973
Epoch 070/100 | lr: 0.01000 | train: 0.5234 | val: 0.4858
Epoch 075/100 | lr: 0.01000 | train: 0.5045 | val: 0.4664
Epoch 080/100 | lr: 0.01000 | train: 0.5022 | val: 0.4615
Epoch 085/100 | lr: 0.01000 | train: 0.4847 | val: 0.4607
Epoch 090/100 | lr: 0.01000 | train: 0.4824 | val: 0.4547
Epoch 095/100 | lr: 0.01000 | train: 0.4620 | val: 0.4290
Epoch 100/100 | lr: 0.01000 | train: 0.4422 | val: 0.4209
[s3_cont]  loss components: {'dpa': 0.1232, 'gng': 0.183, 'gng_go': 0.1045, 'gng_nogo': 0.0392, 'baseline': 0.0253, 'aux': 0.0087}
[s3_cont]   after Dual: dpa=0.987 (pair=0.972 unpair=1.000)  gng=0.999 (go=0.998 nogo=1.000)
[s3_cont]  Dual done in 734.1s  final train=0.4422  val=0.4209  dpa=0.987  gng=0.999
[s3_cont]  ┌── params: after Dual
[s3_cont]  │  rank 0: ||m||=39.128  ||n||=37.436  corr(m,n)=+0.791
[s3_cont]  │  rank 1: ||m||=37.423  ||n||=89.227  corr(m,n)=+0.449
[s3_cont]  │  κ-Jacobian eigvals (gain·n^Tm/N): +2.3135  +2.8766
[s3_cont]  │  Wi: ||·||_F=68.174  per-channel=19.82 21.22 31.53 38.34 23.19 21.98 17.86
[s3_cont]  └──────────────────────────────────────────────────
[s3_cont] ════════════════════════════════════════════════════════════
[s3_cont]  RUN COMPLETE  2026-06-09 01:26:58  total=739.5s
[s3_cont]  ACCURACY SUMMARY
[s3_cont]    after DPA : dpa=0.995  gng=0.505
[s3_cont]    after GNG : dpa=0.946  gng=1.000
[s3_cont]    after Dual: dpa=0.987  gng=0.999  dual_dpa=0.944  dual_gng=0.991
[s3_cont] ════════════════════════════════════════════════════════════
