[s8_noSched] ════════════════════════════════════════════════════════════
[s8_noSched]  RUN START  2026-06-08 22:40:15
[s8_noSched]  run_id=s8_noSched  seed=8  device=cuda:0
[s8_noSched]  arch:  hidden=512  rank=2  gain=1.0  input_size=7  params=6,144
[s8_noSched]  task:  cue_on_go=True  rwd=True  rwd_scale=1.0  freeze_input_stages=['gng', 'dual']  init=random
[s8_noSched]  dynamics: alpha=0.0750  alpha_rec=0.1000  dt=0.0225  tau=0.3  tau_rec_frac=0.75
[s8_noSched]  noise:  input_sigma=0.3732 (×1.0)  model_sigma=0.0000 (×0.0)
[s8_noSched]  optim:  lr=0.01  wd=0.01  batch=64  n_batch=516  clip=None
[s8_noSched]  epochs: dpa=100  gng=100  dual=100  loss=separated
[s8_noSched]  shapes: m[512, 2]  n[512, 2]  Wi[512, 7]
[s8_noSched]  ┌── params: init
[s8_noSched]  │  rank 0: ||m||=21.882  ||n||=22.260  corr(m,n)=+0.051
[s8_noSched]  │  rank 1: ||m||=23.191  ||n||=22.746  corr(m,n)=+0.052
[s8_noSched]  │  κ-Jacobian eigvals (gain·n^Tm/N): +0.0400  +0.0614
[s8_noSched]  │  Wi: ||·||_F=58.682  per-channel=22.28 22.71 21.71 21.44 22.33 22.66 22.10
[s8_noSched]  └──────────────────────────────────────────────────
[s8_noSched]  DPA: loading checkpoint from results/dual/sweep_frzGNG/s8_frzGNG/dpa_s8_frzGNG.pth
[s8_noSched]   after DPA: dpa=0.996 (pair=0.994 unpair=0.998)  gng=0.487 (go=0.006 nogo=0.974)
[s8_noSched]  DPA done in 1.4s  (checkpoint)  dpa=0.996  gng=0.487
[s8_noSched]  ┌── params: after DPA
[s8_noSched]  │  rank 0: ||m||=37.160  ||n||=39.201  corr(m,n)=+0.799
[s8_noSched]  │  rank 1: ||m||=33.534  ||n||=47.986  corr(m,n)=+0.845
[s8_noSched]  │  κ-Jacobian eigvals (gain·n^Tm/N): +2.2623  +2.6652
[s8_noSched]  │  Wi: ||·||_F=66.621  per-channel=19.91 19.34 37.71 33.22 22.33 22.66 11.43
[s8_noSched]  └──────────────────────────────────────────────────
[s8_noSched] ────────────────────────────────────────────────────────────
[s8_noSched]  STAGE: GNG   device=cuda:0   epochs=100
[s8_noSched]  freeze recurrent cols: [0]
[s8_noSched]  freeze input dims:     [0, 1, 2, 3, 4, 5, 6]
[s8_noSched] ────────────────────────────────────────────────────────────
[s8_noSched]  data: [516, 266, 7] → [516, 266, 2]
Epoch 005/100 | lr: 0.01000 | train: 1.6040 | val: 1.5203
Epoch 010/100 | lr: 0.01000 | train: 0.9933 | val: 0.9113
Epoch 015/100 | lr: 0.01000 | train: 0.5669 | val: 0.5688
Epoch 020/100 | lr: 0.01000 | train: 0.4165 | val: 0.4122
Epoch 025/100 | lr: 0.01000 | train: 0.3394 | val: 0.3283
Epoch 030/100 | lr: 0.01000 | train: 0.2810 | val: 0.2804
Epoch 035/100 | lr: 0.01000 | train: 0.2456 | val: 0.2406
Epoch 040/100 | lr: 0.01000 | train: 0.2156 | val: 0.2114
Epoch 045/100 | lr: 0.01000 | train: 0.1939 | val: 0.1879
Epoch 050/100 | lr: 0.01000 | train: 0.1774 | val: 0.1670
Epoch 055/100 | lr: 0.01000 | train: 0.1664 | val: 0.1600
Epoch 060/100 | lr: 0.01000 | train: 0.1529 | val: 0.1463
Epoch 065/100 | lr: 0.01000 | train: 0.1477 | val: 0.1403
Epoch 070/100 | lr: 0.01000 | train: 0.1317 | val: 0.1230
Epoch 075/100 | lr: 0.01000 | train: 0.1228 | val: 0.1138
Epoch 080/100 | lr: 0.01000 | train: 0.1170 | val: 0.1090
Epoch 085/100 | lr: 0.01000 | train: 0.1068 | val: 0.1059
Epoch 090/100 | lr: 0.01000 | train: 0.1031 | val: 0.0984
Stopping: losses below 0.1.
[s8_noSched]   after GNG: dpa=1.000 (pair=1.000 unpair=1.000)  gng=1.000 (go=1.000 nogo=1.000)
[s8_noSched]  GNG done in 409.1s  final train=0.0983  val=0.0921  dpa=1.000  gng=1.000
[s8_noSched]  ┌── params: after GNG
[s8_noSched]  │  rank 0: ||m||=37.160  ||n||=39.201  corr(m,n)=+0.799
[s8_noSched]  │  rank 1: ||m||=31.670  ||n||=51.843  corr(m,n)=+0.738
[s8_noSched]  │  κ-Jacobian eigvals (gain·n^Tm/N): +2.2788  +2.3599
[s8_noSched]  │  Wi: ||·||_F=66.621  per-channel=19.91 19.34 37.71 33.22 22.33 22.66 11.43
[s8_noSched]  └──────────────────────────────────────────────────
[s8_noSched] ────────────────────────────────────────────────────────────
[s8_noSched]  STAGE: Dual   device=cuda:0   epochs=100
[s8_noSched]  freeze recurrent cols: [0]
[s8_noSched]  freeze input dims:     [0, 1, 2, 3, 4, 5, 6]
[s8_noSched] ────────────────────────────────────────────────────────────
[s8_noSched]  data: [516, 444, 7] → [516, 444, 2]
[s8_noSched]  loss=separated  dpa_w=1.0  gng_w=1.0  go_w=1.0  nogo_w=2.0  aux_w=1.0  bl_w=1.0  go_hinge=1.0
Epoch 005/100 | lr: 0.01000 | train: 0.7084 | val: 0.7110
Epoch 010/100 | lr: 0.01000 | train: 0.6317 | val: 0.6635
Epoch 015/100 | lr: 0.01000 | train: 0.5967 | val: 0.6272
Epoch 020/100 | lr: 0.01000 | train: 0.5520 | val: 0.5876
Epoch 025/100 | lr: 0.01000 | train: 0.5121 | val: 0.5455
Epoch 030/100 | lr: 0.01000 | train: 0.4802 | val: 0.5120
Epoch 035/100 | lr: 0.01000 | train: 0.4560 | val: 0.4945
