[s8_nogo2] ════════════════════════════════════════════════════════════
[s8_nogo2]  RUN START  2026-06-08 17:37:13
[s8_nogo2]  run_id=s8_nogo2  seed=8  device=cuda:0
[s8_nogo2]  arch:  hidden=512  rank=2  gain=1.0  input_size=7  params=6,144
[s8_nogo2]  task:  cue_on_go=True  rwd=True  rwd_scale=1.0  freeze_input_stages=['dual']  init=random
[s8_nogo2]  dynamics: alpha=0.0750  alpha_rec=0.1000  dt=0.0225  tau=0.3  tau_rec_frac=0.75
[s8_nogo2]  noise:  input_sigma=0.3732 (×1.0)  model_sigma=0.0000 (×0.0)
[s8_nogo2]  optim:  lr=0.01  wd=0.01  batch=64  n_batch=516  clip=None
[s8_nogo2]  epochs: dpa=100  gng=100  dual=100  loss=separated
[s8_nogo2]  shapes: m[512, 2]  n[512, 2]  Wi[512, 7]
[s8_nogo2]  ┌── params: init
[s8_nogo2]  │  rank 0: ||m||=21.882  ||n||=22.260  corr(m,n)=+0.051
[s8_nogo2]  │  rank 1: ||m||=23.191  ||n||=22.746  corr(m,n)=+0.052
[s8_nogo2]  │  κ-Jacobian eigvals (gain·n^Tm/N): +0.0400  +0.0614
[s8_nogo2]  │  Wi: ||·||_F=58.682  per-channel=22.28 22.71 21.71 21.44 22.33 22.66 22.10
[s8_nogo2]  └──────────────────────────────────────────────────
[s8_nogo2] ────────────────────────────────────────────────────────────
[s8_nogo2]  STAGE: DPA   device=cuda:0   epochs=100
[s8_nogo2] ────────────────────────────────────────────────────────────
[s8_nogo2]  data: [516, 444, 7] → [516, 444, 2]
Epoch 005/100 | lr: 0.01000 | train: 1.9654 | val: 1.9791
Epoch 010/100 | lr: 0.01000 | train: 1.5632 | val: 1.3712
Epoch 015/100 | lr: 0.01000 | train: 1.0543 | val: 1.0649
Epoch 020/100 | lr: 0.01000 | train: 0.9836 | val: 1.0114
Epoch 025/100 | lr: 0.01000 | train: 0.8918 | val: 0.9346
Epoch 030/100 | lr: 0.01000 | train: 0.6734 | val: 0.7263
Epoch 035/100 | lr: 0.01000 | train: 0.4573 | val: 0.5002
Epoch 040/100 | lr: 0.01000 | train: 0.3444 | val: 0.4228
Epoch 045/100 | lr: 0.01000 | train: 0.2803 | val: 0.3414
Epoch 050/100 | lr: 0.01000 | train: 0.2128 | val: 0.3065
Epoch 055/100 | lr: 0.01000 | train: 0.2012 | val: 0.2422
Epoch 060/100 | lr: 0.01000 | train: 0.1492 | val: 0.2175
Epoch 065/100 | lr: 0.01000 | train: 0.1521 | val: 0.2034
Epoch 070/100 | lr: 0.01000 | train: 0.1122 | val: 0.1805
Epoch 075/100 | lr: 0.00500 | train: 0.0932 | val: 0.1712
Epoch 080/100 | lr: 0.00250 | train: 0.0870 | val: 0.1703
Epoch 085/100 | lr: 0.00250 | train: 0.0837 | val: 0.1653
Epoch 090/100 | lr: 0.00125 | train: 0.0819 | val: 0.1657
Epoch 095/100 | lr: 0.00063 | train: 0.0809 | val: 0.1727
Epoch 100/100 | lr: 0.00031 | train: 0.0803 | val: 0.1682
[s8_nogo2]   after DPA: dpa=0.998 (pair=0.998 unpair=0.998)  gng=0.483 (go=0.267 nogo=0.680)
[s8_nogo2]  DPA done in 1010.4s  final train=0.0803  val=0.1682  dpa=0.998  gng=0.483
[s8_nogo2]  ┌── params: after DPA
[s8_nogo2]  │  rank 0: ||m||=35.705  ||n||=37.483  corr(m,n)=+0.808
[s8_nogo2]  │  rank 1: ||m||=30.934  ||n||=49.768  corr(m,n)=+0.877
[s8_nogo2]  │  κ-Jacobian eigvals (gain·n^Tm/N): +2.1143  +2.6347
[s8_nogo2]  │  Wi: ||·||_F=59.980  per-channel=19.91 19.37 37.13 32.85 10.78 12.11 10.26
[s8_nogo2]  └──────────────────────────────────────────────────
[s8_nogo2] ────────────────────────────────────────────────────────────
[s8_nogo2]  STAGE: GNG   device=cuda:0   epochs=100
[s8_nogo2]  freeze recurrent cols: [0]
[s8_nogo2]  freeze input dims:     [0, 1, 2, 3, 6]
[s8_nogo2] ────────────────────────────────────────────────────────────
[s8_nogo2]  data: [516, 266, 7] → [516, 266, 2]
Epoch 005/100 | lr: 0.01000 | train: 0.2054 | val: 0.2060
Epoch 010/100 | lr: 0.01000 | train: 0.1430 | val: 0.1534
Epoch 015/100 | lr: 0.01000 | train: 0.1204 | val: 0.1266
Epoch 020/100 | lr: 0.01000 | train: 0.1037 | val: 0.1075
Stopping: losses below 0.1.
[s8_nogo2]   after GNG: dpa=1.000 (pair=1.000 unpair=1.000)  gng=0.997 (go=1.000 nogo=0.994)
[s8_nogo2]  GNG done in 131.5s  final train=0.0953  val=0.0975  dpa=1.000  gng=0.997
[s8_nogo2]  ┌── params: after GNG
[s8_nogo2]  │  rank 0: ||m||=35.705  ||n||=37.483  corr(m,n)=+0.808
[s8_nogo2]  │  rank 1: ||m||=28.021  ||n||=48.102  corr(m,n)=+0.830
[s8_nogo2]  │  κ-Jacobian eigvals (gain·n^Tm/N): +2.1114  +2.1850
[s8_nogo2]  │  Wi: ||·||_F=60.748  per-channel=19.91 19.37 37.13 32.85 12.07 14.49 10.26
[s8_nogo2]  └──────────────────────────────────────────────────
[s8_nogo2] ────────────────────────────────────────────────────────────
[s8_nogo2]  STAGE: Dual   device=cuda:0   epochs=100
[s8_nogo2]  freeze recurrent cols: [0]
[s8_nogo2]  freeze input dims:     [0, 1, 2, 3, 4, 5, 6]
[s8_nogo2] ────────────────────────────────────────────────────────────
[s8_nogo2]  data: [516, 444, 7] → [516, 444, 2]
[s8_nogo2]  loss=separated  dpa_w=1.0  gng_w=1.0  go_w=1.0  nogo_w=2.0  aux_w=1.0  bl_w=1.0
Epoch 005/100 | lr: 0.01000 | train: 0.5559 | val: 0.5878
Epoch 010/100 | lr: 0.01000 | train: 0.5196 | val: 0.5450
Epoch 015/100 | lr: 0.01000 | train: 0.4795 | val: 0.5101
Epoch 020/100 | lr: 0.01000 | train: 0.4609 | val: 0.4745
Epoch 025/100 | lr: 0.01000 | train: 0.4362 | val: 0.4363
Epoch 030/100 | lr: 0.01000 | train: 0.3902 | val: 0.4239
Epoch 035/100 | lr: 0.01000 | train: 0.3766 | val: 0.3926
Epoch 040/100 | lr: 0.01000 | train: 0.3766 | val: 0.3661
Epoch 045/100 | lr: 0.01000 | train: 0.3352 | val: 0.3603
Epoch 050/100 | lr: 0.01000 | train: 0.3164 | val: 0.3345
Epoch 055/100 | lr: 0.01000 | train: 0.2940 | val: 0.3284
Epoch 060/100 | lr: 0.01000 | train: 0.2958 | val: 0.3076
Epoch 065/100 | lr: 0.01000 | train: 0.2763 | val: 0.2998
Epoch 070/100 | lr: 0.01000 | train: 0.2725 | val: 0.2798
Epoch 075/100 | lr: 0.01000 | train: 0.2501 | val: 0.2891
Epoch 080/100 | lr: 0.01000 | train: 0.2442 | val: 0.2696
Epoch 085/100 | lr: 0.01000 | train: 0.2340 | val: 0.2570
Epoch 090/100 | lr: 0.01000 | train: 0.2248 | val: 0.2491
Epoch 095/100 | lr: 0.01000 | train: 0.2176 | val: 0.2375
Epoch 100/100 | lr: 0.01000 | train: 0.2119 | val: 0.2271
[s8_nogo2]  loss components: {'dpa': 0.1615, 'gng': 0.0752, 'gng_go': 0.0616, 'gng_nogo': 0.0068, 'baseline': 0.0127, 'aux': 0.0147}
[s8_nogo2]   after Dual: dpa=0.997 (pair=0.994 unpair=1.000)  gng=0.998 (go=0.996 nogo=1.000)
[s8_nogo2]  Dual done in 786.3s  final train=0.2119  val=0.2271  dpa=0.997  gng=0.998
[s8_nogo2]  ┌── params: after Dual
[s8_nogo2]  │  rank 0: ||m||=35.705  ||n||=37.483  corr(m,n)=+0.808
[s8_nogo2]  │  rank 1: ||m||=24.969  ||n||=66.769  corr(m,n)=+0.733
[s8_nogo2]  │  κ-Jacobian eigvals (gain·n^Tm/N): +2.0871  +2.4117
[s8_nogo2]  │  Wi: ||·||_F=60.748  per-channel=19.91 19.37 37.13 32.85 12.07 14.49 10.26
[s8_nogo2]  └──────────────────────────────────────────────────
[s8_nogo2] ════════════════════════════════════════════════════════════
[s8_nogo2]  RUN COMPLETE  2026-06-08 18:09:21  total=1931.6s
[s8_nogo2]  ACCURACY SUMMARY
[s8_nogo2]    after DPA : dpa=0.998  gng=0.483
[s8_nogo2]    after GNG : dpa=1.000  gng=0.997
[s8_nogo2]    after Dual: dpa=0.997  gng=0.998  dual_dpa=0.993  dual_gng=0.991
[s8_nogo2] ════════════════════════════════════════════════════════════
