[s6_random] ════════════════════════════════════════════════════════════
[s6_random]  RUN START  2026-06-04 21:15:21
[s6_random]  run_id=s6_random  seed=6  device=cuda:1
[s6_random]  arch:  hidden=512  rank=2  gain=2.0  input_size=7  params=6,144
[s6_random]  task:  cue_on_go=True  rwd=True  freeze_inputs=True  init=random
[s6_random]  dynamics: alpha=0.0750  alpha_rec=0.1000  dt=0.0225  tau=0.3  tau_rec_frac=0.75
[s6_random]  noise:  input_sigma=0.1866 (×0.5)  model_sigma=0.0000 (×0.0)
[s6_random]  optim:  lr=0.01  wd=0.01  batch=64  n_batch=516  clip=1.0
[s6_random]  epochs: dpa=100  gng=100  dual=100  loss=separated
[s6_random]  shapes: m[512, 2]  n[512, 2]  Wi[512, 7]
[s6_random]  ┌── params: init
[s6_random]  │  rank 0: ||m||=23.754  ||n||=22.561  corr(m,n)=+0.074
[s6_random]  │  rank 1: ||m||=21.713  ||n||=23.345  corr(m,n)=-0.005
[s6_random]  │  κ-Jacobian eigvals (gain·n^Tm/N): +0.1556  -0.0108
[s6_random]  │  Wi: ||·||_F=60.072  per-channel=23.10 21.97 23.40 22.89 22.22 23.84 21.41
[s6_random]  └──────────────────────────────────────────────────
[s6_random] ────────────────────────────────────────────────────────────
[s6_random]  STAGE: DPA   device=cuda:1   epochs=100
[s6_random]  freeze input dims:     [0, 1, 2, 3, 4, 5, 6]
[s6_random] ────────────────────────────────────────────────────────────
[s6_random]  data: [516, 444, 7] → [516, 444, 2]
Epoch 005/100 | lr: 0.01000 | train: 1.8150 | val: 1.6459
Epoch 010/100 | lr: 0.01000 | train: 1.1893 | val: 1.1611
Epoch 015/100 | lr: 0.01000 | train: 1.0452 | val: 1.0299
Epoch 020/100 | lr: 0.01000 | train: 0.9664 | val: 0.9522
Epoch 025/100 | lr: 0.01000 | train: 0.7980 | val: 0.7674
Epoch 030/100 | lr: 0.01000 | train: 0.6093 | val: 0.6014
Epoch 035/100 | lr: 0.01000 | train: 0.5331 | val: 0.5116
Epoch 040/100 | lr: 0.01000 | train: 0.4716 | val: 0.4564
Epoch 045/100 | lr: 0.01000 | train: 0.4233 | val: 0.4417
Epoch 050/100 | lr: 0.01000 | train: 0.4377 | val: 0.4509
Epoch 055/100 | lr: 0.01000 | train: 0.3884 | val: 0.3919
Epoch 060/100 | lr: 0.01000 | train: 0.3831 | val: 0.3598
Epoch 065/100 | lr: 0.01000 | train: 0.3595 | val: 0.3657
Epoch 070/100 | lr: 0.01000 | train: 0.3638 | val: 0.3355
Epoch 075/100 | lr: 0.01000 | train: 0.3116 | val: 0.3034
Epoch 080/100 | lr: 0.01000 | train: 0.3518 | val: 0.3404
Epoch 085/100 | lr: 0.00500 | train: 0.3277 | val: 0.3570
Epoch 090/100 | lr: 0.00250 | train: 0.3102 | val: 0.3085
Epoch 095/100 | lr: 0.00125 | train: 0.3035 | val: 0.3056
Epoch 100/100 | lr: 0.00125 | train: 0.2999 | val: 0.3088
[s6_random]   after DPA: dpa=0.995  gng=0.531
[s6_random]  DPA done in 755.1s  final train=0.2999  val=0.3088  dpa=0.995  gng=0.531
[s6_random]  ┌── params: after DPA
[s6_random]  │  rank 0: ||m||=23.038  ||n||=34.789  corr(m,n)=+0.400
[s6_random]  │  rank 1: ||m||=32.473  ||n||=35.590  corr(m,n)=+0.724
[s6_random]  │  κ-Jacobian eigvals (gain·n^Tm/N): +2.2607+0.8066j  +2.2607-0.8066j
[s6_random]  │  Wi: ||·||_F=60.072  per-channel=23.10 21.97 23.40 22.89 22.22 23.84 21.41
[s6_random]  └──────────────────────────────────────────────────
[s6_random] ────────────────────────────────────────────────────────────
[s6_random]  STAGE: GNG   device=cuda:1   epochs=100
[s6_random]  freeze recurrent cols: [0]
[s6_random]  freeze input dims:     [0, 1, 2, 3, 6]
[s6_random] ────────────────────────────────────────────────────────────
[s6_random]  data: [516, 266, 7] → [516, 266, 2]
Epoch 005/100 | lr: 0.01000 | train: 0.3178 | val: 0.3196
Epoch 010/100 | lr: 0.01000 | train: 0.2169 | val: 0.2275
Epoch 015/100 | lr: 0.01000 | train: 0.1704 | val: 0.1838
Epoch 020/100 | lr: 0.01000 | train: 0.1488 | val: 0.1628
Epoch 025/100 | lr: 0.01000 | train: 0.1367 | val: 0.1499
Epoch 030/100 | lr: 0.01000 | train: 0.1279 | val: 0.1415
Epoch 035/100 | lr: 0.01000 | train: 0.1207 | val: 0.1336
Epoch 040/100 | lr: 0.01000 | train: 0.1142 | val: 0.1269
Epoch 045/100 | lr: 0.01000 | train: 0.1081 | val: 0.1210
Epoch 050/100 | lr: 0.01000 | train: 0.1030 | val: 0.1152
Epoch 055/100 | lr: 0.01000 | train: 0.0980 | val: 0.1100
Epoch 060/100 | lr: 0.01000 | train: 0.0937 | val: 0.1053
Epoch 065/100 | lr: 0.01000 | train: 0.0899 | val: 0.1009
Epoch 070/100 | lr: 0.01000 | train: 0.0860 | val: 0.0969
Epoch 075/100 | lr: 0.01000 | train: 0.0826 | val: 0.0935
Epoch 080/100 | lr: 0.01000 | train: 0.0792 | val: 0.0899
Epoch 085/100 | lr: 0.01000 | train: 0.0766 | val: 0.0870
Epoch 090/100 | lr: 0.01000 | train: 0.0741 | val: 0.0842
Epoch 095/100 | lr: 0.01000 | train: 0.0719 | val: 0.0817
Epoch 100/100 | lr: 0.01000 | train: 0.0700 | val: 0.0804
[s6_random]   after GNG: dpa=0.490  gng=0.905
[s6_random]  GNG done in 449.5s  final train=0.0700  val=0.0804  dpa=0.490  gng=0.905
[s6_random]  ┌── params: after GNG
[s6_random]  │  rank 0: ||m||=23.038  ||n||=34.789  corr(m,n)=+0.400
[s6_random]  │  rank 1: ||m||=22.544  ||n||=39.946  corr(m,n)=+0.601
[s6_random]  │  κ-Jacobian eigvals (gain·n^Tm/N): +1.6831+0.7562j  +1.6831-0.7562j
[s6_random]  │  Wi: ||·||_F=61.932  per-channel=23.10 21.97 23.40 22.89 24.23 26.49 21.41
[s6_random]  └──────────────────────────────────────────────────
[s6_random] ────────────────────────────────────────────────────────────
[s6_random]  STAGE: Dual   device=cuda:1   epochs=100
[s6_random]  freeze input dims:     [0, 1, 2, 3, 4, 5, 6]
[s6_random] ────────────────────────────────────────────────────────────
[s6_random]  data: [516, 444, 7] → [516, 444, 2]
[s6_random]  loss=separated  dpa_w=1.0  gng_w=1.0  aux_w=1.0  bl_w=1.0
Epoch 005/100 | lr: 0.01000 | train: 0.9850 | val: 1.0619
Epoch 010/100 | lr: 0.01000 | train: 0.9367 | val: 1.0262
Epoch 015/100 | lr: 0.01000 | train: 0.9123 | val: 1.0127
Epoch 020/100 | lr: 0.01000 | train: 0.8944 | val: 0.9915
Epoch 025/100 | lr: 0.01000 | train: 0.8858 | val: 0.9899
Epoch 030/100 | lr: 0.01000 | train: 0.8743 | val: 0.9768
Epoch 035/100 | lr: 0.01000 | train: 0.8719 | val: 0.9694
Epoch 040/100 | lr: 0.01000 | train: 0.8634 | val: 0.9812
Epoch 045/100 | lr: 0.01000 | train: 0.8500 | val: 0.9572
Epoch 050/100 | lr: 0.01000 | train: 0.8453 | val: 0.9512
Epoch 055/100 | lr: 0.01000 | train: 0.8383 | val: 0.9387
Epoch 060/100 | lr: 0.01000 | train: 0.8275 | val: 0.9338
Epoch 065/100 | lr: 0.01000 | train: 0.8166 | val: 0.9151
Epoch 070/100 | lr: 0.01000 | train: 0.8171 | val: 0.9108
Epoch 075/100 | lr: 0.01000 | train: 0.8101 | val: 0.8963
Epoch 080/100 | lr: 0.01000 | train: 0.7870 | val: 0.8847
Epoch 085/100 | lr: 0.01000 | train: 0.7748 | val: 0.8719
Epoch 090/100 | lr: 0.01000 | train: 0.7611 | val: 0.8513
Epoch 095/100 | lr: 0.01000 | train: 0.7457 | val: 0.8482
Epoch 100/100 | lr: 0.01000 | train: 0.7317 | val: 0.8205
[s6_random]  loss components: {'dpa': 0.7894, 'gng': 0.037, 'baseline': 0.0024, 'aux': 0.0022}
[s6_random]   after Dual: dpa=0.999  gng=0.995
[s6_random]  Dual done in 695.8s  final train=0.7317  val=0.8205  dpa=0.999  gng=0.995
[s6_random]  ┌── params: after Dual
[s6_random]  │  rank 0: ||m||=30.809  ||n||=42.701  corr(m,n)=+0.174
[s6_random]  │  rank 1: ||m||=30.434  ||n||=44.353  corr(m,n)=+0.534
[s6_random]  │  κ-Jacobian eigvals (gain·n^Tm/N): +1.8558+1.0579j  +1.8558-1.0579j
[s6_random]  │  Wi: ||·||_F=61.932  per-channel=23.10 21.97 23.40 22.89 24.23 26.49 21.41
[s6_random]  └──────────────────────────────────────────────────
[s6_random] ════════════════════════════════════════════════════════════
[s6_random]  RUN COMPLETE  2026-06-04 21:47:02  total=1902.1s
[s6_random]  ACCURACY SUMMARY
[s6_random]    after DPA : dpa=0.995  gng=0.531
[s6_random]    after GNG : dpa=0.490  gng=0.905
[s6_random]    after Dual: dpa=0.999  gng=0.995  dual_dpa=0.740  dual_gng=0.768
[s6_random] ════════════════════════════════════════════════════════════
