[s5_relu2] ════════════════════════════════════════════════════════════
[s5_relu2]  RUN START  2026-06-09 12:39:20
[s5_relu2]  run_id=s5_relu2  seed=5  device=cuda:1
[s5_relu2]  arch:  hidden=512  rank=2  gain=1.0  input_size=7  params=6,144
[s5_relu2]  task:  cue_on_go=True  rwd=True  rwd_scale=1.0  freeze_input_stages=['gng', 'dual']  init=random
[s5_relu2]  dynamics: alpha=0.0750  alpha_rec=0.1000  dt=0.0225  tau=0.3  tau_rec_frac=0.75
[s5_relu2]  noise:  input_sigma=0.3732 (×1.0)  model_sigma=0.0000 (×0.0)
[s5_relu2]  optim:  lr=0.01  wd=0.01  batch=64  n_batch=516  clip=None
[s5_relu2]  epochs: dpa=100  gng=100  dual=100  loss=separated
[s5_relu2]  shapes: m[512, 2]  n[512, 2]  Wi[512, 7]
[s5_relu2]  ┌── params: init
[s5_relu2]  │  rank 0: ||m||=23.437  ||n||=22.965  corr(m,n)=+0.028
[s5_relu2]  │  rank 1: ||m||=22.893  ||n||=23.012  corr(m,n)=+0.061
[s5_relu2]  │  κ-Jacobian eigvals (gain·n^Tm/N): +0.0320  +0.0594
[s5_relu2]  │  Wi: ||·||_F=58.987  per-channel=22.32 23.25 22.23 22.01 21.84 22.14 22.26
[s5_relu2]  └──────────────────────────────────────────────────
[s5_relu2]  DPA: loading checkpoint from results/dual/sweep_relu/s5_relu/expert_s5_relu.pth
[s5_relu2]   after DPA: dpa=0.998 (pair=0.998 unpair=0.998)  gng=0.617 (go=1.000 nogo=0.231)
[s5_relu2]  DPA done in 1.9s  (checkpoint)  dpa=0.998  gng=0.617
[s5_relu2]  ┌── params: after DPA
[s5_relu2]  │  rank 0: ||m||=37.453  ||n||=30.957  corr(m,n)=+0.757
[s5_relu2]  │  rank 1: ||m||=38.005  ||n||=34.277  corr(m,n)=+0.612
[s5_relu2]  │  κ-Jacobian eigvals (gain·n^Tm/N): +1.7227  +1.5482
[s5_relu2]  │  Wi: ||·||_F=71.951  per-channel=25.51 24.91 33.80 35.14 21.84 22.14 23.69
[s5_relu2]  └──────────────────────────────────────────────────
[s5_relu2]  GNG: loading checkpoint from results/dual/sweep_relu/s5_relu/expert_s5_relu.pth
[s5_relu2]   after GNG: dpa=0.992 (pair=0.985 unpair=1.000)  gng=0.639 (go=1.000 nogo=0.272)
[s5_relu2]  GNG done in 1.2s  (checkpoint)  dpa=0.992  gng=0.639
[s5_relu2]  ┌── params: after GNG
[s5_relu2]  │  rank 0: ||m||=37.453  ||n||=30.957  corr(m,n)=+0.757
[s5_relu2]  │  rank 1: ||m||=38.005  ||n||=34.277  corr(m,n)=+0.612
[s5_relu2]  │  κ-Jacobian eigvals (gain·n^Tm/N): +1.7227  +1.5482
[s5_relu2]  │  Wi: ||·||_F=71.951  per-channel=25.51 24.91 33.80 35.14 21.84 22.14 23.69
[s5_relu2]  └──────────────────────────────────────────────────
[s5_relu2] ────────────────────────────────────────────────────────────
[s5_relu2]  STAGE: Dual   device=cuda:1   epochs=100
[s5_relu2]  freeze recurrent cols: [0]
[s5_relu2]  freeze input dims:     [0, 1, 2, 3, 4, 5, 6]
[s5_relu2] ────────────────────────────────────────────────────────────
[s5_relu2]  data: [516, 444, 7] → [516, 444, 2]
[s5_relu2]  loss=separated  dpa_w=1.0  gng_w=1.0  go_w=1.0  nogo_w=2.0  aux_w=1.0  bl_w=1.0  go_hinge=1.0
Epoch 005/100 | lr: 0.01000 | train: 0.3350 | val: 0.3893
Epoch 010/100 | lr: 0.01000 | train: 0.3131 | val: 0.3837
Epoch 015/100 | lr: 0.01000 | train: 0.2687 | val: 0.3253
Epoch 020/100 | lr: 0.01000 | train: 0.2497 | val: 0.3072
Epoch 025/100 | lr: 0.01000 | train: 0.2353 | val: 0.2968
Epoch 030/100 | lr: 0.01000 | train: 0.2304 | val: 0.2713
Epoch 035/100 | lr: 0.01000 | train: 0.2131 | val: 0.2657
Epoch 040/100 | lr: 0.01000 | train: 0.2080 | val: 0.2539
Epoch 045/100 | lr: 0.01000 | train: 0.2003 | val: 0.2331
Epoch 050/100 | lr: 0.01000 | train: 0.1860 | val: 0.2340
Epoch 055/100 | lr: 0.01000 | train: 0.1753 | val: 0.2245
Epoch 060/100 | lr: 0.01000 | train: 0.1705 | val: 0.2093
Epoch 065/100 | lr: 0.01000 | train: 0.1722 | val: 0.2157
Epoch 070/100 | lr: 0.01000 | train: 0.1602 | val: 0.1956
Epoch 075/100 | lr: 0.01000 | train: 0.1546 | val: 0.1934
Epoch 080/100 | lr: 0.01000 | train: 0.1571 | val: 0.2129
Epoch 085/100 | lr: 0.01000 | train: 0.1381 | val: 0.1741
Epoch 090/100 | lr: 0.01000 | train: 0.1419 | val: 0.1772
Epoch 095/100 | lr: 0.01000 | train: 0.1331 | val: 0.1613
Epoch 100/100 | lr: 0.01000 | train: 0.1344 | val: 0.1590
[s5_relu2]  loss components: {'dpa': 0.0348, 'gng': 0.1003, 'gng_go': 0.061, 'gng_nogo': 0.0197, 'baseline': 0.018, 'aux': 0.0083}
[s5_relu2]   after Dual: dpa=0.999 (pair=1.000 unpair=0.998)  gng=0.992 (go=1.000 nogo=0.983)
[s5_relu2]  Dual done in 711.5s  final train=0.1344  val=0.1590  dpa=0.999  gng=0.992
[s5_relu2]  ┌── params: after Dual
[s5_relu2]  │  rank 0: ||m||=37.453  ||n||=30.957  corr(m,n)=+0.757
[s5_relu2]  │  rank 1: ||m||=46.499  ||n||=40.178  corr(m,n)=+0.373
[s5_relu2]  │  κ-Jacobian eigvals (gain·n^Tm/N): +1.7047  +1.3717
[s5_relu2]  │  Wi: ||·||_F=71.951  per-channel=25.51 24.91 33.80 35.14 21.84 22.14 23.69
[s5_relu2]  └──────────────────────────────────────────────────
[s5_relu2] ════════════════════════════════════════════════════════════
[s5_relu2]  RUN COMPLETE  2026-06-09 12:51:15  total=716.7s
[s5_relu2]  ACCURACY SUMMARY
[s5_relu2]    after DPA : dpa=0.998  gng=0.617
[s5_relu2]    after GNG : dpa=0.992  gng=0.639
[s5_relu2]    after Dual: dpa=0.999  gng=0.992  dual_dpa=0.999  dual_gng=0.997
[s5_relu2] ════════════════════════════════════════════════════════════
