[s5_noHinge] ════════════════════════════════════════════════════════════
[s5_noHinge]  RUN START  2026-06-09 00:17:06
[s5_noHinge]  run_id=s5_noHinge  seed=5  device=cuda:1
[s5_noHinge]  arch:  hidden=512  rank=2  gain=1.0  input_size=7  params=6,144
[s5_noHinge]  task:  cue_on_go=True  rwd=True  rwd_scale=1.0  freeze_input_stages=['gng', 'dual']  init=random
[s5_noHinge]  dynamics: alpha=0.0750  alpha_rec=0.1000  dt=0.0225  tau=0.3  tau_rec_frac=0.75
[s5_noHinge]  noise:  input_sigma=0.3732 (×1.0)  model_sigma=0.0000 (×0.0)
[s5_noHinge]  optim:  lr=0.01  wd=0.01  batch=64  n_batch=516  clip=None
[s5_noHinge]  epochs: dpa=100  gng=100  dual=100  loss=separated
[s5_noHinge]  shapes: m[512, 2]  n[512, 2]  Wi[512, 7]
[s5_noHinge]  ┌── params: init
[s5_noHinge]  │  rank 0: ||m||=23.437  ||n||=22.965  corr(m,n)=+0.028
[s5_noHinge]  │  rank 1: ||m||=22.893  ||n||=23.012  corr(m,n)=+0.061
[s5_noHinge]  │  κ-Jacobian eigvals (gain·n^Tm/N): +0.0320  +0.0594
[s5_noHinge]  │  Wi: ||·||_F=58.987  per-channel=22.32 23.25 22.23 22.01 21.84 22.14 22.26
[s5_noHinge]  └──────────────────────────────────────────────────
[s5_noHinge]  DPA: loading checkpoint from results/dual/sweep_adam2/s5_adam2/dpa_s5_adam2.pth
[s5_noHinge]   after DPA: dpa=0.999 (pair=1.000 unpair=0.998)  gng=0.470 (go=0.023 nogo=0.920)
[s5_noHinge]  DPA done in 1.5s  (checkpoint)  dpa=0.999  gng=0.470
[s5_noHinge]  ┌── params: after DPA
[s5_noHinge]  │  rank 0: ||m||=37.549  ||n||=39.656  corr(m,n)=+0.807
[s5_noHinge]  │  rank 1: ||m||=33.323  ||n||=52.505  corr(m,n)=+0.781
[s5_noHinge]  │  κ-Jacobian eigvals (gain·n^Tm/N): +2.2472  +2.7685
[s5_noHinge]  │  Wi: ||·||_F=66.558  per-channel=22.18 20.22 32.31 35.98 21.84 22.14 14.95
[s5_noHinge]  └──────────────────────────────────────────────────
[s5_noHinge]  GNG: loading checkpoint from results/dual/sweep_adam2/s5_adam2/naive_s5_adam2.pth
[s5_noHinge]   after GNG: dpa=0.948 (pair=0.907 unpair=0.990)  gng=0.993 (go=1.000 nogo=0.986)
[s5_noHinge]  GNG done in 1.4s  (checkpoint)  dpa=0.948  gng=0.993
[s5_noHinge]  ┌── params: after GNG
[s5_noHinge]  │  rank 0: ||m||=37.549  ||n||=39.656  corr(m,n)=+0.807
[s5_noHinge]  │  rank 1: ||m||=33.933  ||n||=57.948  corr(m,n)=+0.677
[s5_noHinge]  │  κ-Jacobian eigvals (gain·n^Tm/N): +2.3308  +2.6177
[s5_noHinge]  │  Wi: ||·||_F=66.558  per-channel=22.18 20.22 32.31 35.98 21.84 22.14 14.95
[s5_noHinge]  └──────────────────────────────────────────────────
[s5_noHinge] ────────────────────────────────────────────────────────────
[s5_noHinge]  STAGE: Dual   device=cuda:1   epochs=100
[s5_noHinge]  freeze recurrent cols: [0]
[s5_noHinge]  freeze input dims:     [0, 1, 2, 3, 4, 5, 6]
[s5_noHinge] ────────────────────────────────────────────────────────────
[s5_noHinge]  data: [516, 444, 7] → [516, 444, 2]
[s5_noHinge]  loss=separated  dpa_w=1.0  gng_w=1.0  go_w=1.0  nogo_w=2.0  aux_w=1.0  bl_w=1.0  go_hinge=None
Epoch 005/100 | lr: 0.01000 | train: 1.3125 | val: 1.3751
Epoch 010/100 | lr: 0.01000 | train: 1.1140 | val: 1.2474
Epoch 015/100 | lr: 0.01000 | train: 0.9987 | val: 1.1380
Epoch 020/100 | lr: 0.01000 | train: 0.9196 | val: 1.0537
Epoch 025/100 | lr: 0.01000 | train: 0.8535 | val: 0.9904
Epoch 030/100 | lr: 0.01000 | train: 0.7794 | val: 0.9226
Epoch 035/100 | lr: 0.01000 | train: 0.7275 | val: 0.8708
Epoch 040/100 | lr: 0.01000 | train: 0.6735 | val: 0.8638
Epoch 045/100 | lr: 0.01000 | train: 0.6502 | val: 0.7844
Epoch 050/100 | lr: 0.01000 | train: 0.5989 | val: 0.7695
Epoch 055/100 | lr: 0.01000 | train: 0.5624 | val: 0.7190
Epoch 060/100 | lr: 0.01000 | train: 0.5267 | val: 0.7381
Epoch 065/100 | lr: 0.01000 | train: 0.4978 | val: 0.6686
Epoch 070/100 | lr: 0.01000 | train: 0.4700 | val: 0.6641
Epoch 075/100 | lr: 0.01000 | train: 0.4471 | val: 0.6077
Epoch 080/100 | lr: 0.01000 | train: 0.4210 | val: 0.6263
Epoch 085/100 | lr: 0.01000 | train: 0.3951 | val: 0.6071
Epoch 090/100 | lr: 0.01000 | train: 0.3751 | val: 0.5967
Epoch 095/100 | lr: 0.01000 | train: 0.3666 | val: 0.5773
Epoch 100/100 | lr: 0.01000 | train: 0.3425 | val: 0.5787
[s5_noHinge]  loss components: {'dpa': 0.1919, 'gng': 0.6624, 'gng_go': 0.6277, 'gng_nogo': 0.0174, 'baseline': 0.0402, 'aux': 0.0174}
[s5_noHinge]   after Dual: dpa=0.982 (pair=0.965 unpair=1.000)  gng=0.999 (go=0.998 nogo=1.000)
[s5_noHinge]  Dual done in 720.6s  final train=0.3425  val=0.5787  dpa=0.982  gng=0.999
[s5_noHinge]  ┌── params: after Dual
[s5_noHinge]  │  rank 0: ||m||=37.549  ||n||=39.656  corr(m,n)=+0.807
[s5_noHinge]  │  rank 1: ||m||=38.605  ||n||=84.130  corr(m,n)=+0.492
[s5_noHinge]  │  κ-Jacobian eigvals (gain·n^Tm/N): +2.3068  +3.1634
[s5_noHinge]  │  Wi: ||·||_F=66.558  per-channel=22.18 20.22 32.31 35.98 21.84 22.14 14.95
[s5_noHinge]  └──────────────────────────────────────────────────
[s5_noHinge] ════════════════════════════════════════════════════════════
[s5_noHinge]  RUN COMPLETE  2026-06-09 00:29:09  total=725.5s
[s5_noHinge]  ACCURACY SUMMARY
[s5_noHinge]    after DPA : dpa=0.999  gng=0.470
[s5_noHinge]    after GNG : dpa=0.948  gng=0.993
[s5_noHinge]    after Dual: dpa=0.982  gng=0.999  dual_dpa=0.979  dual_gng=0.949
[s5_noHinge] ════════════════════════════════════════════════════════════
