[s1_orth_n0] ════════════════════════════════════════════════════════════
[s1_orth_n0]  RUN START  2026-06-08 15:29:41
[s1_orth_n0]  run_id=s1_orth_n0  seed=1  device=cuda:1
[s1_orth_n0]  arch:  hidden=512  rank=2  gain=1.0  input_size=7  params=6,144
[s1_orth_n0]  task:  cue_on_go=True  rwd=True  rwd_scale=1.0  freeze_input_stages=['dual']  init=random
[s1_orth_n0]  dynamics: alpha=0.0750  alpha_rec=0.1000  dt=0.0225  tau=0.3  tau_rec_frac=0.75
[s1_orth_n0]  noise:  input_sigma=0.3732 (×1.0)  model_sigma=0.0000 (×0.0)
[s1_orth_n0]  optim:  lr=0.01  wd=0.01  batch=64  n_batch=516  clip=None
[s1_orth_n0]  epochs: dpa=100  gng=100  dual=100  loss=separated
[s1_orth_n0]  shapes: m[512, 2]  n[512, 2]  Wi[512, 7]
[s1_orth_n0]  ┌── params: init
[s1_orth_n0]  │  rank 0: ||m||=22.898  ||n||=22.288  corr(m,n)=-0.020
[s1_orth_n0]  │  rank 1: ||m||=23.302  ||n||=22.428  corr(m,n)=+0.009
[s1_orth_n0]  │  κ-Jacobian eigvals (gain·n^Tm/N): -0.0155  +0.0043
[s1_orth_n0]  │  Wi: ||·||_F=58.820  per-channel=21.94 22.58 22.12 21.70 21.92 23.07 22.27
[s1_orth_n0]  └──────────────────────────────────────────────────
[s1_orth_n0] ────────────────────────────────────────────────────────────
[s1_orth_n0]  STAGE: DPA   device=cuda:1   epochs=100
[s1_orth_n0] ────────────────────────────────────────────────────────────
[s1_orth_n0]  data: [516, 444, 7] → [516, 444, 2]
Epoch 005/100 | lr: 0.01000 | train: 1.9663 | val: 1.9532
Epoch 010/100 | lr: 0.01000 | train: 1.3829 | val: 1.2566
Epoch 015/100 | lr: 0.01000 | train: 1.0077 | val: 1.0153
Epoch 020/100 | lr: 0.01000 | train: 0.9114 | val: 0.9326
Epoch 025/100 | lr: 0.01000 | train: 0.8309 | val: 0.8525
Epoch 030/100 | lr: 0.01000 | train: 0.6907 | val: 0.6848
Epoch 035/100 | lr: 0.01000 | train: 0.4860 | val: 0.4487
Epoch 040/100 | lr: 0.01000 | train: 0.3418 | val: 0.3453
Epoch 045/100 | lr: 0.01000 | train: 0.2835 | val: 0.2758
Epoch 050/100 | lr: 0.01000 | train: 0.2270 | val: 0.2229
Epoch 055/100 | lr: 0.01000 | train: 0.1680 | val: 0.1709
Epoch 060/100 | lr: 0.01000 | train: 0.1343 | val: 0.1355
Epoch 065/100 | lr: 0.01000 | train: 0.1131 | val: 0.1154
Epoch 070/100 | lr: 0.01000 | train: 0.0977 | val: 0.1025
Stopping: losses below 0.1.
[s1_orth_n0]  orthogonalised go ch=4, nogo ch=5 to n₀
[s1_orth_n0]   after DPA: dpa=0.997  gng=0.578
[s1_orth_n0]  DPA done in 649.4s  final train=0.0972  val=0.0991  dpa=0.997  gng=0.578
[s1_orth_n0]  ┌── params: after DPA
[s1_orth_n0]  │  rank 0: ||m||=35.666  ||n||=38.931  corr(m,n)=+0.816
[s1_orth_n0]  │  rank 1: ||m||=30.853  ||n||=47.521  corr(m,n)=+0.834
[s1_orth_n0]  │  κ-Jacobian eigvals (gain·n^Tm/N): +2.1541  +2.4482
[s1_orth_n0]  │  Wi: ||·||_F=58.072  per-channel=20.40 20.88 29.56 33.27 10.75 12.08 16.66
[s1_orth_n0]  └──────────────────────────────────────────────────
[s1_orth_n0] ────────────────────────────────────────────────────────────
[s1_orth_n0]  STAGE: GNG   device=cuda:1   epochs=100
[s1_orth_n0]  freeze recurrent cols: [0]
[s1_orth_n0]  freeze input dims:     [0, 1, 2, 3, 6]
[s1_orth_n0] ────────────────────────────────────────────────────────────
[s1_orth_n0]  data: [516, 266, 7] → [516, 266, 2]
Epoch 005/100 | lr: 0.01000 | train: 0.2112 | val: 0.2433
Epoch 010/100 | lr: 0.01000 | train: 0.1243 | val: 0.1641
Epoch 015/100 | lr: 0.01000 | train: 0.0942 | val: 0.1276
Epoch 020/100 | lr: 0.01000 | train: 0.0770 | val: 0.1063
Stopping: losses below 0.1.
[s1_orth_n0]   after GNG: dpa=1.000  gng=1.000
[s1_orth_n0]  GNG done in 122.2s  final train=0.0737  val=0.0988  dpa=1.000  gng=1.000
[s1_orth_n0]  ┌── params: after GNG
[s1_orth_n0]  │  rank 0: ||m||=35.666  ||n||=38.931  corr(m,n)=+0.816
[s1_orth_n0]  │  rank 1: ||m||=29.219  ||n||=46.607  corr(m,n)=+0.803
[s1_orth_n0]  │  κ-Jacobian eigvals (gain·n^Tm/N): +2.3130  +2.0352
[s1_orth_n0]  │  Wi: ||·||_F=59.655  per-channel=20.40 20.88 29.56 33.27 12.83 16.83 16.66
[s1_orth_n0]  └──────────────────────────────────────────────────
[s1_orth_n0] ────────────────────────────────────────────────────────────
[s1_orth_n0]  STAGE: Dual   device=cuda:1   epochs=100
[s1_orth_n0]  freeze recurrent cols: [0]
[s1_orth_n0]  freeze input dims:     [0, 1, 2, 3, 4, 5, 6]
[s1_orth_n0] ────────────────────────────────────────────────────────────
[s1_orth_n0]  data: [516, 444, 7] → [516, 444, 2]
[s1_orth_n0]  loss=separated  dpa_w=1.0  gng_w=1.0  go_w=1.0  nogo_w=1.0  aux_w=1.0  bl_w=1.0
Epoch 005/100 | lr: 0.01000 | train: 0.4547 | val: 0.4582
Epoch 010/100 | lr: 0.01000 | train: 0.3893 | val: 0.3871
Epoch 015/100 | lr: 0.01000 | train: 0.3357 | val: 0.3414
Epoch 020/100 | lr: 0.01000 | train: 0.3007 | val: 0.3032
Epoch 025/100 | lr: 0.01000 | train: 0.2727 | val: 0.2771
Epoch 030/100 | lr: 0.01000 | train: 0.2356 | val: 0.2460
Epoch 035/100 | lr: 0.01000 | train: 0.2173 | val: 0.2210
Epoch 040/100 | lr: 0.01000 | train: 0.1982 | val: 0.2152
Epoch 045/100 | lr: 0.01000 | train: 0.1818 | val: 0.2077
Epoch 050/100 | lr: 0.01000 | train: 0.1726 | val: 0.1864
Epoch 055/100 | lr: 0.01000 | train: 0.1631 | val: 0.1900
Epoch 060/100 | lr: 0.01000 | train: 0.1562 | val: 0.1559
Epoch 065/100 | lr: 0.01000 | train: 0.1515 | val: 0.1526
Epoch 070/100 | lr: 0.01000 | train: 0.1419 | val: 0.1520
Epoch 075/100 | lr: 0.01000 | train: 0.1384 | val: 0.1487
Epoch 080/100 | lr: 0.01000 | train: 0.1330 | val: 0.1352
Epoch 085/100 | lr: 0.01000 | train: 0.1312 | val: 0.1484
Epoch 090/100 | lr: 0.01000 | train: 0.1273 | val: 0.1233
Epoch 095/100 | lr: 0.01000 | train: 0.1226 | val: 0.1257
Epoch 100/100 | lr: 0.01000 | train: 0.1206 | val: 0.1188
[s1_orth_n0]  loss components: {'dpa': 0.0397, 'gng': 0.026, 'gng_go': 0.0131, 'gng_nogo': 0.0129, 'baseline': 0.0203, 'aux': 0.0149}
[s1_orth_n0]   after Dual: dpa=0.999  gng=0.991
[s1_orth_n0]  Dual done in 933.0s  final train=0.1206  val=0.1188  dpa=0.999  gng=0.991
[s1_orth_n0]  ┌── params: after Dual
[s1_orth_n0]  │  rank 0: ||m||=35.666  ||n||=38.931  corr(m,n)=+0.816
[s1_orth_n0]  │  rank 1: ||m||=28.344  ||n||=69.400  corr(m,n)=+0.612
[s1_orth_n0]  │  κ-Jacobian eigvals (gain·n^Tm/N): +2.1314  +2.4327
[s1_orth_n0]  │  Wi: ||·||_F=59.655  per-channel=20.40 20.88 29.56 33.27 12.83 16.83 16.66
[s1_orth_n0]  └──────────────────────────────────────────────────
[s1_orth_n0] ════════════════════════════════════════════════════════════
[s1_orth_n0]  RUN COMPLETE  2026-06-08 15:58:06  total=1707.0s
[s1_orth_n0]  ACCURACY SUMMARY
[s1_orth_n0]    after DPA : dpa=0.997  gng=0.578
[s1_orth_n0]    after GNG : dpa=1.000  gng=1.000
[s1_orth_n0]    after Dual: dpa=0.999  gng=0.991  dual_dpa=0.998  dual_gng=0.999
[s1_orth_n0] ════════════════════════════════════════════════════════════
