[s0] ════════════════════════════════════════════════════════════
[s0]  RUN START  2026-06-23 14:57:57
[s0]  run_id=s0  seed=0  device=cuda:0
[s0]  arch:  N=1000 (E=750 I=250)  K=125 (prob 0.167)  rank=2  gain=1.0  input_size=6  params=3,000
[s0]  task:  cue_on_go=True  rwd=False  rwd_scale=1.0  freeze_input_stages=['dual']  init=random
[s0]  dynamics: dt=0.0225  tau=(0.4, 0.2)s  tau_syn=(0.2, 0.1)s  STP(use=0.05 tau_fac=1.0s tau_rec=0.2s)  j_stp=5.0
[s0]  noise:  input_sigma=0.3732 (×1.0)  model_sigma=0.0000 (×0.0)
[s0]  optim:  lr=0.01  wd=0.01  batch=32  n_batch=256  clip=1.0
[s0]  epochs: dpa=100  gng=100  dual=100  loss=separated
[s0]  shapes: m[750, 2]  n[750, 2]  Wi[750, 6]
[s0]  ┌── params: init
[s0]  │  rank 0: ||m||=26.722  ||n||=27.499  corr(m,n)=+0.023
[s0]  │  rank 1: ||m||=26.734  ||n||=26.387  corr(m,n)=+0.006
[s0]  │  low-rank overlap n^Tm/N (modulates STP E→E): +0.0143+0.0286j  +0.0143-0.0286j
[s0]  │  Wi: ||·||_F=67.208  per-channel=26.38 27.24 28.06 27.18 27.36 28.35
[s0]  └──────────────────────────────────────────────────
[s0] ────────────────────────────────────────────────────────────
[s0]  STAGE: DPA   device=cuda:0   epochs=100
[s0] ────────────────────────────────────────────────────────────
[s0]  data: [256, 444, 6] → [256, 444, 2]
Epoch 005/100 | lr: 0.01000 | train: 3.7275 | val: 3.7258
Epoch 010/100 | lr: 0.01000 | train: 3.3366 | val: 3.3192
Epoch 015/100 | lr: 0.01000 | train: 2.5533 | val: 2.4606
Epoch 020/100 | lr: 0.01000 | train: 1.7418 | val: 1.9374
Epoch 025/100 | lr: 0.01000 | train: 1.0078 | val: 1.0747
Epoch 030/100 | lr: 0.01000 | train: 0.0610 | val: 0.0346
Stopping: losses below 0.1.
[s0]   after DPA: dpa=0.997 (pair=1.000 unpair=0.994)  gng=0.468 (go=1.000 nogo=0.004)
[s0]  DPA done in 144.7s  final train=0.0610  val=0.0346  dpa=0.997  gng=0.468
[s0]  ┌── params: after DPA
[s0]  │  rank 0: ||m||=52.119  ||n||=52.798  corr(m,n)=+0.703
[s0]  │  rank 1: ||m||=42.420  ||n||=39.098  corr(m,n)=+0.345
[s0]  │  low-rank overlap n^Tm/N (modulates STP E→E): +2.7046  +0.6351
[s0]  │  Wi: ||·||_F=67.208  per-channel=26.38 27.24 28.06 27.18 27.36 28.35
[s0]  └──────────────────────────────────────────────────
[s0] ────────────────────────────────────────────────────────────
[s0]  STAGE: GNG   device=cuda:0   epochs=100
[s0]  freeze recurrent cols: [0]
[s0]  freeze input dims:     [0, 1, 2, 3]
[s0] ────────────────────────────────────────────────────────────
[s0]  data: [256, 266, 6] → [256, 266, 2]
Epoch 005/100 | lr: 0.01000 | train: 0.9566 | val: 0.8462
Epoch 010/100 | lr: 0.01000 | train: 0.7426 | val: 0.6553
Epoch 015/100 | lr: 0.01000 | train: 0.5862 | val: 0.5081
Epoch 020/100 | lr: 0.01000 | train: 0.4516 | val: 0.3809
Epoch 025/100 | lr: 0.01000 | train: 0.3543 | val: 0.2851
Epoch 030/100 | lr: 0.01000 | train: 0.3038 | val: 0.2489
Epoch 035/100 | lr: 0.01000 | train: 0.2772 | val: 0.2267
Epoch 040/100 | lr: 0.01000 | train: 0.2630 | val: 0.2150
Epoch 045/100 | lr: 0.01000 | train: 0.2446 | val: 0.2013
Epoch 050/100 | lr: 0.01000 | train: 0.2292 | val: 0.1924
Epoch 055/100 | lr: 0.01000 | train: 0.2195 | val: 0.1831
Epoch 060/100 | lr: 0.01000 | train: 0.2083 | val: 0.1755
Epoch 065/100 | lr: 0.01000 | train: 0.1979 | val: 0.1672
Epoch 070/100 | lr: 0.01000 | train: 0.1884 | val: 0.1588
Epoch 075/100 | lr: 0.01000 | train: 0.1797 | val: 0.1540
Epoch 080/100 | lr: 0.01000 | train: 0.1751 | val: 0.1505
Epoch 085/100 | lr: 0.01000 | train: 0.1685 | val: 0.1446
Epoch 090/100 | lr: 0.01000 | train: 0.1628 | val: 0.1406
Epoch 095/100 | lr: 0.01000 | train: 0.1558 | val: 0.1331
Epoch 100/100 | lr: 0.01000 | train: 0.1497 | val: 0.1332
[s0]   after GNG: dpa=0.868 (pair=0.745 unpair=0.998)  gng=1.000 (go=1.000 nogo=1.000)
[s0]  GNG done in 288.6s  final train=0.1497  val=0.1332  dpa=0.868  gng=1.000
[s0]  ┌── params: after GNG
[s0]  │  rank 0: ||m||=52.119  ||n||=52.798  corr(m,n)=+0.703
[s0]  │  rank 1: ||m||=61.226  ||n||=51.416  corr(m,n)=+0.372
[s0]  │  low-rank overlap n^Tm/N (modulates STP E→E): +2.6422  +1.4980
[s0]  │  Wi: ||·||_F=67.208  per-channel=26.38 27.24 28.06 27.18 27.36 28.35
[s0]  └──────────────────────────────────────────────────
[s0] ────────────────────────────────────────────────────────────
[s0]  STAGE: Dual   device=cuda:0   epochs=100
[s0]  freeze input dims:     [0, 1, 2, 3, 4, 5]
[s0] ────────────────────────────────────────────────────────────
[s0]  data: [256, 444, 6] → [256, 444, 2]
[s0]  loss=separated  dpa_w=1.0  gng_w=1.0  go_w=1.0  nogo_w=1.0  aux_w=1.0  bl_w=1.0  go_hinge=1.0
Epoch 005/100 | lr: 0.01000 | train: 0.9364 | val: 0.8180
Epoch 010/100 | lr: 0.01000 | train: 0.4775 | val: 0.4086
Epoch 015/100 | lr: 0.01000 | train: 0.2862 | val: 0.2497
Epoch 020/100 | lr: 0.01000 | train: 0.2058 | val: 0.1799
Epoch 025/100 | lr: 0.01000 | train: 0.1546 | val: 0.1361
Epoch 030/100 | lr: 0.01000 | train: 0.1172 | val: 0.1037
Epoch 035/100 | lr: 0.01000 | train: 0.0982 | val: 0.0886
Stopping: losses below 0.1.
[s0]  loss components: {'dpa': 0.0019, 'gng': 0.0637, 'gng_go': 0.0076, 'gng_nogo': 0.0561, 'baseline': 0.0206, 'aux': 0.0121}
[s0]   after Dual: dpa=1.000 (pair=1.000 unpair=1.000)  gng=1.000 (go=1.000 nogo=1.000)
[s0]  Dual done in 191.1s  final train=0.0982  val=0.0886  dpa=1.000  gng=1.000
[s0]  ┌── params: after Dual
[s0]  │  rank 0: ||m||=54.766  ||n||=53.711  corr(m,n)=+0.729
[s0]  │  rank 1: ||m||=57.797  ||n||=50.854  corr(m,n)=+0.422
[s0]  │  low-rank overlap n^Tm/N (modulates STP E→E): +2.9196  +1.5922
[s0]  │  Wi: ||·||_F=67.208  per-channel=26.38 27.24 28.06 27.18 27.36 28.35
[s0]  └──────────────────────────────────────────────────
[s0] ════════════════════════════════════════════════════════════
[s0]  RUN COMPLETE  2026-06-23 15:08:22  total=625.5s
[s0]  ACCURACY SUMMARY
[s0]    after DPA : dpa=0.997  gng=0.468
[s0]    after GNG : dpa=0.868  gng=1.000
[s0]    after Dual: dpa=1.000  gng=1.000  dual_dpa=0.998  dual_gng=1.000
[s0] ════════════════════════════════════════════════════════════
