[s1_lif] ════════════════════════════════════════════════════════════
[s1_lif]  RUN START  2026-06-09 17:19:33
[s1_lif]  run_id=s1_lif  seed=1  device=cuda:1
[s1_lif]  arch:  hidden=512  rank=2  gain=3.0  input_size=7  params=6,144
[s1_lif]  task:  cue_on_go=True  rwd=True  rwd_scale=1.0  freeze_input_stages=['gng', 'dual']  init=random
[s1_lif]  dynamics: alpha=0.0750  alpha_rec=0.1000  dt=0.0225  tau=0.3  tau_rec_frac=0.75
[s1_lif]  noise:  input_sigma=0.3732 (×1.0)  model_sigma=0.0000 (×0.0)
[s1_lif]  optim:  lr=0.01  wd=0.01  batch=64  n_batch=516  clip=None
[s1_lif]  epochs: dpa=100  gng=100  dual=200  loss=separated
[s1_lif]  shapes: m[512, 2]  n[512, 2]  Wi[512, 7]
[s1_lif]  ┌── params: init
[s1_lif]  │  rank 0: ||m||=22.898  ||n||=22.288  corr(m,n)=-0.020
[s1_lif]  │  rank 1: ||m||=23.302  ||n||=22.428  corr(m,n)=+0.009
[s1_lif]  │  κ-Jacobian eigvals (gain·n^Tm/N): -0.0464  +0.0130
[s1_lif]  │  Wi: ||·||_F=58.820  per-channel=21.94 22.58 22.12 21.70 21.92 23.07 22.27
[s1_lif]  └──────────────────────────────────────────────────
[s1_lif] ────────────────────────────────────────────────────────────
[s1_lif]  STAGE: DPA   device=cuda:1   epochs=100
[s1_lif]  freeze input dims:     [4, 5]
[s1_lif] ────────────────────────────────────────────────────────────
[s1_lif]  data: [516, 444, 7] → [516, 444, 2]
Epoch 005/100 | lr: 0.01000 | train: 1.9892 | val: 1.9840
Epoch 010/100 | lr: 0.01000 | train: 1.9604 | val: 1.9519
Epoch 015/100 | lr: 0.01000 | train: 1.5743 | val: 1.4715
Epoch 020/100 | lr: 0.01000 | train: 2.5173 | val: 2.4613
Epoch 025/100 | lr: 0.01000 | train: 2.3665 | val: 2.2406
Epoch 030/100 | lr: 0.01000 | train: 1.2530 | val: 1.2661
Epoch 035/100 | lr: 0.01000 | train: 1.2110 | val: 1.2308
Epoch 040/100 | lr: 0.01000 | train: 1.1804 | val: 1.2012
Epoch 045/100 | lr: 0.01000 | train: 1.1569 | val: 1.1789
Epoch 050/100 | lr: 0.01000 | train: 1.1369 | val: 1.1603
Epoch 055/100 | lr: 0.01000 | train: 1.1189 | val: 1.1438
Epoch 060/100 | lr: 0.01000 | train: 1.1024 | val: 1.1290
Epoch 065/100 | lr: 0.01000 | train: 1.0873 | val: 1.1156
Epoch 070/100 | lr: 0.01000 | train: 1.0737 | val: 1.1032
Epoch 075/100 | lr: 0.01000 | train: 1.0612 | val: 1.0931
Epoch 080/100 | lr: 0.01000 | train: 1.0494 | val: 1.0839
Epoch 085/100 | lr: 0.01000 | train: 1.0385 | val: 1.0744
Epoch 090/100 | lr: 0.01000 | train: 1.0280 | val: 1.0646
Epoch 095/100 | lr: 0.01000 | train: 1.0181 | val: 1.0576
Epoch 100/100 | lr: 0.01000 | train: 1.0087 | val: 1.0505
[s1_lif]   after DPA: dpa=0.747 (pair=0.511 unpair=0.996)  gng=0.486 (go=0.000 nogo=1.000)
[s1_lif]  DPA done in 402.4s  final train=1.0087  val=1.0505  dpa=0.747  gng=0.486
[s1_lif]  ┌── params: after DPA
[s1_lif]  │  rank 0: ||m||=45.659  ||n||=38.451  corr(m,n)=+0.872
[s1_lif]  │  rank 1: ||m||=36.747  ||n||=26.013  corr(m,n)=+0.521
[s1_lif]  │  κ-Jacobian eigvals (gain·n^Tm/N): +10.6129  +1.2746
[s1_lif]  │  Wi: ||·||_F=55.682  per-channel=22.29 20.07 15.30 28.06 21.92 23.07 12.92
[s1_lif]  └──────────────────────────────────────────────────
[s1_lif] ────────────────────────────────────────────────────────────
[s1_lif]  STAGE: GNG   device=cuda:1   epochs=100
[s1_lif]  freeze recurrent cols: [0]
[s1_lif]  freeze input dims:     [0, 1, 2, 3, 4, 5, 6]
[s1_lif] ────────────────────────────────────────────────────────────
[s1_lif]  data: [516, 266, 7] → [516, 266, 2]
Epoch 005/100 | lr: 0.01000 | train: 1.8365 | val: 1.7917
Epoch 010/100 | lr: 0.01000 | train: 1.6828 | val: 1.6667
Epoch 015/100 | lr: 0.01000 | train: 1.5639 | val: 1.5595
Epoch 020/100 | lr: 0.01000 | train: 1.4311 | val: 1.4308
Epoch 025/100 | lr: 0.01000 | train: 1.2757 | val: 1.2802
Epoch 030/100 | lr: 0.01000 | train: 1.0699 | val: 1.0781
Epoch 035/100 | lr: 0.01000 | train: 0.8216 | val: 0.8369
Epoch 040/100 | lr: 0.01000 | train: 0.5728 | val: 0.5919
Epoch 045/100 | lr: 0.01000 | train: 0.3994 | val: 0.4138
Epoch 050/100 | lr: 0.01000 | train: 0.2771 | val: 0.3000
Epoch 055/100 | lr: 0.01000 | train: 0.1961 | val: 0.2217
Epoch 060/100 | lr: 0.01000 | train: 0.1506 | val: 0.1697
Epoch 065/100 | lr: 0.01000 | train: 0.1147 | val: 0.1375
Epoch 070/100 | lr: 0.01000 | train: 0.0907 | val: 0.1104
Stopping: losses below 0.1.
[s1_lif]   after GNG: dpa=0.479 (pair=0.798 unpair=0.150)  gng=0.998 (go=1.000 nogo=0.996)
[s1_lif]  GNG done in 182.2s  final train=0.0797  val=0.0942  dpa=0.479  gng=0.998
[s1_lif]  ┌── params: after GNG
[s1_lif]  │  rank 0: ||m||=45.659  ||n||=38.451  corr(m,n)=+0.872
[s1_lif]  │  rank 1: ||m||=62.810  ||n||=55.869  corr(m,n)=+0.763
[s1_lif]  │  κ-Jacobian eigvals (gain·n^Tm/N): +7.6419  +17.0256
[s1_lif]  │  Wi: ||·||_F=55.682  per-channel=22.29 20.07 15.30 28.06 21.92 23.07 12.92
[s1_lif]  └──────────────────────────────────────────────────
[s1_lif] ────────────────────────────────────────────────────────────
[s1_lif]  STAGE: Dual   device=cuda:1   epochs=200
[s1_lif]  freeze recurrent cols: [0]
[s1_lif]  freeze input dims:     [0, 1, 2, 3, 4, 5, 6]
[s1_lif] ────────────────────────────────────────────────────────────
[s1_lif]  data: [516, 444, 7] → [516, 444, 2]
[s1_lif]  loss=separated  dpa_w=1.0  gng_w=1.0  go_w=1.0  nogo_w=2.0  aux_w=1.0  bl_w=1.0  go_hinge=1.0
Epoch 005/200 | lr: 0.01000 | train: 1.2045 | val: 1.1550
Epoch 010/200 | lr: 0.01000 | train: 1.1747 | val: 1.1412
Epoch 015/200 | lr: 0.01000 | train: 1.1606 | val: 1.1297
Epoch 020/200 | lr: 0.01000 | train: 1.1488 | val: 1.1201
Epoch 025/200 | lr: 0.01000 | train: 1.1376 | val: 1.1097
Epoch 030/200 | lr: 0.01000 | train: 1.1284 | val: 1.1032
Epoch 035/200 | lr: 0.01000 | train: 1.1224 | val: 1.0938
Epoch 040/200 | lr: 0.01000 | train: 1.1143 | val: 1.0858
Epoch 045/200 | lr: 0.01000 | train: 1.1066 | val: 1.0791
Epoch 050/200 | lr: 0.01000 | train: 1.1065 | val: 1.0744
Epoch 055/200 | lr: 0.01000 | train: 1.0964 | val: 1.0698
Epoch 060/200 | lr: 0.01000 | train: 1.0875 | val: 1.0637
Epoch 065/200 | lr: 0.01000 | train: 1.0856 | val: 1.0591
Epoch 070/200 | lr: 0.01000 | train: 1.0777 | val: 1.0535
Epoch 075/200 | lr: 0.01000 | train: 1.0748 | val: 1.0501
Epoch 080/200 | lr: 0.01000 | train: 1.0731 | val: 1.0463
Epoch 085/200 | lr: 0.01000 | train: 1.0675 | val: 1.0394
Epoch 090/200 | lr: 0.01000 | train: 1.0644 | val: 1.0359
Epoch 095/200 | lr: 0.01000 | train: 1.0666 | val: 1.0348
Epoch 100/200 | lr: 0.01000 | train: 1.0554 | val: 1.0394
Epoch 105/200 | lr: 0.01000 | train: 1.0541 | val: 1.0265
Epoch 110/200 | lr: 0.01000 | train: 1.0511 | val: 1.0221
Epoch 115/200 | lr: 0.01000 | train: 1.0499 | val: 1.0176
Epoch 120/200 | lr: 0.01000 | train: 1.0482 | val: 1.0167
Epoch 125/200 | lr: 0.01000 | train: 1.0443 | val: 1.0246
Epoch 130/200 | lr: 0.01000 | train: 1.0394 | val: 1.0151
Epoch 135/200 | lr: 0.01000 | train: 1.0428 | val: 1.0060
Epoch 140/200 | lr: 0.01000 | train: 1.0308 | val: 0.9958
Epoch 145/200 | lr: 0.01000 | train: 1.0542 | val: 1.0232
Epoch 150/200 | lr: 0.01000 | train: 1.0295 | val: 0.9956
Epoch 155/200 | lr: 0.01000 | train: 1.0215 | val: 0.9844
Epoch 160/200 | lr: 0.01000 | train: 1.0171 | val: 0.9831
Epoch 165/200 | lr: 0.01000 | train: 1.0112 | val: 1.0003
Epoch 170/200 | lr: 0.01000 | train: 1.0102 | val: 0.9702
Epoch 175/200 | lr: 0.01000 | train: 1.0051 | val: 0.9782
Epoch 180/200 | lr: 0.01000 | train: 1.0031 | val: 0.9593
Epoch 185/200 | lr: 0.01000 | train: 0.9972 | val: 0.9612
Epoch 190/200 | lr: 0.01000 | train: 0.9928 | val: 0.9536
Epoch 195/200 | lr: 0.01000 | train: 0.9929 | val: 0.9523
Epoch 200/200 | lr: 0.01000 | train: 0.9816 | val: 0.9494
[s1_lif]  loss components: {'dpa': 0.9476, 'gng': 0.0319, 'gng_go': 0.0296, 'gng_nogo': 0.0011, 'baseline': 0.0029, 'aux': 0.0025}
[s1_lif]   after Dual: dpa=0.567 (pair=0.577 unpair=0.558)  gng=1.000 (go=1.000 nogo=1.000)
[s1_lif]  Dual done in 822.4s  final train=0.9816  val=0.9494  dpa=0.567  gng=1.000
[s1_lif]  ┌── params: after Dual
[s1_lif]  │  rank 0: ||m||=45.659  ||n||=38.451  corr(m,n)=+0.872
[s1_lif]  │  rank 1: ||m||=70.824  ||n||=65.250  corr(m,n)=+0.655
[s1_lif]  │  κ-Jacobian eigvals (gain·n^Tm/N): +7.7294  +18.9827
[s1_lif]  │  Wi: ||·||_F=55.682  per-channel=22.29 20.07 15.30 28.06 21.92 23.07 12.92
[s1_lif]  └──────────────────────────────────────────────────
[s1_lif] ════════════════════════════════════════════════════════════
[s1_lif]  RUN COMPLETE  2026-06-09 17:43:00  total=1407.9s
[s1_lif]  ACCURACY SUMMARY
[s1_lif]    after DPA : dpa=0.747  gng=0.486
[s1_lif]    after GNG : dpa=0.479  gng=0.998
[s1_lif]    after Dual: dpa=0.567  gng=1.000  dual_dpa=0.562  dual_gng=1.000
[s1_lif] ════════════════════════════════════════════════════════════
