[s2] ════════════════════════════════════════════════════════════
[s2]  RUN START  2026-06-22 16:31:44
[s2]  run_id=s2  seed=2  device=cuda:0
[s2]  arch:  N=1000 (E=750 I=250)  K=125 (prob 0.167)  rank=2  gain=1.0  input_size=6  params=3,000
[s2]  task:  cue_on_go=True  rwd=False  rwd_scale=1.0  freeze_input_stages=['dual']  init=random
[s2]  dynamics: dt=0.0225  tau=(0.4, 0.2)s  tau_syn=(0.2, 0.1)s  STP(use=0.05 tau_fac=1.0s tau_rec=0.2s)  j_stp=1.0
[s2]  noise:  input_sigma=0.3732 (×1.0)  model_sigma=0.0000 (×0.0)
[s2]  optim:  lr=0.05  wd=0.01  batch=32  n_batch=256  clip=None
[s2]  epochs: dpa=100  gng=100  dual=100  loss=separated
[s2]  shapes: m[750, 2]  n[750, 2]  Wi[750, 6]
[s2]  ┌── params: init
[s2]  │  rank 0: ||m||=27.614  ||n||=27.317  corr(m,n)=+0.058
[s2]  │  rank 1: ||m||=27.288  ||n||=27.261  corr(m,n)=-0.012
[s2]  │  low-rank overlap n^Tm/N (modulates STP E→E): +0.0510  -0.0046
[s2]  │  Wi: ||·||_F=67.310  per-channel=27.03 28.09 27.17 28.06 27.35 27.16
[s2]  └──────────────────────────────────────────────────
[s2] ────────────────────────────────────────────────────────────
[s2]  STAGE: DPA   device=cuda:0   epochs=100
[s2] ────────────────────────────────────────────────────────────
[s2]  data: [256, 444, 6] → [256, 444, 2]
Epoch 005/100 | lr: 0.05000 | train: 3.6346 | val: 3.7803
Epoch 010/100 | lr: 0.05000 | train: 3.2709 | val: 3.4146
Epoch 015/100 | lr: 0.05000 | train: 2.6110 | val: 2.7513
Epoch 020/100 | lr: 0.05000 | train: 1.7227 | val: 1.9932
Epoch 025/100 | lr: 0.05000 | train: 0.0487 | val: 0.0502
Stopping: losses below 0.1.
[s2]   after DPA: dpa=0.999 (pair=1.000 unpair=0.998)  gng=0.506 (go=0.000 nogo=1.000)
[s2]  DPA done in 134.2s  final train=0.0487  val=0.0502  dpa=0.999  gng=0.506
[s2]  ┌── params: after DPA
[s2]  │  rank 0: ||m||=220.615  ||n||=112.705  corr(m,n)=+0.773
[s2]  │  rank 1: ||m||=122.130  ||n||=68.866  corr(m,n)=+0.412
[s2]  │  low-rank overlap n^Tm/N (modulates STP E→E): +25.7302  +4.5227
[s2]  │  Wi: ||·||_F=67.310  per-channel=27.03 28.09 27.17 28.06 27.35 27.16
[s2]  └──────────────────────────────────────────────────
[s2] ────────────────────────────────────────────────────────────
[s2]  STAGE: GNG   device=cuda:0   epochs=100
[s2]  freeze recurrent cols: [0]
[s2]  freeze input dims:     [0, 1, 2, 3]
[s2] ────────────────────────────────────────────────────────────
[s2]  data: [256, 266, 6] → [256, 266, 2]
Epoch 005/100 | lr: 0.05000 | train: 1.2278 | val: 1.1242
Epoch 010/100 | lr: 0.05000 | train: 0.9989 | val: 0.9291
Epoch 015/100 | lr: 0.05000 | train: 0.8525 | val: 0.7762
Epoch 020/100 | lr: 0.05000 | train: 0.7081 | val: 0.6344
Epoch 025/100 | lr: 0.05000 | train: 0.5573 | val: 0.4889
Epoch 030/100 | lr: 0.05000 | train: 0.4524 | val: 0.4047
Epoch 035/100 | lr: 0.05000 | train: 0.3827 | val: 0.3663
Epoch 040/100 | lr: 0.05000 | train: 0.3292 | val: 0.3066
Epoch 045/100 | lr: 0.05000 | train: 0.2720 | val: 0.2591
Epoch 050/100 | lr: 0.05000 | train: 0.2230 | val: 7.6042
Epoch 055/100 | lr: 0.05000 | train: 0.1741 | val: 5.8187
Epoch 060/100 | lr: 0.05000 | train: 0.2351 | val: 4.0652
Epoch 065/100 | lr: 0.05000 | train: 0.2004 | val: 5.5330
Epoch 070/100 | lr: 0.05000 | train: 0.2280 | val: 3.3431
Epoch 075/100 | lr: 0.05000 | train: 0.1794 | val: 13.3754
Epoch 080/100 | lr: 0.05000 | train: 0.1750 | val: 10.6247
Epoch 085/100 | lr: 0.05000 | train: 0.2000 | val: 22.4872
Epoch 090/100 | lr: 0.05000 | train: 0.1913 | val: 29.1786
Epoch 095/100 | lr: 0.05000 | train: 0.1261 | val: 14.1427
Traceback (most recent call last):
  File "/home/leon/rnn/_run_one.py", line 28, in <module>
    result = run_single(config, device, models_dir=run_dir)
  File "/home/leon/rnn/sweep.py", line 625, in run_single
    train_l, val_l, _ = trainer.fit()
                        ~~~~~~~~~~~^^
  File "/home/leon/rnn/src/train.py", line 244, in fit
    train_loss = self._run_epoch(self.train_loader, train=True)
  File "/home/leon/rnn/src/train.py", line 223, in _run_epoch
    raise ValueError("Dataloader produced zero examples.")
ValueError: Dataloader produced zero examples.
