[s4] ════════════════════════════════════════════════════════════
[s4]  RUN START  2026-06-24 13:38:50
[s4]  run_id=s4  seed=4  device=cuda:0
[s4]  arch:  N=1000 (E=750 I=250)  K=125 (prob 0.167)  rank=2  gain=1.0  input_size=6  params=3,000
[s4]  task:  cue_on_go=True  rwd=False  rwd_scale=1.0  freeze_input_stages=['dual']  init=random
[s4]  dynamics: dt=0.0225  tau=(0.4, 0.2)s  tau_syn=(0.2, 0.1)s  STP(use=0.05 tau_fac=1.0s tau_rec=0.2s)  j_stp=1.0
[s4]  noise:  input_sigma=0.3732 (×1.0)  model_sigma=0.0000 (×0.0)
[s4]  optim:  lr=0.1  wd=0.01  batch=32  n_batch=256  clip=None
[s4]  epochs: dpa=200  gng=100  dual=100  loss=separated
[s4]  shapes: m[750, 2]  n[750, 2]  Wi[750, 6]
[s4]  ┌── params: init
[s4]  │  rank 0: ||m||=27.487  ||n||=26.666  corr(m,n)=+0.053
[s4]  │  rank 1: ||m||=28.806  ||n||=27.228  corr(m,n)=+0.043
[s4]  │  low-rank overlap n^Tm/N (modulates STP E→E): +0.0488+0.0385j  +0.0488-0.0385j
[s4]  │  Wi: ||·||_F=67.782  per-channel=27.36 27.75 27.87 27.13 27.15 28.74
[s4]  └──────────────────────────────────────────────────
[s4] ────────────────────────────────────────────────────────────
[s4]  STAGE: DPA   device=cuda:0   epochs=200
[s4] ────────────────────────────────────────────────────────────
[s4]  data: [256, 444, 6] → [256, 444, 2]
Epoch 005/200 | lr: 0.10000 | train: 3.5614 | val: 3.6467
Epoch 010/200 | lr: 0.10000 | train: 3.3437 | val: 3.4471
Epoch 015/200 | lr: 0.10000 | train: 3.1555 | val: 3.3333
Epoch 020/200 | lr: 0.10000 | train: 3.0262 | val: 3.2234
Epoch 025/200 | lr: 0.10000 | train: 2.9095 | val: 3.1039
Epoch 030/200 | lr: 0.10000 | train: 2.8003 | val: 3.0527
Epoch 035/200 | lr: 0.10000 | train: 2.6884 | val: 2.9564
Epoch 040/200 | lr: 0.10000 | train: 2.5782 | val: 2.8526
Epoch 045/200 | lr: 0.10000 | train: 2.4736 | val: 2.7663
Epoch 050/200 | lr: 0.10000 | train: 2.3619 | val: 2.7212
Epoch 055/200 | lr: 0.10000 | train: 2.2577 | val: 2.5927
Epoch 060/200 | lr: 0.10000 | train: 2.1762 | val: 2.5053
Epoch 065/200 | lr: 0.10000 | train: 2.0733 | val: 2.4714
Epoch 070/200 | lr: 0.10000 | train: 1.9838 | val: 2.3768
Epoch 075/200 | lr: 0.10000 | train: 1.9155 | val: 2.3081
Epoch 080/200 | lr: 0.10000 | train: 1.8246 | val: 2.2924
Epoch 085/200 | lr: 0.10000 | train: 1.7987 | val: 2.2190
Epoch 090/200 | lr: 0.10000 | train: 1.7472 | val: 2.1865
Epoch 095/200 | lr: 0.10000 | train: 1.7059 | val: 2.1653
Epoch 100/200 | lr: 0.10000 | train: 1.6579 | val: 2.1238
Epoch 105/200 | lr: 0.10000 | train: 1.6352 | val: 2.0730
Epoch 110/200 | lr: 0.10000 | train: 1.5882 | val: 2.0440
Epoch 115/200 | lr: 0.10000 | train: 1.5198 | val: 1.9651
Epoch 120/200 | lr: 0.10000 | train: 1.4463 | val: 1.8836
Epoch 125/200 | lr: 0.10000 | train: 1.3137 | val: 1.7388
Epoch 130/200 | lr: 0.10000 | train: 1.0713 | val: 1.5081
Epoch 135/200 | lr: 0.10000 | train: 0.4802 | val: 0.6571
Epoch 140/200 | lr: 0.10000 | train: 0.1656 | val: 0.2662
Epoch 145/200 | lr: 0.10000 | train: 0.1239 | val: 0.1947
Epoch 150/200 | lr: 0.10000 | train: 0.0807 | val: 0.1445
Epoch 155/200 | lr: 0.10000 | train: 0.0567 | val: 0.1139
Stopping: losses below 0.1.
[s4]   after DPA: dpa=1.000 (pair=1.000 unpair=1.000)  gng=0.496 (go=1.000 nogo=0.000)
[s4]  DPA done in 777.1s  final train=0.0470  val=0.0985  dpa=1.000  gng=0.496
[s4]  ┌── params: after DPA
[s4]  │  rank 0: ||m||=2293.410  ||n||=471.409  corr(m,n)=+0.785
[s4]  │  rank 1: ||m||=1184.869  ||n||=337.204  corr(m,n)=+0.426
[s4]  │  low-rank overlap n^Tm/N (modulates STP E→E): +1130.0167  +229.3384
[s4]  │  Wi: ||·||_F=67.782  per-channel=27.36 27.75 27.87 27.13 27.15 28.74
[s4]  └──────────────────────────────────────────────────
[s4] ────────────────────────────────────────────────────────────
[s4]  STAGE: GNG   device=cuda:0   epochs=100
[s4]  freeze recurrent cols: [0]
[s4]  freeze input dims:     [0, 1, 2, 3]
[s4] ────────────────────────────────────────────────────────────
[s4]  data: [256, 266, 6] → [256, 266, 2]
Epoch 005/100 | lr: 0.10000 | train: 1.0308 | val: 0.9668
Epoch 010/100 | lr: 0.10000 | train: 0.9404 | val: 0.9045
Epoch 015/100 | lr: 0.10000 | train: 0.8812 | val: 0.8164
Epoch 020/100 | lr: 0.10000 | train: 0.8517 | val: 0.7713
Epoch 025/100 | lr: 0.10000 | train: 0.8057 | val: 0.7419
Epoch 030/100 | lr: 0.10000 | train: 0.7803 | val: 0.7067
Epoch 035/100 | lr: 0.10000 | train: 0.7282 | val: 0.6852
Epoch 040/100 | lr: 0.10000 | train: 0.7116 | val: 0.6471
Epoch 045/100 | lr: 0.10000 | train: 0.6956 | val: 0.6285
Epoch 050/100 | lr: 0.10000 | train: 0.6650 | val: 0.6056
Epoch 055/100 | lr: 0.10000 | train: 0.6435 | val: 0.6003
Epoch 060/100 | lr: 0.10000 | train: 0.6310 | val: 0.5762
Epoch 065/100 | lr: 0.10000 | train: 0.6125 | val: 0.5207
Epoch 070/100 | lr: 0.10000 | train: 0.5716 | val: 0.5112
Epoch 075/100 | lr: 0.10000 | train: 0.5533 | val: 0.5158
Epoch 080/100 | lr: 0.10000 | train: 0.5328 | val: 0.4774
Epoch 085/100 | lr: 0.10000 | train: 0.5095 | val: 0.4700
Epoch 090/100 | lr: 0.10000 | train: 0.4859 | val: 0.4384
Epoch 095/100 | lr: 0.10000 | train: 0.4756 | val: 0.3941
Epoch 100/100 | lr: 0.10000 | train: 0.4594 | val: 0.4142
[s4]   after GNG: dpa=0.821 (pair=0.871 unpair=0.774)  gng=0.997 (go=1.000 nogo=0.994)
[s4]  GNG done in 302.0s  final train=0.4594  val=0.4142  dpa=0.821  gng=0.997
[s4]  ┌── params: after GNG
[s4]  │  rank 0: ||m||=2293.410  ||n||=471.409  corr(m,n)=+0.785
[s4]  │  rank 1: ||m||=1490.979  ||n||=455.096  corr(m,n)=+0.340
[s4]  │  low-rank overlap n^Tm/N (modulates STP E→E): +1142.4246  +297.8240
[s4]  │  Wi: ||·||_F=67.782  per-channel=27.36 27.75 27.87 27.13 27.15 28.74
[s4]  └──────────────────────────────────────────────────
[s4] ────────────────────────────────────────────────────────────
[s4]  STAGE: Dual   device=cuda:0   epochs=100
[s4]  freeze input dims:     [0, 1, 2, 3, 4, 5]
[s4] ────────────────────────────────────────────────────────────
[s4]  data: [256, 444, 6] → [256, 444, 2]
[s4]  loss=separated  dpa_w=1.0  gng_w=1.0  go_w=1.0  nogo_w=1.0  aux_w=1.0  bl_w=1.0  go_hinge=1.0
Epoch 005/100 | lr: 0.10000 | train: 4.6795 | val: 4.4174
Epoch 010/100 | lr: 0.10000 | train: 2.3418 | val: 2.3404
Epoch 015/100 | lr: 0.10000 | train: 1.4144 | val: 1.4847
Epoch 020/100 | lr: 0.10000 | train: 1.0336 | val: 1.1959
Epoch 025/100 | lr: 0.10000 | train: 0.8580 | val: 0.9950
Epoch 030/100 | lr: 0.10000 | train: 0.7382 | val: 0.8805
Epoch 035/100 | lr: 0.10000 | train: 0.6347 | val: 0.8464
Epoch 040/100 | lr: 0.10000 | train: 0.5662 | val: 0.7004
Epoch 045/100 | lr: 0.10000 | train: 0.5637 | val: 0.6780
Epoch 050/100 | lr: 0.10000 | train: 0.5424 | val: 0.6152
Epoch 055/100 | lr: 0.10000 | train: 0.5033 | val: 0.6122
Epoch 060/100 | lr: 0.10000 | train: 0.4632 | val: 0.5541
Epoch 065/100 | lr: 0.10000 | train: 0.4667 | val: 0.5642
Epoch 070/100 | lr: 0.10000 | train: 0.4506 | val: 0.5370
Epoch 075/100 | lr: 0.10000 | train: 0.4497 | val: 0.6258
Epoch 080/100 | lr: 0.10000 | train: 0.4153 | val: 0.5310
Epoch 085/100 | lr: 0.10000 | train: 0.4007 | val: 0.4403
Epoch 090/100 | lr: 0.10000 | train: 0.3809 | val: 0.4911
Epoch 095/100 | lr: 0.10000 | train: 0.3735 | val: 0.4219
Epoch 100/100 | lr: 0.10000 | train: 0.3800 | val: 0.4487
[s4]  loss components: {'dpa': 0.022, 'gng': 0.1283, 'gng_go': 0.0279, 'gng_nogo': 0.1004, 'baseline': 0.1038, 'aux': 0.1402}
[s4]   after Dual: dpa=1.000 (pair=1.000 unpair=1.000)  gng=0.996 (go=1.000 nogo=0.993)
[s4]  Dual done in 502.6s  final train=0.3800  val=0.4487  dpa=1.000  gng=0.996
[s4]  ┌── params: after Dual
[s4]  │  rank 0: ||m||=2361.932  ||n||=474.218  corr(m,n)=+0.783
[s4]  │  rank 1: ||m||=1513.974  ||n||=454.180  corr(m,n)=+0.372
[s4]  │  low-rank overlap n^Tm/N (modulates STP E→E): +1169.0366  +340.9871
[s4]  │  Wi: ||·||_F=67.782  per-channel=27.36 27.75 27.87 27.13 27.15 28.74
[s4]  └──────────────────────────────────────────────────
[s4] ════════════════════════════════════════════════════════════
[s4]  RUN COMPLETE  2026-06-24 14:05:11  total=1582.7s
[s4]  ACCURACY SUMMARY
[s4]    after DPA : dpa=1.000  gng=0.496
[s4]    after GNG : dpa=0.821  gng=0.997
[s4]    after Dual: dpa=1.000  gng=0.996  dual_dpa=1.000  dual_gng=0.982
[s4] ════════════════════════════════════════════════════════════
