[s8_noHinge2] ════════════════════════════════════════════════════════════
[s8_noHinge2]  RUN START  2026-06-09 00:46:38
[s8_noHinge2]  run_id=s8_noHinge2  seed=8  device=cuda:0
[s8_noHinge2]  arch:  hidden=512  rank=2  gain=1.0  input_size=7  params=6,144
[s8_noHinge2]  task:  cue_on_go=True  rwd=True  rwd_scale=1.0  freeze_input_stages=['gng', 'dual']  init=random
[s8_noHinge2]  dynamics: alpha=0.0750  alpha_rec=0.1000  dt=0.0225  tau=0.3  tau_rec_frac=0.75
[s8_noHinge2]  noise:  input_sigma=0.3732 (×1.0)  model_sigma=0.0000 (×0.0)
[s8_noHinge2]  optim:  lr=0.01  wd=0.01  batch=64  n_batch=516  clip=None
[s8_noHinge2]  epochs: dpa=100  gng=100  dual=100  loss=separated
[s8_noHinge2]  shapes: m[512, 2]  n[512, 2]  Wi[512, 7]
[s8_noHinge2]  ┌── params: init
[s8_noHinge2]  │  rank 0: ||m||=21.882  ||n||=22.260  corr(m,n)=+0.051
[s8_noHinge2]  │  rank 1: ||m||=23.191  ||n||=22.746  corr(m,n)=+0.052
[s8_noHinge2]  │  κ-Jacobian eigvals (gain·n^Tm/N): +0.0400  +0.0614
[s8_noHinge2]  │  Wi: ||·||_F=58.682  per-channel=22.28 22.71 21.71 21.44 22.33 22.66 22.10
[s8_noHinge2]  └──────────────────────────────────────────────────
[s8_noHinge2]  DPA: loading checkpoint from results/dual/sweep_adam2/s8_adam2/dpa_s8_adam2.pth
[s8_noHinge2]   after DPA: dpa=0.996 (pair=0.994 unpair=0.998)  gng=0.466 (go=0.010 nogo=0.927)
[s8_noHinge2]  DPA done in 2.3s  (checkpoint)  dpa=0.996  gng=0.466
[s8_noHinge2]  ┌── params: after DPA
[s8_noHinge2]  │  rank 0: ||m||=38.297  ||n||=39.150  corr(m,n)=+0.797
[s8_noHinge2]  │  rank 1: ||m||=33.819  ||n||=49.008  corr(m,n)=+0.861
[s8_noHinge2]  │  κ-Jacobian eigvals (gain·n^Tm/N): +2.3200  +2.8021
[s8_noHinge2]  │  Wi: ||·||_F=69.174  per-channel=20.90 20.20 39.36 35.40 22.33 22.66 11.22
[s8_noHinge2]  └──────────────────────────────────────────────────
[s8_noHinge2]  GNG: loading checkpoint from results/dual/sweep_adam2/s8_adam2/naive_s8_adam2.pth
[s8_noHinge2]   after GNG: dpa=0.997 (pair=0.994 unpair=1.000)  gng=0.988 (go=1.000 nogo=0.977)
[s8_noHinge2]  GNG done in 1.1s  (checkpoint)  dpa=0.997  gng=0.988
[s8_noHinge2]  ┌── params: after GNG
[s8_noHinge2]  │  rank 0: ||m||=38.297  ||n||=39.150  corr(m,n)=+0.797
[s8_noHinge2]  │  rank 1: ||m||=31.981  ||n||=55.435  corr(m,n)=+0.712
[s8_noHinge2]  │  κ-Jacobian eigvals (gain·n^Tm/N): +2.3477  +2.4517
[s8_noHinge2]  │  Wi: ||·||_F=69.174  per-channel=20.90 20.20 39.36 35.40 22.33 22.66 11.22
[s8_noHinge2]  └──────────────────────────────────────────────────
[s8_noHinge2] ────────────────────────────────────────────────────────────
[s8_noHinge2]  STAGE: Dual   device=cuda:0   epochs=100
[s8_noHinge2]  freeze recurrent cols: [0]
[s8_noHinge2]  freeze input dims:     [0, 1, 2, 3, 4, 5, 6]
[s8_noHinge2] ────────────────────────────────────────────────────────────
[s8_noHinge2]  data: [516, 444, 7] → [516, 444, 2]
[s8_noHinge2]  loss=separated  dpa_w=1.0  gng_w=1.0  go_w=1.0  nogo_w=2.0  aux_w=1.0  bl_w=1.0  go_hinge=None
Epoch 005/100 | lr: 0.01000 | train: 1.5528 | val: 1.4758
Epoch 010/100 | lr: 0.01000 | train: 1.3788 | val: 1.3159
Epoch 015/100 | lr: 0.01000 | train: 1.2119 | val: 1.1570
Epoch 020/100 | lr: 0.01000 | train: 1.0832 | val: 1.0283
Epoch 025/100 | lr: 0.01000 | train: 0.9802 | val: 0.9296
Epoch 030/100 | lr: 0.01000 | train: 0.9455 | val: 0.9565
Epoch 035/100 | lr: 0.01000 | train: 0.8548 | val: 0.7939
Epoch 040/100 | lr: 0.01000 | train: 0.7913 | val: 0.7471
Epoch 045/100 | lr: 0.01000 | train: 0.7531 | val: 0.7115
Epoch 050/100 | lr: 0.01000 | train: 0.6989 | val: 0.6866
Epoch 055/100 | lr: 0.01000 | train: 0.6718 | val: 0.6140
Epoch 060/100 | lr: 0.01000 | train: 0.6323 | val: 0.5918
Epoch 065/100 | lr: 0.01000 | train: 0.5940 | val: 0.5635
Epoch 070/100 | lr: 0.01000 | train: 0.5683 | val: 0.5326
Epoch 075/100 | lr: 0.01000 | train: 0.5364 | val: 0.5158
Epoch 080/100 | lr: 0.01000 | train: 0.5073 | val: 0.4902
Epoch 085/100 | lr: 0.01000 | train: 0.4905 | val: 0.4773
Epoch 090/100 | lr: 0.01000 | train: 0.4724 | val: 0.4494
Epoch 095/100 | lr: 0.01000 | train: 0.4476 | val: 0.4379
Epoch 100/100 | lr: 0.01000 | train: 0.4222 | val: 0.4193
[s8_noHinge2]  loss components: {'dpa': 0.1379, 'gng': 0.2162, 'gng_go': 0.1565, 'gng_nogo': 0.0298, 'baseline': 0.0302, 'aux': 0.0139}
[s8_noHinge2]   after Dual: dpa=0.985 (pair=0.969 unpair=1.000)  gng=1.000 (go=1.000 nogo=1.000)
[s8_noHinge2]  Dual done in 733.7s  final train=0.4222  val=0.4193  dpa=0.985  gng=1.000
[s8_noHinge2]  ┌── params: after Dual
[s8_noHinge2]  │  rank 0: ||m||=38.297  ||n||=39.150  corr(m,n)=+0.797
[s8_noHinge2]  │  rank 1: ||m||=36.146  ||n||=83.017  corr(m,n)=+0.508
[s8_noHinge2]  │  κ-Jacobian eigvals (gain·n^Tm/N): +2.3313  +2.9824
[s8_noHinge2]  │  Wi: ||·||_F=69.174  per-channel=20.90 20.20 39.36 35.40 22.33 22.66 11.22
[s8_noHinge2]  └──────────────────────────────────────────────────
[s8_noHinge2] ════════════════════════════════════════════════════════════
[s8_noHinge2]  RUN COMPLETE  2026-06-09 00:58:55  total=739.0s
[s8_noHinge2]  ACCURACY SUMMARY
[s8_noHinge2]    after DPA : dpa=0.996  gng=0.466
[s8_noHinge2]    after GNG : dpa=0.997  gng=0.988
[s8_noHinge2]    after Dual: dpa=0.985  gng=1.000  dual_dpa=0.981  dual_gng=0.984
[s8_noHinge2] ════════════════════════════════════════════════════════════
