[s2] ════════════════════════════════════════════════════════════
[s2]  RUN START  2026-07-01 18:57:53
[s2]  run_id=s2  seed=2  device=cuda:0
[s2]  arch:  N=1000 (E=750 I=250)  K=125 (prob 0.167)  rank=2  gain=1.0  input_size=6  params=3,000
[s2]  task:  cue_on_go=True  rwd=False  rwd_scale=1.0  freeze_input_stages=['dual']  init=random
[s2]  dynamics: dt=0.0225  tau=(0.4, 0.2)s  tau_syn=(0.2, 0.1)s  STP(use=0.05 tau_fac=1.0s tau_rec=0.2s)  j_stp=1.0
[s2]  noise:  input_sigma=0.3732 (×1.0)  model_sigma=0.0000 (×0.0)
[s2]  optim:  lr=0.1  wd=0.01  batch=32  n_batch=256  clip=None
[s2]  epochs: dpa=200  gng=100  dual=100  loss=separated
[s2]  shapes: m[750, 2]  n[750, 2]  Wi[750, 6]
[s2]  ┌── params: init
[s2]  │  rank 0: ||m||=27.317  ||n||=27.317  corr(m,n)=+1.000
[s2]  │  rank 1: ||m||=27.261  ||n||=27.261  corr(m,n)=+1.000
[s2]  │  low-rank overlap n^Tm/N (modulates STP E→E): +1.0168  +0.9690
[s2]  │  Wi: ||·||_F=65.693  per-channel=26.65 27.81 26.03 26.49 26.91 26.98
[s2]  └──────────────────────────────────────────────────
[s2] ────────────────────────────────────────────────────────────
[s2]  STAGE: DPA   device=cuda:0   epochs=200
[s2] ────────────────────────────────────────────────────────────
[s2]  data: [256, 444, 6] → [256, 444, 2]
Epoch 005/200 | lr: 0.10000 | train: 3.4049 | val: 3.5703
Epoch 010/200 | lr: 0.10000 | train: 2.3187 | val: 2.3077
Epoch 015/200 | lr: 0.10000 | train: 0.2575 | val: 0.1813
Stopping: losses below 0.1.
[s2]   after DPA: dpa=1.000 (pair=1.000 unpair=1.000)  gng=0.408 (go=0.747 nogo=0.074)
[s2]  DPA done in 119.2s  final train=0.0541  val=0.0294  dpa=1.000  gng=0.408
[s2]  ┌── params: after DPA
[s2]  │  rank 0: ||m||=250.152  ||n||=118.094  corr(m,n)=+0.747
[s2]  │  rank 1: ||m||=125.875  ||n||=82.492  corr(m,n)=+0.482
[s2]  │  low-rank overlap n^Tm/N (modulates STP E→E): +29.6499  +6.4374
[s2]  │  Wi: ||·||_F=65.693  per-channel=26.65 27.81 26.03 26.49 26.91 26.98
[s2]  └──────────────────────────────────────────────────
[s2] ────────────────────────────────────────────────────────────
[s2]  STAGE: GNG   device=cuda:0   epochs=100
[s2]  freeze recurrent cols: [0]
[s2]  freeze input dims:     [0, 1, 2, 3]
[s2] ────────────────────────────────────────────────────────────
[s2]  data: [256, 266, 6] → [256, 266, 2]
Epoch 005/100 | lr: 0.10000 | train: 0.7999 | val: 0.7437
Epoch 010/100 | lr: 0.10000 | train: 0.6363 | val: 0.6083
Epoch 015/100 | lr: 0.10000 | train: 0.5479 | val: 0.5287
Epoch 020/100 | lr: 0.10000 | train: 0.4678 | val: 0.4591
Epoch 025/100 | lr: 0.10000 | train: 0.3977 | val: 0.3995
Epoch 030/100 | lr: 0.10000 | train: 0.3441 | val: 0.3433
Epoch 035/100 | lr: 0.10000 | train: 0.3302 | val: 0.3079
Epoch 040/100 | lr: 0.10000 | train: 0.2741 | val: 0.2756
Epoch 045/100 | lr: 0.10000 | train: 0.2481 | val: 0.2454
Epoch 050/100 | lr: 0.10000 | train: 0.2210 | val: 0.2187
Epoch 055/100 | lr: 0.10000 | train: 0.1947 | val: 0.1969
Epoch 060/100 | lr: 0.10000 | train: 0.1732 | val: 0.1950
Epoch 065/100 | lr: 0.10000 | train: 0.1567 | val: 0.1790
Epoch 070/100 | lr: 0.10000 | train: 0.1540 | val: 0.1607
Epoch 075/100 | lr: 0.10000 | train: 0.1447 | val: 0.1522
Epoch 080/100 | lr: 0.10000 | train: 0.1319 | val: 0.1467
Epoch 085/100 | lr: 0.10000 | train: 0.1261 | val: 0.1485
Epoch 090/100 | lr: 0.10000 | train: 0.1211 | val: 0.1355
Epoch 095/100 | lr: 0.10000 | train: 0.1146 | val: 0.1338
Epoch 100/100 | lr: 0.10000 | train: 0.1096 | val: 0.1308
[s2]   after GNG: dpa=0.354 (pair=0.182 unpair=0.519)  gng=1.000 (go=1.000 nogo=1.000)
[s2]  GNG done in 338.0s  final train=0.1096  val=0.1308  dpa=0.354  gng=1.000
[s2]  ┌── params: after GNG
[s2]  │  rank 0: ||m||=250.152  ||n||=118.094  corr(m,n)=+0.747
[s2]  │  rank 1: ||m||=312.316  ||n||=127.674  corr(m,n)=+0.157
[s2]  │  low-rank overlap n^Tm/N (modulates STP E→E): +32.6416  +5.1329
[s2]  │  Wi: ||·||_F=65.693  per-channel=26.65 27.81 26.03 26.49 26.91 26.98
[s2]  └──────────────────────────────────────────────────
[s2] ────────────────────────────────────────────────────────────
[s2]  STAGE: Dual   device=cuda:0   epochs=100
[s2]  freeze input dims:     [0, 1, 2, 3, 4, 5]
[s2] ────────────────────────────────────────────────────────────
[s2]  data: [256, 444, 6] → [256, 444, 2]
[s2]  loss=separated  dpa_w=1.0  gng_w=1.0  go_w=1.0  nogo_w=1.0  aux_w=1.0  bl_w=1.0  go_hinge=1.0
Epoch 005/100 | lr: 0.10000 | train: 1.4407 | val: 1.5517
Epoch 010/100 | lr: 0.10000 | train: 0.8770 | val: 0.8591
Epoch 015/100 | lr: 0.10000 | train: 0.3845 | val: 0.3976
Epoch 020/100 | lr: 0.10000 | train: 0.2392 | val: 0.2791
Epoch 025/100 | lr: 0.10000 | train: 0.1787 | val: 0.2163
Epoch 030/100 | lr: 0.10000 | train: 0.1589 | val: 0.1902
Epoch 035/100 | lr: 0.10000 | train: 0.1420 | val: 0.1581
Epoch 040/100 | lr: 0.10000 | train: 0.1126 | val: 0.1399
Epoch 045/100 | lr: 0.10000 | train: 0.1125 | val: 0.1347
Epoch 050/100 | lr: 0.10000 | train: 0.0912 | val: 0.1120
Epoch 055/100 | lr: 0.10000 | train: 0.0782 | val: 0.1045
Epoch 060/100 | lr: 0.10000 | train: 0.0774 | val: 0.0976
Stopping: losses below 0.1.
[s2]  loss components: {'dpa': 0.0097, 'gng': 0.0511, 'gng_go': 0.0005, 'gng_nogo': 0.0505, 'baseline': 0.0286, 'aux': 0.0359}
[s2]   after Dual: dpa=1.000 (pair=1.000 unpair=1.000)  gng=1.000 (go=1.000 nogo=1.000)
[s2]  Dual done in 315.8s  final train=0.0774  val=0.0976  dpa=1.000  gng=1.000
[s2]  ┌── params: after Dual
[s2]  │  rank 0: ||m||=245.102  ||n||=123.450  corr(m,n)=+0.828
[s2]  │  rank 1: ||m||=257.887  ||n||=123.206  corr(m,n)=+0.226
[s2]  │  low-rank overlap n^Tm/N (modulates STP E→E): +33.3197  +9.6604
[s2]  │  Wi: ||·||_F=65.693  per-channel=26.65 27.81 26.03 26.49 26.91 26.98
[s2]  └──────────────────────────────────────────────────
[s2] ════════════════════════════════════════════════════════════
[s2]  RUN COMPLETE  2026-07-01 19:10:46  total=775.5s
[s2]  ACCURACY SUMMARY
[s2]    after DPA : dpa=1.000  gng=0.408
[s2]    after GNG : dpa=0.354  gng=1.000
[s2]    after Dual: dpa=1.000  gng=1.000  dual_dpa=1.000  dual_gng=1.000
[s2] ════════════════════════════════════════════════════════════
