/home/leon/rnn/plot_sweep.py:437: RuntimeWarning: Mean of empty slice
  tgt_mean = np.nanmean(targets_np[idxs, :, tgt_dim], axis=0)
/home/leon/rnn/plot_sweep.py:437: RuntimeWarning: Mean of empty slice
  tgt_mean = np.nanmean(targets_np[idxs, :, tgt_dim], axis=0)
/home/leon/rnn/plot_sweep.py:437: RuntimeWarning: Mean of empty slice
  tgt_mean = np.nanmean(targets_np[idxs, :, tgt_dim], axis=0)
/home/leon/rnn/plot_sweep.py:437: RuntimeWarning: Mean of empty slice
  tgt_mean = np.nanmean(targets_np[idxs, :, tgt_dim], axis=0)
/home/leon/rnn/plot_sweep.py:437: RuntimeWarning: Mean of empty slice
  tgt_mean = np.nanmean(targets_np[idxs, :, tgt_dim], axis=0)
/home/leon/rnn/plot_sweep.py:437: RuntimeWarning: Mean of empty slice
  tgt_mean = np.nanmean(targets_np[idxs, :, tgt_dim], axis=0)
/home/leon/rnn/plot_sweep.py:437: RuntimeWarning: Mean of empty slice
  tgt_mean = np.nanmean(targets_np[idxs, :, tgt_dim], axis=0)
/home/leon/rnn/plot_sweep.py:437: RuntimeWarning: Mean of empty slice
  tgt_mean = np.nanmean(targets_np[idxs, :, tgt_dim], axis=0)
/home/leon/rnn/plot_sweep.py:437: RuntimeWarning: Mean of empty slice
  tgt_mean = np.nanmean(targets_np[idxs, :, tgt_dim], axis=0)
/home/leon/rnn/plot_sweep.py:437: RuntimeWarning: Mean of empty slice
  tgt_mean = np.nanmean(targets_np[idxs, :, tgt_dim], axis=0)
/home/leon/rnn/plot_sweep.py:437: RuntimeWarning: Mean of empty slice
  tgt_mean = np.nanmean(targets_np[idxs, :, tgt_dim], axis=0)
/home/leon/rnn/plot_sweep.py:437: RuntimeWarning: Mean of empty slice
  tgt_mean = np.nanmean(targets_np[idxs, :, tgt_dim], axis=0)
/home/leon/rnn/plot_sweep.py:437: RuntimeWarning: Mean of empty slice
  tgt_mean = np.nanmean(targets_np[idxs, :, tgt_dim], axis=0)
/home/leon/rnn/plot_sweep.py:437: RuntimeWarning: Mean of empty slice
  tgt_mean = np.nanmean(targets_np[idxs, :, tgt_dim], axis=0)
/home/leon/rnn/plot_sweep.py:437: RuntimeWarning: Mean of empty slice
  tgt_mean = np.nanmean(targets_np[idxs, :, tgt_dim], axis=0)
/home/leon/rnn/plot_sweep.py:437: RuntimeWarning: Mean of empty slice
  tgt_mean = np.nanmean(targets_np[idxs, :, tgt_dim], axis=0)
/home/leon/rnn/plot_sweep.py:437: RuntimeWarning: Mean of empty slice
  tgt_mean = np.nanmean(targets_np[idxs, :, tgt_dim], axis=0)
/home/leon/rnn/plot_sweep.py:437: RuntimeWarning: Mean of empty slice
  tgt_mean = np.nanmean(targets_np[idxs, :, tgt_dim], axis=0)
/home/leon/rnn/plot_sweep.py:437: RuntimeWarning: Mean of empty slice
  tgt_mean = np.nanmean(targets_np[idxs, :, tgt_dim], axis=0)
/home/leon/rnn/plot_sweep.py:437: RuntimeWarning: Mean of empty slice
  tgt_mean = np.nanmean(targets_np[idxs, :, tgt_dim], axis=0)
/home/leon/rnn/plot_sweep.py:437: RuntimeWarning: Mean of empty slice
  tgt_mean = np.nanmean(targets_np[idxs, :, tgt_dim], axis=0)
/home/leon/rnn/plot_sweep.py:437: RuntimeWarning: Mean of empty slice
  tgt_mean = np.nanmean(targets_np[idxs, :, tgt_dim], axis=0)
/home/leon/rnn/plot_sweep.py:437: RuntimeWarning: Mean of empty slice
  tgt_mean = np.nanmean(targets_np[idxs, :, tgt_dim], axis=0)
/home/leon/rnn/plot_sweep.py:437: RuntimeWarning: Mean of empty slice
  tgt_mean = np.nanmean(targets_np[idxs, :, tgt_dim], axis=0)
/home/leon/rnn/plot_sweep.py:437: RuntimeWarning: Mean of empty slice
  tgt_mean = np.nanmean(targets_np[idxs, :, tgt_dim], axis=0)
/home/leon/rnn/plot_sweep.py:437: RuntimeWarning: Mean of empty slice
  tgt_mean = np.nanmean(targets_np[idxs, :, tgt_dim], axis=0)
/home/leon/rnn/plot_sweep.py:437: RuntimeWarning: Mean of empty slice
  tgt_mean = np.nanmean(targets_np[idxs, :, tgt_dim], axis=0)
/home/leon/rnn/plot_sweep.py:437: RuntimeWarning: Mean of empty slice
  tgt_mean = np.nanmean(targets_np[idxs, :, tgt_dim], axis=0)
/home/leon/rnn/plot_sweep.py:437: RuntimeWarning: Mean of empty slice
  tgt_mean = np.nanmean(targets_np[idxs, :, tgt_dim], axis=0)
/home/leon/rnn/plot_sweep.py:437: RuntimeWarning: Mean of empty slice
  tgt_mean = np.nanmean(targets_np[idxs, :, tgt_dim], axis=0)
/home/leon/rnn/plot_sweep.py:437: RuntimeWarning: Mean of empty slice
  tgt_mean = np.nanmean(targets_np[idxs, :, tgt_dim], axis=0)
/home/leon/rnn/plot_sweep.py:437: RuntimeWarning: Mean of empty slice
  tgt_mean = np.nanmean(targets_np[idxs, :, tgt_dim], axis=0)
/home/leon/rnn/plot_sweep.py:437: RuntimeWarning: Mean of empty slice
  tgt_mean = np.nanmean(targets_np[idxs, :, tgt_dim], axis=0)
/home/leon/rnn/plot_sweep.py:437: RuntimeWarning: Mean of empty slice
  tgt_mean = np.nanmean(targets_np[idxs, :, tgt_dim], axis=0)
/home/leon/rnn/plot_sweep.py:437: RuntimeWarning: Mean of empty slice
  tgt_mean = np.nanmean(targets_np[idxs, :, tgt_dim], axis=0)
/home/leon/rnn/plot_sweep.py:437: RuntimeWarning: Mean of empty slice
  tgt_mean = np.nanmean(targets_np[idxs, :, tgt_dim], axis=0)
/home/leon/rnn/plot_sweep.py:437: RuntimeWarning: Mean of empty slice
  tgt_mean = np.nanmean(targets_np[idxs, :, tgt_dim], axis=0)
/home/leon/rnn/plot_sweep.py:437: RuntimeWarning: Mean of empty slice
  tgt_mean = np.nanmean(targets_np[idxs, :, tgt_dim], axis=0)
/home/leon/rnn/plot_sweep.py:437: RuntimeWarning: Mean of empty slice
  tgt_mean = np.nanmean(targets_np[idxs, :, tgt_dim], axis=0)
/home/leon/rnn/plot_sweep.py:437: RuntimeWarning: Mean of empty slice
  tgt_mean = np.nanmean(targets_np[idxs, :, tgt_dim], axis=0)
/home/leon/rnn/plot_sweep.py:437: RuntimeWarning: Mean of empty slice
  tgt_mean = np.nanmean(targets_np[idxs, :, tgt_dim], axis=0)
/home/leon/rnn/plot_sweep.py:437: RuntimeWarning: Mean of empty slice
  tgt_mean = np.nanmean(targets_np[idxs, :, tgt_dim], axis=0)
/home/leon/rnn/plot_sweep.py:437: RuntimeWarning: Mean of empty slice
  tgt_mean = np.nanmean(targets_np[idxs, :, tgt_dim], axis=0)
/home/leon/rnn/plot_sweep.py:437: RuntimeWarning: Mean of empty slice
  tgt_mean = np.nanmean(targets_np[idxs, :, tgt_dim], axis=0)
/home/leon/rnn/plot_sweep.py:437: RuntimeWarning: Mean of empty slice
  tgt_mean = np.nanmean(targets_np[idxs, :, tgt_dim], axis=0)
/home/leon/rnn/plot_sweep.py:437: RuntimeWarning: Mean of empty slice
  tgt_mean = np.nanmean(targets_np[idxs, :, tgt_dim], axis=0)
/home/leon/rnn/plot_sweep.py:437: RuntimeWarning: Mean of empty slice
  tgt_mean = np.nanmean(targets_np[idxs, :, tgt_dim], axis=0)
/home/leon/rnn/plot_sweep.py:437: RuntimeWarning: Mean of empty slice
  tgt_mean = np.nanmean(targets_np[idxs, :, tgt_dim], axis=0)
/home/leon/rnn/plot_sweep.py:437: RuntimeWarning: Mean of empty slice
  tgt_mean = np.nanmean(targets_np[idxs, :, tgt_dim], axis=0)
/home/leon/rnn/plot_sweep.py:437: RuntimeWarning: Mean of empty slice
  tgt_mean = np.nanmean(targets_np[idxs, :, tgt_dim], axis=0)
/home/leon/rnn/plot_sweep.py:437: RuntimeWarning: Mean of empty slice
  tgt_mean = np.nanmean(targets_np[idxs, :, tgt_dim], axis=0)
/home/leon/rnn/plot_sweep.py:437: RuntimeWarning: Mean of empty slice
  tgt_mean = np.nanmean(targets_np[idxs, :, tgt_dim], axis=0)
/home/leon/rnn/plot_sweep.py:437: RuntimeWarning: Mean of empty slice
  tgt_mean = np.nanmean(targets_np[idxs, :, tgt_dim], axis=0)
/home/leon/rnn/plot_sweep.py:437: RuntimeWarning: Mean of empty slice
  tgt_mean = np.nanmean(targets_np[idxs, :, tgt_dim], axis=0)
/home/leon/rnn/plot_sweep.py:437: RuntimeWarning: Mean of empty slice
  tgt_mean = np.nanmean(targets_np[idxs, :, tgt_dim], axis=0)
/home/leon/rnn/plot_sweep.py:437: RuntimeWarning: Mean of empty slice
  tgt_mean = np.nanmean(targets_np[idxs, :, tgt_dim], axis=0)
/home/leon/rnn/plot_sweep.py:437: RuntimeWarning: Mean of empty slice
  tgt_mean = np.nanmean(targets_np[idxs, :, tgt_dim], axis=0)
/home/leon/rnn/plot_sweep.py:437: RuntimeWarning: Mean of empty slice
  tgt_mean = np.nanmean(targets_np[idxs, :, tgt_dim], axis=0)
/home/leon/rnn/plot_sweep.py:437: RuntimeWarning: Mean of empty slice
  tgt_mean = np.nanmean(targets_np[idxs, :, tgt_dim], axis=0)
/home/leon/rnn/plot_sweep.py:437: RuntimeWarning: Mean of empty slice
  tgt_mean = np.nanmean(targets_np[idxs, :, tgt_dim], axis=0)
/home/leon/rnn/plot_sweep.py:437: RuntimeWarning: Mean of empty slice
  tgt_mean = np.nanmean(targets_np[idxs, :, tgt_dim], axis=0)
/home/leon/rnn/plot_sweep.py:437: RuntimeWarning: Mean of empty slice
  tgt_mean = np.nanmean(targets_np[idxs, :, tgt_dim], axis=0)
/home/leon/rnn/plot_sweep.py:437: RuntimeWarning: Mean of empty slice
  tgt_mean = np.nanmean(targets_np[idxs, :, tgt_dim], axis=0)
Sweep: sweep_free_gng_inputs  device: cuda:0  out: /home/leon/rnn/results/figures/sweep_free_gng_inputs
Loaded 6 runs

[summary] accuracy_stages
Saved /home/leon/rnn/results/figures/sweep_free_gng_inputs/summary/accuracy_stages.pdf

[summary] accuracy_by_trialtype
  trialtype acc: s1_free_gng
  trialtype acc: s2_free_gng
  trialtype acc: s8_free_gng
  trialtype acc: s3_free_gng
  trialtype acc: s0_free_gng
  trialtype acc: s5_free_gng
Saved /home/leon/rnn/results/figures/sweep_free_gng_inputs/summary/accuracy_by_trialtype.pdf

[summary] fp_scatters (by stage + per input condition)
  fp_scatter collected: s1_free_gng
  fp_scatter collected: s2_free_gng
  fp_scatter collected: s8_free_gng
  fp_scatter collected: s3_free_gng
  fp_scatter collected: s0_free_gng
  fp_scatter collected: s5_free_gng
Saved /home/leon/rnn/results/figures/sweep_free_gng_inputs/summary/fp_scatter_by_stage.pdf
Saved /home/leon/rnn/results/figures/sweep_free_gng_inputs/summary/fp_scatter_by_input_sample_a.pdf
Saved /home/leon/rnn/results/figures/sweep_free_gng_inputs/summary/fp_scatter_by_input_sample_b.pdf
Saved /home/leon/rnn/results/figures/sweep_free_gng_inputs/summary/fp_scatter_by_input_test_c.pdf
Saved /home/leon/rnn/results/figures/sweep_free_gng_inputs/summary/fp_scatter_by_input_test_d.pdf
Saved /home/leon/rnn/results/figures/sweep_free_gng_inputs/summary/fp_scatter_by_input_go.pdf
Saved /home/leon/rnn/results/figures/sweep_free_gng_inputs/summary/fp_scatter_by_input_nogo.pdf

[summary] avg_trajectories
Saved /home/leon/rnn/results/figures/sweep_free_gng_inputs/summary/traj_dpa_dpa.pdf
Saved /home/leon/rnn/results/figures/sweep_free_gng_inputs/summary/traj_dpa_go.pdf
Saved /home/leon/rnn/results/figures/sweep_free_gng_inputs/summary/traj_dpa_nogo.pdf
Saved /home/leon/rnn/results/figures/sweep_free_gng_inputs/summary/traj_naive_dpa.pdf
Saved /home/leon/rnn/results/figures/sweep_free_gng_inputs/summary/traj_naive_go.pdf
Saved /home/leon/rnn/results/figures/sweep_free_gng_inputs/summary/traj_naive_nogo.pdf
Saved /home/leon/rnn/results/figures/sweep_free_gng_inputs/summary/traj_expert_dpa.pdf
Saved /home/leon/rnn/results/figures/sweep_free_gng_inputs/summary/traj_expert_go.pdf
Saved /home/leon/rnn/results/figures/sweep_free_gng_inputs/summary/traj_expert_nogo.pdf

[individual] s1_free_gng
  trialtype acc: s1_free_gng
Saved /home/leon/rnn/results/figures/sweep_free_gng_inputs/individual/s1_free_gng/accuracy_by_trialtype.pdf
  trajectories saved: /home/leon/rnn/results/figures/sweep_free_gng_inputs/individual/s1_free_gng
  scatter saved: /home/leon/rnn/results/figures/sweep_free_gng_inputs/individual/s1_free_gng/scatter/fp_scatter.pdf
  flow fields saved: /home/leon/rnn/results/figures/sweep_free_gng_inputs/individual/s1_free_gng/flow

[individual] s2_free_gng
  trialtype acc: s2_free_gng
Saved /home/leon/rnn/results/figures/sweep_free_gng_inputs/individual/s2_free_gng/accuracy_by_trialtype.pdf
  trajectories saved: /home/leon/rnn/results/figures/sweep_free_gng_inputs/individual/s2_free_gng
  scatter saved: /home/leon/rnn/results/figures/sweep_free_gng_inputs/individual/s2_free_gng/scatter/fp_scatter.pdf
  flow fields saved: /home/leon/rnn/results/figures/sweep_free_gng_inputs/individual/s2_free_gng/flow

[individual] s8_free_gng
  trialtype acc: s8_free_gng
Saved /home/leon/rnn/results/figures/sweep_free_gng_inputs/individual/s8_free_gng/accuracy_by_trialtype.pdf
  trajectories saved: /home/leon/rnn/results/figures/sweep_free_gng_inputs/individual/s8_free_gng
  scatter saved: /home/leon/rnn/results/figures/sweep_free_gng_inputs/individual/s8_free_gng/scatter/fp_scatter.pdf
  flow fields saved: /home/leon/rnn/results/figures/sweep_free_gng_inputs/individual/s8_free_gng/flow

[individual] s3_free_gng
  trialtype acc: s3_free_gng
Saved /home/leon/rnn/results/figures/sweep_free_gng_inputs/individual/s3_free_gng/accuracy_by_trialtype.pdf
  trajectories saved: /home/leon/rnn/results/figures/sweep_free_gng_inputs/individual/s3_free_gng
  scatter saved: /home/leon/rnn/results/figures/sweep_free_gng_inputs/individual/s3_free_gng/scatter/fp_scatter.pdf
  flow fields saved: /home/leon/rnn/results/figures/sweep_free_gng_inputs/individual/s3_free_gng/flow

[individual] s0_free_gng
  trialtype acc: s0_free_gng
Saved /home/leon/rnn/results/figures/sweep_free_gng_inputs/individual/s0_free_gng/accuracy_by_trialtype.pdf
  trajectories saved: /home/leon/rnn/results/figures/sweep_free_gng_inputs/individual/s0_free_gng
  scatter saved: /home/leon/rnn/results/figures/sweep_free_gng_inputs/individual/s0_free_gng/scatter/fp_scatter.pdf
  flow fields saved: /home/leon/rnn/results/figures/sweep_free_gng_inputs/individual/s0_free_gng/flow

[individual] s5_free_gng
  trialtype acc: s5_free_gng
Saved /home/leon/rnn/results/figures/sweep_free_gng_inputs/individual/s5_free_gng/accuracy_by_trialtype.pdf
  trajectories saved: /home/leon/rnn/results/figures/sweep_free_gng_inputs/individual/s5_free_gng
  scatter saved: /home/leon/rnn/results/figures/sweep_free_gng_inputs/individual/s5_free_gng/scatter/fp_scatter.pdf
  flow fields saved: /home/leon/rnn/results/figures/sweep_free_gng_inputs/individual/s5_free_gng/flow
