[s9_gorwd] ════════════════════════════════════════════════════════════
[s9_gorwd]  RUN START  2026-06-07 13:43:29
[s9_gorwd]  run_id=s9_gorwd  seed=9  device=cuda:0
[s9_gorwd]  arch:  hidden=512  rank=2  gain=1.0  input_size=6  params=5,632
[s9_gorwd]  task:  cue_on_go=True  rwd=True  rwd_scale=1.0  freeze_input_stages=['dual']  init=random
[s9_gorwd]  dynamics: alpha=0.0750  alpha_rec=0.1000  dt=0.0225  tau=0.3  tau_rec_frac=0.75
[s9_gorwd]  noise:  input_sigma=0.3732 (×1.0)  model_sigma=0.3732 (×1.0)
[s9_gorwd]  optim:  lr=0.01  wd=0.01  batch=64  n_batch=516  clip=None
[s9_gorwd]  epochs: dpa=200  gng=200  dual=200  loss=separated
[s9_gorwd]  shapes: m[512, 2]  n[512, 2]  Wi[512, 6]
[s9_gorwd]  ┌── params: init
[s9_gorwd]  │  rank 0: ||m||=23.029  ||n||=22.465  corr(m,n)=+0.028
[s9_gorwd]  │  rank 1: ||m||=22.407  ||n||=23.814  corr(m,n)=+0.019
[s9_gorwd]  │  κ-Jacobian eigvals (gain·n^Tm/N): +0.0303  +0.0176
[s9_gorwd]  │  Wi: ||·||_F=56.530  per-channel=22.94 21.89 23.84 22.22 23.52 23.99
[s9_gorwd]  └──────────────────────────────────────────────────
[s9_gorwd] ────────────────────────────────────────────────────────────
[s9_gorwd]  STAGE: DPA   device=cuda:0   epochs=200
[s9_gorwd] ────────────────────────────────────────────────────────────
[s9_gorwd]  data: [516, 444, 6] → [516, 444, 2]
Epoch 005/200 | lr: 0.01000 | train: 1.9658 | val: 1.9669
Epoch 010/200 | lr: 0.01000 | train: 1.7883 | val: 1.7116
Epoch 015/200 | lr: 0.01000 | train: 1.0245 | val: 1.0201
Epoch 020/200 | lr: 0.01000 | train: 0.9433 | val: 0.9643
Epoch 025/200 | lr: 0.01000 | train: 0.8285 | val: 0.8468
Epoch 030/200 | lr: 0.01000 | train: 0.6484 | val: 0.6546
Epoch 035/200 | lr: 0.01000 | train: 0.4715 | val: 0.4610
Epoch 040/200 | lr: 0.01000 | train: 0.3967 | val: 0.3919
Epoch 045/200 | lr: 0.01000 | train: 0.3925 | val: 0.3869
Epoch 050/200 | lr: 0.01000 | train: 0.3413 | val: 0.3474
Epoch 055/200 | lr: 0.01000 | train: 0.2890 | val: 0.3078
Epoch 060/200 | lr: 0.01000 | train: 0.2750 | val: 0.2787
Epoch 065/200 | lr: 0.01000 | train: 0.2376 | val: 0.2399
Epoch 070/200 | lr: 0.01000 | train: 0.1979 | val: 0.2024
Epoch 075/200 | lr: 0.01000 | train: 0.2024 | val: 0.2575
Epoch 080/200 | lr: 0.00500 | train: 0.1632 | val: 0.1956
Epoch 085/200 | lr: 0.00500 | train: 0.1526 | val: 0.1379
Epoch 090/200 | lr: 0.00500 | train: 0.1319 | val: 0.1345
Epoch 095/200 | lr: 0.00500 | train: 0.1287 | val: 0.1227
Epoch 100/200 | lr: 0.00250 | train: 0.1223 | val: 0.1080
Epoch 105/200 | lr: 0.00250 | train: 0.1221 | val: 0.1092
Epoch 110/200 | lr: 0.00250 | train: 0.1150 | val: 0.1110
Epoch 115/200 | lr: 0.00250 | train: 0.1129 | val: 0.1009
Epoch 120/200 | lr: 0.00250 | train: 0.1066 | val: 0.1034
Epoch 125/200 | lr: 0.00125 | train: 0.1082 | val: 0.0980
Epoch 130/200 | lr: 0.00125 | train: 0.1084 | val: 0.1011
Epoch 135/200 | lr: 0.00125 | train: 0.1069 | val: 0.1074
Epoch 140/200 | lr: 0.00063 | train: 0.0977 | val: 0.0953
Stopping: losses below 0.1.
[s9_gorwd]   after DPA: dpa=0.998  gng=0.654
[s9_gorwd]  DPA done in 1676.3s  final train=0.0977  val=0.0953  dpa=0.998  gng=0.654
[s9_gorwd]  ┌── params: after DPA
[s9_gorwd]  │  rank 0: ||m||=44.077  ||n||=37.332  corr(m,n)=+0.838
[s9_gorwd]  │  rank 1: ||m||=32.726  ||n||=52.406  corr(m,n)=+0.863
[s9_gorwd]  │  κ-Jacobian eigvals (gain·n^Tm/N): +2.6199  +2.9648
[s9_gorwd]  │  Wi: ||·||_F=70.569  per-channel=23.31 24.53 39.56 43.18 11.59 16.45
[s9_gorwd]  └──────────────────────────────────────────────────
[s9_gorwd] ────────────────────────────────────────────────────────────
[s9_gorwd]  STAGE: GNG   device=cuda:0   epochs=200
[s9_gorwd]  freeze recurrent cols: [0]
[s9_gorwd]  freeze input dims:     [0, 1, 2, 3, 5]
[s9_gorwd] ────────────────────────────────────────────────────────────
[s9_gorwd]  data: [516, 266, 6] → [516, 266, 2]
Epoch 005/200 | lr: 0.01000 | train: 0.2108 | val: 0.1882
Epoch 010/200 | lr: 0.01000 | train: 0.1519 | val: 0.1453
Epoch 015/200 | lr: 0.01000 | train: 0.1267 | val: 0.1156
Epoch 020/200 | lr: 0.01000 | train: 0.1073 | val: 0.1037
Stopping: losses below 0.1.
[s9_gorwd]   after GNG: dpa=0.998  gng=0.965
[s9_gorwd]  GNG done in 107.7s  final train=0.0951  val=0.0946  dpa=0.998  gng=0.965
[s9_gorwd]  ┌── params: after GNG
[s9_gorwd]  │  rank 0: ||m||=44.077  ||n||=37.332  corr(m,n)=+0.838
[s9_gorwd]  │  rank 1: ||m||=34.937  ||n||=49.257  corr(m,n)=+0.817
[s9_gorwd]  │  κ-Jacobian eigvals (gain·n^Tm/N): +2.5428  +2.8959
[s9_gorwd]  │  Wi: ||·||_F=72.100  per-channel=23.31 24.53 39.56 43.18 18.79 16.45
[s9_gorwd]  └──────────────────────────────────────────────────
[s9_gorwd] ────────────────────────────────────────────────────────────
[s9_gorwd]  STAGE: Dual   device=cuda:0   epochs=200
[s9_gorwd]  freeze recurrent cols: [0]
[s9_gorwd]  freeze input dims:     [0, 1, 2, 3, 4, 5]
[s9_gorwd] ────────────────────────────────────────────────────────────
[s9_gorwd]  data: [516, 444, 6] → [516, 444, 2]
[s9_gorwd]  loss=separated  dpa_w=1.0  gng_w=1.0  aux_w=1.0  bl_w=1.0
Epoch 005/200 | lr: 0.01000 | train: 0.7973 | val: 0.7464
Epoch 010/200 | lr: 0.01000 | train: 0.7628 | val: 0.6829
Epoch 015/200 | lr: 0.01000 | train: 0.7334 | val: 0.6349
Epoch 020/200 | lr: 0.01000 | train: 0.6990 | val: 0.6626
Epoch 025/200 | lr: 0.01000 | train: 0.6602 | val: 0.6307
Epoch 030/200 | lr: 0.01000 | train: 0.6223 | val: 0.5688
Epoch 035/200 | lr: 0.01000 | train: 0.5943 | val: 0.5689
Epoch 040/200 | lr: 0.01000 | train: 0.5847 | val: 0.5081
Epoch 045/200 | lr: 0.01000 | train: 0.5577 | val: 0.4849
Epoch 050/200 | lr: 0.01000 | train: 0.5207 | val: 0.4752
Epoch 055/200 | lr: 0.01000 | train: 0.5081 | val: 0.4408
Epoch 060/200 | lr: 0.01000 | train: 0.4855 | val: 0.4359
Epoch 065/200 | lr: 0.01000 | train: 0.4573 | val: 0.4150
Epoch 070/200 | lr: 0.00500 | train: 0.4529 | val: 0.3964
Epoch 075/200 | lr: 0.00500 | train: 0.4472 | val: 0.3772
Epoch 080/200 | lr: 0.00250 | train: 0.4301 | val: 0.3854
Epoch 085/200 | lr: 0.00125 | train: 0.4295 | val: 0.3744
Epoch 090/200 | lr: 0.00125 | train: 0.4437 | val: 0.3779
Epoch 095/200 | lr: 0.00063 | train: 0.4282 | val: 0.3672
Epoch 100/200 | lr: 0.00031 | train: 0.4179 | val: 0.3811
Epoch 105/200 | lr: 0.00016 | train: 0.4436 | val: 0.3707
Epoch 110/200 | lr: 0.00008 | train: 0.4390 | val: 0.3543
Epoch 115/200 | lr: 0.00008 | train: 0.4252 | val: 0.3561
Epoch 120/200 | lr: 0.00008 | train: 0.4273 | val: 0.3618
Epoch 125/200 | lr: 0.00004 | train: 0.4230 | val: 0.3872
Epoch 130/200 | lr: 0.00004 | train: 0.4171 | val: 0.3821
Epoch 135/200 | lr: 0.00002 | train: 0.4306 | val: 0.3661
Epoch 140/200 | lr: 0.00001 | train: 0.4183 | val: 0.3626
Epoch 145/200 | lr: 0.00001 | train: 0.4225 | val: 0.3788
Epoch 150/200 | lr: 0.00001 | train: 0.4161 | val: 0.3643
Epoch 155/200 | lr: 0.00001 | train: 0.4341 | val: 0.3678
Epoch 160/200 | lr: 0.00001 | train: 0.4203 | val: 0.3688
Epoch 165/200 | lr: 0.00001 | train: 0.4244 | val: 0.3615
Epoch 170/200 | lr: 0.00001 | train: 0.4260 | val: 0.3712
Epoch 175/200 | lr: 0.00001 | train: 0.4198 | val: 0.3565
Epoch 180/200 | lr: 0.00001 | train: 0.4321 | val: 0.3736
Epoch 185/200 | lr: 0.00001 | train: 0.4272 | val: 0.3586
Epoch 190/200 | lr: 0.00001 | train: 0.4182 | val: 0.3646
Epoch 195/200 | lr: 0.00001 | train: 0.4299 | val: 0.3503
Epoch 200/200 | lr: 0.00001 | train: 0.4357 | val: 0.3548
[s9_gorwd]  loss components: {'dpa': 0.0976, 'gng': 0.2056, 'baseline': 0.0443, 'aux': 0.0148}
[s9_gorwd]   after Dual: dpa=0.998  gng=0.966
[s9_gorwd]  Dual done in 1352.4s  final train=0.4357  val=0.3548  dpa=0.998  gng=0.966
[s9_gorwd]  ┌── params: after Dual
[s9_gorwd]  │  rank 0: ||m||=44.077  ||n||=37.332  corr(m,n)=+0.838
[s9_gorwd]  │  rank 1: ||m||=31.661  ||n||=65.358  corr(m,n)=+0.714
[s9_gorwd]  │  κ-Jacobian eigvals (gain·n^Tm/N): +2.6482  +2.9318
[s9_gorwd]  │  Wi: ||·||_F=72.100  per-channel=23.31 24.53 39.56 43.18 18.79 16.45
[s9_gorwd]  └──────────────────────────────────────────────────
[s9_gorwd] ════════════════════════════════════════════════════════════
[s9_gorwd]  RUN COMPLETE  2026-06-07 14:35:46  total=3139.0s
[s9_gorwd]  ACCURACY SUMMARY
[s9_gorwd]    after DPA : dpa=0.998  gng=0.654
[s9_gorwd]    after GNG : dpa=0.998  gng=0.965
[s9_gorwd]    after Dual: dpa=0.998  gng=0.966  dual_dpa=0.996  dual_gng=0.826
[s9_gorwd] ════════════════════════════════════════════════════════════
