[s0_cue2_nomnoise] ════════════════════════════════════════════════════════════
[s0_cue2_nomnoise]  RUN START  2026-06-08 14:31:20
[s0_cue2_nomnoise]  run_id=s0_cue2_nomnoise  seed=0  device=cuda:0
[s0_cue2_nomnoise]  arch:  hidden=512  rank=2  gain=1.0  input_size=7  params=6,144
[s0_cue2_nomnoise]  task:  cue_on_go=True  rwd=True  rwd_scale=1.0  freeze_input_stages=['dual']  init=random
[s0_cue2_nomnoise]  dynamics: alpha=0.0750  alpha_rec=0.1000  dt=0.0225  tau=0.3  tau_rec_frac=0.75
[s0_cue2_nomnoise]  noise:  input_sigma=0.3732 (×1.0)  model_sigma=0.0000 (×0.0)
[s0_cue2_nomnoise]  optim:  lr=0.01  wd=0.01  batch=64  n_batch=516  clip=None
[s0_cue2_nomnoise]  epochs: dpa=100  gng=100  dual=100  loss=separated
[s0_cue2_nomnoise]  shapes: m[512, 2]  n[512, 2]  Wi[512, 7]
[s0_cue2_nomnoise]  ┌── params: init
[s0_cue2_nomnoise]  │  rank 0: ||m||=22.187  ||n||=22.116  corr(m,n)=-0.011
[s0_cue2_nomnoise]  │  rank 1: ||m||=22.375  ||n||=22.846  corr(m,n)=+0.037
[s0_cue2_nomnoise]  │  κ-Jacobian eigvals (gain·n^Tm/N): +0.0132+0.0342j  +0.0132-0.0342j
[s0_cue2_nomnoise]  │  Wi: ||·||_F=59.379  per-channel=22.21 22.79 22.15 22.73 21.77 21.92 23.48
[s0_cue2_nomnoise]  └──────────────────────────────────────────────────
[s0_cue2_nomnoise] ────────────────────────────────────────────────────────────
[s0_cue2_nomnoise]  STAGE: DPA   device=cuda:0   epochs=100
[s0_cue2_nomnoise] ────────────────────────────────────────────────────────────
[s0_cue2_nomnoise]  data: [516, 444, 7] → [516, 444, 2]
Epoch 005/100 | lr: 0.01000 | train: 1.9677 | val: 1.9398
Epoch 010/100 | lr: 0.01000 | train: 1.4491 | val: 1.2683
Epoch 015/100 | lr: 0.01000 | train: 1.0091 | val: 0.9811
Epoch 020/100 | lr: 0.01000 | train: 0.9269 | val: 0.8851
Epoch 025/100 | lr: 0.01000 | train: 0.7996 | val: 0.7489
Epoch 030/100 | lr: 0.01000 | train: 0.5947 | val: 0.5777
Epoch 035/100 | lr: 0.01000 | train: 0.4176 | val: 0.4668
Epoch 040/100 | lr: 0.01000 | train: 0.3649 | val: 0.4487
Epoch 045/100 | lr: 0.01000 | train: 0.3151 | val: 0.3513
Epoch 050/100 | lr: 0.01000 | train: 0.2611 | val: 0.4020
Epoch 055/100 | lr: 0.01000 | train: 0.2312 | val: 0.3494
Epoch 060/100 | lr: 0.01000 | train: 0.1976 | val: 0.2720
Epoch 065/100 | lr: 0.01000 | train: 0.1772 | val: 0.2882
Epoch 070/100 | lr: 0.01000 | train: 0.1612 | val: 0.2223
Epoch 075/100 | lr: 0.00500 | train: 0.1421 | val: 0.2004
Epoch 080/100 | lr: 0.00500 | train: 0.1195 | val: 0.1873
Epoch 085/100 | lr: 0.00500 | train: 0.1078 | val: 0.2217
Epoch 090/100 | lr: 0.00500 | train: 0.1019 | val: 0.1464
Epoch 095/100 | lr: 0.00250 | train: 0.0897 | val: 0.1973
Epoch 100/100 | lr: 0.00125 | train: 0.0847 | val: 0.1660
[s0_cue2_nomnoise]   after DPA: dpa=0.990  gng=0.512
[s0_cue2_nomnoise]  DPA done in 756.7s  final train=0.0847  val=0.1660  dpa=0.990  gng=0.512
[s0_cue2_nomnoise]  ┌── params: after DPA
[s0_cue2_nomnoise]  │  rank 0: ||m||=35.580  ||n||=38.130  corr(m,n)=+0.813
[s0_cue2_nomnoise]  │  rank 1: ||m||=31.731  ||n||=50.641  corr(m,n)=+0.821
[s0_cue2_nomnoise]  │  κ-Jacobian eigvals (gain·n^Tm/N): +2.1568  +2.5730
[s0_cue2_nomnoise]  │  Wi: ||·||_F=57.027  per-channel=20.22 19.20 33.02 30.97 12.10 10.74 12.77
[s0_cue2_nomnoise]  └──────────────────────────────────────────────────
[s0_cue2_nomnoise] ────────────────────────────────────────────────────────────
[s0_cue2_nomnoise]  STAGE: GNG   device=cuda:0   epochs=100
[s0_cue2_nomnoise]  freeze recurrent cols: [0]
[s0_cue2_nomnoise]  freeze input dims:     [0, 1, 2, 3, 6]
[s0_cue2_nomnoise] ────────────────────────────────────────────────────────────
[s0_cue2_nomnoise]  data: [516, 266, 7] → [516, 266, 2]
Epoch 005/100 | lr: 0.01000 | train: 0.2001 | val: 0.2424
Epoch 010/100 | lr: 0.01000 | train: 0.1255 | val: 0.1737
Epoch 015/100 | lr: 0.01000 | train: 0.0985 | val: 0.1387
Epoch 020/100 | lr: 0.01000 | train: 0.0774 | val: 0.1141
Stopping: losses below 0.1.
[s0_cue2_nomnoise]   after GNG: dpa=0.989  gng=0.999
[s0_cue2_nomnoise]  GNG done in 109.5s  final train=0.0653  val=0.0989  dpa=0.989  gng=0.999
[s0_cue2_nomnoise]  ┌── params: after GNG
[s0_cue2_nomnoise]  │  rank 0: ||m||=35.580  ||n||=38.130  corr(m,n)=+0.813
[s0_cue2_nomnoise]  │  rank 1: ||m||=29.834  ||n||=49.939  corr(m,n)=+0.769
[s0_cue2_nomnoise]  │  κ-Jacobian eigvals (gain·n^Tm/N): +2.0153  +2.3756
[s0_cue2_nomnoise]  │  Wi: ||·||_F=58.163  per-channel=20.22 19.20 33.02 30.97 13.58 14.43 12.77
[s0_cue2_nomnoise]  └──────────────────────────────────────────────────
[s0_cue2_nomnoise] ────────────────────────────────────────────────────────────
[s0_cue2_nomnoise]  STAGE: Dual   device=cuda:0   epochs=100
[s0_cue2_nomnoise]  freeze recurrent cols: [0]
[s0_cue2_nomnoise]  freeze input dims:     [0, 1, 2, 3, 4, 5, 6]
[s0_cue2_nomnoise] ────────────────────────────────────────────────────────────
[s0_cue2_nomnoise]  data: [516, 444, 7] → [516, 444, 2]
[s0_cue2_nomnoise]  loss=separated  dpa_w=1.0  gng_w=1.0  go_w=1.0  nogo_w=1.0  aux_w=1.0  bl_w=1.0
Epoch 005/100 | lr: 0.01000 | train: 0.5168 | val: 0.5359
Epoch 010/100 | lr: 0.01000 | train: 0.4646 | val: 0.4820
Epoch 015/100 | lr: 0.01000 | train: 0.4238 | val: 0.4280
Epoch 020/100 | lr: 0.01000 | train: 0.3891 | val: 0.3940
Epoch 025/100 | lr: 0.01000 | train: 0.3558 | val: 0.3654
Epoch 030/100 | lr: 0.01000 | train: 0.3251 | val: 0.3562
Epoch 035/100 | lr: 0.01000 | train: 0.3036 | val: 0.3237
Epoch 040/100 | lr: 0.01000 | train: 0.2890 | val: 0.3074
Epoch 045/100 | lr: 0.01000 | train: 0.2737 | val: 0.2835
Epoch 050/100 | lr: 0.01000 | train: 0.2578 | val: 0.2758
Epoch 055/100 | lr: 0.01000 | train: 0.2334 | val: 0.2608
Epoch 060/100 | lr: 0.01000 | train: 0.2255 | val: 0.2427
Epoch 065/100 | lr: 0.01000 | train: 0.2169 | val: 0.2337
Epoch 070/100 | lr: 0.01000 | train: 0.2076 | val: 0.2260
Epoch 075/100 | lr: 0.01000 | train: 0.1999 | val: 0.2214
Epoch 080/100 | lr: 0.01000 | train: 0.1893 | val: 0.2040
Epoch 085/100 | lr: 0.01000 | train: 0.1851 | val: 0.2009
Epoch 090/100 | lr: 0.01000 | train: 0.1765 | val: 0.1898
Epoch 095/100 | lr: 0.01000 | train: 0.1764 | val: 0.1852
Epoch 100/100 | lr: 0.01000 | train: 0.1621 | val: 0.1847
[s0_cue2_nomnoise]  loss components: {'dpa': 0.0913, 'gng': 0.0404, 'gng_go': 0.0191, 'gng_nogo': 0.0212, 'baseline': 0.0195, 'aux': 0.0263}
[s0_cue2_nomnoise]   after Dual: dpa=0.994  gng=0.996
[s0_cue2_nomnoise]  Dual done in 703.6s  final train=0.1621  val=0.1847  dpa=0.994  gng=0.996
[s0_cue2_nomnoise]  ┌── params: after Dual
[s0_cue2_nomnoise]  │  rank 0: ||m||=35.580  ||n||=38.130  corr(m,n)=+0.813
[s0_cue2_nomnoise]  │  rank 1: ||m||=27.639  ||n||=68.826  corr(m,n)=+0.667
[s0_cue2_nomnoise]  │  κ-Jacobian eigvals (gain·n^Tm/N): +2.1335  +2.4990
[s0_cue2_nomnoise]  │  Wi: ||·||_F=58.163  per-channel=20.22 19.20 33.02 30.97 13.58 14.43 12.77
[s0_cue2_nomnoise]  └──────────────────────────────────────────────────
[s0_cue2_nomnoise] ════════════════════════════════════════════════════════════
[s0_cue2_nomnoise]  RUN COMPLETE  2026-06-08 14:57:30  total=1573.4s
[s0_cue2_nomnoise]  ACCURACY SUMMARY
[s0_cue2_nomnoise]    after DPA : dpa=0.990  gng=0.512
[s0_cue2_nomnoise]    after GNG : dpa=0.989  gng=0.999
[s0_cue2_nomnoise]    after Dual: dpa=0.994  gng=0.996  dual_dpa=0.989  dual_gng=0.988
[s0_cue2_nomnoise] ════════════════════════════════════════════════════════════
