[s0] ════════════════════════════════════════════════════════════
[s0]  RUN START  2026-06-22 14:00:15
[s0]  run_id=s0  seed=0  device=cuda:0
[s0]  arch:  N=1000 (E=750 I=250)  K=125 (prob 0.167)  rank=2  gain=1.0  input_size=6  params=3,000
[s0]  task:  cue_on_go=True  rwd=False  rwd_scale=1.0  freeze_input_stages=['dual']  init=random
[s0]  dynamics: dt=0.0225  tau=(0.4, 0.2)s  tau_syn=(0.2, 0.1)s  STP(use=0.05 tau_fac=0.5s tau_rec=0.2s)  j_stp=1.0
[s0]  noise:  input_sigma=0.3732 (×1.0)  model_sigma=0.0000 (×0.0)
[s0]  optim:  lr=0.1  wd=0.01  batch=32  n_batch=256  clip=1.0
[s0]  epochs: dpa=100  gng=100  dual=100  loss=separated
[s0]  shapes: m[750, 2]  n[750, 2]  Wi[750, 6]
[s0]  ┌── params: init
[s0]  │  rank 0: ||m||=27.499  ||n||=27.499  corr(m,n)=+1.000
[s0]  │  rank 1: ||m||=26.387  ||n||=26.387  corr(m,n)=+1.000
[s0]  │  low-rank overlap n^Tm/N (modulates STP E→E): +1.0176  +0.9190
[s0]  │  Wi: ||·||_F=66.907  per-channel=27.00 27.43 27.35 27.74 27.30 27.05
[s0]  └──────────────────────────────────────────────────
[s0] ────────────────────────────────────────────────────────────
[s0]  STAGE: DPA   device=cuda:0   epochs=100
[s0] ────────────────────────────────────────────────────────────
[s0]  data: [256, 444, 6] → [256, 444, 2]
Epoch 005/100 | lr: 0.10000 | train: 3.6370 | val: 3.6497
Epoch 010/100 | lr: 0.10000 | train: 3.4407 | val: 3.5323
Epoch 015/100 | lr: 0.10000 | train: 3.3051 | val: 3.5073
Epoch 020/100 | lr: 0.10000 | train: 3.1847 | val: 3.3819
Epoch 025/100 | lr: 0.10000 | train: 3.1127 | val: 3.3495
Epoch 030/100 | lr: 0.10000 | train: 3.0139 | val: 3.2549
Epoch 035/100 | lr: 0.10000 | train: 2.9601 | val: 3.2107
Epoch 040/100 | lr: 0.10000 | train: 2.8709 | val: 3.1663
Epoch 045/100 | lr: 0.10000 | train: 2.8027 | val: 3.1280
Epoch 050/100 | lr: 0.10000 | train: 2.7366 | val: 3.0477
Epoch 055/100 | lr: 0.10000 | train: 2.6566 | val: 3.0181
Epoch 060/100 | lr: 0.10000 | train: 2.5794 | val: 2.9706
Epoch 065/100 | lr: 0.10000 | train: 2.5130 | val: 2.9252
Epoch 070/100 | lr: 0.10000 | train: 2.4055 | val: 2.8313
Epoch 075/100 | lr: 0.10000 | train: 2.3652 | val: 2.7719
Epoch 080/100 | lr: 0.10000 | train: 2.2765 | val: 2.7502
Epoch 085/100 | lr: 0.10000 | train: 2.1896 | val: 2.6714
Epoch 090/100 | lr: 0.10000 | train: 2.1303 | val: 2.6113
Epoch 095/100 | lr: 0.10000 | train: 2.0585 | val: 2.5847
Epoch 100/100 | lr: 0.10000 | train: 1.9987 | val: 2.5287
[s0]   after DPA: dpa=0.486 (pair=0.492 unpair=0.481)  gng=0.631 (go=0.423 nogo=0.830)
[s0]  DPA done in 468.9s  final train=1.9987  val=2.5287  dpa=0.486  gng=0.631
[s0]  ┌── params: after DPA
[s0]  │  rank 0: ||m||=1826.257  ||n||=326.525  corr(m,n)=+0.686
[s0]  │  rank 1: ||m||=1317.130  ||n||=238.850  corr(m,n)=+0.240
[s0]  │  low-rank overlap n^Tm/N (modulates STP E→E): +594.4254  +51.6442
[s0]  │  Wi: ||·||_F=66.907  per-channel=27.00 27.43 27.35 27.74 27.30 27.05
[s0]  └──────────────────────────────────────────────────
[s0] ────────────────────────────────────────────────────────────
[s0]  STAGE: GNG   device=cuda:0   epochs=100
[s0]  freeze recurrent cols: [0]
[s0]  freeze input dims:     [0, 1, 2, 3]
[s0] ────────────────────────────────────────────────────────────
[s0]  data: [256, 266, 6] → [256, 266, 2]
Epoch 005/100 | lr: 0.10000 | train: 0.8204 | val: 0.8154
Epoch 010/100 | lr: 0.10000 | train: 0.7616 | val: 0.7653
Epoch 015/100 | lr: 0.10000 | train: 0.7240 | val: 0.7278
Epoch 020/100 | lr: 0.10000 | train: 0.6884 | val: 0.6946
Epoch 025/100 | lr: 0.10000 | train: 0.6624 | val: 0.6785
Epoch 030/100 | lr: 0.10000 | train: 0.6341 | val: 0.6559
Epoch 035/100 | lr: 0.10000 | train: 0.6110 | val: 0.6397
Epoch 040/100 | lr: 0.10000 | train: 0.5967 | val: 0.6213
Epoch 045/100 | lr: 0.10000 | train: 0.5708 | val: 0.6061
Epoch 050/100 | lr: 0.10000 | train: 0.5575 | val: 0.5908
Epoch 055/100 | lr: 0.10000 | train: 0.5340 | val: 0.5832
Epoch 060/100 | lr: 0.10000 | train: 0.5177 | val: 0.5531
Epoch 065/100 | lr: 0.10000 | train: 0.5092 | val: 0.5392
Epoch 070/100 | lr: 0.10000 | train: 0.4884 | val: 0.5344
Epoch 075/100 | lr: 0.10000 | train: 0.4805 | val: 0.5314
Epoch 080/100 | lr: 0.10000 | train: 0.4533 | val: 0.5087
Epoch 085/100 | lr: 0.10000 | train: 0.4460 | val: 0.4891
Epoch 090/100 | lr: 0.10000 | train: 0.4386 | val: 0.4816
Epoch 095/100 | lr: 0.10000 | train: 0.4206 | val: 0.4653
Epoch 100/100 | lr: 0.10000 | train: 0.4116 | val: 0.4560
[s0]   after GNG: dpa=0.467 (pair=0.102 unpair=0.845)  gng=0.980 (go=0.998 nogo=0.964)
[s0]  GNG done in 288.7s  final train=0.4116  val=0.4560  dpa=0.467  gng=0.980
[s0]  ┌── params: after GNG
[s0]  │  rank 0: ||m||=1826.257  ||n||=326.525  corr(m,n)=+0.686
[s0]  │  rank 1: ||m||=1543.101  ||n||=347.528  corr(m,n)=+0.388
[s0]  │  low-rank overlap n^Tm/N (modulates STP E→E): +711.5814  +111.4420
[s0]  │  Wi: ||·||_F=66.907  per-channel=27.00 27.43 27.35 27.74 27.30 27.05
[s0]  └──────────────────────────────────────────────────
[s0] ────────────────────────────────────────────────────────────
[s0]  STAGE: Dual   device=cuda:0   epochs=100
[s0]  freeze input dims:     [0, 1, 2, 3, 4, 5]
[s0] ────────────────────────────────────────────────────────────
[s0]  data: [256, 444, 6] → [256, 444, 2]
[s0]  loss=separated  dpa_w=1.0  gng_w=1.0  go_w=1.0  nogo_w=1.0  aux_w=1.0  bl_w=1.0  go_hinge=1.0
Epoch 005/100 | lr: 0.10000 | train: 3.8195 | val: 3.9088
Epoch 010/100 | lr: 0.10000 | train: 2.3579 | val: 2.2991
Epoch 015/100 | lr: 0.10000 | train: 1.9649 | val: 2.0137
Epoch 020/100 | lr: 0.10000 | train: 1.8199 | val: 1.9067
Epoch 025/100 | lr: 0.10000 | train: 1.7571 | val: 1.8569
Epoch 030/100 | lr: 0.10000 | train: 1.6840 | val: 1.7651
Epoch 035/100 | lr: 0.10000 | train: 1.6481 | val: 1.7348
Epoch 040/100 | lr: 0.10000 | train: 1.6386 | val: 1.7066
Epoch 045/100 | lr: 0.10000 | train: 1.5944 | val: 1.6639
Epoch 050/100 | lr: 0.10000 | train: 1.5719 | val: 1.6464
Epoch 055/100 | lr: 0.10000 | train: 1.5362 | val: 1.6116
Epoch 060/100 | lr: 0.10000 | train: 1.4944 | val: 1.6049
Epoch 065/100 | lr: 0.10000 | train: 1.5327 | val: 1.6650
Epoch 070/100 | lr: 0.10000 | train: 1.4607 | val: 1.5728
Epoch 075/100 | lr: 0.10000 | train: 1.4492 | val: 1.5551
Epoch 080/100 | lr: 0.10000 | train: 1.4349 | val: 1.5180
Epoch 085/100 | lr: 0.10000 | train: 1.4274 | val: 1.5147
Epoch 090/100 | lr: 0.10000 | train: 1.4092 | val: 1.5181
Epoch 095/100 | lr: 0.10000 | train: 1.3951 | val: 1.5028
Epoch 100/100 | lr: 0.10000 | train: 1.3919 | val: 1.4888
[s0]  loss components: {'dpa': 1.0157, 'gng': 0.361, 'gng_go': 0.0528, 'gng_nogo': 0.3082, 'baseline': 0.0488, 'aux': 0.0694}
[s0]   after Dual: dpa=0.503 (pair=0.214 unpair=0.788)  gng=0.771 (go=1.000 nogo=0.524)
[s0]  Dual done in 449.2s  final train=1.3919  val=1.4888  dpa=0.503  gng=0.771
[s0]  ┌── params: after Dual
[s0]  │  rank 0: ||m||=1666.169  ||n||=284.914  corr(m,n)=+0.668
[s0]  │  rank 1: ||m||=1594.974  ||n||=343.083  corr(m,n)=+0.354
[s0]  │  low-rank overlap n^Tm/N (modulates STP E→E): +566.6766  +113.9641
[s0]  │  Wi: ||·||_F=66.907  per-channel=27.00 27.43 27.35 27.74 27.30 27.05
[s0]  └──────────────────────────────────────────────────
[s0] ════════════════════════════════════════════════════════════
[s0]  RUN COMPLETE  2026-06-22 14:20:22  total=1207.6s
[s0]  ACCURACY SUMMARY
[s0]    after DPA : dpa=0.486  gng=0.631
[s0]    after GNG : dpa=0.467  gng=0.980
[s0]    after Dual: dpa=0.503  gng=0.771  dual_dpa=0.499  dual_gng=0.789
[s0] ════════════════════════════════════════════════════════════
