[s4_orth_n0] ════════════════════════════════════════════════════════════
[s4_orth_n0]  RUN START  2026-06-08 15:29:40
[s4_orth_n0]  run_id=s4_orth_n0  seed=4  device=cuda:0
[s4_orth_n0]  arch:  hidden=512  rank=2  gain=1.0  input_size=7  params=6,144
[s4_orth_n0]  task:  cue_on_go=True  rwd=True  rwd_scale=1.0  freeze_input_stages=['dual']  init=random
[s4_orth_n0]  dynamics: alpha=0.0750  alpha_rec=0.1000  dt=0.0225  tau=0.3  tau_rec_frac=0.75
[s4_orth_n0]  noise:  input_sigma=0.3732 (×1.0)  model_sigma=0.0000 (×0.0)
[s4_orth_n0]  optim:  lr=0.01  wd=0.01  batch=64  n_batch=516  clip=None
[s4_orth_n0]  epochs: dpa=100  gng=100  dual=100  loss=separated
[s4_orth_n0]  shapes: m[512, 2]  n[512, 2]  Wi[512, 7]
[s4_orth_n0]  ┌── params: init
[s4_orth_n0]  │  rank 0: ||m||=22.881  ||n||=22.605  corr(m,n)=+0.032
[s4_orth_n0]  │  rank 1: ||m||=21.856  ||n||=21.161  corr(m,n)=-0.015
[s4_orth_n0]  │  κ-Jacobian eigvals (gain·n^Tm/N): +0.0282  -0.0090
[s4_orth_n0]  │  Wi: ||·||_F=59.728  per-channel=22.05 23.03 22.37 22.64 22.42 22.96 22.55
[s4_orth_n0]  └──────────────────────────────────────────────────
[s4_orth_n0] ────────────────────────────────────────────────────────────
[s4_orth_n0]  STAGE: DPA   device=cuda:0   epochs=100
[s4_orth_n0] ────────────────────────────────────────────────────────────
[s4_orth_n0]  data: [516, 444, 7] → [516, 444, 2]
Epoch 005/100 | lr: 0.01000 | train: 1.9551 | val: 1.9389
Epoch 010/100 | lr: 0.01000 | train: 1.2214 | val: 1.1649
Epoch 015/100 | lr: 0.01000 | train: 1.0224 | val: 1.0146
Epoch 020/100 | lr: 0.01000 | train: 0.9699 | val: 0.9566
Epoch 025/100 | lr: 0.01000 | train: 0.8802 | val: 0.8484
Epoch 030/100 | lr: 0.01000 | train: 0.6144 | val: 0.5470
Epoch 035/100 | lr: 0.01000 | train: 0.4451 | val: 0.4108
Epoch 040/100 | lr: 0.01000 | train: 0.4171 | val: 0.3956
Epoch 045/100 | lr: 0.01000 | train: 0.3091 | val: 0.2941
Epoch 050/100 | lr: 0.01000 | train: 0.3809 | val: 0.3452
Epoch 055/100 | lr: 0.00500 | train: 0.3090 | val: 0.2944
Epoch 060/100 | lr: 0.00500 | train: 0.2606 | val: 0.2761
Epoch 065/100 | lr: 0.00500 | train: 0.2400 | val: 0.2653
Epoch 070/100 | lr: 0.00500 | train: 0.2426 | val: 0.2518
Epoch 075/100 | lr: 0.00500 | train: 0.2188 | val: 0.2174
Epoch 080/100 | lr: 0.00500 | train: 0.2046 | val: 0.2430
Epoch 085/100 | lr: 0.00250 | train: 0.2123 | val: 0.3478
Epoch 090/100 | lr: 0.00250 | train: 0.2008 | val: 0.2248
Epoch 095/100 | lr: 0.00125 | train: 0.1844 | val: 0.2527
Epoch 100/100 | lr: 0.00063 | train: 0.1812 | val: 0.2559
[s4_orth_n0]  orthogonalised go ch=4, nogo ch=5 to n₀
[s4_orth_n0]   after DPA: dpa=0.991  gng=0.508
[s4_orth_n0]  DPA done in 713.9s  final train=0.1812  val=0.2559  dpa=0.991  gng=0.508
[s4_orth_n0]  ┌── params: after DPA
[s4_orth_n0]  │  rank 0: ||m||=34.263  ||n||=35.954  corr(m,n)=+0.797
[s4_orth_n0]  │  rank 1: ||m||=39.108  ||n||=41.948  corr(m,n)=+0.826
[s4_orth_n0]  │  κ-Jacobian eigvals (gain·n^Tm/N): +2.2826+0.3075j  +2.2826-0.3075j
[s4_orth_n0]  │  Wi: ||·||_F=56.702  per-channel=18.34 18.75 29.07 34.21 12.20 12.67 14.23
[s4_orth_n0]  └──────────────────────────────────────────────────
[s4_orth_n0] ────────────────────────────────────────────────────────────
[s4_orth_n0]  STAGE: GNG   device=cuda:0   epochs=100
[s4_orth_n0]  freeze recurrent cols: [0]
[s4_orth_n0]  freeze input dims:     [0, 1, 2, 3, 6]
[s4_orth_n0] ────────────────────────────────────────────────────────────
[s4_orth_n0]  data: [516, 266, 7] → [516, 266, 2]
Epoch 005/100 | lr: 0.01000 | train: 0.1623 | val: 0.1864
Epoch 010/100 | lr: 0.01000 | train: 0.0835 | val: 0.1049
Stopping: losses below 0.1.
[s4_orth_n0]   after GNG: dpa=0.837  gng=0.998
[s4_orth_n0]  GNG done in 49.8s  final train=0.0782  val=0.0996  dpa=0.837  gng=0.998
[s4_orth_n0]  ┌── params: after GNG
[s4_orth_n0]  │  rank 0: ||m||=34.263  ||n||=35.954  corr(m,n)=+0.797
[s4_orth_n0]  │  rank 1: ||m||=34.737  ||n||=42.489  corr(m,n)=+0.819
[s4_orth_n0]  │  κ-Jacobian eigvals (gain·n^Tm/N): +2.1394+0.3084j  +2.1394-0.3084j
[s4_orth_n0]  │  Wi: ||·||_F=57.723  per-channel=18.34 18.75 29.07 34.21 13.68 15.46 14.23
[s4_orth_n0]  └──────────────────────────────────────────────────
[s4_orth_n0] ────────────────────────────────────────────────────────────
[s4_orth_n0]  STAGE: Dual   device=cuda:0   epochs=100
[s4_orth_n0]  freeze recurrent cols: [0]
[s4_orth_n0]  freeze input dims:     [0, 1, 2, 3, 4, 5, 6]
[s4_orth_n0] ────────────────────────────────────────────────────────────
[s4_orth_n0]  data: [516, 444, 7] → [516, 444, 2]
[s4_orth_n0]  loss=separated  dpa_w=1.0  gng_w=1.0  go_w=1.0  nogo_w=1.0  aux_w=1.0  bl_w=1.0
Epoch 005/100 | lr: 0.01000 | train: 0.7043 | val: 0.7647
Epoch 010/100 | lr: 0.01000 | train: 0.6565 | val: 0.7340
Epoch 015/100 | lr: 0.01000 | train: 0.6248 | val: 0.7061
Epoch 020/100 | lr: 0.01000 | train: 0.6046 | val: 0.6873
Epoch 025/100 | lr: 0.01000 | train: 0.5939 | val: 0.6768
Epoch 030/100 | lr: 0.01000 | train: 0.5786 | val: 0.6692
Epoch 035/100 | lr: 0.01000 | train: 0.5621 | val: 0.6446
Epoch 040/100 | lr: 0.01000 | train: 0.5442 | val: 0.6317
Epoch 045/100 | lr: 0.01000 | train: 0.5260 | val: 0.6126
Epoch 050/100 | lr: 0.01000 | train: 0.5159 | val: 0.6036
Epoch 055/100 | lr: 0.01000 | train: 0.4963 | val: 0.5828
Epoch 060/100 | lr: 0.01000 | train: 0.4888 | val: 0.5653
Epoch 065/100 | lr: 0.01000 | train: 0.4736 | val: 0.5498
Epoch 070/100 | lr: 0.01000 | train: 0.4601 | val: 0.5309
Epoch 075/100 | lr: 0.01000 | train: 0.4359 | val: 0.5208
Epoch 080/100 | lr: 0.01000 | train: 0.4224 | val: 0.4998
Epoch 085/100 | lr: 0.01000 | train: 0.4065 | val: 0.4845
Epoch 090/100 | lr: 0.01000 | train: 0.4055 | val: 0.4640
Epoch 095/100 | lr: 0.01000 | train: 0.3870 | val: 0.4524
Epoch 100/100 | lr: 0.01000 | train: 0.3740 | val: 0.4396
[s4_orth_n0]  loss components: {'dpa': 0.3987, 'gng': 0.0615, 'gng_go': 0.0362, 'gng_nogo': 0.0252, 'baseline': 0.0148, 'aux': 0.014}
[s4_orth_n0]   after Dual: dpa=0.990  gng=1.000
[s4_orth_n0]  Dual done in 736.1s  final train=0.3740  val=0.4396  dpa=0.990  gng=1.000
[s4_orth_n0]  ┌── params: after Dual
[s4_orth_n0]  │  rank 0: ||m||=34.263  ||n||=35.954  corr(m,n)=+0.797
[s4_orth_n0]  │  rank 1: ||m||=25.546  ||n||=58.197  corr(m,n)=+0.686
[s4_orth_n0]  │  κ-Jacobian eigvals (gain·n^Tm/N): +1.9550+0.1101j  +1.9550-0.1101j
[s4_orth_n0]  │  Wi: ||·||_F=57.723  per-channel=18.34 18.75 29.07 34.21 13.68 15.46 14.23
[s4_orth_n0]  └──────────────────────────────────────────────────
[s4_orth_n0] ════════════════════════════════════════════════════════════
[s4_orth_n0]  RUN COMPLETE  2026-06-08 15:54:40  total=1501.5s
[s4_orth_n0]  ACCURACY SUMMARY
[s4_orth_n0]    after DPA : dpa=0.991  gng=0.508
[s4_orth_n0]    after GNG : dpa=0.837  gng=0.998
[s4_orth_n0]    after Dual: dpa=0.990  gng=1.000  dual_dpa=0.908  dual_gng=0.991
[s4_orth_n0] ════════════════════════════════════════════════════════════
