[s0_relu] ════════════════════════════════════════════════════════════
[s0_relu]  RUN START  2026-06-09 04:20:59
[s0_relu]  run_id=s0_relu  seed=0  device=cuda:1
[s0_relu]  arch:  hidden=512  rank=2  gain=1.0  input_size=7  params=6,144
[s0_relu]  task:  cue_on_go=True  rwd=True  rwd_scale=1.0  freeze_input_stages=['gng', 'dual']  init=random
[s0_relu]  dynamics: alpha=0.0750  alpha_rec=0.1000  dt=0.0225  tau=0.3  tau_rec_frac=0.75
[s0_relu]  noise:  input_sigma=0.3732 (×1.0)  model_sigma=0.0000 (×0.0)
[s0_relu]  optim:  lr=0.01  wd=0.01  batch=64  n_batch=516  clip=None
[s0_relu]  epochs: dpa=100  gng=100  dual=100  loss=separated
[s0_relu]  shapes: m[512, 2]  n[512, 2]  Wi[512, 7]
[s0_relu]  ┌── params: init
[s0_relu]  │  rank 0: ||m||=22.187  ||n||=22.116  corr(m,n)=-0.011
[s0_relu]  │  rank 1: ||m||=22.375  ||n||=22.846  corr(m,n)=+0.037
[s0_relu]  │  κ-Jacobian eigvals (gain·n^Tm/N): +0.0132+0.0342j  +0.0132-0.0342j
[s0_relu]  │  Wi: ||·||_F=59.379  per-channel=22.21 22.79 22.15 22.73 21.77 21.92 23.48
[s0_relu]  └──────────────────────────────────────────────────
[s0_relu] ────────────────────────────────────────────────────────────
[s0_relu]  STAGE: DPA   device=cuda:1   epochs=100
[s0_relu]  freeze input dims:     [4, 5]
[s0_relu] ────────────────────────────────────────────────────────────
[s0_relu]  data: [516, 444, 7] → [516, 444, 2]
Epoch 005/100 | lr: 0.01000 | train: 1.9828 | val: 1.9570
Epoch 010/100 | lr: 0.01000 | train: 1.9180 | val: 1.8724
Epoch 015/100 | lr: 0.01000 | train: 1.0925 | val: 1.0489
Epoch 020/100 | lr: 0.01000 | train: 0.8950 | val: 0.8471
Epoch 025/100 | lr: 0.01000 | train: 0.6690 | val: 0.5686
Epoch 030/100 | lr: 0.01000 | train: 0.2465 | val: 0.1908
Epoch 035/100 | lr: 0.01000 | train: 0.0938 | val: 0.0828
Stopping: losses below 0.1.
[s0_relu]   after DPA: dpa=1.000 (pair=1.000 unpair=1.000)  gng=0.511 (go=0.025 nogo=0.998)
[s0_relu]  DPA done in 801.9s  final train=0.0938  val=0.0828  dpa=1.000  gng=0.511
[s0_relu]  ┌── params: after DPA
[s0_relu]  │  rank 0: ||m||=38.729  ||n||=29.719  corr(m,n)=+0.762
[s0_relu]  │  rank 1: ||m||=34.941  ||n||=29.872  corr(m,n)=+0.753
[s0_relu]  │  κ-Jacobian eigvals (gain·n^Tm/N): +1.8114  +1.4369
[s0_relu]  │  Wi: ||·||_F=70.343  per-channel=25.63 24.51 33.86 32.72 21.77 21.92 22.77
[s0_relu]  └──────────────────────────────────────────────────
[s0_relu] ────────────────────────────────────────────────────────────
[s0_relu]  STAGE: GNG   device=cuda:1   epochs=100
[s0_relu]  freeze recurrent cols: [0]
[s0_relu]  freeze input dims:     [0, 1, 2, 3, 4, 5, 6]
[s0_relu] ────────────────────────────────────────────────────────────
[s0_relu]  data: [516, 266, 7] → [516, 266, 2]
Epoch 005/100 | lr: 0.01000 | train: 0.5348 | val: 0.4630
Epoch 010/100 | lr: 0.01000 | train: 0.2794 | val: 0.2399
Epoch 015/100 | lr: 0.01000 | train: 0.1888 | val: 0.1696
Epoch 020/100 | lr: 0.01000 | train: 0.1419 | val: 0.1431
Epoch 025/100 | lr: 0.01000 | train: 0.1161 | val: 0.1256
Epoch 030/100 | lr: 0.01000 | train: 0.1004 | val: 0.0983
Stopping: losses below 0.1.
[s0_relu]   after GNG: dpa=0.513 (pair=0.016 unpair=1.000)  gng=0.988 (go=1.000 nogo=0.975)
[s0_relu]  GNG done in 663.7s  final train=0.0969  val=0.0994  dpa=0.513  gng=0.988
[s0_relu]  ┌── params: after GNG
[s0_relu]  │  rank 0: ||m||=38.729  ||n||=29.719  corr(m,n)=+0.762
[s0_relu]  │  rank 1: ||m||=39.802  ||n||=32.885  corr(m,n)=+0.743
[s0_relu]  │  κ-Jacobian eigvals (gain·n^Tm/N): +1.6183  +1.9936
[s0_relu]  │  Wi: ||·||_F=70.343  per-channel=25.63 24.51 33.86 32.72 21.77 21.92 22.77
[s0_relu]  └──────────────────────────────────────────────────
[s0_relu] ────────────────────────────────────────────────────────────
[s0_relu]  STAGE: Dual   device=cuda:0   epochs=100
[s0_relu]  freeze recurrent cols: [0]
[s0_relu]  freeze input dims:     [0, 1, 2, 3, 4, 5, 6]
[s0_relu] ────────────────────────────────────────────────────────────
[s0_relu]  data: [516, 444, 7] → [516, 444, 2]
[s0_relu]  loss=separated  dpa_w=1.0  gng_w=1.0  go_w=1.0  nogo_w=2.0  aux_w=1.0  bl_w=1.0  go_hinge=1.0
Epoch 005/100 | lr: 0.01000 | train: 0.6627 | val: 0.5861
Epoch 010/100 | lr: 0.01000 | train: 0.5535 | val: 0.4932
Epoch 015/100 | lr: 0.01000 | train: 0.5151 | val: 0.4617
Epoch 020/100 | lr: 0.01000 | train: 0.4959 | val: 0.4430
Epoch 025/100 | lr: 0.01000 | train: 0.4806 | val: 0.4312
Epoch 030/100 | lr: 0.01000 | train: 0.4706 | val: 0.4215
Epoch 035/100 | lr: 0.01000 | train: 0.4541 | val: 0.4152
Epoch 040/100 | lr: 0.01000 | train: 0.4420 | val: 0.4037
Epoch 045/100 | lr: 0.01000 | train: 0.4288 | val: 0.3949
Epoch 050/100 | lr: 0.01000 | train: 0.4188 | val: 0.3871
Epoch 055/100 | lr: 0.01000 | train: 0.4037 | val: 0.3763
Epoch 060/100 | lr: 0.01000 | train: 0.3932 | val: 0.3662
Epoch 065/100 | lr: 0.01000 | train: 0.3802 | val: 0.3569
Epoch 070/100 | lr: 0.01000 | train: 0.3707 | val: 0.3485
Epoch 075/100 | lr: 0.01000 | train: 0.3598 | val: 0.3383
Epoch 080/100 | lr: 0.01000 | train: 0.3468 | val: 0.3352
Epoch 085/100 | lr: 0.01000 | train: 0.3437 | val: 0.3241
Epoch 090/100 | lr: 0.01000 | train: 0.3387 | val: 0.3168
Epoch 095/100 | lr: 0.01000 | train: 0.3289 | val: 0.3098
Epoch 100/100 | lr: 0.01000 | train: 0.3208 | val: 0.3076
[s0_relu]  loss components: {'dpa': 0.0585, 'gng': 0.1641, 'gng_go': 0.12, 'gng_nogo': 0.022, 'baseline': 0.0121, 'aux': 0.0051}
[s0_relu]   after Dual: dpa=0.997 (pair=0.994 unpair=1.000)  gng=0.990 (go=1.000 nogo=0.981)
[s0_relu]  Dual done in 3473.8s  final train=0.3208  val=0.3076  dpa=0.997  gng=0.990
[s0_relu]  ┌── params: after Dual
[s0_relu]  │  rank 0: ||m||=38.729  ||n||=29.719  corr(m,n)=+0.762
[s0_relu]  │  rank 1: ||m||=38.952  ||n||=33.350  corr(m,n)=+0.642
[s0_relu]  │  κ-Jacobian eigvals (gain·n^Tm/N): +1.6895  +1.6535
[s0_relu]  │  Wi: ||·||_F=70.343  per-channel=25.63 24.51 33.86 32.72 21.77 21.92 22.77
[s0_relu]  └──────────────────────────────────────────────────
[s0_relu] ════════════════════════════════════════════════════════════
[s0_relu]  RUN COMPLETE  2026-06-09 05:42:04  total=5069.0s
[s0_relu]  ACCURACY SUMMARY
[s0_relu]    after DPA : dpa=1.000  gng=0.511
[s0_relu]    after GNG : dpa=0.513  gng=0.988
[s0_relu]    after Dual: dpa=0.997  gng=0.990  dual_dpa=0.994  dual_gng=0.972
[s0_relu] ════════════════════════════════════════════════════════════
