[s3_random] ════════════════════════════════════════════════════════════
[s3_random]  RUN START  2026-06-04 21:15:22
[s3_random]  run_id=s3_random  seed=3  device=cuda:0
[s3_random]  arch:  hidden=512  rank=2  gain=2.0  input_size=7  params=6,144
[s3_random]  task:  cue_on_go=True  rwd=True  freeze_inputs=True  init=random
[s3_random]  dynamics: alpha=0.0750  alpha_rec=0.1000  dt=0.0225  tau=0.3  tau_rec_frac=0.75
[s3_random]  noise:  input_sigma=0.1866 (×0.5)  model_sigma=0.0000 (×0.0)
[s3_random]  optim:  lr=0.01  wd=0.01  batch=64  n_batch=516  clip=1.0
[s3_random]  epochs: dpa=100  gng=100  dual=100  loss=separated
[s3_random]  shapes: m[512, 2]  n[512, 2]  Wi[512, 7]
[s3_random]  ┌── params: init
[s3_random]  │  rank 0: ||m||=22.816  ||n||=22.436  corr(m,n)=+0.020
[s3_random]  │  rank 1: ||m||=21.350  ||n||=23.585  corr(m,n)=+0.075
[s3_random]  │  κ-Jacobian eigvals (gain·n^Tm/N): +0.0231  +0.1644
[s3_random]  │  Wi: ||·||_F=61.487  per-channel=24.64 23.94 21.69 23.93 23.19 21.98 23.15
[s3_random]  └──────────────────────────────────────────────────
[s3_random] ────────────────────────────────────────────────────────────
[s3_random]  STAGE: DPA   device=cuda:0   epochs=100
[s3_random]  freeze input dims:     [0, 1, 2, 3, 4, 5, 6]
[s3_random] ────────────────────────────────────────────────────────────
[s3_random]  data: [516, 444, 7] → [516, 444, 2]
Epoch 005/100 | lr: 0.01000 | train: 1.8917 | val: 1.7930
Epoch 010/100 | lr: 0.01000 | train: 1.1782 | val: 1.1433
Epoch 015/100 | lr: 0.01000 | train: 1.1144 | val: 1.1040
Epoch 020/100 | lr: 0.01000 | train: 1.0360 | val: 1.0400
Epoch 025/100 | lr: 0.01000 | train: 0.9578 | val: 0.9659
Epoch 030/100 | lr: 0.01000 | train: 0.7252 | val: 0.7403
Epoch 035/100 | lr: 0.01000 | train: 0.5714 | val: 0.6235
Epoch 040/100 | lr: 0.01000 | train: 0.5047 | val: 0.5541
Epoch 045/100 | lr: 0.01000 | train: 0.4440 | val: 0.5008
Epoch 050/100 | lr: 0.01000 | train: 0.4266 | val: 0.4841
Epoch 055/100 | lr: 0.01000 | train: 0.4365 | val: 1.1255
Epoch 060/100 | lr: 0.01000 | train: 0.4157 | val: 0.4453
Epoch 065/100 | lr: 0.01000 | train: 0.3794 | val: 0.4135
Epoch 070/100 | lr: 0.01000 | train: 0.3548 | val: 0.4646
Epoch 075/100 | lr: 0.01000 | train: 0.3528 | val: 0.4659
Epoch 080/100 | lr: 0.00500 | train: 0.3594 | val: 0.3676
Epoch 085/100 | lr: 0.00500 | train: 0.3185 | val: 0.3622
Epoch 090/100 | lr: 0.00500 | train: 0.3102 | val: 0.3480
Epoch 095/100 | lr: 0.00500 | train: 0.3353 | val: 0.3399
Epoch 100/100 | lr: 0.00500 | train: 0.3125 | val: 0.3358
[s3_random]   after DPA: dpa=0.999  gng=0.580
[s3_random]  DPA done in 713.6s  final train=0.3125  val=0.3358  dpa=0.999  gng=0.580
[s3_random]  ┌── params: after DPA
[s3_random]  │  rank 0: ||m||=20.694  ||n||=35.204  corr(m,n)=+0.440
[s3_random]  │  rank 1: ||m||=33.379  ||n||=35.132  corr(m,n)=+0.750
[s3_random]  │  κ-Jacobian eigvals (gain·n^Tm/N): +2.3446+0.3991j  +2.3446-0.3991j
[s3_random]  │  Wi: ||·||_F=61.487  per-channel=24.64 23.94 21.69 23.93 23.19 21.98 23.15
[s3_random]  └──────────────────────────────────────────────────
[s3_random] ────────────────────────────────────────────────────────────
[s3_random]  STAGE: GNG   device=cuda:0   epochs=100
[s3_random]  freeze recurrent cols: [0]
[s3_random]  freeze input dims:     [0, 1, 2, 3, 6]
[s3_random] ────────────────────────────────────────────────────────────
[s3_random]  data: [516, 266, 7] → [516, 266, 2]
Epoch 005/100 | lr: 0.01000 | train: 0.2776 | val: 0.2654
Epoch 010/100 | lr: 0.01000 | train: 0.1905 | val: 0.1908
Epoch 015/100 | lr: 0.01000 | train: 0.1564 | val: 0.1615
Epoch 020/100 | lr: 0.01000 | train: 0.1405 | val: 0.1463
Epoch 025/100 | lr: 0.01000 | train: 0.1304 | val: 0.1370
Epoch 030/100 | lr: 0.01000 | train: 0.1222 | val: 0.1293
Epoch 035/100 | lr: 0.01000 | train: 0.1155 | val: 0.1225
Epoch 040/100 | lr: 0.01000 | train: 0.1092 | val: 0.1160
Epoch 045/100 | lr: 0.01000 | train: 0.1034 | val: 0.1104
Epoch 050/100 | lr: 0.01000 | train: 0.0984 | val: 0.1051
Epoch 055/100 | lr: 0.01000 | train: 0.0938 | val: 0.1002
Epoch 060/100 | lr: 0.01000 | train: 0.0893 | val: 0.0960
Epoch 065/100 | lr: 0.01000 | train: 0.0856 | val: 0.0920
Epoch 070/100 | lr: 0.01000 | train: 0.0821 | val: 0.0882
Epoch 075/100 | lr: 0.01000 | train: 0.0792 | val: 0.0851
Epoch 080/100 | lr: 0.01000 | train: 0.0765 | val: 0.0821
Epoch 085/100 | lr: 0.01000 | train: 0.0738 | val: 0.0798
Epoch 090/100 | lr: 0.01000 | train: 0.0713 | val: 0.0772
Epoch 095/100 | lr: 0.01000 | train: 0.0693 | val: 0.0750
Epoch 100/100 | lr: 0.01000 | train: 0.0673 | val: 0.0729
[s3_random]   after GNG: dpa=0.498  gng=0.792
[s3_random]  GNG done in 424.5s  final train=0.0673  val=0.0729  dpa=0.498  gng=0.792
[s3_random]  ┌── params: after GNG
[s3_random]  │  rank 0: ||m||=20.694  ||n||=35.204  corr(m,n)=+0.440
[s3_random]  │  rank 1: ||m||=22.356  ||n||=39.433  corr(m,n)=+0.586
[s3_random]  │  κ-Jacobian eigvals (gain·n^Tm/N): +1.6347+0.6858j  +1.6347-0.6858j
[s3_random]  │  Wi: ||·||_F=63.570  per-channel=24.64 23.94 21.69 23.93 25.39 25.24 23.15
[s3_random]  └──────────────────────────────────────────────────
[s3_random] ────────────────────────────────────────────────────────────
[s3_random]  STAGE: Dual   device=cuda:0   epochs=100
[s3_random]  freeze input dims:     [0, 1, 2, 3, 4, 5, 6]
[s3_random] ────────────────────────────────────────────────────────────
[s3_random]  data: [516, 444, 7] → [516, 444, 2]
[s3_random]  loss=separated  dpa_w=1.0  gng_w=1.0  aux_w=1.0  bl_w=1.0
Epoch 005/100 | lr: 0.01000 | train: 1.0183 | val: 0.9852
Epoch 010/100 | lr: 0.01000 | train: 0.9825 | val: 0.9389
Epoch 015/100 | lr: 0.01000 | train: 0.9587 | val: 0.9231
Epoch 020/100 | lr: 0.01000 | train: 0.9460 | val: 0.9107
Epoch 025/100 | lr: 0.01000 | train: 0.9327 | val: 0.9018
Epoch 030/100 | lr: 0.01000 | train: 0.9223 | val: 0.8940
Epoch 035/100 | lr: 0.01000 | train: 0.9139 | val: 0.8866
Epoch 040/100 | lr: 0.01000 | train: 0.9071 | val: 0.8835
Epoch 045/100 | lr: 0.01000 | train: 0.9008 | val: 0.8802
Epoch 050/100 | lr: 0.01000 | train: 0.8895 | val: 0.8806
Epoch 055/100 | lr: 0.00500 | train: 0.8850 | val: 0.8763
Epoch 060/100 | lr: 0.00500 | train: 0.8792 | val: 0.8750
Epoch 065/100 | lr: 0.00500 | train: 0.8754 | val: 0.8714
Epoch 070/100 | lr: 0.00500 | train: 0.8724 | val: 0.8674
Epoch 075/100 | lr: 0.00500 | train: 0.8676 | val: 0.8665
Epoch 080/100 | lr: 0.00500 | train: 0.8627 | val: 0.8686
Epoch 085/100 | lr: 0.00500 | train: 0.8583 | val: 0.8619
Epoch 090/100 | lr: 0.00500 | train: 0.8536 | val: 0.8603
Epoch 095/100 | lr: 0.00500 | train: 0.8439 | val: 0.8543
Epoch 100/100 | lr: 0.00500 | train: 0.8327 | val: 0.8464
[s3_random]  loss components: {'dpa': 0.837, 'gng': 0.0253, 'baseline': 0.0043, 'aux': 0.0032}
[s3_random]   after Dual: dpa=0.982  gng=0.483
[s3_random]  Dual done in 720.5s  final train=0.8327  val=0.8464  dpa=0.982  gng=0.483
[s3_random]  ┌── params: after Dual
[s3_random]  │  rank 0: ||m||=25.819  ||n||=38.986  corr(m,n)=+0.251
[s3_random]  │  rank 1: ||m||=27.780  ||n||=42.075  corr(m,n)=+0.578
[s3_random]  │  κ-Jacobian eigvals (gain·n^Tm/N): +1.8125+0.9956j  +1.8125-0.9956j
[s3_random]  │  Wi: ||·||_F=63.570  per-channel=24.64 23.94 21.69 23.93 25.39 25.24 23.15
[s3_random]  └──────────────────────────────────────────────────
[s3_random] ════════════════════════════════════════════════════════════
[s3_random]  RUN COMPLETE  2026-06-04 21:46:20  total=1860.4s
[s3_random]  ACCURACY SUMMARY
[s3_random]    after DPA : dpa=0.999  gng=0.580
[s3_random]    after GNG : dpa=0.498  gng=0.792
[s3_random]    after Dual: dpa=0.982  gng=0.483  dual_dpa=0.715  dual_gng=0.592
[s3_random] ════════════════════════════════════════════════════════════
