[s4_random] ════════════════════════════════════════════════════════════
[s4_random]  RUN START  2026-06-05 01:09:46
[s4_random]  run_id=s4_random  seed=4  device=cuda:0
[s4_random]  arch:  hidden=512  rank=2  gain=2.0  input_size=7  params=6,144
[s4_random]  task:  cue_on_go=True  rwd=True  rwd_scale=2.0  freeze_input_stages=['gng', 'dual']  init=random
[s4_random]  dynamics: alpha=0.0750  alpha_rec=0.1000  dt=0.0225  tau=0.3  tau_rec_frac=0.75
[s4_random]  noise:  input_sigma=0.1866 (×0.5)  model_sigma=0.0000 (×0.0)
[s4_random]  optim:  lr=0.01  wd=0.01  batch=64  n_batch=516  clip=1.0
[s4_random]  epochs: dpa=100  gng=100  dual=100  loss=separated
[s4_random]  shapes: m[512, 2]  n[512, 2]  Wi[512, 7]
[s4_random]  ┌── params: init
[s4_random]  │  rank 0: ||m||=22.881  ||n||=22.605  corr(m,n)=+0.032
[s4_random]  │  rank 1: ||m||=21.856  ||n||=21.161  corr(m,n)=-0.015
[s4_random]  │  κ-Jacobian eigvals (gain·n^Tm/N): +0.0565  -0.0179
[s4_random]  │  Wi: ||·||_F=59.728  per-channel=22.05 23.03 22.37 22.64 22.42 22.96 22.55
[s4_random]  └──────────────────────────────────────────────────
[s4_random] ────────────────────────────────────────────────────────────
[s4_random]  STAGE: DPA   device=cuda:0   epochs=100
[s4_random] ────────────────────────────────────────────────────────────
[s4_random]  data: [516, 444, 7] → [516, 444, 2]
Epoch 005/100 | lr: 0.01000 | train: 1.6892 | val: 1.4961
Epoch 010/100 | lr: 0.01000 | train: 1.0852 | val: 1.0631
Epoch 015/100 | lr: 0.01000 | train: 0.9510 | val: 0.9225
Epoch 020/100 | lr: 0.01000 | train: 0.6246 | val: 0.5538
Epoch 025/100 | lr: 0.01000 | train: 0.4187 | val: 0.5505
Epoch 030/100 | lr: 0.01000 | train: 0.3385 | val: 0.5835
Epoch 035/100 | lr: 0.01000 | train: 0.3074 | val: 0.5027
Epoch 040/100 | lr: 0.01000 | train: 0.2233 | val: 0.2349
Epoch 045/100 | lr: 0.01000 | train: 0.1875 | val: 0.1808
Epoch 050/100 | lr: 0.01000 | train: 0.1446 | val: 0.2050
Epoch 055/100 | lr: 0.01000 | train: 0.1586 | val: 0.1392
Epoch 060/100 | lr: 0.01000 | train: 0.1162 | val: 0.2301
Epoch 065/100 | lr: 0.01000 | train: 0.0968 | val: 0.0902
Epoch 070/100 | lr: 0.01000 | train: 0.0784 | val: 0.0707
Epoch 075/100 | lr: 0.01000 | train: 0.0872 | val: 0.0777
Epoch 080/100 | lr: 0.01000 | train: 0.0643 | val: 0.0569
Epoch 085/100 | lr: 0.01000 | train: 0.0465 | val: 0.0454
Epoch 090/100 | lr: 0.01000 | train: 0.0506 | val: 0.0486
Epoch 095/100 | lr: 0.01000 | train: 0.0382 | val: 0.0383
Epoch 100/100 | lr: 0.01000 | train: 0.0343 | val: 0.0367
[s4_random]   after DPA: dpa=1.000  gng=0.434
[s4_random]  DPA done in 849.0s  final train=0.0343  val=0.0367  dpa=1.000  gng=0.434
[s4_random]  ┌── params: after DPA
[s4_random]  │  rank 0: ||m||=20.706  ||n||=36.067  corr(m,n)=+0.613
[s4_random]  │  rank 1: ||m||=21.750  ||n||=39.659  corr(m,n)=+0.785
[s4_random]  │  κ-Jacobian eigvals (gain·n^Tm/N): +1.8898  +2.5426
[s4_random]  │  Wi: ||·||_F=74.032  per-channel=24.98 25.11 39.45 39.49 18.15 19.21 20.31
[s4_random]  └──────────────────────────────────────────────────
[s4_random] ────────────────────────────────────────────────────────────
[s4_random]  STAGE: GNG   device=cuda:0   epochs=100
[s4_random]  freeze recurrent cols: [0]
[s4_random]  freeze input dims:     [0, 1, 2, 3, 4, 5, 6]
[s4_random] ────────────────────────────────────────────────────────────
[s4_random]  data: [516, 266, 7] → [516, 266, 2]
Epoch 005/100 | lr: 0.01000 | train: 0.8041 | val: 0.7994
Epoch 010/100 | lr: 0.01000 | train: 0.4213 | val: 0.4341
Epoch 015/100 | lr: 0.01000 | train: 0.3352 | val: 0.3418
Epoch 020/100 | lr: 0.01000 | train: 0.2813 | val: 0.2977
Epoch 025/100 | lr: 0.01000 | train: 0.2512 | val: 0.2631
Epoch 030/100 | lr: 0.01000 | train: 0.2298 | val: 0.2348
Epoch 035/100 | lr: 0.01000 | train: 0.2093 | val: 0.2224
Epoch 040/100 | lr: 0.01000 | train: 0.1901 | val: 0.1983
Epoch 045/100 | lr: 0.01000 | train: 0.1781 | val: 0.1862
Epoch 050/100 | lr: 0.01000 | train: 0.1670 | val: 0.1762
Epoch 055/100 | lr: 0.01000 | train: 0.1561 | val: 0.1633
Epoch 060/100 | lr: 0.01000 | train: 0.1483 | val: 0.1555
Epoch 065/100 | lr: 0.01000 | train: 0.1413 | val: 0.1487
Epoch 070/100 | lr: 0.01000 | train: 0.1352 | val: 0.1420
Epoch 075/100 | lr: 0.01000 | train: 0.1302 | val: 0.1367
Epoch 080/100 | lr: 0.01000 | train: 0.1244 | val: 0.1309
Epoch 085/100 | lr: 0.01000 | train: 0.1210 | val: 0.1270
Epoch 090/100 | lr: 0.01000 | train: 0.1175 | val: 0.1230
Epoch 095/100 | lr: 0.01000 | train: 0.1135 | val: 0.1183
Epoch 100/100 | lr: 0.01000 | train: 0.1103 | val: 0.1147
[s4_random]   after GNG: dpa=1.000  gng=1.000
[s4_random]  GNG done in 516.5s  final train=0.1103  val=0.1147  dpa=1.000  gng=1.000
[s4_random]  ┌── params: after GNG
[s4_random]  │  rank 0: ||m||=20.706  ||n||=36.067  corr(m,n)=+0.613
[s4_random]  │  rank 1: ||m||=19.717  ||n||=46.549  corr(m,n)=+0.524
[s4_random]  │  κ-Jacobian eigvals (gain·n^Tm/N): +1.8340+0.2777j  +1.8340-0.2777j
[s4_random]  │  Wi: ||·||_F=74.032  per-channel=24.98 25.11 39.45 39.49 18.15 19.21 20.31
[s4_random]  └──────────────────────────────────────────────────
[s4_random] ────────────────────────────────────────────────────────────
[s4_random]  STAGE: Dual   device=cuda:0   epochs=100
[s4_random]  freeze input dims:     [0, 1, 2, 3, 4, 5, 6]
[s4_random] ────────────────────────────────────────────────────────────
[s4_random]  data: [516, 444, 7] → [516, 444, 2]
[s4_random]  loss=separated  dpa_w=1.0  gng_w=1.0  aux_w=1.0  bl_w=1.0
Epoch 005/100 | lr: 0.01000 | train: 0.3387 | val: 0.3142
Epoch 010/100 | lr: 0.01000 | train: 0.2733 | val: 0.2757
Epoch 015/100 | lr: 0.01000 | train: 0.2329 | val: 0.2419
Epoch 020/100 | lr: 0.01000 | train: 0.2161 | val: 0.2030
Epoch 025/100 | lr: 0.01000 | train: 0.1888 | val: 0.1820
Epoch 030/100 | lr: 0.01000 | train: 0.1650 | val: 0.1682
Epoch 035/100 | lr: 0.01000 | train: 0.1448 | val: 0.1430
Epoch 040/100 | lr: 0.01000 | train: 0.1248 | val: 0.1228
Epoch 045/100 | lr: 0.01000 | train: 0.1076 | val: 0.1056
Epoch 050/100 | lr: 0.01000 | train: 0.0950 | val: 0.0942
Epoch 055/100 | lr: 0.01000 | train: 0.0860 | val: 0.0846
Epoch 060/100 | lr: 0.01000 | train: 0.0784 | val: 0.0785
Epoch 065/100 | lr: 0.01000 | train: 0.0732 | val: 0.0735
Epoch 070/100 | lr: 0.01000 | train: 0.0678 | val: 0.0686
Epoch 075/100 | lr: 0.01000 | train: 0.0616 | val: 0.0622
Epoch 080/100 | lr: 0.01000 | train: 0.0582 | val: 0.0608
Epoch 085/100 | lr: 0.01000 | train: 0.0568 | val: 0.0555
Epoch 090/100 | lr: 0.01000 | train: 0.0520 | val: 0.0535
Epoch 095/100 | lr: 0.01000 | train: 0.0493 | val: 0.0529
Epoch 100/100 | lr: 0.01000 | train: 0.0468 | val: 0.0493
[s4_random]  loss components: {'dpa': 0.0098, 'gng': 0.0331, 'baseline': 0.0064, 'aux': 0.0047}
[s4_random]   after Dual: dpa=1.000  gng=1.000
[s4_random]  Dual done in 862.1s  final train=0.0468  val=0.0493  dpa=1.000  gng=1.000
[s4_random]  ┌── params: after Dual
[s4_random]  │  rank 0: ||m||=26.419  ||n||=35.156  corr(m,n)=+0.557
[s4_random]  │  rank 1: ||m||=17.584  ||n||=60.857  corr(m,n)=+0.471
[s4_random]  │  κ-Jacobian eigvals (gain·n^Tm/N): +2.1619  +1.8280
[s4_random]  │  Wi: ||·||_F=74.032  per-channel=24.98 25.11 39.45 39.49 18.15 19.21 20.31
[s4_random]  └──────────────────────────────────────────────────
[s4_random] ════════════════════════════════════════════════════════════
[s4_random]  RUN COMPLETE  2026-06-05 01:46:53  total=2229.6s
[s4_random]  ACCURACY SUMMARY
[s4_random]    after DPA : dpa=1.000  gng=0.434
[s4_random]    after GNG : dpa=1.000  gng=1.000
[s4_random]    after Dual: dpa=1.000  gng=1.000  dual_dpa=1.000  dual_gng=1.000
[s4_random] ════════════════════════════════════════════════════════════
