[s8_cue2_nomnoise] ════════════════════════════════════════════════════════════
[s8_cue2_nomnoise]  RUN START  2026-06-08 14:31:23
[s8_cue2_nomnoise]  run_id=s8_cue2_nomnoise  seed=8  device=cuda:0
[s8_cue2_nomnoise]  arch:  hidden=512  rank=2  gain=1.0  input_size=7  params=6,144
[s8_cue2_nomnoise]  task:  cue_on_go=True  rwd=True  rwd_scale=1.0  freeze_input_stages=['dual']  init=random
[s8_cue2_nomnoise]  dynamics: alpha=0.0750  alpha_rec=0.1000  dt=0.0225  tau=0.3  tau_rec_frac=0.75
[s8_cue2_nomnoise]  noise:  input_sigma=0.3732 (×1.0)  model_sigma=0.0000 (×0.0)
[s8_cue2_nomnoise]  optim:  lr=0.01  wd=0.01  batch=64  n_batch=516  clip=None
[s8_cue2_nomnoise]  epochs: dpa=100  gng=100  dual=100  loss=separated
[s8_cue2_nomnoise]  shapes: m[512, 2]  n[512, 2]  Wi[512, 7]
[s8_cue2_nomnoise]  ┌── params: init
[s8_cue2_nomnoise]  │  rank 0: ||m||=21.882  ||n||=22.260  corr(m,n)=+0.051
[s8_cue2_nomnoise]  │  rank 1: ||m||=23.191  ||n||=22.746  corr(m,n)=+0.052
[s8_cue2_nomnoise]  │  κ-Jacobian eigvals (gain·n^Tm/N): +0.0400  +0.0614
[s8_cue2_nomnoise]  │  Wi: ||·||_F=58.682  per-channel=22.28 22.71 21.71 21.44 22.33 22.66 22.10
[s8_cue2_nomnoise]  └──────────────────────────────────────────────────
[s8_cue2_nomnoise] ────────────────────────────────────────────────────────────
[s8_cue2_nomnoise]  STAGE: DPA   device=cuda:0   epochs=100
[s8_cue2_nomnoise] ────────────────────────────────────────────────────────────
[s8_cue2_nomnoise]  data: [516, 444, 7] → [516, 444, 2]
Epoch 005/100 | lr: 0.01000 | train: 1.9654 | val: 1.9791
Epoch 010/100 | lr: 0.01000 | train: 1.5632 | val: 1.3712
Epoch 015/100 | lr: 0.01000 | train: 1.0543 | val: 1.0649
Epoch 020/100 | lr: 0.01000 | train: 0.9836 | val: 1.0114
Epoch 025/100 | lr: 0.01000 | train: 0.8918 | val: 0.9346
Epoch 030/100 | lr: 0.01000 | train: 0.6734 | val: 0.7263
Epoch 035/100 | lr: 0.01000 | train: 0.4573 | val: 0.5002
Epoch 040/100 | lr: 0.01000 | train: 0.3444 | val: 0.4228
Epoch 045/100 | lr: 0.01000 | train: 0.2803 | val: 0.3414
Epoch 050/100 | lr: 0.01000 | train: 0.2128 | val: 0.3065
Epoch 055/100 | lr: 0.01000 | train: 0.2012 | val: 0.2422
Epoch 060/100 | lr: 0.01000 | train: 0.1492 | val: 0.2175
Epoch 065/100 | lr: 0.01000 | train: 0.1521 | val: 0.2034
Epoch 070/100 | lr: 0.01000 | train: 0.1122 | val: 0.1805
Epoch 075/100 | lr: 0.00500 | train: 0.0932 | val: 0.1712
Epoch 080/100 | lr: 0.00250 | train: 0.0870 | val: 0.1703
Epoch 085/100 | lr: 0.00250 | train: 0.0837 | val: 0.1653
Epoch 090/100 | lr: 0.00125 | train: 0.0819 | val: 0.1657
Epoch 095/100 | lr: 0.00063 | train: 0.0809 | val: 0.1727
Epoch 100/100 | lr: 0.00031 | train: 0.0803 | val: 0.1682
[s8_cue2_nomnoise]   after DPA: dpa=0.998  gng=0.483
[s8_cue2_nomnoise]  DPA done in 743.8s  final train=0.0803  val=0.1682  dpa=0.998  gng=0.483
[s8_cue2_nomnoise]  ┌── params: after DPA
[s8_cue2_nomnoise]  │  rank 0: ||m||=35.705  ||n||=37.483  corr(m,n)=+0.808
[s8_cue2_nomnoise]  │  rank 1: ||m||=30.934  ||n||=49.768  corr(m,n)=+0.877
[s8_cue2_nomnoise]  │  κ-Jacobian eigvals (gain·n^Tm/N): +2.1143  +2.6347
[s8_cue2_nomnoise]  │  Wi: ||·||_F=59.980  per-channel=19.91 19.37 37.13 32.85 10.78 12.11 10.26
[s8_cue2_nomnoise]  └──────────────────────────────────────────────────
[s8_cue2_nomnoise] ────────────────────────────────────────────────────────────
[s8_cue2_nomnoise]  STAGE: GNG   device=cuda:0   epochs=100
[s8_cue2_nomnoise]  freeze recurrent cols: [0]
[s8_cue2_nomnoise]  freeze input dims:     [0, 1, 2, 3, 6]
[s8_cue2_nomnoise] ────────────────────────────────────────────────────────────
[s8_cue2_nomnoise]  data: [516, 266, 7] → [516, 266, 2]
Epoch 005/100 | lr: 0.01000 | train: 0.2054 | val: 0.2060
Epoch 010/100 | lr: 0.01000 | train: 0.1430 | val: 0.1534
Epoch 015/100 | lr: 0.01000 | train: 0.1204 | val: 0.1266
Epoch 020/100 | lr: 0.01000 | train: 0.1037 | val: 0.1075
Stopping: losses below 0.1.
[s8_cue2_nomnoise]   after GNG: dpa=1.000  gng=0.997
[s8_cue2_nomnoise]  GNG done in 103.8s  final train=0.0953  val=0.0975  dpa=1.000  gng=0.997
[s8_cue2_nomnoise]  ┌── params: after GNG
[s8_cue2_nomnoise]  │  rank 0: ||m||=35.705  ||n||=37.483  corr(m,n)=+0.808
[s8_cue2_nomnoise]  │  rank 1: ||m||=28.021  ||n||=48.102  corr(m,n)=+0.830
[s8_cue2_nomnoise]  │  κ-Jacobian eigvals (gain·n^Tm/N): +2.1114  +2.1850
[s8_cue2_nomnoise]  │  Wi: ||·||_F=60.748  per-channel=19.91 19.37 37.13 32.85 12.07 14.49 10.26
[s8_cue2_nomnoise]  └──────────────────────────────────────────────────
[s8_cue2_nomnoise] ────────────────────────────────────────────────────────────
[s8_cue2_nomnoise]  STAGE: Dual   device=cuda:0   epochs=100
[s8_cue2_nomnoise]  freeze recurrent cols: [0]
[s8_cue2_nomnoise]  freeze input dims:     [0, 1, 2, 3, 4, 5, 6]
[s8_cue2_nomnoise] ────────────────────────────────────────────────────────────
[s8_cue2_nomnoise]  data: [516, 444, 7] → [516, 444, 2]
[s8_cue2_nomnoise]  loss=separated  dpa_w=1.0  gng_w=1.0  go_w=1.0  nogo_w=1.0  aux_w=1.0  bl_w=1.0
Epoch 005/100 | lr: 0.01000 | train: 0.5138 | val: 0.5469
Epoch 010/100 | lr: 0.01000 | train: 0.4702 | val: 0.4936
Epoch 015/100 | lr: 0.01000 | train: 0.4251 | val: 0.4555
Epoch 020/100 | lr: 0.01000 | train: 0.4006 | val: 0.4168
Epoch 025/100 | lr: 0.01000 | train: 0.3791 | val: 0.3794
Epoch 030/100 | lr: 0.01000 | train: 0.3312 | val: 0.3656
Epoch 035/100 | lr: 0.01000 | train: 0.3168 | val: 0.3396
Epoch 040/100 | lr: 0.01000 | train: 0.3118 | val: 0.3159
Epoch 045/100 | lr: 0.01000 | train: 0.2773 | val: 0.3076
Epoch 050/100 | lr: 0.01000 | train: 0.2617 | val: 0.2831
Epoch 055/100 | lr: 0.01000 | train: 0.2445 | val: 0.2777
Epoch 060/100 | lr: 0.01000 | train: 0.2423 | val: 0.2589
Epoch 065/100 | lr: 0.01000 | train: 0.2275 | val: 0.2506
Epoch 070/100 | lr: 0.01000 | train: 0.2229 | val: 0.2397
Epoch 075/100 | lr: 0.01000 | train: 0.2091 | val: 0.2382
Epoch 080/100 | lr: 0.01000 | train: 0.2028 | val: 0.2275
Epoch 085/100 | lr: 0.01000 | train: 0.1951 | val: 0.2194
Epoch 090/100 | lr: 0.01000 | train: 0.1874 | val: 0.2121
Epoch 095/100 | lr: 0.01000 | train: 0.1821 | val: 0.2008
Epoch 100/100 | lr: 0.01000 | train: 0.1758 | val: 0.1934
[s8_cue2_nomnoise]  loss components: {'dpa': 0.132, 'gng': 0.0617, 'gng_go': 0.0463, 'gng_nogo': 0.0154, 'baseline': 0.0127, 'aux': 0.0146}
[s8_cue2_nomnoise]   after Dual: dpa=0.998  gng=1.000
[s8_cue2_nomnoise]  Dual done in 706.8s  final train=0.1758  val=0.1934  dpa=0.998  gng=1.000
[s8_cue2_nomnoise]  ┌── params: after Dual
[s8_cue2_nomnoise]  │  rank 0: ||m||=35.705  ||n||=37.483  corr(m,n)=+0.808
[s8_cue2_nomnoise]  │  rank 1: ||m||=24.700  ||n||=69.126  corr(m,n)=+0.714
[s8_cue2_nomnoise]  │  κ-Jacobian eigvals (gain·n^Tm/N): +2.0884  +2.4059
[s8_cue2_nomnoise]  │  Wi: ||·||_F=60.748  per-channel=19.91 19.37 37.13 32.85 12.07 14.49 10.26
[s8_cue2_nomnoise]  └──────────────────────────────────────────────────
[s8_cue2_nomnoise] ════════════════════════════════════════════════════════════
[s8_cue2_nomnoise]  RUN COMPLETE  2026-06-08 14:57:17  total=1560.6s
[s8_cue2_nomnoise]  ACCURACY SUMMARY
[s8_cue2_nomnoise]    after DPA : dpa=0.998  gng=0.483
[s8_cue2_nomnoise]    after GNG : dpa=1.000  gng=0.997
[s8_cue2_nomnoise]    after Dual: dpa=0.998  gng=1.000  dual_dpa=0.997  dual_gng=0.996
[s8_cue2_nomnoise] ════════════════════════════════════════════════════════════
