[s3_cue2_nomnoise] ════════════════════════════════════════════════════════════
[s3_cue2_nomnoise]  RUN START  2026-06-08 14:31:21
[s3_cue2_nomnoise]  run_id=s3_cue2_nomnoise  seed=3  device=cuda:1
[s3_cue2_nomnoise]  arch:  hidden=512  rank=2  gain=1.0  input_size=7  params=6,144
[s3_cue2_nomnoise]  task:  cue_on_go=True  rwd=True  rwd_scale=1.0  freeze_input_stages=['dual']  init=random
[s3_cue2_nomnoise]  dynamics: alpha=0.0750  alpha_rec=0.1000  dt=0.0225  tau=0.3  tau_rec_frac=0.75
[s3_cue2_nomnoise]  noise:  input_sigma=0.3732 (×1.0)  model_sigma=0.0000 (×0.0)
[s3_cue2_nomnoise]  optim:  lr=0.01  wd=0.01  batch=64  n_batch=516  clip=None
[s3_cue2_nomnoise]  epochs: dpa=100  gng=100  dual=100  loss=separated
[s3_cue2_nomnoise]  shapes: m[512, 2]  n[512, 2]  Wi[512, 7]
[s3_cue2_nomnoise]  ┌── params: init
[s3_cue2_nomnoise]  │  rank 0: ||m||=22.816  ||n||=22.436  corr(m,n)=+0.020
[s3_cue2_nomnoise]  │  rank 1: ||m||=21.350  ||n||=23.585  corr(m,n)=+0.075
[s3_cue2_nomnoise]  │  κ-Jacobian eigvals (gain·n^Tm/N): +0.0115  +0.0822
[s3_cue2_nomnoise]  │  Wi: ||·||_F=61.487  per-channel=24.64 23.94 21.69 23.93 23.19 21.98 23.15
[s3_cue2_nomnoise]  └──────────────────────────────────────────────────
[s3_cue2_nomnoise] ────────────────────────────────────────────────────────────
[s3_cue2_nomnoise]  STAGE: DPA   device=cuda:1   epochs=100
[s3_cue2_nomnoise] ────────────────────────────────────────────────────────────
[s3_cue2_nomnoise]  data: [516, 444, 7] → [516, 444, 2]
Epoch 005/100 | lr: 0.01000 | train: 1.9554 | val: 1.9454
Epoch 010/100 | lr: 0.01000 | train: 1.2476 | val: 1.0609
Epoch 015/100 | lr: 0.01000 | train: 1.0270 | val: 1.0196
Epoch 020/100 | lr: 0.01000 | train: 0.9776 | val: 0.9658
Epoch 025/100 | lr: 0.01000 | train: 0.8795 | val: 0.8427
Epoch 030/100 | lr: 0.01000 | train: 0.5313 | val: 0.5391
Epoch 035/100 | lr: 0.01000 | train: 0.4284 | val: 0.3969
Epoch 040/100 | lr: 0.01000 | train: 0.3021 | val: 0.4083
Epoch 045/100 | lr: 0.00500 | train: 0.4074 | val: 0.4304
Epoch 050/100 | lr: 0.00250 | train: 0.3215 | val: 0.3488
Epoch 055/100 | lr: 0.00250 | train: 0.3001 | val: 0.3360
Epoch 060/100 | lr: 0.00125 | train: 0.2886 | val: 0.3271
Epoch 065/100 | lr: 0.00125 | train: 0.2815 | val: 0.3260
Epoch 070/100 | lr: 0.00063 | train: 0.2731 | val: 0.3137
Epoch 075/100 | lr: 0.00063 | train: 0.2677 | val: 0.2992
Epoch 080/100 | lr: 0.00063 | train: 0.2633 | val: 0.2958
Epoch 085/100 | lr: 0.00063 | train: 0.2614 | val: 0.2898
Epoch 090/100 | lr: 0.00063 | train: 0.2572 | val: 0.2900
Epoch 095/100 | lr: 0.00063 | train: 0.2566 | val: 0.2851
Epoch 100/100 | lr: 0.00063 | train: 0.2613 | val: 0.2849
[s3_cue2_nomnoise]   after DPA: dpa=0.994  gng=0.488
[s3_cue2_nomnoise]  DPA done in 870.0s  final train=0.2613  val=0.2849  dpa=0.994  gng=0.488
[s3_cue2_nomnoise]  ┌── params: after DPA
[s3_cue2_nomnoise]  │  rank 0: ||m||=33.960  ||n||=34.572  corr(m,n)=+0.798
[s3_cue2_nomnoise]  │  rank 1: ||m||=39.398  ||n||=40.090  corr(m,n)=+0.811
[s3_cue2_nomnoise]  │  κ-Jacobian eigvals (gain·n^Tm/N): +2.1660+0.4277j  +2.1660-0.4277j
[s3_cue2_nomnoise]  │  Wi: ||·||_F=54.190  per-channel=17.31 16.86 24.52 34.66 12.18 12.88 15.35
[s3_cue2_nomnoise]  └──────────────────────────────────────────────────
[s3_cue2_nomnoise] ────────────────────────────────────────────────────────────
[s3_cue2_nomnoise]  STAGE: GNG   device=cuda:1   epochs=100
[s3_cue2_nomnoise]  freeze recurrent cols: [0]
[s3_cue2_nomnoise]  freeze input dims:     [0, 1, 2, 3, 6]
[s3_cue2_nomnoise] ────────────────────────────────────────────────────────────
[s3_cue2_nomnoise]  data: [516, 266, 7] → [516, 266, 2]
Epoch 005/100 | lr: 0.01000 | train: 0.4755 | val: 0.3226
Epoch 010/100 | lr: 0.01000 | train: 0.1088 | val: 0.0900
Stopping: losses below 0.1.
[s3_cue2_nomnoise]   after GNG: dpa=0.713  gng=1.000
[s3_cue2_nomnoise]  GNG done in 60.1s  final train=0.0956  val=0.0773  dpa=0.713  gng=1.000
[s3_cue2_nomnoise]  ┌── params: after GNG
[s3_cue2_nomnoise]  │  rank 0: ||m||=33.960  ||n||=34.572  corr(m,n)=+0.798
[s3_cue2_nomnoise]  │  rank 1: ||m||=35.936  ||n||=40.288  corr(m,n)=+0.825
[s3_cue2_nomnoise]  │  κ-Jacobian eigvals (gain·n^Tm/N): +2.0816+0.4347j  +2.0816-0.4347j
[s3_cue2_nomnoise]  │  Wi: ||·||_F=55.390  per-channel=17.31 16.86 24.52 34.66 13.71 16.06 15.35
[s3_cue2_nomnoise]  └──────────────────────────────────────────────────
[s3_cue2_nomnoise] ────────────────────────────────────────────────────────────
[s3_cue2_nomnoise]  STAGE: Dual   device=cuda:1   epochs=100
[s3_cue2_nomnoise]  freeze recurrent cols: [0]
[s3_cue2_nomnoise]  freeze input dims:     [0, 1, 2, 3, 4, 5, 6]
[s3_cue2_nomnoise] ────────────────────────────────────────────────────────────
[s3_cue2_nomnoise]  data: [516, 444, 7] → [516, 444, 2]
[s3_cue2_nomnoise]  loss=separated  dpa_w=1.0  gng_w=1.0  go_w=1.0  nogo_w=1.0  aux_w=1.0  bl_w=1.0
Epoch 005/100 | lr: 0.01000 | train: 0.8091 | val: 0.7971
Epoch 010/100 | lr: 0.01000 | train: 0.7854 | val: 0.7639
Epoch 015/100 | lr: 0.01000 | train: 0.7551 | val: 0.7309
Epoch 020/100 | lr: 0.01000 | train: 0.7322 | val: 0.7062
Epoch 025/100 | lr: 0.01000 | train: 0.7072 | val: 0.6910
Epoch 030/100 | lr: 0.01000 | train: 0.6947 | val: 0.6835
Epoch 035/100 | lr: 0.01000 | train: 0.6775 | val: 0.6698
Epoch 040/100 | lr: 0.01000 | train: 0.6702 | val: 0.6482
Epoch 045/100 | lr: 0.01000 | train: 0.6445 | val: 0.6365
Epoch 050/100 | lr: 0.01000 | train: 0.6358 | val: 0.6221
Epoch 055/100 | lr: 0.01000 | train: 0.6258 | val: 0.6183
Epoch 060/100 | lr: 0.01000 | train: 0.6124 | val: 0.6020
Epoch 065/100 | lr: 0.01000 | train: 0.5968 | val: 0.5931
Epoch 070/100 | lr: 0.01000 | train: 0.5875 | val: 0.5751
Epoch 075/100 | lr: 0.01000 | train: 0.5756 | val: 0.5759
Epoch 080/100 | lr: 0.01000 | train: 0.5659 | val: 0.5597
