[s0_lif] ════════════════════════════════════════════════════════════
[s0_lif]  RUN START  2026-06-09 17:19:33
[s0_lif]  run_id=s0_lif  seed=0  device=cuda:0
[s0_lif]  arch:  hidden=512  rank=2  gain=3.0  input_size=7  params=6,144
[s0_lif]  task:  cue_on_go=True  rwd=True  rwd_scale=1.0  freeze_input_stages=['gng', 'dual']  init=random
[s0_lif]  dynamics: alpha=0.0750  alpha_rec=0.1000  dt=0.0225  tau=0.3  tau_rec_frac=0.75
[s0_lif]  noise:  input_sigma=0.3732 (×1.0)  model_sigma=0.0000 (×0.0)
[s0_lif]  optim:  lr=0.01  wd=0.01  batch=64  n_batch=516  clip=None
[s0_lif]  epochs: dpa=100  gng=100  dual=200  loss=separated
[s0_lif]  shapes: m[512, 2]  n[512, 2]  Wi[512, 7]
[s0_lif]  ┌── params: init
[s0_lif]  │  rank 0: ||m||=22.187  ||n||=22.116  corr(m,n)=-0.011
[s0_lif]  │  rank 1: ||m||=22.375  ||n||=22.846  corr(m,n)=+0.037
[s0_lif]  │  κ-Jacobian eigvals (gain·n^Tm/N): +0.0397+0.1025j  +0.0397-0.1025j
[s0_lif]  │  Wi: ||·||_F=59.379  per-channel=22.21 22.79 22.15 22.73 21.77 21.92 23.48
[s0_lif]  └──────────────────────────────────────────────────
[s0_lif] ────────────────────────────────────────────────────────────
[s0_lif]  STAGE: DPA   device=cuda:0   epochs=100
[s0_lif]  freeze input dims:     [4, 5]
[s0_lif] ────────────────────────────────────────────────────────────
[s0_lif]  data: [516, 444, 7] → [516, 444, 2]
Epoch 005/100 | lr: 0.01000 | train: 1.9889 | val: 1.9680
Epoch 010/100 | lr: 0.01000 | train: 1.9727 | val: 1.9579
Epoch 015/100 | lr: 0.01000 | train: 1.8846 | val: 1.8153
Epoch 020/100 | lr: 0.01000 | train: 1.2715 | val: 1.1989
Epoch 025/100 | lr: 0.01000 | train: 1.0722 | val: 1.0115
Epoch 030/100 | lr: 0.01000 | train: 0.9603 | val: 0.9046
Epoch 035/100 | lr: 0.01000 | train: 0.8487 | val: 0.8006
Epoch 040/100 | lr: 0.01000 | train: 0.7328 | val: 0.6994
Epoch 045/100 | lr: 0.01000 | train: 0.6340 | val: 0.6126
Epoch 050/100 | lr: 0.01000 | train: 0.5761 | val: 0.5595
Epoch 055/100 | lr: 0.01000 | train: 0.5322 | val: 0.5222
Epoch 060/100 | lr: 0.01000 | train: 0.5028 | val: 0.5111
Epoch 065/100 | lr: 0.01000 | train: 0.5394 | val: 0.5014
Epoch 070/100 | lr: 0.01000 | train: 0.4836 | val: 0.4774
Epoch 075/100 | lr: 0.01000 | train: 0.4539 | val: 0.4507
Epoch 080/100 | lr: 0.01000 | train: 0.4389 | val: 0.4394
Epoch 085/100 | lr: 0.01000 | train: 0.4394 | val: 0.4361
Epoch 090/100 | lr: 0.01000 | train: 0.4174 | val: 0.4189
Epoch 095/100 | lr: 0.01000 | train: 0.6524 | val: 0.6122
Epoch 100/100 | lr: 0.01000 | train: 0.4189 | val: 0.4212
[s0_lif]   after DPA: dpa=0.998 (pair=1.000 unpair=0.996)  gng=0.490 (go=0.006 nogo=1.000)
[s0_lif]  DPA done in 735.1s  final train=0.4189  val=0.4212  dpa=0.998  gng=0.490
[s0_lif]  ┌── params: after DPA
[s0_lif]  │  rank 0: ||m||=44.849  ||n||=55.425  corr(m,n)=+0.922
[s0_lif]  │  rank 1: ||m||=39.827  ||n||=54.622  corr(m,n)=+0.757
[s0_lif]  │  κ-Jacobian eigvals (gain·n^Tm/N): +11.5384+0.2635j  +11.5384-0.2635j
[s0_lif]  │  Wi: ||·||_F=67.332  per-channel=31.48 21.87 29.67 30.67 21.77 21.92 17.00
[s0_lif]  └──────────────────────────────────────────────────
[s0_lif] ────────────────────────────────────────────────────────────
[s0_lif]  STAGE: GNG   device=cuda:0   epochs=100
[s0_lif]  freeze recurrent cols: [0]
[s0_lif]  freeze input dims:     [0, 1, 2, 3, 4, 5, 6]
[s0_lif] ────────────────────────────────────────────────────────────
[s0_lif]  data: [516, 266, 7] → [516, 266, 2]
Epoch 005/100 | lr: 0.01000 | train: 1.5835 | val: 1.6237
Epoch 010/100 | lr: 0.01000 | train: 1.2746 | val: 1.3311
Epoch 015/100 | lr: 0.01000 | train: 0.8856 | val: 1.0488
Epoch 020/100 | lr: 0.01000 | train: 0.6674 | val: 0.7686
Epoch 025/100 | lr: 0.01000 | train: 0.5181 | val: 0.6207
Epoch 030/100 | lr: 0.01000 | train: 0.4275 | val: 0.5152
Epoch 035/100 | lr: 0.01000 | train: 0.3729 | val: 0.4147
Epoch 040/100 | lr: 0.01000 | train: 0.2918 | val: 0.3443
Epoch 045/100 | lr: 0.01000 | train: 0.2423 | val: 0.2763
Epoch 050/100 | lr: 0.01000 | train: 0.2069 | val: 0.2347
Epoch 055/100 | lr: 0.01000 | train: 0.1824 | val: 0.2087
Epoch 060/100 | lr: 0.01000 | train: 0.1634 | val: 0.1830
Epoch 065/100 | lr: 0.01000 | train: 0.1387 | val: 0.1545
Epoch 070/100 | lr: 0.01000 | train: 0.1251 | val: 0.1371
Epoch 075/100 | lr: 0.01000 | train: 0.1113 | val: 0.1223
Epoch 080/100 | lr: 0.01000 | train: 0.1004 | val: 0.1092
Stopping: losses below 0.1.
[s0_lif]   after GNG: dpa=0.765 (pair=0.516 unpair=0.976)  gng=0.995 (go=0.998 nogo=0.992)
[s0_lif]  GNG done in 258.8s  final train=0.0963  val=0.0976  dpa=0.765  gng=0.995
[s0_lif]  ┌── params: after GNG
[s0_lif]  │  rank 0: ||m||=44.849  ||n||=55.425  corr(m,n)=+0.922
[s0_lif]  │  rank 1: ||m||=57.997  ||n||=74.550  corr(m,n)=+0.677
[s0_lif]  │  κ-Jacobian eigvals (gain·n^Tm/N): +14.8483  +15.7261
[s0_lif]  │  Wi: ||·||_F=67.332  per-channel=31.48 21.87 29.67 30.67 21.77 21.92 17.00
[s0_lif]  └──────────────────────────────────────────────────
[s0_lif] ────────────────────────────────────────────────────────────
[s0_lif]  STAGE: Dual   device=cuda:0   epochs=200
[s0_lif]  freeze recurrent cols: [0]
[s0_lif]  freeze input dims:     [0, 1, 2, 3, 4, 5, 6]
[s0_lif] ────────────────────────────────────────────────────────────
[s0_lif]  data: [516, 444, 7] → [516, 444, 2]
[s0_lif]  loss=separated  dpa_w=1.0  gng_w=1.0  go_w=1.0  nogo_w=2.0  aux_w=1.0  bl_w=1.0  go_hinge=1.0
Epoch 005/200 | lr: 0.01000 | train: 1.5038 | val: 1.4601
Epoch 010/200 | lr: 0.01000 | train: 1.3722 | val: 1.3492
Epoch 015/200 | lr: 0.01000 | train: 1.3064 | val: 1.2581
Epoch 020/200 | lr: 0.01000 | train: 1.2799 | val: 1.2535
Epoch 025/200 | lr: 0.01000 | train: 1.2582 | val: 1.2359
Epoch 030/200 | lr: 0.01000 | train: 1.2362 | val: 1.2266
Epoch 035/200 | lr: 0.01000 | train: 1.2449 | val: 1.2169
Epoch 040/200 | lr: 0.01000 | train: 1.2072 | val: 1.1973
Epoch 045/200 | lr: 0.01000 | train: 1.1887 | val: 1.1869
Epoch 050/200 | lr: 0.01000 | train: 1.1769 | val: 1.1815
Epoch 055/200 | lr: 0.01000 | train: 1.1618 | val: 1.1572
Epoch 060/200 | lr: 0.01000 | train: 1.1532 | val: 1.1573
Epoch 065/200 | lr: 0.01000 | train: 1.1474 | val: 1.1472
Epoch 070/200 | lr: 0.01000 | train: 1.1362 | val: 1.1415
Epoch 075/200 | lr: 0.01000 | train: 1.1219 | val: 1.1343
Epoch 080/200 | lr: 0.01000 | train: 1.1161 | val: 1.1323
Epoch 085/200 | lr: 0.01000 | train: 1.1119 | val: 1.1164
Epoch 090/200 | lr: 0.01000 | train: 1.1538 | val: 1.1574
Epoch 095/200 | lr: 0.01000 | train: 1.1009 | val: 1.1187
Epoch 100/200 | lr: 0.01000 | train: 1.0926 | val: 1.1089
Epoch 105/200 | lr: 0.01000 | train: 1.0948 | val: 1.1053
Epoch 110/200 | lr: 0.01000 | train: 1.0861 | val: 1.1011
Epoch 115/200 | lr: 0.01000 | train: 1.0847 | val: 1.1367
Epoch 120/200 | lr: 0.01000 | train: 1.0679 | val: 1.0956
Epoch 125/200 | lr: 0.01000 | train: 1.0599 | val: 1.0927
Epoch 130/200 | lr: 0.01000 | train: 1.0631 | val: 1.1214
Epoch 135/200 | lr: 0.01000 | train: 1.0560 | val: 1.0944
Epoch 140/200 | lr: 0.01000 | train: 1.0509 | val: 1.0853
Epoch 145/200 | lr: 0.01000 | train: 1.0449 | val: 1.0827
Epoch 150/200 | lr: 0.01000 | train: 1.0657 | val: 1.0891
Epoch 155/200 | lr: 0.01000 | train: 1.0437 | val: 1.0851
Epoch 160/200 | lr: 0.01000 | train: 1.0362 | val: 1.0767
Epoch 165/200 | lr: 0.01000 | train: 1.0333 | val: 1.0757
Epoch 170/200 | lr: 0.01000 | train: 1.0317 | val: 1.0720
Epoch 175/200 | lr: 0.01000 | train: 1.0585 | val: 1.1323
Epoch 180/200 | lr: 0.01000 | train: 1.0274 | val: 1.0679
Epoch 185/200 | lr: 0.01000 | train: 1.0236 | val: 1.0721
Epoch 190/200 | lr: 0.01000 | train: 1.0264 | val: 1.0792
Epoch 195/200 | lr: 0.01000 | train: 1.0323 | val: 1.0727
Epoch 200/200 | lr: 0.01000 | train: 1.0151 | val: 1.0650
[s0_lif]  loss components: {'dpa': 0.9373, 'gng': 0.1431, 'gng_go': 0.11, 'gng_nogo': 0.0166, 'baseline': 0.0168, 'aux': 0.0067}
[s0_lif]   after Dual: dpa=0.810 (pair=0.936 unpair=0.682)  gng=0.917 (go=1.000 nogo=0.830)
[s0_lif]  Dual done in 1011.6s  final train=1.0151  val=1.0650  dpa=0.810  gng=0.917
[s0_lif]  ┌── params: after Dual
[s0_lif]  │  rank 0: ||m||=44.849  ||n||=55.425  corr(m,n)=+0.922
[s0_lif]  │  rank 1: ||m||=68.708  ||n||=86.106  corr(m,n)=+0.535
[s0_lif]  │  κ-Jacobian eigvals (gain·n^Tm/N): +12.5832  +19.3871
[s0_lif]  │  Wi: ||·||_F=67.332  per-channel=31.48 21.87 29.67 30.67 21.77 21.92 17.00
[s0_lif]  └──────────────────────────────────────────────────
[s0_lif] ════════════════════════════════════════════════════════════
[s0_lif]  RUN COMPLETE  2026-06-09 17:52:58  total=2006.5s
[s0_lif]  ACCURACY SUMMARY
[s0_lif]    after DPA : dpa=0.998  gng=0.490
[s0_lif]    after GNG : dpa=0.765  gng=0.995
[s0_lif]    after Dual: dpa=0.810  gng=0.917  dual_dpa=0.651  dual_gng=0.987
[s0_lif] ════════════════════════════════════════════════════════════
