[s1_adam] ════════════════════════════════════════════════════════════
[s1_adam]  RUN START  2026-06-08 22:53:12
[s1_adam]  run_id=s1_adam  seed=1  device=cuda:1
[s1_adam]  arch:  hidden=512  rank=2  gain=1.0  input_size=7  params=6,144
[s1_adam]  task:  cue_on_go=True  rwd=True  rwd_scale=1.0  freeze_input_stages=['gng', 'dual']  init=random
[s1_adam]  dynamics: alpha=0.0750  alpha_rec=0.1000  dt=0.0225  tau=0.3  tau_rec_frac=0.75
[s1_adam]  noise:  input_sigma=0.3732 (×1.0)  model_sigma=0.0000 (×0.0)
[s1_adam]  optim:  lr=0.01  wd=0.01  batch=64  n_batch=516  clip=None
[s1_adam]  epochs: dpa=100  gng=100  dual=100  loss=separated
[s1_adam]  shapes: m[512, 2]  n[512, 2]  Wi[512, 7]
[s1_adam]  ┌── params: init
[s1_adam]  │  rank 0: ||m||=22.898  ||n||=22.288  corr(m,n)=-0.020
[s1_adam]  │  rank 1: ||m||=23.302  ||n||=22.428  corr(m,n)=+0.009
[s1_adam]  │  κ-Jacobian eigvals (gain·n^Tm/N): -0.0155  +0.0043
[s1_adam]  │  Wi: ||·||_F=58.820  per-channel=21.94 22.58 22.12 21.70 21.92 23.07 22.27
[s1_adam]  └──────────────────────────────────────────────────
[s1_adam]  DPA: loading checkpoint from results/dual/sweep_frzGNG/s1_frzGNG/dpa_s1_frzGNG.pth
[s1_adam]   after DPA: dpa=0.998 (pair=0.998 unpair=0.998)  gng=0.494 (go=0.004 nogo=1.000)
[s1_adam]  DPA done in 1.7s  (checkpoint)  dpa=0.998  gng=0.494
[s1_adam]  ┌── params: after DPA
[s1_adam]  │  rank 0: ||m||=37.873  ||n||=39.035  corr(m,n)=+0.822
[s1_adam]  │  rank 1: ||m||=31.468  ||n||=49.338  corr(m,n)=+0.839
[s1_adam]  │  κ-Jacobian eigvals (gain·n^Tm/N): +2.2823  +2.6348
[s1_adam]  │  Wi: ||·||_F=66.917  per-channel=20.57 21.55 32.00 35.32 21.92 23.07 17.53
[s1_adam]  └──────────────────────────────────────────────────
[s1_adam] ────────────────────────────────────────────────────────────
[s1_adam]  STAGE: GNG   device=cuda:1   epochs=100
[s1_adam]  freeze recurrent cols: [0]
[s1_adam]  freeze input dims:     [0, 1, 2, 3, 4, 5, 6]
[s1_adam] ────────────────────────────────────────────────────────────
[s1_adam]  data: [516, 266, 7] → [516, 266, 2]
Epoch 005/100 | lr: 0.01000 | train: 1.6693 | val: 1.7319
Epoch 010/100 | lr: 0.01000 | train: 1.2769 | val: 1.3317
Epoch 015/100 | lr: 0.01000 | train: 0.7198 | val: 0.7034
Epoch 020/100 | lr: 0.01000 | train: 0.4530 | val: 0.4634
Epoch 025/100 | lr: 0.01000 | train: 0.3285 | val: 0.3510
Epoch 030/100 | lr: 0.01000 | train: 0.2562 | val: 0.2868
Epoch 035/100 | lr: 0.01000 | train: 0.2120 | val: 0.2429
Epoch 040/100 | lr: 0.01000 | train: 0.1778 | val: 0.2059
Epoch 045/100 | lr: 0.01000 | train: 0.1486 | val: 0.1773
Epoch 050/100 | lr: 0.01000 | train: 0.1299 | val: 0.1576
Epoch 055/100 | lr: 0.01000 | train: 0.1146 | val: 0.1412
Epoch 060/100 | lr: 0.01000 | train: 0.1025 | val: 0.1278
Epoch 065/100 | lr: 0.01000 | train: 0.0904 | val: 0.1166
Epoch 070/100 | lr: 0.01000 | train: 0.0843 | val: 0.1074
Epoch 075/100 | lr: 0.01000 | train: 0.0740 | val: 0.1020
Stopping: losses below 0.1.
[s1_adam]   after GNG: dpa=0.949 (pair=0.990 unpair=0.910)  gng=0.996 (go=1.000 nogo=0.992)
[s1_adam]  GNG done in 334.5s  final train=0.0739  val=0.0985  dpa=0.949  gng=0.996
[s1_adam]  ┌── params: after GNG
[s1_adam]  │  rank 0: ||m||=37.873  ||n||=39.035  corr(m,n)=+0.822
[s1_adam]  │  rank 1: ||m||=31.612  ||n||=55.153  corr(m,n)=+0.726
[s1_adam]  │  κ-Jacobian eigvals (gain·n^Tm/N): +2.3788  +2.4654
[s1_adam]  │  Wi: ||·||_F=66.917  per-channel=20.57 21.55 32.00 35.32 21.92 23.07 17.53
[s1_adam]  └──────────────────────────────────────────────────
[s1_adam] ────────────────────────────────────────────────────────────
[s1_adam]  STAGE: Dual   device=cuda:1   epochs=100
[s1_adam]  freeze recurrent cols: [0]
[s1_adam]  freeze input dims:     [0, 1, 2, 3, 4, 5, 6]
[s1_adam] ────────────────────────────────────────────────────────────
[s1_adam]  data: [516, 444, 7] → [516, 444, 2]
[s1_adam]  loss=separated  dpa_w=1.0  gng_w=1.0  go_w=1.0  nogo_w=2.0  aux_w=1.0  bl_w=1.0  go_hinge=1.0
Epoch 005/100 | lr: 0.01000 | train: 0.7230 | val: 0.6763
Epoch 010/100 | lr: 0.01000 | train: 0.6288 | val: 0.6267
Epoch 015/100 | lr: 0.01000 | train: 0.5851 | val: 0.5771
Epoch 020/100 | lr: 0.01000 | train: 0.5397 | val: 0.5374
Epoch 025/100 | lr: 0.01000 | train: 0.5019 | val: 0.5144
Epoch 030/100 | lr: 0.01000 | train: 0.4712 | val: 0.4845
Epoch 035/100 | lr: 0.01000 | train: 0.4349 | val: 0.4574
Epoch 040/100 | lr: 0.01000 | train: 0.3935 | val: 0.4301
Epoch 045/100 | lr: 0.01000 | train: 0.3725 | val: 0.4065
Epoch 050/100 | lr: 0.01000 | train: 0.3554 | val: 0.3767
Epoch 055/100 | lr: 0.01000 | train: 0.3216 | val: 0.3525
Epoch 060/100 | lr: 0.01000 | train: 0.2879 | val: 0.3181
Epoch 065/100 | lr: 0.01000 | train: 0.2715 | val: 0.3100
Epoch 070/100 | lr: 0.01000 | train: 0.2532 | val: 0.2815
Epoch 075/100 | lr: 0.01000 | train: 0.2478 | val: 0.2734
Epoch 080/100 | lr: 0.01000 | train: 0.2245 | val: 0.2469
Epoch 085/100 | lr: 0.01000 | train: 0.2147 | val: 0.2401
Epoch 090/100 | lr: 0.01000 | train: 0.2039 | val: 0.2266
Epoch 095/100 | lr: 0.01000 | train: 0.1937 | val: 0.2200
Epoch 100/100 | lr: 0.01000 | train: 0.1744 | val: 0.2132
[s1_adam]  loss components: {'dpa': 0.0884, 'gng': 0.0551, 'gng_go': 0.0307, 'gng_nogo': 0.0122, 'baseline': 0.0216, 'aux': 0.0208}
[s1_adam]   after Dual: dpa=0.995 (pair=0.990 unpair=1.000)  gng=0.959 (go=0.919 nogo=1.000)
[s1_adam]  Dual done in 692.0s  final train=0.1744  val=0.2132  dpa=0.995  gng=0.959
[s1_adam]  ┌── params: after Dual
[s1_adam]  │  rank 0: ||m||=37.873  ||n||=39.035  corr(m,n)=+0.822
[s1_adam]  │  rank 1: ||m||=30.527  ||n||=75.927  corr(m,n)=+0.548
[s1_adam]  │  κ-Jacobian eigvals (gain·n^Tm/N): +2.2498  +2.6052
[s1_adam]  │  Wi: ||·||_F=66.917  per-channel=20.57 21.55 32.00 35.32 21.92 23.07 17.53
[s1_adam]  └──────────────────────────────────────────────────
[s1_adam] ════════════════════════════════════════════════════════════
[s1_adam]  RUN COMPLETE  2026-06-08 23:10:20  total=1030.1s
[s1_adam]  ACCURACY SUMMARY
[s1_adam]    after DPA : dpa=0.998  gng=0.494
[s1_adam]    after GNG : dpa=0.949  gng=0.996
[s1_adam]    after Dual: dpa=0.995  gng=0.959  dual_dpa=0.992  dual_gng=0.987
[s1_adam] ════════════════════════════════════════════════════════════
