[s2_tanh_reg] ════════════════════════════════════════════════════════════
[s2_tanh_reg]  RUN START  2026-06-09 13:48:15
[s2_tanh_reg]  run_id=s2_tanh_reg  seed=2  device=cuda:0
[s2_tanh_reg]  arch:  hidden=512  rank=2  gain=2.0  input_size=7  params=6,144
[s2_tanh_reg]  task:  cue_on_go=True  rwd=True  rwd_scale=1.0  freeze_input_stages=['gng', 'dual']  init=random
[s2_tanh_reg]  dynamics: alpha=0.0750  alpha_rec=0.1000  dt=0.0225  tau=0.3  tau_rec_frac=0.75
[s2_tanh_reg]  noise:  input_sigma=0.3732 (×1.0)  model_sigma=0.0000 (×0.0)
[s2_tanh_reg]  optim:  lr=0.01  wd=0.01  batch=64  n_batch=516  clip=None
[s2_tanh_reg]  epochs: dpa=100  gng=100  dual=200  loss=separated
[s2_tanh_reg]  shapes: m[512, 2]  n[512, 2]  Wi[512, 7]
[s2_tanh_reg]  ┌── params: init
[s2_tanh_reg]  │  rank 0: ||m||=22.730  ||n||=22.312  corr(m,n)=+0.023
[s2_tanh_reg]  │  rank 1: ||m||=22.626  ||n||=22.176  corr(m,n)=-0.024
[s2_tanh_reg]  │  κ-Jacobian eigvals (gain·n^Tm/N): +0.0690  -0.0706
[s2_tanh_reg]  │  Wi: ||·||_F=58.692  per-channel=22.57 21.62 22.94 22.02 22.37 21.28 22.45
[s2_tanh_reg]  └──────────────────────────────────────────────────
[s2_tanh_reg] ────────────────────────────────────────────────────────────
[s2_tanh_reg]  STAGE: DPA   device=cuda:0   epochs=100
[s2_tanh_reg]  freeze input dims:     [4, 5]
[s2_tanh_reg] ────────────────────────────────────────────────────────────
[s2_tanh_reg]  data: [516, 444, 7] → [516, 444, 2]
Epoch 005/100 | lr: 0.01000 | train: 1.9538 | val: 1.9470
Epoch 010/100 | lr: 0.01000 | train: 1.2183 | val: 1.0876
Epoch 015/100 | lr: 0.01000 | train: 1.0317 | val: 1.0152
Epoch 020/100 | lr: 0.01000 | train: 0.9526 | val: 0.9322
Epoch 025/100 | lr: 0.01000 | train: 0.7350 | val: 0.6804
Epoch 030/100 | lr: 0.01000 | train: 0.5066 | val: 0.4702
Epoch 035/100 | lr: 0.01000 | train: 0.4471 | val: 0.4412
Epoch 040/100 | lr: 0.01000 | train: 0.4303 | val: 0.3692
Epoch 045/100 | lr: 0.01000 | train: 0.4365 | val: 0.4292
Epoch 050/100 | lr: 0.01000 | train: 0.3643 | val: 0.3651
Epoch 055/100 | lr: 0.01000 | train: 0.3157 | val: 0.3182
Epoch 060/100 | lr: 0.01000 | train: 0.4046 | val: 0.3801
Epoch 065/100 | lr: 0.01000 | train: 0.3443 | val: 0.3433
Epoch 070/100 | lr: 0.01000 | train: 0.2881 | val: 0.3145
Epoch 075/100 | lr: 0.01000 | train: 0.2901 | val: 0.2784
Epoch 080/100 | lr: 0.01000 | train: 0.3016 | val: 0.3642
Epoch 085/100 | lr: 0.01000 | train: 0.2449 | val: 0.2514
Epoch 090/100 | lr: 0.01000 | train: 0.2128 | val: 0.2492
Epoch 095/100 | lr: 0.01000 | train: 0.2217 | val: 0.2133
Epoch 100/100 | lr: 0.01000 | train: 0.3256 | val: 0.3803
[s2_tanh_reg]   after DPA: dpa=0.997 (pair=0.996 unpair=0.998)  gng=0.519 (go=0.000 nogo=1.000)
[s2_tanh_reg]  DPA done in 454.7s  final train=0.3256  val=0.3803  dpa=0.997  gng=0.519
[s2_tanh_reg]  ┌── params: after DPA
[s2_tanh_reg]  │  rank 0: ||m||=33.067  ||n||=35.345  corr(m,n)=+0.753
[s2_tanh_reg]  │  rank 1: ||m||=34.468  ||n||=40.377  corr(m,n)=+0.793
[s2_tanh_reg]  │  κ-Jacobian eigvals (gain·n^Tm/N): +3.8760+0.6016j  +3.8760-0.6016j
[s2_tanh_reg]  │  Wi: ||·||_F=60.545  per-channel=18.68 18.46 32.71 26.46 22.37 21.28 15.89
[s2_tanh_reg]  └──────────────────────────────────────────────────
[s2_tanh_reg] ────────────────────────────────────────────────────────────
[s2_tanh_reg]  STAGE: GNG   device=cuda:0   epochs=100
[s2_tanh_reg]  freeze recurrent cols: [0]
[s2_tanh_reg]  freeze input dims:     [0, 1, 2, 3, 4, 5, 6]
[s2_tanh_reg] ────────────────────────────────────────────────────────────
[s2_tanh_reg]  data: [516, 266, 7] → [516, 266, 2]
Epoch 005/100 | lr: 0.01000 | train: 0.8943 | val: 0.8303
Epoch 010/100 | lr: 0.01000 | train: 0.4156 | val: 0.3791
Epoch 015/100 | lr: 0.01000 | train: 0.2758 | val: 0.2701
Epoch 020/100 | lr: 0.01000 | train: 0.2016 | val: 0.1728
Epoch 025/100 | lr: 0.01000 | train: 0.1609 | val: 0.1377
Epoch 030/100 | lr: 0.01000 | train: 0.1332 | val: 0.1171
Epoch 035/100 | lr: 0.01000 | train: 0.1139 | val: 0.0979
Epoch 040/100 | lr: 0.01000 | train: 0.0994 | val: 0.0902
Stopping: losses below 0.1.
[s2_tanh_reg]   after GNG: dpa=0.887 (pair=0.807 unpair=0.962)  gng=0.939 (go=1.000 nogo=0.887)
[s2_tanh_reg]  GNG done in 110.9s  final train=0.0994  val=0.0902  dpa=0.887  gng=0.939
[s2_tanh_reg]  ┌── params: after GNG
[s2_tanh_reg]  │  rank 0: ||m||=33.067  ||n||=35.345  corr(m,n)=+0.753
[s2_tanh_reg]  │  rank 1: ||m||=33.516  ||n||=45.425  corr(m,n)=+0.718
[s2_tanh_reg]  │  κ-Jacobian eigvals (gain·n^Tm/N): +3.8537+0.5761j  +3.8537-0.5761j
[s2_tanh_reg]  │  Wi: ||·||_F=60.545  per-channel=18.68 18.46 32.71 26.46 22.37 21.28 15.89
[s2_tanh_reg]  └──────────────────────────────────────────────────
[s2_tanh_reg] ────────────────────────────────────────────────────────────
[s2_tanh_reg]  STAGE: Dual   device=cuda:0   epochs=200
[s2_tanh_reg]  freeze recurrent cols: [0]
[s2_tanh_reg]  freeze input dims:     [0, 1, 2, 3, 4, 5, 6]
[s2_tanh_reg] ────────────────────────────────────────────────────────────
[s2_tanh_reg]  data: [516, 444, 7] → [516, 444, 2]
[s2_tanh_reg]  loss=separated  dpa_w=1.0  gng_w=1.0  go_w=1.0  nogo_w=2.0  aux_w=1.0  bl_w=1.0  go_hinge=1.0
[s2_tanh_reg]  κ₁ regularizer: weight=1.0  penalises gain·λ₁ > 1
Epoch 005/200 | lr: 0.01000 | train: 4.3234 | val: 1.5031
Epoch 010/200 | lr: 0.01000 | train: 1.8283 | val: 1.4818
Epoch 015/200 | lr: 0.01000 | train: 1.4614 | val: 1.4919
Epoch 020/200 | lr: 0.01000 | train: 1.4237 | val: 1.4793
Epoch 025/200 | lr: 0.01000 | train: 1.4130 | val: 1.4623
Epoch 030/200 | lr: 0.01000 | train: 1.4004 | val: 1.4448
Epoch 035/200 | lr: 0.01000 | train: 1.3910 | val: 1.4297
Epoch 040/200 | lr: 0.01000 | train: 1.3805 | val: 1.4157
Epoch 045/200 | lr: 0.01000 | train: 1.3722 | val: 1.4025
Epoch 050/200 | lr: 0.01000 | train: 1.3611 | val: 1.3908
Epoch 055/200 | lr: 0.01000 | train: 1.3494 | val: 1.3765
Epoch 060/200 | lr: 0.01000 | train: 1.3393 | val: 1.3628
Epoch 065/200 | lr: 0.01000 | train: 1.3272 | val: 1.3512
Epoch 070/200 | lr: 0.01000 | train: 1.3119 | val: 1.3380
Epoch 075/200 | lr: 0.01000 | train: 1.2971 | val: 1.3209
Epoch 080/200 | lr: 0.01000 | train: 1.2838 | val: 1.3020
Epoch 085/200 | lr: 0.01000 | train: 1.2661 | val: 1.2822
Epoch 090/200 | lr: 0.01000 | train: 1.2461 | val: 1.2585
Epoch 095/200 | lr: 0.01000 | train: 1.2253 | val: 1.2365
Epoch 100/200 | lr: 0.01000 | train: 1.2028 | val: 1.2088
Epoch 105/200 | lr: 0.01000 | train: 1.1720 | val: 1.1794
Epoch 110/200 | lr: 0.01000 | train: 1.1414 | val: 1.1519
Epoch 115/200 | lr: 0.01000 | train: 1.1093 | val: 1.1212
Epoch 120/200 | lr: 0.01000 | train: 1.0769 | val: 1.0860
Epoch 125/200 | lr: 0.01000 | train: 1.0455 | val: 1.0501
Epoch 130/200 | lr: 0.01000 | train: 1.0125 | val: 1.0221
Epoch 135/200 | lr: 0.01000 | train: 0.9764 | val: 0.9903
Epoch 140/200 | lr: 0.01000 | train: 0.9362 | val: 0.9559
Epoch 145/200 | lr: 0.01000 | train: 0.9045 | val: 0.9145
Epoch 150/200 | lr: 0.01000 | train: 0.8517 | val: 0.8813
Epoch 155/200 | lr: 0.01000 | train: 0.8015 | val: 0.8421
Epoch 160/200 | lr: 0.01000 | train: 0.7501 | val: 0.7992
Epoch 165/200 | lr: 0.01000 | train: 0.7154 | val: 0.7563
Epoch 170/200 | lr: 0.01000 | train: 0.6720 | val: 0.7534
Epoch 175/200 | lr: 0.01000 | train: 0.6365 | val: 0.7180
Epoch 180/200 | lr: 0.01000 | train: 0.6127 | val: 0.6566
Epoch 185/200 | lr: 0.01000 | train: 0.5728 | val: 0.6320
Epoch 190/200 | lr: 0.01000 | train: 0.5504 | val: 0.6472
Epoch 195/200 | lr: 0.01000 | train: 0.5177 | val: 0.5612
Epoch 200/200 | lr: 0.01000 | train: 0.5140 | val: 0.5660
[s2_tanh_reg]  loss components: {'dpa': 0.3797, 'gng': 0.1115, 'gng_go': 0.0481, 'gng_nogo': 0.0317, 'baseline': 0.0209, 'aux': 0.0093}
[s2_tanh_reg]   after Dual: dpa=0.998 (pair=0.998 unpair=0.998)  gng=0.997 (go=0.994 nogo=1.000)
[s2_tanh_reg]  Dual done in 1226.4s  final train=0.5140  val=0.5660  dpa=0.998  gng=0.997
[s2_tanh_reg]  ┌── params: after Dual
[s2_tanh_reg]  │  rank 0: ||m||=33.067  ||n||=35.345  corr(m,n)=+0.753
[s2_tanh_reg]  │  rank 1: ||m||=38.448  ||n||=72.308  corr(m,n)=+0.092
[s2_tanh_reg]  │  κ-Jacobian eigvals (gain·n^Tm/N): +3.4159  +1.0256
[s2_tanh_reg]  │  Wi: ||·||_F=60.545  per-channel=18.68 18.46 32.71 26.46 22.37 21.28 15.89
[s2_tanh_reg]  └──────────────────────────────────────────────────
[s2_tanh_reg] ════════════════════════════════════════════════════════════
[s2_tanh_reg]  RUN COMPLETE  2026-06-09 14:18:07  total=1793.0s
[s2_tanh_reg]  ACCURACY SUMMARY
[s2_tanh_reg]    after DPA : dpa=0.997  gng=0.519
[s2_tanh_reg]    after GNG : dpa=0.887  gng=0.939
[s2_tanh_reg]    after Dual: dpa=0.998  gng=0.997  dual_dpa=0.895  dual_gng=0.993
[s2_tanh_reg] ════════════════════════════════════════════════════════════
