[s9_cont] ════════════════════════════════════════════════════════════
[s9_cont]  RUN START  2026-06-09 01:14:41
[s9_cont]  run_id=s9_cont  seed=9  device=cuda:1
[s9_cont]  arch:  hidden=512  rank=2  gain=1.0  input_size=7  params=6,144
[s9_cont]  task:  cue_on_go=True  rwd=True  rwd_scale=1.0  freeze_input_stages=['gng', 'dual']  init=random
[s9_cont]  dynamics: alpha=0.0750  alpha_rec=0.1000  dt=0.0225  tau=0.3  tau_rec_frac=0.75
[s9_cont]  noise:  input_sigma=0.3732 (×1.0)  model_sigma=0.0000 (×0.0)
[s9_cont]  optim:  lr=0.01  wd=0.01  batch=64  n_batch=516  clip=None
[s9_cont]  epochs: dpa=100  gng=100  dual=100  loss=separated
[s9_cont]  shapes: m[512, 2]  n[512, 2]  Wi[512, 7]
[s9_cont]  ┌── params: init
[s9_cont]  │  rank 0: ||m||=23.029  ||n||=22.465  corr(m,n)=+0.028
[s9_cont]  │  rank 1: ||m||=22.407  ||n||=23.814  corr(m,n)=+0.019
[s9_cont]  │  κ-Jacobian eigvals (gain·n^Tm/N): +0.0303  +0.0176
[s9_cont]  │  Wi: ||·||_F=60.662  per-channel=22.99 23.55 22.57 23.32 22.36 21.71 23.91
[s9_cont]  └──────────────────────────────────────────────────
[s9_cont]  DPA: loading checkpoint from results/dual/sweep_adam2/s9_adam2/dpa_s9_adam2.pth
[s9_cont]   after DPA: dpa=0.998 (pair=1.000 unpair=0.996)  gng=0.486 (go=0.011 nogo=0.986)
[s9_cont]  DPA done in 1.8s  (checkpoint)  dpa=0.998  gng=0.486
[s9_cont]  ┌── params: after DPA
[s9_cont]  │  rank 0: ||m||=38.462  ||n||=35.488  corr(m,n)=+0.769
[s9_cont]  │  rank 1: ||m||=41.391  ||n||=43.703  corr(m,n)=+0.780
[s9_cont]  │  κ-Jacobian eigvals (gain·n^Tm/N): +2.4028+0.6076j  +2.4028-0.6076j
[s9_cont]  │  Wi: ||·||_F=64.216  per-channel=16.37 18.94 35.54 30.99 22.36 21.71 17.38
[s9_cont]  └──────────────────────────────────────────────────
[s9_cont]  GNG: loading checkpoint from results/dual/sweep_noHinge2/s9_noHinge2/expert_s9_noHinge2.pth
[s9_cont]   after GNG: dpa=0.938 (pair=0.947 unpair=0.930)  gng=1.000 (go=1.000 nogo=1.000)
[s9_cont]  GNG done in 1.5s  (checkpoint)  dpa=0.938  gng=1.000
[s9_cont]  ┌── params: after GNG
[s9_cont]  │  rank 0: ||m||=38.462  ||n||=35.488  corr(m,n)=+0.769
[s9_cont]  │  rank 1: ||m||=42.383  ||n||=64.046  corr(m,n)=+0.489
[s9_cont]  │  κ-Jacobian eigvals (gain·n^Tm/N): +2.3207+0.3066j  +2.3207-0.3066j
[s9_cont]  │  Wi: ||·||_F=64.216  per-channel=16.37 18.94 35.54 30.99 22.36 21.71 17.38
[s9_cont]  └──────────────────────────────────────────────────
[s9_cont] ────────────────────────────────────────────────────────────
[s9_cont]  STAGE: Dual   device=cuda:1   epochs=100
[s9_cont]  freeze recurrent cols: [0]
[s9_cont]  freeze input dims:     [0, 1, 2, 3, 4, 5, 6]
[s9_cont] ────────────────────────────────────────────────────────────
[s9_cont]  data: [516, 444, 7] → [516, 444, 2]
[s9_cont]  loss=separated  dpa_w=1.0  gng_w=1.0  go_w=1.0  nogo_w=2.0  aux_w=1.0  bl_w=1.0  go_hinge=None
Epoch 005/100 | lr: 0.01000 | train: 0.8725 | val: 0.8023
Epoch 010/100 | lr: 0.01000 | train: 0.8614 | val: 0.7896
Epoch 015/100 | lr: 0.01000 | train: 0.8335 | val: 0.7948
Epoch 020/100 | lr: 0.01000 | train: 0.8264 | val: 0.7837
Epoch 025/100 | lr: 0.01000 | train: 0.7971 | val: 0.7660
Epoch 030/100 | lr: 0.01000 | train: 0.7830 | val: 0.7630
Epoch 035/100 | lr: 0.01000 | train: 0.7764 | val: 0.7439
Epoch 040/100 | lr: 0.01000 | train: 0.7714 | val: 0.7427
Epoch 045/100 | lr: 0.01000 | train: 0.7660 | val: 0.7224
Epoch 050/100 | lr: 0.01000 | train: 0.7505 | val: 0.7085
Epoch 055/100 | lr: 0.01000 | train: 0.7404 | val: 0.6956
Epoch 060/100 | lr: 0.01000 | train: 0.7312 | val: 0.7011
Epoch 065/100 | lr: 0.01000 | train: 0.7120 | val: 0.7001
Epoch 070/100 | lr: 0.01000 | train: 0.7064 | val: 0.6991
Epoch 075/100 | lr: 0.01000 | train: 0.6979 | val: 0.6883
Epoch 080/100 | lr: 0.01000 | train: 0.6983 | val: 0.6851
Epoch 085/100 | lr: 0.01000 | train: 0.6807 | val: 0.6756
Epoch 090/100 | lr: 0.01000 | train: 0.6804 | val: 0.6680
Epoch 095/100 | lr: 0.01000 | train: 0.6711 | val: 0.6580
Epoch 100/100 | lr: 0.01000 | train: 0.6612 | val: 0.6619
[s9_cont]  loss components: {'dpa': 0.5029, 'gng': 0.1233, 'gng_go': 0.1033, 'gng_nogo': 0.01, 'baseline': 0.0159, 'aux': 0.0081}
[s9_cont]   after Dual: dpa=0.953 (pair=0.970 unpair=0.935)  gng=1.000 (go=1.000 nogo=1.000)
[s9_cont]  Dual done in 730.7s  final train=0.6612  val=0.6619  dpa=0.953  gng=1.000
[s9_cont]  ┌── params: after Dual
[s9_cont]  │  rank 0: ||m||=38.462  ||n||=35.488  corr(m,n)=+0.769
[s9_cont]  │  rank 1: ||m||=48.177  ||n||=75.580  corr(m,n)=+0.411
[s9_cont]  │  κ-Jacobian eigvals (gain·n^Tm/N): +2.4870+0.2832j  +2.4870-0.2832j
[s9_cont]  │  Wi: ||·||_F=64.216  per-channel=16.37 18.94 35.54 30.99 22.36 21.71 17.38
[s9_cont]  └──────────────────────────────────────────────────
[s9_cont] ════════════════════════════════════════════════════════════
[s9_cont]  RUN COMPLETE  2026-06-09 01:26:55  total=735.7s
[s9_cont]  ACCURACY SUMMARY
[s9_cont]    after DPA : dpa=0.998  gng=0.486
[s9_cont]    after GNG : dpa=0.938  gng=1.000
[s9_cont]    after Dual: dpa=0.953  gng=1.000  dual_dpa=0.827  dual_gng=0.993
[s9_cont] ════════════════════════════════════════════════════════════
