[s5_nogo1] ════════════════════════════════════════════════════════════
[s5_nogo1]  RUN START  2026-06-09 02:23:25
[s5_nogo1]  run_id=s5_nogo1  seed=5  device=cuda:1
[s5_nogo1]  arch:  hidden=512  rank=2  gain=1.0  input_size=7  params=6,144
[s5_nogo1]  task:  cue_on_go=True  rwd=True  rwd_scale=1.0  freeze_input_stages=['gng', 'dual']  init=random
[s5_nogo1]  dynamics: alpha=0.0750  alpha_rec=0.1000  dt=0.0225  tau=0.3  tau_rec_frac=0.75
[s5_nogo1]  noise:  input_sigma=0.3732 (×1.0)  model_sigma=0.0000 (×0.0)
[s5_nogo1]  optim:  lr=0.01  wd=0.01  batch=64  n_batch=516  clip=None
[s5_nogo1]  epochs: dpa=100  gng=100  dual=100  loss=separated
[s5_nogo1]  shapes: m[512, 2]  n[512, 2]  Wi[512, 7]
[s5_nogo1]  ┌── params: init
[s5_nogo1]  │  rank 0: ||m||=23.437  ||n||=22.965  corr(m,n)=+0.028
[s5_nogo1]  │  rank 1: ||m||=22.893  ||n||=23.012  corr(m,n)=+0.061
[s5_nogo1]  │  κ-Jacobian eigvals (gain·n^Tm/N): +0.0320  +0.0594
[s5_nogo1]  │  Wi: ||·||_F=58.987  per-channel=22.32 23.25 22.23 22.01 21.84 22.14 22.26
[s5_nogo1]  └──────────────────────────────────────────────────
[s5_nogo1]  DPA: loading checkpoint from results/dual/sweep_hingeGNG/s5_hingeGNG/dpa_s5_hingeGNG.pth
[s5_nogo1]   after DPA: dpa=0.999 (pair=1.000 unpair=0.998)  gng=0.470 (go=0.023 nogo=0.920)
[s5_nogo1]  DPA done in 1.0s  (checkpoint)  dpa=0.999  gng=0.470
[s5_nogo1]  ┌── params: after DPA
[s5_nogo1]  │  rank 0: ||m||=37.549  ||n||=39.656  corr(m,n)=+0.807
[s5_nogo1]  │  rank 1: ||m||=33.323  ||n||=52.505  corr(m,n)=+0.781
[s5_nogo1]  │  κ-Jacobian eigvals (gain·n^Tm/N): +2.2472  +2.7685
[s5_nogo1]  │  Wi: ||·||_F=66.558  per-channel=22.18 20.22 32.31 35.98 21.84 22.14 14.95
[s5_nogo1]  └──────────────────────────────────────────────────
[s5_nogo1]  GNG: loading checkpoint from results/dual/sweep_hingeGNG/s5_hingeGNG/naive_s5_hingeGNG.pth
[s5_nogo1]   after GNG: dpa=0.993 (pair=0.994 unpair=0.992)  gng=0.986 (go=1.000 nogo=0.972)
[s5_nogo1]  GNG done in 1.2s  (checkpoint)  dpa=0.993  gng=0.986
[s5_nogo1]  ┌── params: after GNG
[s5_nogo1]  │  rank 0: ||m||=37.549  ||n||=39.656  corr(m,n)=+0.807
[s5_nogo1]  │  rank 1: ||m||=33.236  ||n||=58.142  corr(m,n)=+0.680
[s5_nogo1]  │  κ-Jacobian eigvals (gain·n^Tm/N): +2.1406  +2.7727
[s5_nogo1]  │  Wi: ||·||_F=66.558  per-channel=22.18 20.22 32.31 35.98 21.84 22.14 14.95
[s5_nogo1]  └──────────────────────────────────────────────────
[s5_nogo1] ────────────────────────────────────────────────────────────
[s5_nogo1]  STAGE: Dual   device=cuda:1   epochs=100
[s5_nogo1]  freeze recurrent cols: [0]
[s5_nogo1]  freeze input dims:     [0, 1, 2, 3, 4, 5, 6]
[s5_nogo1] ────────────────────────────────────────────────────────────
[s5_nogo1]  data: [516, 444, 7] → [516, 444, 2]
[s5_nogo1]  loss=separated  dpa_w=1.0  gng_w=1.0  go_w=1.0  nogo_w=1.0  aux_w=1.0  bl_w=1.0  go_hinge=1.0
Epoch 005/100 | lr: 0.01000 | train: 0.7492 | val: 0.7441
Epoch 010/100 | lr: 0.01000 | train: 0.6639 | val: 0.6788
Epoch 015/100 | lr: 0.01000 | train: 0.5763 | val: 0.5999
Epoch 020/100 | lr: 0.01000 | train: 0.5000 | val: 0.5273
Epoch 025/100 | lr: 0.01000 | train: 0.4362 | val: 0.4737
Epoch 030/100 | lr: 0.01000 | train: 0.3787 | val: 0.4300
Epoch 035/100 | lr: 0.01000 | train: 0.3374 | val: 0.3961
Epoch 040/100 | lr: 0.01000 | train: 0.2987 | val: 0.3881
Epoch 045/100 | lr: 0.01000 | train: 0.3078 | val: 0.3476
Epoch 050/100 | lr: 0.01000 | train: 0.2569 | val: 0.3317
Epoch 055/100 | lr: 0.01000 | train: 0.2376 | val: 0.3191
Epoch 060/100 | lr: 0.01000 | train: 0.2222 | val: 0.3148
Epoch 065/100 | lr: 0.01000 | train: 0.2100 | val: 0.2970
Epoch 070/100 | lr: 0.01000 | train: 0.2002 | val: 0.2882
Epoch 075/100 | lr: 0.01000 | train: 0.2032 | val: 0.2692
Epoch 080/100 | lr: 0.01000 | train: 0.1819 | val: 0.2734
Epoch 085/100 | lr: 0.01000 | train: 0.1713 | val: 0.2674
Epoch 090/100 | lr: 0.01000 | train: 0.1660 | val: 0.2611
Epoch 095/100 | lr: 0.01000 | train: 0.1698 | val: 0.2545
Epoch 100/100 | lr: 0.01000 | train: 0.1574 | val: 0.2584
[s5_nogo1]  loss components: {'dpa': 0.0829, 'gng': 0.2703, 'gng_go': 0.2313, 'gng_nogo': 0.039, 'baseline': 0.0258, 'aux': 0.0185}
[s5_nogo1]   after Dual: dpa=0.991 (pair=0.983 unpair=1.000)  gng=0.999 (go=0.998 nogo=1.000)
[s5_nogo1]  Dual done in 707.8s  final train=0.1574  val=0.2584  dpa=0.991  gng=0.999
[s5_nogo1]  ┌── params: after Dual
[s5_nogo1]  │  rank 0: ||m||=37.549  ||n||=39.656  corr(m,n)=+0.807
[s5_nogo1]  │  rank 1: ||m||=35.310  ||n||=81.243  corr(m,n)=+0.522
[s5_nogo1]  │  κ-Jacobian eigvals (gain·n^Tm/N): +2.3180  +2.9551
[s5_nogo1]  │  Wi: ||·||_F=66.558  per-channel=22.18 20.22 32.31 35.98 21.84 22.14 14.95
[s5_nogo1]  └──────────────────────────────────────────────────
[s5_nogo1] ════════════════════════════════════════════════════════════
[s5_nogo1]  RUN COMPLETE  2026-06-09 02:35:15  total=711.9s
[s5_nogo1]  ACCURACY SUMMARY
[s5_nogo1]    after DPA : dpa=0.999  gng=0.470
[s5_nogo1]    after GNG : dpa=0.993  gng=0.986
[s5_nogo1]    after Dual: dpa=0.991  gng=0.999  dual_dpa=0.991  dual_gng=0.985
[s5_nogo1] ════════════════════════════════════════════════════════════
