[s7_relu] ════════════════════════════════════════════════════════════
[s7_relu]  RUN START  2026-06-09 04:21:00
[s7_relu]  run_id=s7_relu  seed=7  device=cuda:0
[s7_relu]  arch:  hidden=512  rank=2  gain=1.0  input_size=7  params=6,144
[s7_relu]  task:  cue_on_go=True  rwd=True  rwd_scale=1.0  freeze_input_stages=['gng', 'dual']  init=random
[s7_relu]  dynamics: alpha=0.0750  alpha_rec=0.1000  dt=0.0225  tau=0.3  tau_rec_frac=0.75
[s7_relu]  noise:  input_sigma=0.3732 (×1.0)  model_sigma=0.0000 (×0.0)
[s7_relu]  optim:  lr=0.01  wd=0.01  batch=64  n_batch=516  clip=None
[s7_relu]  epochs: dpa=100  gng=100  dual=100  loss=separated
[s7_relu]  shapes: m[512, 2]  n[512, 2]  Wi[512, 7]
[s7_relu]  ┌── params: init
[s7_relu]  │  rank 0: ||m||=23.340  ||n||=23.513  corr(m,n)=-0.046
[s7_relu]  │  rank 1: ||m||=23.236  ||n||=22.508  corr(m,n)=-0.042
[s7_relu]  │  κ-Jacobian eigvals (gain·n^Tm/N): -0.0464+0.0483j  -0.0464-0.0483j
[s7_relu]  │  Wi: ||·||_F=60.688  per-channel=22.83 22.36 23.30 23.06 23.69 22.16 23.12
[s7_relu]  └──────────────────────────────────────────────────
[s7_relu] ────────────────────────────────────────────────────────────
[s7_relu]  STAGE: DPA   device=cuda:0   epochs=100
[s7_relu]  freeze input dims:     [4, 5]
[s7_relu] ────────────────────────────────────────────────────────────
[s7_relu]  data: [516, 444, 7] → [516, 444, 2]
Epoch 005/100 | lr: 0.01000 | train: 1.9845 | val: 1.9777
Epoch 010/100 | lr: 0.01000 | train: 1.8954 | val: 1.8498
Epoch 015/100 | lr: 0.01000 | train: 1.0363 | val: 0.9832
Epoch 020/100 | lr: 0.01000 | train: 0.8397 | val: 0.7754
Epoch 025/100 | lr: 0.01000 | train: 0.6138 | val: 0.5516
Epoch 030/100 | lr: 0.01000 | train: 0.4038 | val: 0.3358
Epoch 035/100 | lr: 0.01000 | train: 0.1565 | val: 0.1279
Stopping: losses below 0.1.
[s7_relu]   after DPA: dpa=1.000 (pair=1.000 unpair=1.000)  gng=0.494 (go=0.000 nogo=1.000)
[s7_relu]  DPA done in 1311.4s  final train=0.0922  val=0.0811  dpa=1.000  gng=0.494
[s7_relu]  ┌── params: after DPA
[s7_relu]  │  rank 0: ||m||=39.427  ||n||=30.703  corr(m,n)=+0.736
[s7_relu]  │  rank 1: ||m||=34.694  ||n||=30.331  corr(m,n)=+0.747
[s7_relu]  │  κ-Jacobian eigvals (gain·n^Tm/N): +1.8794  +1.3960
[s7_relu]  │  Wi: ||·||_F=71.583  per-channel=25.32 22.81 34.67 33.65 23.69 22.16 24.00
[s7_relu]  └──────────────────────────────────────────────────
[s7_relu] ────────────────────────────────────────────────────────────
[s7_relu]  STAGE: GNG   device=cuda:0   epochs=100
[s7_relu]  freeze recurrent cols: [0]
[s7_relu]  freeze input dims:     [0, 1, 2, 3, 4, 5, 6]
[s7_relu] ────────────────────────────────────────────────────────────
[s7_relu]  data: [516, 266, 7] → [516, 266, 2]
Epoch 005/100 | lr: 0.01000 | train: 0.9186 | val: 0.7707
Epoch 010/100 | lr: 0.01000 | train: 0.3821 | val: 0.3134
Epoch 015/100 | lr: 0.01000 | train: 0.2337 | val: 0.2039
Epoch 020/100 | lr: 0.01000 | train: 0.1672 | val: 0.1457
Epoch 025/100 | lr: 0.01000 | train: 0.1274 | val: 0.1121
Epoch 030/100 | lr: 0.01000 | train: 0.0966 | val: 0.0864
Stopping: losses below 0.1.
[s7_relu]   after GNG: dpa=0.479 (pair=0.464 unpair=0.494)  gng=0.994 (go=1.000 nogo=0.988)
[s7_relu]  GNG done in 639.4s  final train=0.0966  val=0.0864  dpa=0.479  gng=0.994
[s7_relu]  ┌── params: after GNG
[s7_relu]  │  rank 0: ||m||=39.427  ||n||=30.703  corr(m,n)=+0.736
[s7_relu]  │  rank 1: ||m||=42.201  ||n||=33.187  corr(m,n)=+0.718
[s7_relu]  │  κ-Jacobian eigvals (gain·n^Tm/N): +1.8520+0.2353j  +1.8520-0.2353j
[s7_relu]  │  Wi: ||·||_F=71.583  per-channel=25.32 22.81 34.67 33.65 23.69 22.16 24.00
[s7_relu]  └──────────────────────────────────────────────────
[s7_relu] ────────────────────────────────────────────────────────────
[s7_relu]  STAGE: Dual   device=cuda:0   epochs=100
[s7_relu]  freeze recurrent cols: [0]
[s7_relu]  freeze input dims:     [0, 1, 2, 3, 4, 5, 6]
[s7_relu] ────────────────────────────────────────────────────────────
[s7_relu]  data: [516, 444, 7] → [516, 444, 2]
[s7_relu]  loss=separated  dpa_w=1.0  gng_w=1.0  go_w=1.0  nogo_w=2.0  aux_w=1.0  bl_w=1.0  go_hinge=1.0
Epoch 005/100 | lr: 0.01000 | train: 1.0027 | val: 0.8609
Epoch 010/100 | lr: 0.01000 | train: 0.5513 | val: 0.5937
Epoch 015/100 | lr: 0.01000 | train: 0.5354 | val: 0.5831
Epoch 020/100 | lr: 0.01000 | train: 0.5276 | val: 0.5751
Epoch 025/100 | lr: 0.01000 | train: 0.5180 | val: 0.5589
Epoch 030/100 | lr: 0.01000 | train: 0.5123 | val: 0.5465
Epoch 035/100 | lr: 0.01000 | train: 0.4938 | val: 0.5335
Epoch 040/100 | lr: 0.01000 | train: 0.4880 | val: 0.5162
Epoch 045/100 | lr: 0.01000 | train: 0.4734 | val: 0.5017
Epoch 050/100 | lr: 0.01000 | train: 0.4624 | val: 0.4886
Epoch 055/100 | lr: 0.01000 | train: 0.4533 | val: 0.4730
Epoch 060/100 | lr: 0.01000 | train: 0.4440 | val: 0.4604
Epoch 065/100 | lr: 0.01000 | train: 0.4232 | val: 0.4417
Epoch 070/100 | lr: 0.01000 | train: 0.4115 | val: 0.4294
Epoch 075/100 | lr: 0.01000 | train: 0.3971 | val: 0.4143
Epoch 080/100 | lr: 0.01000 | train: 0.3849 | val: 0.3972
Epoch 085/100 | lr: 0.01000 | train: 0.3674 | val: 0.3842
Epoch 090/100 | lr: 0.01000 | train: 0.3539 | val: 0.3669
Epoch 095/100 | lr: 0.01000 | train: 0.3434 | val: 0.3515
Epoch 100/100 | lr: 0.01000 | train: 0.3334 | val: 0.3371
[s7_relu]  loss components: {'dpa': 0.0775, 'gng': 0.2767, 'gng_go': 0.1972, 'gng_nogo': 0.0397, 'baseline': 0.0045, 'aux': 0.006}
[s7_relu]   after Dual: dpa=1.000 (pair=1.000 unpair=1.000)  gng=0.999 (go=1.000 nogo=0.998)
[s7_relu]  Dual done in 3326.0s  final train=0.3334  val=0.3371  dpa=1.000  gng=0.999
[s7_relu]  ┌── params: after Dual
[s7_relu]  │  rank 0: ||m||=39.427  ||n||=30.703  corr(m,n)=+0.736
[s7_relu]  │  rank 1: ||m||=39.645  ||n||=33.189  corr(m,n)=+0.630
[s7_relu]  │  κ-Jacobian eigvals (gain·n^Tm/N): +1.6790+0.0914j  +1.6790-0.0914j
[s7_relu]  │  Wi: ||·||_F=71.583  per-channel=25.32 22.81 34.67 33.65 23.69 22.16 24.00
[s7_relu]  └──────────────────────────────────────────────────
[s7_relu] ════════════════════════════════════════════════════════════
[s7_relu]  RUN COMPLETE  2026-06-09 05:48:57  total=5282.9s
[s7_relu]  ACCURACY SUMMARY
[s7_relu]    after DPA : dpa=1.000  gng=0.494
[s7_relu]    after GNG : dpa=0.479  gng=0.994
[s7_relu]    after Dual: dpa=1.000  gng=0.999  dual_dpa=0.987  dual_gng=0.979
[s7_relu] ════════════════════════════════════════════════════════════
