[s9_random] ════════════════════════════════════════════════════════════
[s9_random]  RUN START  2026-06-04 23:34:38
[s9_random]  run_id=s9_random  seed=9  device=cuda:1
[s9_random]  arch:  hidden=512  rank=2  gain=2.0  input_size=7  params=6,144
[s9_random]  task:  cue_on_go=True  rwd=True  freeze_input_stages=['gng', 'dual']  init=random
[s9_random]  dynamics: alpha=0.0750  alpha_rec=0.1000  dt=0.0225  tau=0.3  tau_rec_frac=0.75
[s9_random]  noise:  input_sigma=0.1866 (×0.5)  model_sigma=0.0000 (×0.0)
[s9_random]  optim:  lr=0.01  wd=0.01  batch=64  n_batch=516  clip=1.0
[s9_random]  epochs: dpa=100  gng=100  dual=100  loss=separated
[s9_random]  shapes: m[512, 2]  n[512, 2]  Wi[512, 7]
[s9_random]  ┌── params: init
[s9_random]  │  rank 0: ||m||=23.029  ||n||=22.465  corr(m,n)=+0.028
[s9_random]  │  rank 1: ||m||=22.407  ||n||=23.814  corr(m,n)=+0.019
[s9_random]  │  κ-Jacobian eigvals (gain·n^Tm/N): +0.0606  +0.0351
[s9_random]  │  Wi: ||·||_F=60.662  per-channel=22.99 23.55 22.57 23.32 22.36 21.71 23.91
[s9_random]  └──────────────────────────────────────────────────
[s9_random] ────────────────────────────────────────────────────────────
[s9_random]  STAGE: DPA   device=cuda:1   epochs=100
[s9_random] ────────────────────────────────────────────────────────────
[s9_random]  data: [516, 444, 7] → [516, 444, 2]
Epoch 005/100 | lr: 0.01000 | train: 1.8976 | val: 1.7921
Epoch 010/100 | lr: 0.01000 | train: 1.0964 | val: 1.0543
Epoch 015/100 | lr: 0.01000 | train: 0.8305 | val: 0.7790
Epoch 020/100 | lr: 0.01000 | train: 0.4913 | val: 0.4857
Epoch 025/100 | lr: 0.01000 | train: 0.3485 | val: 0.3806
Epoch 030/100 | lr: 0.01000 | train: 0.2777 | val: 0.2769
Epoch 035/100 | lr: 0.01000 | train: 0.2168 | val: 0.2336
Epoch 040/100 | lr: 0.01000 | train: 0.1960 | val: 0.1815
Epoch 045/100 | lr: 0.01000 | train: 0.1929 | val: 0.1934
Epoch 050/100 | lr: 0.00500 | train: 0.1447 | val: 0.1642
Epoch 055/100 | lr: 0.00500 | train: 0.1157 | val: 0.1664
Epoch 060/100 | lr: 0.00500 | train: 0.1084 | val: 0.1574
Epoch 065/100 | lr: 0.00500 | train: 0.1002 | val: 0.1076
Epoch 070/100 | lr: 0.00500 | train: 0.1131 | val: 0.0958
Epoch 075/100 | lr: 0.00500 | train: 0.1098 | val: 0.0896
Epoch 080/100 | lr: 0.00500 | train: 0.0955 | val: 0.1127
Epoch 085/100 | lr: 0.00250 | train: 0.0813 | val: 0.0840
Epoch 090/100 | lr: 0.00250 | train: 0.0655 | val: 0.1122
Epoch 095/100 | lr: 0.00125 | train: 0.0624 | val: 0.1191
Epoch 100/100 | lr: 0.00063 | train: 0.0590 | val: 0.1300
[s9_random]   after DPA: dpa=1.000  gng=0.431
[s9_random]  DPA done in 718.5s  final train=0.0590  val=0.1300  dpa=1.000  gng=0.431
[s9_random]  ┌── params: after DPA
[s9_random]  │  rank 0: ||m||=20.465  ||n||=35.020  corr(m,n)=+0.639
[s9_random]  │  rank 1: ||m||=24.688  ||n||=37.650  corr(m,n)=+0.764
[s9_random]  │  κ-Jacobian eigvals (gain·n^Tm/N): +2.0816  +2.4816
[s9_random]  │  Wi: ||·||_F=69.377  per-channel=22.37 23.96 33.55 38.31 19.40 17.68 21.36
[s9_random]  └──────────────────────────────────────────────────
[s9_random] ────────────────────────────────────────────────────────────
[s9_random]  STAGE: GNG   device=cuda:1   epochs=100
[s9_random]  freeze recurrent cols: [0]
[s9_random]  freeze input dims:     [0, 1, 2, 3, 4, 5, 6]
[s9_random] ────────────────────────────────────────────────────────────
[s9_random]  data: [516, 266, 7] → [516, 266, 2]
Epoch 005/100 | lr: 0.01000 | train: 0.8954 | val: 0.8905
Epoch 010/100 | lr: 0.01000 | train: 0.4573 | val: 0.3790
Epoch 015/100 | lr: 0.01000 | train: 0.3417 | val: 0.3009
Epoch 020/100 | lr: 0.01000 | train: 0.3006 | val: 0.2625
Epoch 025/100 | lr: 0.01000 | train: 0.2666 | val: 0.2361
Epoch 030/100 | lr: 0.01000 | train: 0.2439 | val: 0.2160
Epoch 035/100 | lr: 0.01000 | train: 0.2215 | val: 0.1971
Epoch 040/100 | lr: 0.01000 | train: 0.2050 | val: 0.1839
Epoch 045/100 | lr: 0.01000 | train: 0.1892 | val: 0.1721
Epoch 050/100 | lr: 0.01000 | train: 0.1762 | val: 0.1610
Epoch 055/100 | lr: 0.01000 | train: 0.1654 | val: 0.1521
Epoch 060/100 | lr: 0.01000 | train: 0.1566 | val: 0.1428
Epoch 065/100 | lr: 0.01000 | train: 0.1482 | val: 0.1373
Epoch 070/100 | lr: 0.01000 | train: 0.1420 | val: 0.1307
Epoch 075/100 | lr: 0.01000 | train: 0.1362 | val: 0.1259
Epoch 080/100 | lr: 0.01000 | train: 0.1315 | val: 0.1219
Epoch 085/100 | lr: 0.01000 | train: 0.1266 | val: 0.1182
Epoch 090/100 | lr: 0.01000 | train: 0.1231 | val: 0.1139
Epoch 095/100 | lr: 0.01000 | train: 0.1195 | val: 0.1112
Epoch 100/100 | lr: 0.01000 | train: 0.1165 | val: 0.1079
[s9_random]   after GNG: dpa=0.996  gng=0.999
[s9_random]  GNG done in 445.8s  final train=0.1165  val=0.1079  dpa=0.996  gng=0.999
[s9_random]  ┌── params: after GNG
[s9_random]  │  rank 0: ||m||=20.465  ||n||=35.020  corr(m,n)=+0.639
[s9_random]  │  rank 1: ||m||=21.907  ||n||=44.311  corr(m,n)=+0.530
[s9_random]  │  κ-Jacobian eigvals (gain·n^Tm/N): +1.9004+0.3755j  +1.9004-0.3755j
[s9_random]  │  Wi: ||·||_F=69.377  per-channel=22.37 23.96 33.55 38.31 19.40 17.68 21.36
[s9_random]  └──────────────────────────────────────────────────
[s9_random] ────────────────────────────────────────────────────────────
[s9_random]  STAGE: Dual   device=cuda:1   epochs=100
[s9_random]  freeze input dims:     [0, 1, 2, 3, 4, 5, 6]
[s9_random] ────────────────────────────────────────────────────────────
[s9_random]  data: [516, 444, 7] → [516, 444, 2]
[s9_random]  loss=separated  dpa_w=1.0  gng_w=1.0  aux_w=1.0  bl_w=1.0
Epoch 005/100 | lr: 0.01000 | train: 0.5049 | val: 0.5223
Epoch 010/100 | lr: 0.01000 | train: 0.4696 | val: 0.4875
Epoch 015/100 | lr: 0.01000 | train: 0.4240 | val: 0.4477
Epoch 020/100 | lr: 0.01000 | train: 0.4211 | val: 0.4373
Epoch 025/100 | lr: 0.01000 | train: 0.3749 | val: 0.3893
Epoch 030/100 | lr: 0.01000 | train: 0.3624 | val: 0.3697
Epoch 035/100 | lr: 0.01000 | train: 0.2821 | val: 0.2815
Epoch 040/100 | lr: 0.01000 | train: 0.1972 | val: 0.2104
Epoch 045/100 | lr: 0.01000 | train: 0.1579 | val: 0.1626
Epoch 050/100 | lr: 0.01000 | train: 0.1352 | val: 0.1417
Epoch 055/100 | lr: 0.01000 | train: 0.1186 | val: 0.1197
Epoch 060/100 | lr: 0.01000 | train: 0.1057 | val: 0.1087
Epoch 065/100 | lr: 0.01000 | train: 0.0957 | val: 0.1005
Epoch 070/100 | lr: 0.01000 | train: 0.0891 | val: 0.0958
Epoch 075/100 | lr: 0.01000 | train: 0.0810 | val: 0.0858
Epoch 080/100 | lr: 0.01000 | train: 0.0763 | val: 0.0777
Epoch 085/100 | lr: 0.01000 | train: 0.0711 | val: 0.0740
Epoch 090/100 | lr: 0.01000 | train: 0.0673 | val: 0.0690
Epoch 095/100 | lr: 0.01000 | train: 0.0628 | val: 0.0644
Epoch 100/100 | lr: 0.01000 | train: 0.0594 | val: 0.0619
[s9_random]  loss components: {'dpa': 0.0165, 'gng': 0.0358, 'baseline': 0.0059, 'aux': 0.0041}
[s9_random]   after Dual: dpa=1.000  gng=1.000
[s9_random]  Dual done in 719.1s  final train=0.0594  val=0.0619  dpa=1.000  gng=1.000
[s9_random]  ┌── params: after Dual
[s9_random]  │  rank 0: ||m||=25.203  ||n||=35.952  corr(m,n)=+0.559
[s9_random]  │  rank 1: ||m||=19.343  ||n||=58.469  corr(m,n)=+0.461
[s9_random]  │  κ-Jacobian eigvals (gain·n^Tm/N): +1.9020  +2.1117
[s9_random]  │  Wi: ||·||_F=69.377  per-channel=22.37 23.96 33.55 38.31 19.40 17.68 21.36
[s9_random]  └──────────────────────────────────────────────────
[s9_random] ════════════════════════════════════════════════════════════
[s9_random]  RUN COMPLETE  2026-06-05 00:06:01  total=1885.3s
[s9_random]  ACCURACY SUMMARY
[s9_random]    after DPA : dpa=1.000  gng=0.431
[s9_random]    after GNG : dpa=0.996  gng=0.999
[s9_random]    after Dual: dpa=1.000  gng=1.000  dual_dpa=1.000  dual_gng=0.982
[s9_random] ════════════════════════════════════════════════════════════
