[s9_hingeGNG] ════════════════════════════════════════════════════════════
[s9_hingeGNG]  RUN START  2026-06-09 01:47:15
[s9_hingeGNG]  run_id=s9_hingeGNG  seed=9  device=cuda:1
[s9_hingeGNG]  arch:  hidden=512  rank=2  gain=1.0  input_size=7  params=6,144
[s9_hingeGNG]  task:  cue_on_go=True  rwd=True  rwd_scale=1.0  freeze_input_stages=['gng', 'dual']  init=random
[s9_hingeGNG]  dynamics: alpha=0.0750  alpha_rec=0.1000  dt=0.0225  tau=0.3  tau_rec_frac=0.75
[s9_hingeGNG]  noise:  input_sigma=0.3732 (×1.0)  model_sigma=0.0000 (×0.0)
[s9_hingeGNG]  optim:  lr=0.01  wd=0.01  batch=64  n_batch=516  clip=None
[s9_hingeGNG]  epochs: dpa=100  gng=100  dual=100  loss=separated
[s9_hingeGNG]  shapes: m[512, 2]  n[512, 2]  Wi[512, 7]
[s9_hingeGNG]  ┌── params: init
[s9_hingeGNG]  │  rank 0: ||m||=23.029  ||n||=22.465  corr(m,n)=+0.028
[s9_hingeGNG]  │  rank 1: ||m||=22.407  ||n||=23.814  corr(m,n)=+0.019
[s9_hingeGNG]  │  κ-Jacobian eigvals (gain·n^Tm/N): +0.0303  +0.0176
[s9_hingeGNG]  │  Wi: ||·||_F=60.662  per-channel=22.99 23.55 22.57 23.32 22.36 21.71 23.91
[s9_hingeGNG]  └──────────────────────────────────────────────────
[s9_hingeGNG]  DPA: loading checkpoint from results/dual/sweep_adam2/s9_adam2/dpa_s9_adam2.pth
[s9_hingeGNG]   after DPA: dpa=0.998 (pair=1.000 unpair=0.996)  gng=0.486 (go=0.011 nogo=0.986)
[s9_hingeGNG]  DPA done in 1.3s  (checkpoint)  dpa=0.998  gng=0.486
[s9_hingeGNG]  ┌── params: after DPA
[s9_hingeGNG]  │  rank 0: ||m||=38.462  ||n||=35.488  corr(m,n)=+0.769
[s9_hingeGNG]  │  rank 1: ||m||=41.391  ||n||=43.703  corr(m,n)=+0.780
[s9_hingeGNG]  │  κ-Jacobian eigvals (gain·n^Tm/N): +2.4028+0.6076j  +2.4028-0.6076j
[s9_hingeGNG]  │  Wi: ||·||_F=64.216  per-channel=16.37 18.94 35.54 30.99 22.36 21.71 17.38
[s9_hingeGNG]  └──────────────────────────────────────────────────
[s9_hingeGNG] ────────────────────────────────────────────────────────────
[s9_hingeGNG]  STAGE: GNG   device=cuda:1   epochs=100
[s9_hingeGNG]  freeze recurrent cols: [0]
[s9_hingeGNG]  freeze input dims:     [0, 1, 2, 3, 4, 5, 6]
[s9_hingeGNG] ────────────────────────────────────────────────────────────
[s9_hingeGNG]  data: [516, 266, 7] → [516, 266, 2]
Epoch 005/100 | lr: 0.01000 | train: 0.7763 | val: 0.7018
Epoch 010/100 | lr: 0.01000 | train: 0.3798 | val: 0.4065
Epoch 015/100 | lr: 0.01000 | train: 0.2593 | val: 0.2896
Epoch 020/100 | lr: 0.01000 | train: 0.2052 | val: 0.2227
Epoch 025/100 | lr: 0.01000 | train: 0.1594 | val: 0.1758
Epoch 030/100 | lr: 0.01000 | train: 0.1349 | val: 0.1454
Epoch 035/100 | lr: 0.01000 | train: 0.1155 | val: 0.1212
Epoch 040/100 | lr: 0.01000 | train: 0.0958 | val: 0.1028
Stopping: losses below 0.1.
[s9_hingeGNG]   after GNG: dpa=0.756 (pair=0.645 unpair=0.867)  gng=0.980 (go=1.000 nogo=0.961)
[s9_hingeGNG]  GNG done in 197.5s  final train=0.0929  val=0.0999  dpa=0.756  gng=0.980
[s9_hingeGNG]  ┌── params: after GNG
[s9_hingeGNG]  │  rank 0: ||m||=38.462  ||n||=35.488  corr(m,n)=+0.769
[s9_hingeGNG]  │  rank 1: ||m||=41.570  ||n||=48.472  corr(m,n)=+0.742
[s9_hingeGNG]  │  κ-Jacobian eigvals (gain·n^Tm/N): +2.4855+0.4394j  +2.4855-0.4394j
[s9_hingeGNG]  │  Wi: ||·||_F=64.216  per-channel=16.37 18.94 35.54 30.99 22.36 21.71 17.38
[s9_hingeGNG]  └──────────────────────────────────────────────────
[s9_hingeGNG] ────────────────────────────────────────────────────────────
[s9_hingeGNG]  STAGE: Dual   device=cuda:1   epochs=100
[s9_hingeGNG]  freeze recurrent cols: [0]
[s9_hingeGNG]  freeze input dims:     [0, 1, 2, 3, 4, 5, 6]
[s9_hingeGNG] ────────────────────────────────────────────────────────────
[s9_hingeGNG]  data: [516, 444, 7] → [516, 444, 2]
[s9_hingeGNG]  loss=separated  dpa_w=1.0  gng_w=1.0  go_w=1.0  nogo_w=2.0  aux_w=1.0  bl_w=1.0  go_hinge=1.0
Epoch 005/100 | lr: 0.01000 | train: 1.1315 | val: 0.9794
Epoch 010/100 | lr: 0.01000 | train: 0.9969 | val: 0.8705
Epoch 015/100 | lr: 0.01000 | train: 0.9219 | val: 0.8271
Epoch 020/100 | lr: 0.01000 | train: 0.8847 | val: 0.8077
Epoch 025/100 | lr: 0.01000 | train: 0.8595 | val: 0.7893
Epoch 030/100 | lr: 0.01000 | train: 0.8264 | val: 0.7466
Epoch 035/100 | lr: 0.01000 | train: 0.8015 | val: 0.7427
Epoch 040/100 | lr: 0.01000 | train: 0.7801 | val: 0.7431
Epoch 045/100 | lr: 0.01000 | train: 0.7471 | val: 0.6883
Epoch 050/100 | lr: 0.01000 | train: 0.7165 | val: 0.6806
Epoch 055/100 | lr: 0.01000 | train: 0.6956 | val: 0.6583
Epoch 060/100 | lr: 0.01000 | train: 0.6713 | val: 0.6331
Epoch 065/100 | lr: 0.01000 | train: 0.6423 | val: 0.6408
Epoch 070/100 | lr: 0.01000 | train: 0.6339 | val: 0.6104
Epoch 075/100 | lr: 0.01000 | train: 0.6311 | val: 0.5983
Epoch 080/100 | lr: 0.01000 | train: 0.5995 | val: 0.5725
Epoch 085/100 | lr: 0.01000 | train: 0.5820 | val: 0.5591
Epoch 090/100 | lr: 0.01000 | train: 0.5710 | val: 0.5577
Epoch 095/100 | lr: 0.01000 | train: 0.5557 | val: 0.5319
Epoch 100/100 | lr: 0.01000 | train: 0.5392 | val: 0.5204
[s9_hingeGNG]  loss components: {'dpa': 0.2467, 'gng': 0.1762, 'gng_go': 0.1033, 'gng_nogo': 0.0365, 'baseline': 0.0111, 'aux': 0.0072}
[s9_hingeGNG]   after Dual: dpa=0.998 (pair=0.996 unpair=1.000)  gng=1.000 (go=1.000 nogo=1.000)
[s9_hingeGNG]  Dual done in 811.0s  final train=0.5392  val=0.5204  dpa=0.998  gng=1.000
[s9_hingeGNG]  ┌── params: after Dual
[s9_hingeGNG]  │  rank 0: ||m||=38.462  ||n||=35.488  corr(m,n)=+0.769
[s9_hingeGNG]  │  rank 1: ||m||=32.757  ||n||=63.463  corr(m,n)=+0.568
[s9_hingeGNG]  │  κ-Jacobian eigvals (gain·n^Tm/N): +2.1782+0.2345j  +2.1782-0.2345j
[s9_hingeGNG]  │  Wi: ||·||_F=64.216  per-channel=16.37 18.94 35.54 30.99 22.36 21.71 17.38
[s9_hingeGNG]  └──────────────────────────────────────────────────
[s9_hingeGNG] ════════════════════════════════════════════════════════════
[s9_hingeGNG]  RUN COMPLETE  2026-06-09 02:04:05  total=1011.8s
[s9_hingeGNG]  ACCURACY SUMMARY
[s9_hingeGNG]    after DPA : dpa=0.998  gng=0.486
[s9_hingeGNG]    after GNG : dpa=0.756  gng=0.980
[s9_hingeGNG]    after Dual: dpa=0.998  gng=1.000  dual_dpa=0.927  dual_gng=0.990
[s9_hingeGNG] ════════════════════════════════════════════════════════════
