[s7_hingeGNG] ════════════════════════════════════════════════════════════
[s7_hingeGNG]  RUN START  2026-06-09 01:47:15
[s7_hingeGNG]  run_id=s7_hingeGNG  seed=7  device=cuda:1
[s7_hingeGNG]  arch:  hidden=512  rank=2  gain=1.0  input_size=7  params=6,144
[s7_hingeGNG]  task:  cue_on_go=True  rwd=True  rwd_scale=1.0  freeze_input_stages=['gng', 'dual']  init=random
[s7_hingeGNG]  dynamics: alpha=0.0750  alpha_rec=0.1000  dt=0.0225  tau=0.3  tau_rec_frac=0.75
[s7_hingeGNG]  noise:  input_sigma=0.3732 (×1.0)  model_sigma=0.0000 (×0.0)
[s7_hingeGNG]  optim:  lr=0.01  wd=0.01  batch=64  n_batch=516  clip=None
[s7_hingeGNG]  epochs: dpa=100  gng=100  dual=100  loss=separated
[s7_hingeGNG]  shapes: m[512, 2]  n[512, 2]  Wi[512, 7]
[s7_hingeGNG]  ┌── params: init
[s7_hingeGNG]  │  rank 0: ||m||=23.340  ||n||=23.513  corr(m,n)=-0.046
[s7_hingeGNG]  │  rank 1: ||m||=23.236  ||n||=22.508  corr(m,n)=-0.042
[s7_hingeGNG]  │  κ-Jacobian eigvals (gain·n^Tm/N): -0.0464+0.0483j  -0.0464-0.0483j
[s7_hingeGNG]  │  Wi: ||·||_F=60.688  per-channel=22.83 22.36 23.30 23.06 23.69 22.16 23.12
[s7_hingeGNG]  └──────────────────────────────────────────────────
[s7_hingeGNG]  DPA: loading checkpoint from results/dual/sweep_adam2/s7_adam2/dpa_s7_adam2.pth
[s7_hingeGNG]   after DPA: dpa=0.992 (pair=0.996 unpair=0.988)  gng=0.371 (go=0.264 nogo=0.472)
[s7_hingeGNG]  DPA done in 1.5s  (checkpoint)  dpa=0.992  gng=0.371
[s7_hingeGNG]  ┌── params: after DPA
[s7_hingeGNG]  │  rank 0: ||m||=37.818  ||n||=40.230  corr(m,n)=+0.820
[s7_hingeGNG]  │  rank 1: ||m||=34.739  ||n||=51.588  corr(m,n)=+0.782
[s7_hingeGNG]  │  κ-Jacobian eigvals (gain·n^Tm/N): +2.3596  +2.8164
[s7_hingeGNG]  │  Wi: ||·||_F=67.648  per-channel=21.67 22.28 34.43 34.98 23.69 22.16 12.20
[s7_hingeGNG]  └──────────────────────────────────────────────────
[s7_hingeGNG] ────────────────────────────────────────────────────────────
[s7_hingeGNG]  STAGE: GNG   device=cuda:1   epochs=100
[s7_hingeGNG]  freeze recurrent cols: [0]
[s7_hingeGNG]  freeze input dims:     [0, 1, 2, 3, 4, 5, 6]
[s7_hingeGNG] ────────────────────────────────────────────────────────────
[s7_hingeGNG]  data: [516, 266, 7] → [516, 266, 2]
Epoch 005/100 | lr: 0.01000 | train: 1.0623 | val: 0.8908
Epoch 010/100 | lr: 0.01000 | train: 0.5321 | val: 0.4766
Epoch 015/100 | lr: 0.01000 | train: 0.3814 | val: 0.3459
Epoch 020/100 | lr: 0.01000 | train: 0.2722 | val: 0.2576
Epoch 025/100 | lr: 0.01000 | train: 0.2125 | val: 0.2099
Epoch 030/100 | lr: 0.01000 | train: 0.1813 | val: 0.1733
Epoch 035/100 | lr: 0.01000 | train: 0.1523 | val: 0.1522
Epoch 040/100 | lr: 0.01000 | train: 0.1319 | val: 0.1332
Epoch 045/100 | lr: 0.01000 | train: 0.1171 | val: 0.1178
Epoch 050/100 | lr: 0.01000 | train: 0.1048 | val: 0.1050
Stopping: losses below 0.1.
[s7_hingeGNG]   after GNG: dpa=0.863 (pair=0.721 unpair=0.998)  gng=0.984 (go=1.000 nogo=0.968)
[s7_hingeGNG]  GNG done in 257.4s  final train=0.0977  val=0.0989  dpa=0.863  gng=0.984
[s7_hingeGNG]  ┌── params: after GNG
[s7_hingeGNG]  │  rank 0: ||m||=37.818  ||n||=40.230  corr(m,n)=+0.820
[s7_hingeGNG]  │  rank 1: ||m||=36.008  ||n||=55.984  corr(m,n)=+0.692
[s7_hingeGNG]  │  κ-Jacobian eigvals (gain·n^Tm/N): +2.3742  +2.7877
[s7_hingeGNG]  │  Wi: ||·||_F=67.648  per-channel=21.67 22.28 34.43 34.98 23.69 22.16 12.20
[s7_hingeGNG]  └──────────────────────────────────────────────────
[s7_hingeGNG] ────────────────────────────────────────────────────────────
[s7_hingeGNG]  STAGE: Dual   device=cuda:1   epochs=100
[s7_hingeGNG]  freeze recurrent cols: [0]
[s7_hingeGNG]  freeze input dims:     [0, 1, 2, 3, 4, 5, 6]
[s7_hingeGNG] ────────────────────────────────────────────────────────────
[s7_hingeGNG]  data: [516, 444, 7] → [516, 444, 2]
[s7_hingeGNG]  loss=separated  dpa_w=1.0  gng_w=1.0  go_w=1.0  nogo_w=2.0  aux_w=1.0  bl_w=1.0  go_hinge=1.0
Epoch 005/100 | lr: 0.01000 | train: 0.8622 | val: 0.8629
Epoch 010/100 | lr: 0.01000 | train: 0.7904 | val: 0.7973
Epoch 015/100 | lr: 0.01000 | train: 0.7079 | val: 0.7283
Epoch 020/100 | lr: 0.01000 | train: 0.6366 | val: 0.6594
Epoch 025/100 | lr: 0.01000 | train: 0.5826 | val: 0.6031
Epoch 030/100 | lr: 0.01000 | train: 0.5232 | val: 0.5517
Epoch 035/100 | lr: 0.01000 | train: 0.4813 | val: 0.4992
Epoch 040/100 | lr: 0.01000 | train: 0.4405 | val: 0.4680
Epoch 045/100 | lr: 0.01000 | train: 0.4058 | val: 0.4384
Epoch 050/100 | lr: 0.01000 | train: 0.3739 | val: 0.3936
Epoch 055/100 | lr: 0.01000 | train: 0.3550 | val: 0.3645
Epoch 060/100 | lr: 0.01000 | train: 0.3346 | val: 0.3490
Epoch 065/100 | lr: 0.01000 | train: 0.3082 | val: 0.3586
Epoch 070/100 | lr: 0.01000 | train: 0.2921 | val: 0.3119
Epoch 075/100 | lr: 0.01000 | train: 0.2938 | val: 0.3245
Epoch 080/100 | lr: 0.01000 | train: 0.2682 | val: 0.2759
Epoch 085/100 | lr: 0.01000 | train: 0.2564 | val: 0.2751
Epoch 090/100 | lr: 0.01000 | train: 0.2453 | val: 0.2886
Epoch 095/100 | lr: 0.01000 | train: 0.2352 | val: 0.2414
Epoch 100/100 | lr: 0.01000 | train: 0.2275 | val: 0.2435
[s7_hingeGNG]  loss components: {'dpa': 0.0646, 'gng': 0.1381, 'gng_go': 0.1192, 'gng_nogo': 0.0094, 'baseline': 0.0235, 'aux': 0.0144}
[s7_hingeGNG]   after Dual: dpa=0.993 (pair=0.986 unpair=1.000)  gng=1.000 (go=1.000 nogo=1.000)
[s7_hingeGNG]  Dual done in 772.3s  final train=0.2275  val=0.2435  dpa=0.993  gng=1.000
[s7_hingeGNG]  ┌── params: after Dual
[s7_hingeGNG]  │  rank 0: ||m||=37.818  ||n||=40.230  corr(m,n)=+0.820
[s7_hingeGNG]  │  rank 1: ||m||=38.407  ||n||=76.180  corr(m,n)=+0.520
[s7_hingeGNG]  │  κ-Jacobian eigvals (gain·n^Tm/N): +2.3810  +3.0305
[s7_hingeGNG]  │  Wi: ||·||_F=67.648  per-channel=21.67 22.28 34.43 34.98 23.69 22.16 12.20
[s7_hingeGNG]  └──────────────────────────────────────────────────
[s7_hingeGNG] ════════════════════════════════════════════════════════════
[s7_hingeGNG]  RUN COMPLETE  2026-06-09 02:04:26  total=1033.2s
[s7_hingeGNG]  ACCURACY SUMMARY
[s7_hingeGNG]    after DPA : dpa=0.992  gng=0.371
[s7_hingeGNG]    after GNG : dpa=0.863  gng=0.984
[s7_hingeGNG]    after Dual: dpa=0.993  gng=1.000  dual_dpa=0.995  dual_gng=0.985
[s7_hingeGNG] ════════════════════════════════════════════════════════════
