[s9_nogo0_cue5] ════════════════════════════════════════════════════════════
[s9_nogo0_cue5]  RUN START  2026-06-08 11:41:06
[s9_nogo0_cue5]  run_id=s9_nogo0_cue5  seed=9  device=cuda:1
[s9_nogo0_cue5]  arch:  hidden=512  rank=2  gain=1.0  input_size=7  params=6,144
[s9_nogo0_cue5]  task:  cue_on_go=True  rwd=True  rwd_scale=1.0  freeze_input_stages=['dual']  init=random
[s9_nogo0_cue5]  dynamics: alpha=0.0750  alpha_rec=0.1000  dt=0.0225  tau=0.3  tau_rec_frac=0.75
[s9_nogo0_cue5]  noise:  input_sigma=0.3732 (×1.0)  model_sigma=0.3732 (×1.0)
[s9_nogo0_cue5]  optim:  lr=0.01  wd=0.01  batch=64  n_batch=516  clip=None
[s9_nogo0_cue5]  epochs: dpa=100  gng=100  dual=100  loss=separated
[s9_nogo0_cue5]  shapes: m[512, 2]  n[512, 2]  Wi[512, 7]
[s9_nogo0_cue5]  ┌── params: init
[s9_nogo0_cue5]  │  rank 0: ||m||=23.029  ||n||=22.465  corr(m,n)=+0.028
[s9_nogo0_cue5]  │  rank 1: ||m||=22.407  ||n||=23.814  corr(m,n)=+0.019
[s9_nogo0_cue5]  │  κ-Jacobian eigvals (gain·n^Tm/N): +0.0303  +0.0176
[s9_nogo0_cue5]  │  Wi: ||·||_F=60.662  per-channel=22.99 23.55 22.57 23.32 22.36 21.71 23.91
[s9_nogo0_cue5]  └──────────────────────────────────────────────────
[s9_nogo0_cue5] ────────────────────────────────────────────────────────────
[s9_nogo0_cue5]  STAGE: DPA   device=cuda:1   epochs=100
[s9_nogo0_cue5] ────────────────────────────────────────────────────────────
[s9_nogo0_cue5]  data: [516, 444, 7] → [516, 444, 2]
Epoch 005/100 | lr: 0.01000 | train: 1.9800 | val: 1.9735
Epoch 010/100 | lr: 0.01000 | train: 1.8502 | val: 1.7804
Epoch 015/100 | lr: 0.01000 | train: 1.0969 | val: 1.0412
Epoch 020/100 | lr: 0.01000 | train: 1.0007 | val: 0.9925
Epoch 025/100 | lr: 0.01000 | train: 0.9551 | val: 0.9375
Epoch 030/100 | lr: 0.01000 | train: 0.8626 | val: 0.8293
Epoch 035/100 | lr: 0.01000 | train: 0.6493 | val: 0.6244
Epoch 040/100 | lr: 0.01000 | train: 0.4278 | val: 0.4490
Epoch 045/100 | lr: 0.01000 | train: 0.3196 | val: 0.4197
Epoch 050/100 | lr: 0.01000 | train: 0.3535 | val: 0.3447
Epoch 055/100 | lr: 0.01000 | train: 0.2927 | val: 0.3368
Epoch 060/100 | lr: 0.01000 | train: 0.2863 | val: 0.2991
Epoch 065/100 | lr: 0.00500 | train: 0.2442 | val: 0.2885
Epoch 070/100 | lr: 0.00500 | train: 0.2393 | val: 0.3006
Epoch 075/100 | lr: 0.00250 | train: 0.2286 | val: 0.2464
Epoch 080/100 | lr: 0.00125 | train: 0.2069 | val: 0.2512
Epoch 085/100 | lr: 0.00125 | train: 0.2110 | val: 0.2261
Epoch 090/100 | lr: 0.00125 | train: 0.2211 | val: 0.2559
Epoch 095/100 | lr: 0.00063 | train: 0.2085 | val: 0.2376
Epoch 100/100 | lr: 0.00063 | train: 0.2209 | val: 0.2539
[s9_nogo0_cue5]   after DPA: dpa=0.998  gng=0.509
[s9_nogo0_cue5]  DPA done in 957.6s  final train=0.2209  val=0.2539  dpa=0.998  gng=0.509
[s9_nogo0_cue5]  ┌── params: after DPA
[s9_nogo0_cue5]  │  rank 0: ||m||=42.020  ||n||=36.188  corr(m,n)=+0.855
[s9_nogo0_cue5]  │  rank 1: ||m||=41.912  ||n||=43.863  corr(m,n)=+0.815
[s9_nogo0_cue5]  │  κ-Jacobian eigvals (gain·n^Tm/N): +2.7322+0.5213j  +2.7322-0.5213j
[s9_nogo0_cue5]  │  Wi: ||·||_F=65.822  per-channel=20.13 22.09 38.13 37.85 12.38 11.35 16.46
[s9_nogo0_cue5]  └──────────────────────────────────────────────────
[s9_nogo0_cue5] ────────────────────────────────────────────────────────────
[s9_nogo0_cue5]  STAGE: GNG   device=cuda:1   epochs=100
[s9_nogo0_cue5]  freeze recurrent cols: [0]
[s9_nogo0_cue5]  freeze input dims:     [0, 1, 2, 3, 6]
[s9_nogo0_cue5] ────────────────────────────────────────────────────────────
[s9_nogo0_cue5]  data: [516, 266, 7] → [516, 266, 2]
Epoch 005/100 | lr: 0.01000 | train: 0.3954 | val: 0.2845
Epoch 010/100 | lr: 0.01000 | train: 0.2141 | val: 0.1911
Epoch 015/100 | lr: 0.01000 | train: 0.1700 | val: 0.1411
Epoch 020/100 | lr: 0.01000 | train: 0.1415 | val: 0.1290
Epoch 025/100 | lr: 0.01000 | train: 0.1251 | val: 0.1125
Epoch 030/100 | lr: 0.01000 | train: 0.1126 | val: 0.1051
Epoch 035/100 | lr: 0.01000 | train: 0.1068 | val: 0.0991
Stopping: losses below 0.1.
[s9_nogo0_cue5]   after GNG: dpa=0.769  gng=0.998
[s9_nogo0_cue5]  GNG done in 231.0s  final train=0.0985  val=0.0924  dpa=0.769  gng=0.998
[s9_nogo0_cue5]  ┌── params: after GNG
[s9_nogo0_cue5]  │  rank 0: ||m||=42.020  ||n||=36.188  corr(m,n)=+0.855
[s9_nogo0_cue5]  │  rank 1: ||m||=36.572  ||n||=46.247  corr(m,n)=+0.759
[s9_nogo0_cue5]  │  κ-Jacobian eigvals (gain·n^Tm/N): +2.5229+0.4232j  +2.5229-0.4232j
[s9_nogo0_cue5]  │  Wi: ||·||_F=70.182  per-channel=20.13 22.09 38.13 37.85 19.10 22.58 16.46
[s9_nogo0_cue5]  └──────────────────────────────────────────────────
[s9_nogo0_cue5] ────────────────────────────────────────────────────────────
[s9_nogo0_cue5]  STAGE: Dual   device=cuda:1   epochs=100
[s9_nogo0_cue5]  freeze recurrent cols: [0]
[s9_nogo0_cue5]  freeze input dims:     [0, 1, 2, 3, 4, 5, 6]
[s9_nogo0_cue5] ────────────────────────────────────────────────────────────
[s9_nogo0_cue5]  data: [516, 444, 7] → [516, 444, 2]
[s9_nogo0_cue5]  loss=separated  dpa_w=1.0  gng_w=1.0  aux_w=1.0  bl_w=1.0
Epoch 005/100 | lr: 0.01000 | train: 0.8683 | val: 0.8568
Epoch 010/100 | lr: 0.01000 | train: 0.8127 | val: 0.7894
Epoch 015/100 | lr: 0.01000 | train: 0.7743 | val: 0.7694
Epoch 020/100 | lr: 0.01000 | train: 0.7577 | val: 0.7657
Epoch 025/100 | lr: 0.01000 | train: 0.7202 | val: 0.7202
Epoch 030/100 | lr: 0.01000 | train: 0.7073 | val: 0.6692
Epoch 035/100 | lr: 0.01000 | train: 0.6808 | val: 0.6413
Epoch 040/100 | lr: 0.01000 | train: 0.6726 | val: 0.6618
Epoch 045/100 | lr: 0.00500 | train: 0.6554 | val: 0.6389
Epoch 050/100 | lr: 0.00500 | train: 0.6478 | val: 0.6354
Epoch 055/100 | lr: 0.00500 | train: 0.6357 | val: 0.6092
Epoch 060/100 | lr: 0.00500 | train: 0.6321 | val: 0.6282
Epoch 065/100 | lr: 0.00250 | train: 0.6277 | val: 0.6140
Epoch 070/100 | lr: 0.00250 | train: 0.6252 | val: 0.6430
Epoch 075/100 | lr: 0.00125 | train: 0.6091 | val: 0.6166
Epoch 080/100 | lr: 0.00125 | train: 0.6181 | val: 0.6182
Epoch 085/100 | lr: 0.00063 | train: 0.6141 | val: 0.6028
Epoch 090/100 | lr: 0.00031 | train: 0.6100 | val: 0.6166
Epoch 095/100 | lr: 0.00031 | train: 0.6150 | val: 0.6031
Epoch 100/100 | lr: 0.00016 | train: 0.6116 | val: 0.6347
[s9_nogo0_cue5]  loss components: {'dpa': 0.3876, 'gng': 0.1674, 'baseline': 0.026, 'aux': 0.0263}
[s9_nogo0_cue5]   after Dual: dpa=0.988  gng=0.900
[s9_nogo0_cue5]  Dual done in 955.0s  final train=0.6116  val=0.6347  dpa=0.988  gng=0.900
[s9_nogo0_cue5]  ┌── params: after Dual
[s9_nogo0_cue5]  │  rank 0: ||m||=42.020  ||n||=36.188  corr(m,n)=+0.855
[s9_nogo0_cue5]  │  rank 1: ||m||=36.035  ||n||=55.453  corr(m,n)=+0.624
[s9_nogo0_cue5]  │  κ-Jacobian eigvals (gain·n^Tm/N): +2.4876+0.4109j  +2.4876-0.4109j
[s9_nogo0_cue5]  │  Wi: ||·||_F=70.182  per-channel=20.13 22.09 38.13 37.85 19.10 22.58 16.46
[s9_nogo0_cue5]  └──────────────────────────────────────────────────
[s9_nogo0_cue5] ════════════════════════════════════════════════════════════
[s9_nogo0_cue5]  RUN COMPLETE  2026-06-08 12:16:50  total=2145.4s
[s9_nogo0_cue5]  ACCURACY SUMMARY
[s9_nogo0_cue5]    after DPA : dpa=0.998  gng=0.509
[s9_nogo0_cue5]    after GNG : dpa=0.769  gng=0.998
[s9_nogo0_cue5]    after Dual: dpa=0.988  gng=0.900  dual_dpa=0.953  dual_gng=0.560
[s9_nogo0_cue5] ════════════════════════════════════════════════════════════
