[s3_noHinge] ════════════════════════════════════════════════════════════
[s3_noHinge]  RUN START  2026-06-09 00:17:06
[s3_noHinge]  run_id=s3_noHinge  seed=3  device=cuda:1
[s3_noHinge]  arch:  hidden=512  rank=2  gain=1.0  input_size=7  params=6,144
[s3_noHinge]  task:  cue_on_go=True  rwd=True  rwd_scale=1.0  freeze_input_stages=['gng', 'dual']  init=random
[s3_noHinge]  dynamics: alpha=0.0750  alpha_rec=0.1000  dt=0.0225  tau=0.3  tau_rec_frac=0.75
[s3_noHinge]  noise:  input_sigma=0.3732 (×1.0)  model_sigma=0.0000 (×0.0)
[s3_noHinge]  optim:  lr=0.01  wd=0.01  batch=64  n_batch=516  clip=None
[s3_noHinge]  epochs: dpa=100  gng=100  dual=100  loss=separated
[s3_noHinge]  shapes: m[512, 2]  n[512, 2]  Wi[512, 7]
[s3_noHinge]  ┌── params: init
[s3_noHinge]  │  rank 0: ||m||=22.816  ||n||=22.436  corr(m,n)=+0.020
[s3_noHinge]  │  rank 1: ||m||=21.350  ||n||=23.585  corr(m,n)=+0.075
[s3_noHinge]  │  κ-Jacobian eigvals (gain·n^Tm/N): +0.0115  +0.0822
[s3_noHinge]  │  Wi: ||·||_F=61.487  per-channel=24.64 23.94 21.69 23.93 23.19 21.98 23.15
[s3_noHinge]  └──────────────────────────────────────────────────
[s3_noHinge]  DPA: loading checkpoint from results/dual/sweep_adam2/s3_adam2/dpa_s3_adam2.pth
[s3_noHinge]   after DPA: dpa=0.995 (pair=0.998 unpair=0.992)  gng=0.505 (go=0.000 nogo=0.994)
[s3_noHinge]  DPA done in 2.0s  (checkpoint)  dpa=0.995  gng=0.505
[s3_noHinge]  ┌── params: after DPA
[s3_noHinge]  │  rank 0: ||m||=39.128  ||n||=37.436  corr(m,n)=+0.791
[s3_noHinge]  │  rank 1: ||m||=35.473  ||n||=44.526  corr(m,n)=+0.779
[s3_noHinge]  │  κ-Jacobian eigvals (gain·n^Tm/N): +2.3328+0.4870j  +2.3328-0.4870j
[s3_noHinge]  │  Wi: ||·||_F=68.174  per-channel=19.82 21.22 31.53 38.34 23.19 21.98 17.86
[s3_noHinge]  └──────────────────────────────────────────────────
[s3_noHinge]  GNG: loading checkpoint from results/dual/sweep_adam2/s3_adam2/naive_s3_adam2.pth
[s3_noHinge]   after GNG: dpa=0.779 (pair=0.705 unpair=0.849)  gng=0.959 (go=1.000 nogo=0.921)
[s3_noHinge]  GNG done in 1.6s  (checkpoint)  dpa=0.779  gng=0.959
[s3_noHinge]  ┌── params: after GNG
[s3_noHinge]  │  rank 0: ||m||=39.128  ||n||=37.436  corr(m,n)=+0.791
[s3_noHinge]  │  rank 1: ||m||=38.415  ||n||=50.825  corr(m,n)=+0.715
[s3_noHinge]  │  κ-Jacobian eigvals (gain·n^Tm/N): +2.4944+0.3815j  +2.4944-0.3815j
[s3_noHinge]  │  Wi: ||·||_F=68.174  per-channel=19.82 21.22 31.53 38.34 23.19 21.98 17.86
[s3_noHinge]  └──────────────────────────────────────────────────
[s3_noHinge] ────────────────────────────────────────────────────────────
[s3_noHinge]  STAGE: Dual   device=cuda:1   epochs=100
[s3_noHinge]  freeze recurrent cols: [0]
[s3_noHinge]  freeze input dims:     [0, 1, 2, 3, 4, 5, 6]
[s3_noHinge] ────────────────────────────────────────────────────────────
[s3_noHinge]  data: [516, 444, 7] → [516, 444, 2]
[s3_noHinge]  loss=separated  dpa_w=1.0  gng_w=1.0  go_w=1.0  nogo_w=2.0  aux_w=1.0  bl_w=1.0  go_hinge=None
Epoch 005/100 | lr: 0.01000 | train: 1.5064 | val: 1.2455
Epoch 010/100 | lr: 0.01000 | train: 1.4002 | val: 1.1717
Epoch 015/100 | lr: 0.01000 | train: 1.3125 | val: 1.0923
Epoch 020/100 | lr: 0.01000 | train: 1.2117 | val: 1.0034
Epoch 025/100 | lr: 0.01000 | train: 1.1600 | val: 0.9641
Epoch 030/100 | lr: 0.01000 | train: 1.1054 | val: 0.9064
Epoch 035/100 | lr: 0.01000 | train: 1.0946 | val: 0.8958
Epoch 040/100 | lr: 0.01000 | train: 1.0212 | val: 0.8444
Epoch 045/100 | lr: 0.01000 | train: 0.9920 | val: 0.8366
Epoch 050/100 | lr: 0.01000 | train: 0.9647 | val: 0.7987
Epoch 055/100 | lr: 0.01000 | train: 0.9321 | val: 0.7781
Epoch 060/100 | lr: 0.01000 | train: 0.9101 | val: 0.7772
Epoch 065/100 | lr: 0.01000 | train: 0.8828 | val: 0.7428
Epoch 070/100 | lr: 0.01000 | train: 0.8622 | val: 0.7220
Epoch 075/100 | lr: 0.01000 | train: 0.8373 | val: 0.7119
Epoch 080/100 | lr: 0.01000 | train: 0.8244 | val: 0.6914
Epoch 085/100 | lr: 0.01000 | train: 0.7949 | val: 0.6765
Epoch 090/100 | lr: 0.01000 | train: 0.7741 | val: 0.6603
Epoch 095/100 | lr: 0.01000 | train: 0.7732 | val: 0.6609
Epoch 100/100 | lr: 0.01000 | train: 0.7318 | val: 0.6260
[s3_noHinge]  loss components: {'dpa': 0.1928, 'gng': 0.241, 'gng_go': 0.1505, 'gng_nogo': 0.0452, 'baseline': 0.0245, 'aux': 0.01}
[s3_noHinge]   after Dual: dpa=0.970 (pair=0.955 unpair=0.982)  gng=0.989 (go=1.000 nogo=0.979)
[s3_noHinge]  Dual done in 708.6s  final train=0.7318  val=0.6260  dpa=0.970  gng=0.989
[s3_noHinge]  ┌── params: after Dual
[s3_noHinge]  │  rank 0: ||m||=39.128  ||n||=37.436  corr(m,n)=+0.791
[s3_noHinge]  │  rank 1: ||m||=40.697  ||n||=69.620  corr(m,n)=+0.481
[s3_noHinge]  │  κ-Jacobian eigvals (gain·n^Tm/N): +2.4612+0.0964j  +2.4612-0.0964j
[s3_noHinge]  │  Wi: ||·||_F=68.174  per-channel=19.82 21.22 31.53 38.34 23.19 21.98 17.86
[s3_noHinge]  └──────────────────────────────────────────────────
[s3_noHinge] ════════════════════════════════════════════════════════════
[s3_noHinge]  RUN COMPLETE  2026-06-09 00:28:58  total=714.3s
[s3_noHinge]  ACCURACY SUMMARY
[s3_noHinge]    after DPA : dpa=0.995  gng=0.505
[s3_noHinge]    after GNG : dpa=0.779  gng=0.959
[s3_noHinge]    after Dual: dpa=0.970  gng=0.989  dual_dpa=0.863  dual_gng=0.870
[s3_noHinge] ════════════════════════════════════════════════════════════
