[s1] ════════════════════════════════════════════════════════════
[s1]  RUN START  2026-07-01 18:42:30
[s1]  run_id=s1  seed=1  device=cuda:1
[s1]  arch:  N=1000 (E=750 I=250)  K=125 (prob 0.167)  rank=2  gain=1.0  input_size=6  params=3,000
[s1]  task:  cue_on_go=True  rwd=False  rwd_scale=1.0  freeze_input_stages=['dual']  init=random
[s1]  dynamics: dt=0.0225  tau=(0.4, 0.2)s  tau_syn=(0.2, 0.1)s  STP(use=0.05 tau_fac=1.0s tau_rec=0.2s)  j_stp=1.0
[s1]  noise:  input_sigma=0.3732 (×1.0)  model_sigma=0.0000 (×0.0)
[s1]  optim:  lr=0.1  wd=0.01  batch=32  n_batch=256  clip=None
[s1]  epochs: dpa=200  gng=100  dual=100  loss=separated
[s1]  shapes: m[750, 2]  n[750, 2]  Wi[750, 6]
[s1]  ┌── params: init
[s1]  │  rank 0: ||m||=27.365  ||n||=27.365  corr(m,n)=+1.000
[s1]  │  rank 1: ||m||=26.733  ||n||=26.733  corr(m,n)=+1.000
[s1]  │  low-rank overlap n^Tm/N (modulates STP E→E): +1.0132  +0.9381
[s1]  │  Wi: ||·||_F=68.513  per-channel=28.15 28.18 27.38 27.38 28.40 28.32
[s1]  └──────────────────────────────────────────────────
[s1] ────────────────────────────────────────────────────────────
[s1]  STAGE: DPA   device=cuda:1   epochs=200
[s1] ────────────────────────────────────────────────────────────
[s1]  data: [256, 444, 6] → [256, 444, 2]
Epoch 005/200 | lr: 0.10000 | train: 3.4925 | val: 3.4244
Epoch 010/200 | lr: 0.10000 | train: 2.2990 | val: 2.0754
Epoch 015/200 | lr: 0.10000 | train: 0.1085 | val: 0.0509
Stopping: losses below 0.1.
[s1]   after DPA: dpa=0.999 (pair=0.998 unpair=1.000)  gng=0.495 (go=0.000 nogo=1.000)
[s1]  DPA done in 89.1s  final train=0.0395  val=0.0326  dpa=0.999  gng=0.495
[s1]  ┌── params: after DPA
[s1]  │  rank 0: ||m||=238.862  ||n||=107.931  corr(m,n)=+0.730
[s1]  │  rank 1: ||m||=133.206  ||n||=78.058  corr(m,n)=+0.490
[s1]  │  low-rank overlap n^Tm/N (modulates STP E→E): +24.9465  +6.9280
[s1]  │  Wi: ||·||_F=68.513  per-channel=28.15 28.18 27.38 27.38 28.40 28.32
[s1]  └──────────────────────────────────────────────────
[s1] ────────────────────────────────────────────────────────────
[s1]  STAGE: GNG   device=cuda:1   epochs=100
[s1]  freeze recurrent cols: [0]
[s1]  freeze input dims:     [0, 1, 2, 3]
[s1] ────────────────────────────────────────────────────────────
[s1]  data: [256, 266, 6] → [256, 266, 2]
Epoch 005/100 | lr: 0.10000 | train: 0.9595 | val: 0.9694
Epoch 010/100 | lr: 0.10000 | train: 0.8094 | val: 0.8503
Epoch 015/100 | lr: 0.10000 | train: 0.6953 | val: 0.7369
Epoch 020/100 | lr: 0.10000 | train: 0.5893 | val: 0.6121
Epoch 025/100 | lr: 0.10000 | train: 0.4654 | val: 0.4485
Epoch 030/100 | lr: 0.10000 | train: 0.3949 | val: 0.3788
Epoch 035/100 | lr: 0.10000 | train: 0.3460 | val: 0.3268
Epoch 040/100 | lr: 0.10000 | train: 0.3088 | val: 0.2917
Epoch 045/100 | lr: 0.10000 | train: 0.2786 | val: 0.2898
Epoch 050/100 | lr: 0.10000 | train: 0.2556 | val: 0.2346
Epoch 055/100 | lr: 0.10000 | train: 0.2280 | val: 0.2185
Epoch 060/100 | lr: 0.10000 | train: 0.2071 | val: 0.1932
Epoch 065/100 | lr: 0.10000 | train: 0.1888 | val: 0.1765
Epoch 070/100 | lr: 0.10000 | train: 0.1821 | val: 0.1735
Epoch 075/100 | lr: 0.10000 | train: 0.1606 | val: 0.1562
Epoch 080/100 | lr: 0.10000 | train: 0.1505 | val: 0.1424
Epoch 085/100 | lr: 0.10000 | train: 0.1331 | val: 0.1322
Epoch 090/100 | lr: 0.10000 | train: 0.1303 | val: 0.1372
Epoch 095/100 | lr: 0.10000 | train: 0.1126 | val: 0.1170
Epoch 100/100 | lr: 0.10000 | train: 0.1030 | val: 0.1066
[s1]   after GNG: dpa=0.608 (pair=0.825 unpair=0.405)  gng=1.000 (go=1.000 nogo=1.000)
[s1]  GNG done in 324.9s  final train=0.1030  val=0.1066  dpa=0.608  gng=1.000
[s1]  ┌── params: after GNG
[s1]  │  rank 0: ||m||=238.862  ||n||=107.931  corr(m,n)=+0.730
[s1]  │  rank 1: ||m||=269.269  ||n||=135.871  corr(m,n)=+0.233
[s1]  │  low-rank overlap n^Tm/N (modulates STP E→E): +27.1410  +9.2833
[s1]  │  Wi: ||·||_F=68.513  per-channel=28.15 28.18 27.38 27.38 28.40 28.32
[s1]  └──────────────────────────────────────────────────
[s1] ────────────────────────────────────────────────────────────
[s1]  STAGE: Dual   device=cuda:1   epochs=100
[s1]  freeze input dims:     [0, 1, 2, 3, 4, 5]
[s1] ────────────────────────────────────────────────────────────
[s1]  data: [256, 444, 6] → [256, 444, 2]
[s1]  loss=separated  dpa_w=1.0  gng_w=1.0  go_w=1.0  nogo_w=1.0  aux_w=1.0  bl_w=1.0  go_hinge=1.0
Epoch 005/100 | lr: 0.10000 | train: 0.4208 | val: 0.3718
Epoch 010/100 | lr: 0.10000 | train: 0.2632 | val: 0.2919
Epoch 015/100 | lr: 0.10000 | train: 0.1861 | val: 0.2061
Epoch 020/100 | lr: 0.10000 | train: 0.1505 | val: 0.1747
Epoch 025/100 | lr: 0.10000 | train: 0.1447 | val: 0.1570
Epoch 030/100 | lr: 0.10000 | train: 0.1177 | val: 0.1449
Epoch 035/100 | lr: 0.10000 | train: 0.0966 | val: 0.1181
Epoch 040/100 | lr: 0.10000 | train: 0.0841 | val: 0.1360
Epoch 045/100 | lr: 0.10000 | train: 0.0842 | val: 0.1306
Epoch 050/100 | lr: 0.10000 | train: 0.0731 | val: 0.1047
Stopping: losses below 0.1.
[s1]  loss components: {'dpa': 0.0357, 'gng': 0.0641, 'gng_go': 0.0002, 'gng_nogo': 0.0639, 'baseline': 0.0133, 'aux': 0.0194}
[s1]   after Dual: dpa=1.000 (pair=1.000 unpair=1.000)  gng=1.000 (go=1.000 nogo=1.000)
[s1]  Dual done in 270.7s  final train=0.0691  val=0.0965  dpa=1.000  gng=1.000
[s1]  ┌── params: after Dual
[s1]  │  rank 0: ||m||=237.780  ||n||=105.106  corr(m,n)=+0.865
[s1]  │  rank 1: ||m||=246.352  ||n||=129.498  corr(m,n)=+0.247
[s1]  │  low-rank overlap n^Tm/N (modulates STP E→E): +29.3283  +10.0052
[s1]  │  Wi: ||·||_F=68.513  per-channel=28.15 28.18 27.38 27.38 28.40 28.32
[s1]  └──────────────────────────────────────────────────
[s1] ════════════════════════════════════════════════════════════
[s1]  RUN COMPLETE  2026-07-01 18:53:55  total=685.5s
[s1]  ACCURACY SUMMARY
[s1]    after DPA : dpa=0.999  gng=0.495
[s1]    after GNG : dpa=0.608  gng=1.000
[s1]    after Dual: dpa=1.000  gng=1.000  dual_dpa=1.000  dual_gng=1.000
[s1] ════════════════════════════════════════════════════════════
