[s2_nogo2] ════════════════════════════════════════════════════════════
[s2_nogo2]  RUN START  2026-06-08 17:37:14
[s2_nogo2]  run_id=s2_nogo2  seed=2  device=cuda:0
[s2_nogo2]  arch:  hidden=512  rank=2  gain=1.0  input_size=7  params=6,144
[s2_nogo2]  task:  cue_on_go=True  rwd=True  rwd_scale=1.0  freeze_input_stages=['dual']  init=random
[s2_nogo2]  dynamics: alpha=0.0750  alpha_rec=0.1000  dt=0.0225  tau=0.3  tau_rec_frac=0.75
[s2_nogo2]  noise:  input_sigma=0.3732 (×1.0)  model_sigma=0.0000 (×0.0)
[s2_nogo2]  optim:  lr=0.01  wd=0.01  batch=64  n_batch=516  clip=None
[s2_nogo2]  epochs: dpa=100  gng=100  dual=100  loss=separated
[s2_nogo2]  shapes: m[512, 2]  n[512, 2]  Wi[512, 7]
[s2_nogo2]  ┌── params: init
[s2_nogo2]  │  rank 0: ||m||=22.730  ||n||=22.312  corr(m,n)=+0.023
[s2_nogo2]  │  rank 1: ||m||=22.626  ||n||=22.176  corr(m,n)=-0.024
[s2_nogo2]  │  κ-Jacobian eigvals (gain·n^Tm/N): +0.0345  -0.0353
[s2_nogo2]  │  Wi: ||·||_F=58.692  per-channel=22.57 21.62 22.94 22.02 22.37 21.28 22.45
[s2_nogo2]  └──────────────────────────────────────────────────
[s2_nogo2] ────────────────────────────────────────────────────────────
[s2_nogo2]  STAGE: DPA   device=cuda:0   epochs=100
[s2_nogo2] ────────────────────────────────────────────────────────────
[s2_nogo2]  data: [516, 444, 7] → [516, 444, 2]
Epoch 005/100 | lr: 0.01000 | train: 1.9633 | val: 1.9598
Epoch 010/100 | lr: 0.01000 | train: 1.3121 | val: 1.1306
Epoch 015/100 | lr: 0.01000 | train: 1.0322 | val: 1.0188
Epoch 020/100 | lr: 0.01000 | train: 0.9841 | val: 0.9824
Epoch 025/100 | lr: 0.01000 | train: 0.8995 | val: 0.8749
Epoch 030/100 | lr: 0.01000 | train: 0.6016 | val: 0.7998
Epoch 035/100 | lr: 0.01000 | train: 0.4396 | val: 0.4229
Epoch 040/100 | lr: 0.01000 | train: 0.4851 | val: 0.4803
Epoch 045/100 | lr: 0.00500 | train: 0.4378 | val: 0.4317
Epoch 050/100 | lr: 0.00250 | train: 0.4082 | val: 0.4102
Epoch 055/100 | lr: 0.00125 | train: 0.3924 | val: 0.3972
Epoch 060/100 | lr: 0.00063 | train: 0.3848 | val: 0.3898
Epoch 065/100 | lr: 0.00063 | train: 0.3804 | val: 0.3862
Epoch 070/100 | lr: 0.00031 | train: 0.3778 | val: 0.3841
Epoch 075/100 | lr: 0.00031 | train: 0.3758 | val: 0.3822
Epoch 080/100 | lr: 0.00031 | train: 0.3737 | val: 0.3802
Epoch 085/100 | lr: 0.00031 | train: 0.3715 | val: 0.3783
Epoch 090/100 | lr: 0.00031 | train: 0.3694 | val: 0.3764
Epoch 095/100 | lr: 0.00031 | train: 0.3672 | val: 0.3740
Epoch 100/100 | lr: 0.00031 | train: 0.3649 | val: 0.3721
[s2_nogo2]   after DPA: dpa=0.995 (pair=0.990 unpair=1.000)  gng=0.533 (go=0.059 nogo=0.974)
[s2_nogo2]  DPA done in 1007.2s  final train=0.3649  val=0.3721  dpa=0.995  gng=0.533
[s2_nogo2]  ┌── params: after DPA
[s2_nogo2]  │  rank 0: ||m||=34.190  ||n||=33.966  corr(m,n)=+0.778
[s2_nogo2]  │  rank 1: ||m||=41.477  ||n||=37.657  corr(m,n)=+0.773
[s2_nogo2]  │  κ-Jacobian eigvals (gain·n^Tm/N): +2.0611+0.6023j  +2.0611-0.6023j
[s2_nogo2]  │  Wi: ||·||_F=52.547  per-channel=16.12 15.77 33.38 24.76 13.60 11.67 14.29
[s2_nogo2]  └──────────────────────────────────────────────────
[s2_nogo2] ────────────────────────────────────────────────────────────
[s2_nogo2]  STAGE: GNG   device=cuda:0   epochs=100
[s2_nogo2]  freeze recurrent cols: [0]
[s2_nogo2]  freeze input dims:     [0, 1, 2, 3, 6]
[s2_nogo2] ────────────────────────────────────────────────────────────
[s2_nogo2]  data: [516, 266, 7] → [516, 266, 2]
Epoch 005/100 | lr: 0.01000 | train: 0.2971 | val: 0.2727
Epoch 010/100 | lr: 0.01000 | train: 0.1383 | val: 0.1173
Stopping: losses below 0.1.
[s2_nogo2]   after GNG: dpa=0.943 (pair=0.972 unpair=0.916)  gng=0.997 (go=1.000 nogo=0.995)
[s2_nogo2]  GNG done in 82.1s  final train=0.0903  val=0.0705  dpa=0.943  gng=0.997
[s2_nogo2]  ┌── params: after GNG
[s2_nogo2]  │  rank 0: ||m||=34.190  ||n||=33.966  corr(m,n)=+0.778
[s2_nogo2]  │  rank 1: ||m||=35.807  ||n||=39.594  corr(m,n)=+0.845
[s2_nogo2]  │  κ-Jacobian eigvals (gain·n^Tm/N): +2.0520+0.4075j  +2.0520-0.4075j
[s2_nogo2]  │  Wi: ||·||_F=54.341  per-channel=16.12 15.77 33.38 24.76 15.76 16.26 14.29
[s2_nogo2]  └──────────────────────────────────────────────────
[s2_nogo2] ────────────────────────────────────────────────────────────
[s2_nogo2]  STAGE: Dual   device=cuda:0   epochs=100
[s2_nogo2]  freeze recurrent cols: [0]
[s2_nogo2]  freeze input dims:     [0, 1, 2, 3, 4, 5, 6]
[s2_nogo2] ────────────────────────────────────────────────────────────
[s2_nogo2]  data: [516, 444, 7] → [516, 444, 2]
[s2_nogo2]  loss=separated  dpa_w=1.0  gng_w=1.0  go_w=1.0  nogo_w=2.0  aux_w=1.0  bl_w=1.0
Epoch 005/100 | lr: 0.01000 | train: 0.9409 | val: 1.0656
Epoch 010/100 | lr: 0.01000 | train: 0.8851 | val: 1.0200
Epoch 015/100 | lr: 0.01000 | train: 0.8497 | val: 0.9590
Epoch 020/100 | lr: 0.01000 | train: 0.8302 | val: 0.9095
Epoch 025/100 | lr: 0.01000 | train: 0.7873 | val: 0.8433
Epoch 030/100 | lr: 0.01000 | train: 0.7660 | val: 0.8182
Epoch 035/100 | lr: 0.01000 | train: 0.7551 | val: 0.7908
Epoch 040/100 | lr: 0.01000 | train: 0.7329 | val: 0.7783
Epoch 045/100 | lr: 0.01000 | train: 0.7132 | val: 0.7575
Epoch 050/100 | lr: 0.01000 | train: 0.7024 | val: 0.7370
Epoch 055/100 | lr: 0.01000 | train: 0.6910 | val: 0.7269
Epoch 060/100 | lr: 0.01000 | train: 0.6726 | val: 0.7077
Epoch 065/100 | lr: 0.01000 | train: 0.6715 | val: 0.7195
Epoch 070/100 | lr: 0.01000 | train: 0.6510 | val: 0.6892
Epoch 075/100 | lr: 0.01000 | train: 0.6404 | val: 0.6812
Epoch 080/100 | lr: 0.01000 | train: 0.6362 | val: 0.6778
Epoch 085/100 | lr: 0.01000 | train: 0.6251 | val: 0.6545
Epoch 090/100 | lr: 0.01000 | train: 0.6245 | val: 0.6687
Epoch 095/100 | lr: 0.01000 | train: 0.6139 | val: 0.6189
Epoch 100/100 | lr: 0.01000 | train: 0.6026 | val: 0.6301
[s2_nogo2]  loss components: {'dpa': 0.5536, 'gng': 0.1214, 'gng_go': 0.0981, 'gng_nogo': 0.0117, 'baseline': 0.0149, 'aux': 0.0119}
[s2_nogo2]   after Dual: dpa=0.991 (pair=0.982 unpair=1.000)  gng=1.000 (go=1.000 nogo=1.000)
[s2_nogo2]  Dual done in 810.9s  final train=0.6026  val=0.6301  dpa=0.991  gng=1.000
[s2_nogo2]  ┌── params: after Dual
[s2_nogo2]  │  rank 0: ||m||=34.190  ||n||=33.966  corr(m,n)=+0.778
[s2_nogo2]  │  rank 1: ||m||=29.983  ||n||=48.905  corr(m,n)=+0.757
[s2_nogo2]  │  κ-Jacobian eigvals (gain·n^Tm/N): +1.9666+0.3209j  +1.9666-0.3209j
[s2_nogo2]  │  Wi: ||·||_F=54.341  per-channel=16.12 15.77 33.38 24.76 15.76 16.26 14.29
[s2_nogo2]  └──────────────────────────────────────────────────
[s2_nogo2] ════════════════════════════════════════════════════════════
[s2_nogo2]  RUN COMPLETE  2026-06-08 18:08:55  total=1905.1s
[s2_nogo2]  ACCURACY SUMMARY
[s2_nogo2]    after DPA : dpa=0.995  gng=0.533
[s2_nogo2]    after GNG : dpa=0.943  gng=0.997
[s2_nogo2]    after Dual: dpa=0.991  gng=1.000  dual_dpa=0.874  dual_gng=0.969
[s2_nogo2] ════════════════════════════════════════════════════════════
