[s6_relu2] ════════════════════════════════════════════════════════════
[s6_relu2]  RUN START  2026-06-09 12:39:20
[s6_relu2]  run_id=s6_relu2  seed=6  device=cuda:0
[s6_relu2]  arch:  hidden=512  rank=2  gain=1.0  input_size=7  params=6,144
[s6_relu2]  task:  cue_on_go=True  rwd=True  rwd_scale=1.0  freeze_input_stages=['gng', 'dual']  init=random
[s6_relu2]  dynamics: alpha=0.0750  alpha_rec=0.1000  dt=0.0225  tau=0.3  tau_rec_frac=0.75
[s6_relu2]  noise:  input_sigma=0.3732 (×1.0)  model_sigma=0.0000 (×0.0)
[s6_relu2]  optim:  lr=0.01  wd=0.01  batch=64  n_batch=516  clip=None
[s6_relu2]  epochs: dpa=100  gng=100  dual=100  loss=separated
[s6_relu2]  shapes: m[512, 2]  n[512, 2]  Wi[512, 7]
[s6_relu2]  ┌── params: init
[s6_relu2]  │  rank 0: ||m||=23.754  ||n||=22.561  corr(m,n)=+0.074
[s6_relu2]  │  rank 1: ||m||=21.713  ||n||=23.345  corr(m,n)=-0.005
[s6_relu2]  │  κ-Jacobian eigvals (gain·n^Tm/N): +0.0778  -0.0054
[s6_relu2]  │  Wi: ||·||_F=60.072  per-channel=23.10 21.97 23.40 22.89 22.22 23.84 21.41
[s6_relu2]  └──────────────────────────────────────────────────
[s6_relu2]  DPA: loading checkpoint from results/dual/sweep_relu/s6_relu/expert_s6_relu.pth
[s6_relu2]   after DPA: dpa=1.000 (pair=1.000 unpair=1.000)  gng=0.996 (go=1.000 nogo=0.992)
[s6_relu2]  DPA done in 1.5s  (checkpoint)  dpa=1.000  gng=0.996
[s6_relu2]  ┌── params: after DPA
[s6_relu2]  │  rank 0: ||m||=39.071  ||n||=29.678  corr(m,n)=+0.763
[s6_relu2]  │  rank 1: ||m||=37.592  ||n||=32.303  corr(m,n)=+0.702
[s6_relu2]  │  κ-Jacobian eigvals (gain·n^Tm/N): +1.7918  +1.5992
[s6_relu2]  │  Wi: ||·||_F=68.931  per-channel=24.16 23.48 32.72 31.92 22.22 23.84 21.56
[s6_relu2]  └──────────────────────────────────────────────────
[s6_relu2]  GNG: loading checkpoint from results/dual/sweep_relu/s6_relu/expert_s6_relu.pth
[s6_relu2]   after GNG: dpa=1.000 (pair=1.000 unpair=1.000)  gng=0.998 (go=1.000 nogo=0.996)
[s6_relu2]  GNG done in 1.2s  (checkpoint)  dpa=1.000  gng=0.998
[s6_relu2]  ┌── params: after GNG
[s6_relu2]  │  rank 0: ||m||=39.071  ||n||=29.678  corr(m,n)=+0.763
[s6_relu2]  │  rank 1: ||m||=37.592  ||n||=32.303  corr(m,n)=+0.702
[s6_relu2]  │  κ-Jacobian eigvals (gain·n^Tm/N): +1.7918  +1.5992
[s6_relu2]  │  Wi: ||·||_F=68.931  per-channel=24.16 23.48 32.72 31.92 22.22 23.84 21.56
[s6_relu2]  └──────────────────────────────────────────────────
[s6_relu2] ────────────────────────────────────────────────────────────
[s6_relu2]  STAGE: Dual   device=cuda:0   epochs=100
[s6_relu2]  freeze recurrent cols: [0]
[s6_relu2]  freeze input dims:     [0, 1, 2, 3, 4, 5, 6]
[s6_relu2] ────────────────────────────────────────────────────────────
[s6_relu2]  data: [516, 444, 7] → [516, 444, 2]
[s6_relu2]  loss=separated  dpa_w=1.0  gng_w=1.0  go_w=1.0  nogo_w=2.0  aux_w=1.0  bl_w=1.0  go_hinge=1.0
Epoch 005/100 | lr: 0.01000 | train: 0.3456 | val: 0.3925
Epoch 010/100 | lr: 0.01000 | train: 0.3217 | val: 0.3661
Epoch 015/100 | lr: 0.01000 | train: 0.2952 | val: 0.3343
Epoch 020/100 | lr: 0.01000 | train: 0.2692 | val: 0.3096
Epoch 025/100 | lr: 0.01000 | train: 0.2543 | val: 0.2960
Epoch 030/100 | lr: 0.01000 | train: 0.2355 | val: 0.2734
Epoch 035/100 | lr: 0.01000 | train: 0.2253 | val: 0.2601
Epoch 040/100 | lr: 0.01000 | train: 0.2181 | val: 0.2655
Epoch 045/100 | lr: 0.01000 | train: 0.2062 | val: 0.2268
Epoch 050/100 | lr: 0.01000 | train: 0.1914 | val: 0.2165
Epoch 055/100 | lr: 0.01000 | train: 0.1830 | val: 0.2057
Epoch 060/100 | lr: 0.01000 | train: 0.1827 | val: 0.2041
Epoch 065/100 | lr: 0.01000 | train: 0.1722 | val: 0.1837
Epoch 070/100 | lr: 0.01000 | train: 0.1586 | val: 0.1873
Epoch 075/100 | lr: 0.01000 | train: 0.1625 | val: 0.1962
Epoch 080/100 | lr: 0.01000 | train: 0.1483 | val: 0.1606
Epoch 085/100 | lr: 0.01000 | train: 0.1429 | val: 0.1611
Epoch 090/100 | lr: 0.01000 | train: 0.1351 | val: 0.1501
Epoch 095/100 | lr: 0.01000 | train: 0.1314 | val: 0.1453
Epoch 100/100 | lr: 0.01000 | train: 0.1271 | val: 0.1352
[s6_relu2]  loss components: {'dpa': 0.0437, 'gng': 0.0866, 'gng_go': 0.0687, 'gng_nogo': 0.009, 'baseline': 0.0192, 'aux': 0.0039}
[s6_relu2]   after Dual: dpa=1.000 (pair=1.000 unpair=1.000)  gng=0.997 (go=1.000 nogo=0.994)
[s6_relu2]  Dual done in 729.5s  final train=0.1271  val=0.1352  dpa=1.000  gng=0.997
[s6_relu2]  ┌── params: after Dual
[s6_relu2]  │  rank 0: ||m||=39.071  ||n||=29.678  corr(m,n)=+0.763
[s6_relu2]  │  rank 1: ||m||=46.111  ||n||=36.726  corr(m,n)=+0.464
[s6_relu2]  │  κ-Jacobian eigvals (gain·n^Tm/N): +1.7235  +1.5370
[s6_relu2]  │  Wi: ||·||_F=68.931  per-channel=24.16 23.48 32.72 31.92 22.22 23.84 21.56
[s6_relu2]  └──────────────────────────────────────────────────
[s6_relu2] ════════════════════════════════════════════════════════════
[s6_relu2]  RUN COMPLETE  2026-06-09 12:51:32  total=734.3s
[s6_relu2]  ACCURACY SUMMARY
[s6_relu2]    after DPA : dpa=1.000  gng=0.996
[s6_relu2]    after GNG : dpa=1.000  gng=0.998
[s6_relu2]    after Dual: dpa=1.000  gng=0.997  dual_dpa=0.999  dual_gng=0.996
[s6_relu2] ════════════════════════════════════════════════════════════
