[s9_relu2] ════════════════════════════════════════════════════════════
[s9_relu2]  RUN START  2026-06-09 12:39:20
[s9_relu2]  run_id=s9_relu2  seed=9  device=cuda:1
[s9_relu2]  arch:  hidden=512  rank=2  gain=1.0  input_size=7  params=6,144
[s9_relu2]  task:  cue_on_go=True  rwd=True  rwd_scale=1.0  freeze_input_stages=['gng', 'dual']  init=random
[s9_relu2]  dynamics: alpha=0.0750  alpha_rec=0.1000  dt=0.0225  tau=0.3  tau_rec_frac=0.75
[s9_relu2]  noise:  input_sigma=0.3732 (×1.0)  model_sigma=0.0000 (×0.0)
[s9_relu2]  optim:  lr=0.01  wd=0.01  batch=64  n_batch=516  clip=None
[s9_relu2]  epochs: dpa=100  gng=100  dual=100  loss=separated
[s9_relu2]  shapes: m[512, 2]  n[512, 2]  Wi[512, 7]
[s9_relu2]  ┌── params: init
[s9_relu2]  │  rank 0: ||m||=23.029  ||n||=22.465  corr(m,n)=+0.028
[s9_relu2]  │  rank 1: ||m||=22.407  ||n||=23.814  corr(m,n)=+0.019
[s9_relu2]  │  κ-Jacobian eigvals (gain·n^Tm/N): +0.0303  +0.0176
[s9_relu2]  │  Wi: ||·||_F=60.662  per-channel=22.99 23.55 22.57 23.32 22.36 21.71 23.91
[s9_relu2]  └──────────────────────────────────────────────────
[s9_relu2]  DPA: loading checkpoint from results/dual/sweep_relu/s9_relu/expert_s9_relu.pth
[s9_relu2]   after DPA: dpa=1.000 (pair=1.000 unpair=1.000)  gng=0.999 (go=1.000 nogo=0.998)
[s9_relu2]  DPA done in 2.0s  (checkpoint)  dpa=1.000  gng=0.999
[s9_relu2]  ┌── params: after DPA
[s9_relu2]  │  rank 0: ||m||=38.800  ||n||=29.583  corr(m,n)=+0.758
[s9_relu2]  │  rank 1: ||m||=38.170  ||n||=33.886  corr(m,n)=+0.659
[s9_relu2]  │  κ-Jacobian eigvals (gain·n^Tm/N): +1.7191  +1.6454
[s9_relu2]  │  Wi: ||·||_F=68.692  per-channel=24.21 24.32 32.54 31.48 22.36 21.71 22.79
[s9_relu2]  └──────────────────────────────────────────────────
[s9_relu2]  GNG: loading checkpoint from results/dual/sweep_relu/s9_relu/expert_s9_relu.pth
[s9_relu2]   after GNG: dpa=0.999 (pair=1.000 unpair=0.998)  gng=1.000 (go=1.000 nogo=1.000)
[s9_relu2]  GNG done in 1.4s  (checkpoint)  dpa=0.999  gng=1.000
[s9_relu2]  ┌── params: after GNG
[s9_relu2]  │  rank 0: ||m||=38.800  ||n||=29.583  corr(m,n)=+0.758
[s9_relu2]  │  rank 1: ||m||=38.170  ||n||=33.886  corr(m,n)=+0.659
[s9_relu2]  │  κ-Jacobian eigvals (gain·n^Tm/N): +1.7191  +1.6454
[s9_relu2]  │  Wi: ||·||_F=68.692  per-channel=24.21 24.32 32.54 31.48 22.36 21.71 22.79
[s9_relu2]  └──────────────────────────────────────────────────
[s9_relu2] ────────────────────────────────────────────────────────────
[s9_relu2]  STAGE: Dual   device=cuda:1   epochs=100
[s9_relu2]  freeze recurrent cols: [0]
[s9_relu2]  freeze input dims:     [0, 1, 2, 3, 4, 5, 6]
[s9_relu2] ────────────────────────────────────────────────────────────
[s9_relu2]  data: [516, 444, 7] → [516, 444, 2]
[s9_relu2]  loss=separated  dpa_w=1.0  gng_w=1.0  go_w=1.0  nogo_w=2.0  aux_w=1.0  bl_w=1.0  go_hinge=1.0
Epoch 005/100 | lr: 0.01000 | train: 0.2966 | val: 0.2712
Epoch 010/100 | lr: 0.01000 | train: 0.2717 | val: 0.2731
Epoch 015/100 | lr: 0.01000 | train: 0.2522 | val: 0.2406
Epoch 020/100 | lr: 0.01000 | train: 0.2482 | val: 0.2384
Epoch 025/100 | lr: 0.01000 | train: 0.2345 | val: 0.2189
Epoch 030/100 | lr: 0.01000 | train: 0.2160 | val: 0.2137
Epoch 035/100 | lr: 0.01000 | train: 0.2044 | val: 0.2003
Epoch 040/100 | lr: 0.01000 | train: 0.1949 | val: 0.1907
Epoch 045/100 | lr: 0.01000 | train: 0.1937 | val: 0.1846
Epoch 050/100 | lr: 0.01000 | train: 0.1794 | val: 0.1759
Epoch 055/100 | lr: 0.01000 | train: 0.1706 | val: 0.1790
Epoch 060/100 | lr: 0.01000 | train: 0.1621 | val: 0.1663
Epoch 065/100 | lr: 0.01000 | train: 0.1556 | val: 0.1570
Epoch 070/100 | lr: 0.01000 | train: 0.1588 | val: 0.1682
Epoch 075/100 | lr: 0.01000 | train: 0.1461 | val: 0.1504
Epoch 080/100 | lr: 0.01000 | train: 0.1418 | val: 0.1535
Epoch 085/100 | lr: 0.01000 | train: 0.1360 | val: 0.1451
Epoch 090/100 | lr: 0.01000 | train: 0.1265 | val: 0.1367
Epoch 095/100 | lr: 0.01000 | train: 0.1176 | val: 0.1203
Epoch 100/100 | lr: 0.01000 | train: 0.1164 | val: 0.1177
[s9_relu2]  loss components: {'dpa': 0.0368, 'gng': 0.0427, 'gng_go': 0.0207, 'gng_nogo': 0.011, 'baseline': 0.0218, 'aux': 0.0043}
[s9_relu2]   after Dual: dpa=1.000 (pair=1.000 unpair=1.000)  gng=1.000 (go=1.000 nogo=1.000)
[s9_relu2]  Dual done in 715.7s  final train=0.1164  val=0.1177  dpa=1.000  gng=1.000
[s9_relu2]  ┌── params: after Dual
[s9_relu2]  │  rank 0: ||m||=38.800  ||n||=29.583  corr(m,n)=+0.758
[s9_relu2]  │  rank 1: ||m||=47.862  ||n||=38.962  corr(m,n)=+0.422
[s9_relu2]  │  κ-Jacobian eigvals (gain·n^Tm/N): +1.6992  +1.5380
[s9_relu2]  │  Wi: ||·||_F=68.692  per-channel=24.21 24.32 32.54 31.48 22.36 21.71 22.79
[s9_relu2]  └──────────────────────────────────────────────────
[s9_relu2] ════════════════════════════════════════════════════════════
[s9_relu2]  RUN COMPLETE  2026-06-09 12:51:20  total=721.3s
[s9_relu2]  ACCURACY SUMMARY
[s9_relu2]    after DPA : dpa=1.000  gng=0.999
[s9_relu2]    after GNG : dpa=0.999  gng=1.000
[s9_relu2]    after Dual: dpa=1.000  gng=1.000  dual_dpa=1.000  dual_gng=0.996
[s9_relu2] ════════════════════════════════════════════════════════════
