[s6_gorwd] ════════════════════════════════════════════════════════════
[s6_gorwd]  RUN START  2026-06-07 13:43:29
[s6_gorwd]  run_id=s6_gorwd  seed=6  device=cuda:1
[s6_gorwd]  arch:  hidden=512  rank=2  gain=1.0  input_size=6  params=5,632
[s6_gorwd]  task:  cue_on_go=True  rwd=True  rwd_scale=1.0  freeze_input_stages=['dual']  init=random
[s6_gorwd]  dynamics: alpha=0.0750  alpha_rec=0.1000  dt=0.0225  tau=0.3  tau_rec_frac=0.75
[s6_gorwd]  noise:  input_sigma=0.3732 (×1.0)  model_sigma=0.3732 (×1.0)
[s6_gorwd]  optim:  lr=0.01  wd=0.01  batch=64  n_batch=516  clip=None
[s6_gorwd]  epochs: dpa=200  gng=200  dual=200  loss=separated
[s6_gorwd]  shapes: m[512, 2]  n[512, 2]  Wi[512, 6]
[s6_gorwd]  ┌── params: init
[s6_gorwd]  │  rank 0: ||m||=23.754  ||n||=22.561  corr(m,n)=+0.074
[s6_gorwd]  │  rank 1: ||m||=21.713  ||n||=23.345  corr(m,n)=-0.005
[s6_gorwd]  │  κ-Jacobian eigvals (gain·n^Tm/N): +0.0778  -0.0054
[s6_gorwd]  │  Wi: ||·||_F=55.621  per-channel=22.67 22.32 23.19 23.11 22.54 22.40
[s6_gorwd]  └──────────────────────────────────────────────────
[s6_gorwd] ────────────────────────────────────────────────────────────
[s6_gorwd]  STAGE: DPA   device=cuda:1   epochs=200
[s6_gorwd] ────────────────────────────────────────────────────────────
[s6_gorwd]  data: [516, 444, 6] → [516, 444, 2]
Epoch 005/200 | lr: 0.01000 | train: 1.9570 | val: 1.9661
Epoch 010/200 | lr: 0.01000 | train: 1.7094 | val: 1.5962
Epoch 015/200 | lr: 0.01000 | train: 1.0202 | val: 1.0219
Epoch 020/200 | lr: 0.01000 | train: 0.9487 | val: 0.9598
Epoch 025/200 | lr: 0.01000 | train: 0.7736 | val: 0.8148
Epoch 030/200 | lr: 0.01000 | train: 0.5522 | val: 0.5950
Epoch 035/200 | lr: 0.01000 | train: 0.4783 | val: 0.5067
Epoch 040/200 | lr: 0.01000 | train: 0.4072 | val: 0.4228
Epoch 045/200 | lr: 0.01000 | train: 0.3249 | val: 0.3624
Epoch 050/200 | lr: 0.01000 | train: 0.2664 | val: 0.3144
Epoch 055/200 | lr: 0.01000 | train: 0.2264 | val: 0.2276
Epoch 060/200 | lr: 0.01000 | train: 0.1879 | val: 0.2154
Epoch 065/200 | lr: 0.01000 | train: 0.1638 | val: 0.2195
Epoch 070/200 | lr: 0.01000 | train: 0.1656 | val: 0.1559
Epoch 075/200 | lr: 0.01000 | train: 0.1191 | val: 0.1486
Epoch 080/200 | lr: 0.01000 | train: 0.1054 | val: 0.1004
Epoch 085/200 | lr: 0.01000 | train: 0.0930 | val: 0.1070
Stopping: losses below 0.1.
[s6_gorwd]   after DPA: dpa=0.996  gng=0.556
[s6_gorwd]  DPA done in 1214.8s  final train=0.0903  val=0.0833  dpa=0.996  gng=0.556
[s6_gorwd]  ┌── params: after DPA
[s6_gorwd]  │  rank 0: ||m||=44.671  ||n||=37.474  corr(m,n)=+0.840
[s6_gorwd]  │  rank 1: ||m||=32.228  ||n||=53.893  corr(m,n)=+0.861
[s6_gorwd]  │  κ-Jacobian eigvals (gain·n^Tm/N): +2.6918  +2.9767
[s6_gorwd]  │  Wi: ||·||_F=70.238  per-channel=23.72 24.00 42.91 41.21 9.80 12.59
[s6_gorwd]  └──────────────────────────────────────────────────
[s6_gorwd] ────────────────────────────────────────────────────────────
[s6_gorwd]  STAGE: GNG   device=cuda:1   epochs=200
[s6_gorwd]  freeze recurrent cols: [0]
[s6_gorwd]  freeze input dims:     [0, 1, 2, 3, 5]
[s6_gorwd] ────────────────────────────────────────────────────────────
[s6_gorwd]  data: [516, 266, 6] → [516, 266, 2]
Epoch 005/200 | lr: 0.01000 | train: 0.2797 | val: 0.2443
Epoch 010/200 | lr: 0.01000 | train: 0.1788 | val: 0.1772
Epoch 015/200 | lr: 0.01000 | train: 0.1374 | val: 0.1545
Epoch 020/200 | lr: 0.01000 | train: 0.1119 | val: 0.1115
Epoch 025/200 | lr: 0.01000 | train: 0.0956 | val: 0.1136
Stopping: losses below 0.1.
[s6_gorwd]   after GNG: dpa=0.920  gng=0.973
[s6_gorwd]  GNG done in 226.0s  final train=0.0954  val=0.0973  dpa=0.920  gng=0.973
[s6_gorwd]  ┌── params: after GNG
[s6_gorwd]  │  rank 0: ||m||=44.671  ||n||=37.474  corr(m,n)=+0.840
[s6_gorwd]  │  rank 1: ||m||=32.659  ||n||=53.080  corr(m,n)=+0.812
[s6_gorwd]  │  κ-Jacobian eigvals (gain·n^Tm/N): +2.7489+0.1918j  +2.7489-0.1918j
[s6_gorwd]  │  Wi: ||·||_F=72.019  per-channel=23.72 24.00 42.91 41.21 18.69 12.59
[s6_gorwd]  └──────────────────────────────────────────────────
[s6_gorwd] ────────────────────────────────────────────────────────────
[s6_gorwd]  STAGE: Dual   device=cuda:1   epochs=200
[s6_gorwd]  freeze recurrent cols: [0]
[s6_gorwd]  freeze input dims:     [0, 1, 2, 3, 4, 5]
[s6_gorwd] ────────────────────────────────────────────────────────────
[s6_gorwd]  data: [516, 444, 6] → [516, 444, 2]
[s6_gorwd]  loss=separated  dpa_w=1.0  gng_w=1.0  aux_w=1.0  bl_w=1.0
Epoch 005/200 | lr: 0.01000 | train: 0.6381 | val: 0.6141
Epoch 010/200 | lr: 0.01000 | train: 0.6043 | val: 0.5584
Epoch 015/200 | lr: 0.01000 | train: 0.5554 | val: 0.5161
Epoch 020/200 | lr: 0.01000 | train: 0.5184 | val: 0.5129
Epoch 025/200 | lr: 0.01000 | train: 0.4967 | val: 0.4532
Epoch 030/200 | lr: 0.01000 | train: 0.4628 | val: 0.4385
Epoch 035/200 | lr: 0.01000 | train: 0.4233 | val: 0.4082
Epoch 040/200 | lr: 0.01000 | train: 0.4128 | val: 0.3840
Epoch 045/200 | lr: 0.01000 | train: 0.3835 | val: 0.3826
Epoch 050/200 | lr: 0.01000 | train: 0.3735 | val: 0.3605
Epoch 055/200 | lr: 0.00500 | train: 0.3728 | val: 0.3545
Epoch 060/200 | lr: 0.00250 | train: 0.3568 | val: 0.3385
Epoch 065/200 | lr: 0.00250 | train: 0.3592 | val: 0.3297
Epoch 070/200 | lr: 0.00125 | train: 0.3528 | val: 0.3326
Epoch 075/200 | lr: 0.00063 | train: 0.3496 | val: 0.3290
Epoch 080/200 | lr: 0.00063 | train: 0.3439 | val: 0.3210
Epoch 085/200 | lr: 0.00031 | train: 0.3428 | val: 0.3432
Epoch 090/200 | lr: 0.00016 | train: 0.3433 | val: 0.3236
Epoch 095/200 | lr: 0.00008 | train: 0.3503 | val: 0.3152
Epoch 100/200 | lr: 0.00008 | train: 0.3369 | val: 0.3456
Epoch 105/200 | lr: 0.00004 | train: 0.3458 | val: 0.3140
Epoch 110/200 | lr: 0.00002 | train: 0.3442 | val: 0.3171
Epoch 115/200 | lr: 0.00001 | train: 0.3480 | val: 0.3015
Epoch 120/200 | lr: 0.00001 | train: 0.3409 | val: 0.3340
Epoch 125/200 | lr: 0.00001 | train: 0.3312 | val: 0.3173
Epoch 130/200 | lr: 0.00001 | train: 0.3332 | val: 0.3383
Epoch 135/200 | lr: 0.00001 | train: 0.3478 | val: 0.3206
Epoch 140/200 | lr: 0.00001 | train: 0.3398 | val: 0.3136
Epoch 145/200 | lr: 0.00001 | train: 0.3299 | val: 0.3117
Epoch 150/200 | lr: 0.00001 | train: 0.3435 | val: 0.3361
Epoch 155/200 | lr: 0.00001 | train: 0.3289 | val: 0.3383
Epoch 160/200 | lr: 0.00001 | train: 0.3449 | val: 0.3206
Epoch 165/200 | lr: 0.00001 | train: 0.3424 | val: 0.3294
Epoch 170/200 | lr: 0.00001 | train: 0.3343 | val: 0.3358
Epoch 175/200 | lr: 0.00001 | train: 0.3547 | val: 0.3138
Epoch 180/200 | lr: 0.00001 | train: 0.3394 | val: 0.3333
Epoch 185/200 | lr: 0.00001 | train: 0.3473 | val: 0.3088
Epoch 190/200 | lr: 0.00001 | train: 0.3374 | val: 0.3247
Epoch 195/200 | lr: 0.00001 | train: 0.3485 | val: 0.3200
Epoch 200/200 | lr: 0.00001 | train: 0.3406 | val: 0.3153
[s6_gorwd]  loss components: {'dpa': 0.0922, 'gng': 0.1663, 'baseline': 0.0237, 'aux': 0.0159}
[s6_gorwd]   after Dual: dpa=1.000  gng=0.992
[s6_gorwd]  Dual done in 1772.2s  final train=0.3406  val=0.3153  dpa=1.000  gng=0.992
[s6_gorwd]  ┌── params: after Dual
[s6_gorwd]  │  rank 0: ||m||=44.671  ||n||=37.474  corr(m,n)=+0.840
[s6_gorwd]  │  rank 1: ||m||=30.081  ||n||=65.839  corr(m,n)=+0.725
[s6_gorwd]  │  κ-Jacobian eigvals (gain·n^Tm/N): +2.6642  +2.8875
[s6_gorwd]  │  Wi: ||·||_F=72.019  per-channel=23.72 24.00 42.91 41.21 18.69 12.59
[s6_gorwd]  └──────────────────────────────────────────────────
[s6_gorwd] ════════════════════════════════════════════════════════════
[s6_gorwd]  RUN COMPLETE  2026-06-07 14:37:02  total=3215.9s
[s6_gorwd]  ACCURACY SUMMARY
[s6_gorwd]    after DPA : dpa=0.996  gng=0.556
[s6_gorwd]    after GNG : dpa=0.920  gng=0.973
[s6_gorwd]    after Dual: dpa=1.000  gng=0.992  dual_dpa=0.996  dual_gng=0.878
[s6_gorwd] ════════════════════════════════════════════════════════════
