[s5_relu] ════════════════════════════════════════════════════════════
[s5_relu]  RUN START  2026-06-09 04:21:00
[s5_relu]  run_id=s5_relu  seed=5  device=cuda:1
[s5_relu]  arch:  hidden=512  rank=2  gain=1.0  input_size=7  params=6,144
[s5_relu]  task:  cue_on_go=True  rwd=True  rwd_scale=1.0  freeze_input_stages=['gng', 'dual']  init=random
[s5_relu]  dynamics: alpha=0.0750  alpha_rec=0.1000  dt=0.0225  tau=0.3  tau_rec_frac=0.75
[s5_relu]  noise:  input_sigma=0.3732 (×1.0)  model_sigma=0.0000 (×0.0)
[s5_relu]  optim:  lr=0.01  wd=0.01  batch=64  n_batch=516  clip=None
[s5_relu]  epochs: dpa=100  gng=100  dual=100  loss=separated
[s5_relu]  shapes: m[512, 2]  n[512, 2]  Wi[512, 7]
[s5_relu]  ┌── params: init
[s5_relu]  │  rank 0: ||m||=23.437  ||n||=22.965  corr(m,n)=+0.028
[s5_relu]  │  rank 1: ||m||=22.893  ||n||=23.012  corr(m,n)=+0.061
[s5_relu]  │  κ-Jacobian eigvals (gain·n^Tm/N): +0.0320  +0.0594
[s5_relu]  │  Wi: ||·||_F=58.987  per-channel=22.32 23.25 22.23 22.01 21.84 22.14 22.26
[s5_relu]  └──────────────────────────────────────────────────
[s5_relu] ────────────────────────────────────────────────────────────
[s5_relu]  STAGE: DPA   device=cuda:1   epochs=100
[s5_relu]  freeze input dims:     [4, 5]
[s5_relu] ────────────────────────────────────────────────────────────
[s5_relu]  data: [516, 444, 7] → [516, 444, 2]
Epoch 005/100 | lr: 0.01000 | train: 1.9694 | val: 1.9711
Epoch 010/100 | lr: 0.01000 | train: 1.7494 | val: 1.6014
Epoch 015/100 | lr: 0.01000 | train: 0.9466 | val: 0.9056
Epoch 020/100 | lr: 0.01000 | train: 0.7325 | val: 0.7038
Epoch 025/100 | lr: 0.01000 | train: 0.5393 | val: 0.5026
Epoch 030/100 | lr: 0.01000 | train: 0.1742 | val: 0.1516
Epoch 035/100 | lr: 0.01000 | train: 0.1006 | val: 0.0904
Stopping: losses below 0.1.
[s5_relu]   after DPA: dpa=1.000 (pair=1.000 unpair=1.000)  gng=0.503 (go=0.025 nogo=1.000)
[s5_relu]  DPA done in 821.4s  final train=0.0930  val=0.0883  dpa=1.000  gng=0.503
[s5_relu]  ┌── params: after DPA
[s5_relu]  │  rank 0: ||m||=37.453  ||n||=30.957  corr(m,n)=+0.757
[s5_relu]  │  rank 1: ||m||=32.942  ||n||=30.806  corr(m,n)=+0.681
[s5_relu]  │  κ-Jacobian eigvals (gain·n^Tm/N): +1.7038  +1.3599
[s5_relu]  │  Wi: ||·||_F=71.951  per-channel=25.51 24.91 33.80 35.14 21.84 22.14 23.69
[s5_relu]  └──────────────────────────────────────────────────
[s5_relu] ────────────────────────────────────────────────────────────
[s5_relu]  STAGE: GNG   device=cuda:1   epochs=100
[s5_relu]  freeze recurrent cols: [0]
[s5_relu]  freeze input dims:     [0, 1, 2, 3, 4, 5, 6]
[s5_relu] ────────────────────────────────────────────────────────────
[s5_relu]  data: [516, 266, 7] → [516, 266, 2]
Epoch 005/100 | lr: 0.01000 | train: 0.9441 | val: 0.8506
Epoch 010/100 | lr: 0.01000 | train: 0.3589 | val: 0.3243
Epoch 015/100 | lr: 0.01000 | train: 0.1951 | val: 0.1694
Epoch 020/100 | lr: 0.01000 | train: 0.1366 | val: 0.1152
Epoch 025/100 | lr: 0.01000 | train: 0.0987 | val: 0.0921
Stopping: losses below 0.1.
[s5_relu]   after GNG: dpa=0.459 (pair=0.002 unpair=1.000)  gng=0.994 (go=1.000 nogo=0.988)
[s5_relu]  GNG done in 352.8s  final train=0.0987  val=0.0921  dpa=0.459  gng=0.994
[s5_relu]  ┌── params: after GNG
[s5_relu]  │  rank 0: ||m||=37.453  ||n||=30.957  corr(m,n)=+0.757
[s5_relu]  │  rank 1: ||m||=39.310  ||n||=34.404  corr(m,n)=+0.708
[s5_relu]  │  κ-Jacobian eigvals (gain·n^Tm/N): +1.6745  +1.9102
[s5_relu]  │  Wi: ||·||_F=71.951  per-channel=25.51 24.91 33.80 35.14 21.84 22.14 23.69
[s5_relu]  └──────────────────────────────────────────────────
[s5_relu] ────────────────────────────────────────────────────────────
[s5_relu]  STAGE: Dual   device=cuda:1   epochs=100
[s5_relu]  freeze recurrent cols: [0]
[s5_relu]  freeze input dims:     [0, 1, 2, 3, 4, 5, 6]
[s5_relu] ────────────────────────────────────────────────────────────
[s5_relu]  data: [516, 444, 7] → [516, 444, 2]
[s5_relu]  loss=separated  dpa_w=1.0  gng_w=1.0  go_w=1.0  nogo_w=2.0  aux_w=1.0  bl_w=1.0  go_hinge=1.0
Epoch 005/100 | lr: 0.01000 | train: 0.7853 | val: 0.9087
Epoch 010/100 | lr: 0.01000 | train: 0.6082 | val: 0.7083
Epoch 015/100 | lr: 0.01000 | train: 0.5777 | val: 0.6650
Epoch 020/100 | lr: 0.01000 | train: 0.5548 | val: 0.6385
Epoch 025/100 | lr: 0.01000 | train: 0.5443 | val: 0.6198
Epoch 030/100 | lr: 0.01000 | train: 0.5261 | val: 0.6048
Epoch 035/100 | lr: 0.01000 | train: 0.5172 | val: 0.5934
Epoch 040/100 | lr: 0.01000 | train: 0.5060 | val: 0.5825
Epoch 045/100 | lr: 0.01000 | train: 0.4938 | val: 0.5717
Epoch 050/100 | lr: 0.01000 | train: 0.4844 | val: 0.5594
Epoch 055/100 | lr: 0.01000 | train: 0.4737 | val: 0.5475
Epoch 060/100 | lr: 0.01000 | train: 0.4684 | val: 0.5370
Epoch 065/100 | lr: 0.01000 | train: 0.4553 | val: 0.5286
Epoch 070/100 | lr: 0.01000 | train: 0.4472 | val: 0.5153
Epoch 075/100 | lr: 0.01000 | train: 0.4331 | val: 0.5000
Epoch 080/100 | lr: 0.01000 | train: 0.4267 | val: 0.4929
Epoch 085/100 | lr: 0.01000 | train: 0.4116 | val: 0.4784
Epoch 090/100 | lr: 0.01000 | train: 0.4022 | val: 0.4636
Epoch 095/100 | lr: 0.01000 | train: 0.3867 | val: 0.4473
Epoch 100/100 | lr: 0.01000 | train: 0.3778 | val: 0.4364
[s5_relu]  loss components: {'dpa': 0.1607, 'gng': 0.2401, 'gng_go': 0.2105, 'gng_nogo': 0.0148, 'baseline': 0.0242, 'aux': 0.0085}
[s5_relu]   after Dual: dpa=0.998 (pair=0.996 unpair=1.000)  gng=0.595 (go=1.000 nogo=0.199)
[s5_relu]  Dual done in 2215.0s  final train=0.3778  val=0.4364  dpa=0.998  gng=0.595
[s5_relu]  ┌── params: after Dual
[s5_relu]  │  rank 0: ||m||=37.453  ||n||=30.957  corr(m,n)=+0.757
[s5_relu]  │  rank 1: ||m||=38.005  ||n||=34.277  corr(m,n)=+0.612
[s5_relu]  │  κ-Jacobian eigvals (gain·n^Tm/N): +1.7227  +1.5482
[s5_relu]  │  Wi: ||·||_F=71.951  per-channel=25.51 24.91 33.80 35.14 21.84 22.14 23.69
[s5_relu]  └──────────────────────────────────────────────────
[s5_relu] ════════════════════════════════════════════════════════════
[s5_relu]  RUN COMPLETE  2026-06-09 05:17:29  total=3395.5s
[s5_relu]  ACCURACY SUMMARY
[s5_relu]    after DPA : dpa=1.000  gng=0.503
[s5_relu]    after GNG : dpa=0.459  gng=0.994
[s5_relu]    after Dual: dpa=0.998  gng=0.595  dual_dpa=0.992  dual_gng=0.903
[s5_relu] ════════════════════════════════════════════════════════════
