[s6_cont] ════════════════════════════════════════════════════════════
[s6_cont]  RUN START  2026-06-09 01:14:41
[s6_cont]  run_id=s6_cont  seed=6  device=cuda:0
[s6_cont]  arch:  hidden=512  rank=2  gain=1.0  input_size=7  params=6,144
[s6_cont]  task:  cue_on_go=True  rwd=True  rwd_scale=1.0  freeze_input_stages=['gng', 'dual']  init=random
[s6_cont]  dynamics: alpha=0.0750  alpha_rec=0.1000  dt=0.0225  tau=0.3  tau_rec_frac=0.75
[s6_cont]  noise:  input_sigma=0.3732 (×1.0)  model_sigma=0.0000 (×0.0)
[s6_cont]  optim:  lr=0.01  wd=0.01  batch=64  n_batch=516  clip=None
[s6_cont]  epochs: dpa=100  gng=100  dual=100  loss=separated
[s6_cont]  shapes: m[512, 2]  n[512, 2]  Wi[512, 7]
[s6_cont]  ┌── params: init
[s6_cont]  │  rank 0: ||m||=23.754  ||n||=22.561  corr(m,n)=+0.074
[s6_cont]  │  rank 1: ||m||=21.713  ||n||=23.345  corr(m,n)=-0.005
[s6_cont]  │  κ-Jacobian eigvals (gain·n^Tm/N): +0.0778  -0.0054
[s6_cont]  │  Wi: ||·||_F=60.072  per-channel=23.10 21.97 23.40 22.89 22.22 23.84 21.41
[s6_cont]  └──────────────────────────────────────────────────
[s6_cont]  DPA: loading checkpoint from results/dual/sweep_adam2/s6_adam2/dpa_s6_adam2.pth
[s6_cont]   after DPA: dpa=0.999 (pair=1.000 unpair=0.998)  gng=0.484 (go=0.000 nogo=1.000)
[s6_cont]  DPA done in 1.6s  (checkpoint)  dpa=0.999  gng=0.484
[s6_cont]  ┌── params: after DPA
[s6_cont]  │  rank 0: ||m||=39.778  ||n||=37.319  corr(m,n)=+0.805
[s6_cont]  │  rank 1: ||m||=34.768  ||n||=47.957  corr(m,n)=+0.797
[s6_cont]  │  κ-Jacobian eigvals (gain·n^Tm/N): +2.4654+0.3916j  +2.4654-0.3916j
[s6_cont]  │  Wi: ||·||_F=70.959  per-channel=21.44 21.83 38.44 35.74 22.22 23.84 16.79
[s6_cont]  └──────────────────────────────────────────────────
[s6_cont]  GNG: loading checkpoint from results/dual/sweep_noHinge2/s6_noHinge2/expert_s6_noHinge2.pth
[s6_cont]   after GNG: dpa=0.979 (pair=0.961 unpair=0.996)  gng=0.999 (go=0.998 nogo=1.000)
[s6_cont]  GNG done in 1.5s  (checkpoint)  dpa=0.979  gng=0.999
[s6_cont]  ┌── params: after GNG
[s6_cont]  │  rank 0: ||m||=39.778  ||n||=37.319  corr(m,n)=+0.805
[s6_cont]  │  rank 1: ||m||=36.679  ||n||=73.993  corr(m,n)=+0.516
[s6_cont]  │  κ-Jacobian eigvals (gain·n^Tm/N): +2.3089  +2.7617
[s6_cont]  │  Wi: ||·||_F=70.959  per-channel=21.44 21.83 38.44 35.74 22.22 23.84 16.79
[s6_cont]  └──────────────────────────────────────────────────
[s6_cont] ────────────────────────────────────────────────────────────
[s6_cont]  STAGE: Dual   device=cuda:0   epochs=100
[s6_cont]  freeze recurrent cols: [0]
[s6_cont]  freeze input dims:     [0, 1, 2, 3, 4, 5, 6]
[s6_cont] ────────────────────────────────────────────────────────────
[s6_cont]  data: [516, 444, 7] → [516, 444, 2]
[s6_cont]  loss=separated  dpa_w=1.0  gng_w=1.0  go_w=1.0  nogo_w=2.0  aux_w=1.0  bl_w=1.0  go_hinge=None
Epoch 005/100 | lr: 0.01000 | train: 0.6030 | val: 0.7139
Epoch 010/100 | lr: 0.01000 | train: 0.5873 | val: 0.6975
Epoch 015/100 | lr: 0.01000 | train: 0.5541 | val: 0.7588
Epoch 020/100 | lr: 0.01000 | train: 0.5416 | val: 0.6503
Epoch 025/100 | lr: 0.01000 | train: 0.5201 | val: 0.6722
Epoch 030/100 | lr: 0.01000 | train: 0.4974 | val: 0.6618
Epoch 035/100 | lr: 0.01000 | train: 0.5010 | val: 0.6869
Epoch 040/100 | lr: 0.01000 | train: 0.4733 | val: 0.5787
Epoch 045/100 | lr: 0.01000 | train: 0.4525 | val: 0.5999
Epoch 050/100 | lr: 0.01000 | train: 0.4322 | val: 0.6302
Epoch 055/100 | lr: 0.01000 | train: 0.4241 | val: 0.6109
Epoch 060/100 | lr: 0.01000 | train: 0.4136 | val: 0.5396
Epoch 065/100 | lr: 0.01000 | train: 0.4029 | val: 0.5735
Epoch 070/100 | lr: 0.01000 | train: 0.3867 | val: 0.5684
Epoch 075/100 | lr: 0.01000 | train: 0.3727 | val: 0.5885
Epoch 080/100 | lr: 0.01000 | train: 0.3840 | val: 0.5714
Epoch 085/100 | lr: 0.01000 | train: 0.3589 | val: 0.5561
Epoch 090/100 | lr: 0.01000 | train: 0.3477 | val: 0.4747
Epoch 095/100 | lr: 0.01000 | train: 0.3353 | val: 0.5580
Epoch 100/100 | lr: 0.01000 | train: 0.3367 | val: 0.5457
[s6_cont]  loss components: {'dpa': 0.1912, 'gng': 0.478, 'gng_go': 0.4525, 'gng_nogo': 0.0128, 'baseline': 0.0322, 'aux': 0.0112}
[s6_cont]   after Dual: dpa=0.988 (pair=0.977 unpair=1.000)  gng=0.999 (go=0.998 nogo=1.000)
[s6_cont]  Dual done in 750.4s  final train=0.3367  val=0.5457  dpa=0.988  gng=0.999
[s6_cont]  ┌── params: after Dual
[s6_cont]  │  rank 0: ||m||=39.778  ||n||=37.319  corr(m,n)=+0.805
[s6_cont]  │  rank 1: ||m||=36.238  ||n||=93.767  corr(m,n)=+0.461
[s6_cont]  │  κ-Jacobian eigvals (gain·n^Tm/N): +2.3119  +3.0788
[s6_cont]  │  Wi: ||·||_F=70.959  per-channel=21.44 21.83 38.44 35.74 22.22 23.84 16.79
[s6_cont]  └──────────────────────────────────────────────────
[s6_cont] ════════════════════════════════════════════════════════════
[s6_cont]  RUN COMPLETE  2026-06-09 01:27:15  total=755.1s
[s6_cont]  ACCURACY SUMMARY
[s6_cont]    after DPA : dpa=0.999  gng=0.484
[s6_cont]    after GNG : dpa=0.979  gng=0.999
[s6_cont]    after Dual: dpa=0.988  gng=0.999  dual_dpa=0.979  dual_gng=0.994
[s6_cont] ════════════════════════════════════════════════════════════
