[s4_hingeGNG] ════════════════════════════════════════════════════════════
[s4_hingeGNG]  RUN START  2026-06-09 01:47:15
[s4_hingeGNG]  run_id=s4_hingeGNG  seed=4  device=cuda:0
[s4_hingeGNG]  arch:  hidden=512  rank=2  gain=1.0  input_size=7  params=6,144
[s4_hingeGNG]  task:  cue_on_go=True  rwd=True  rwd_scale=1.0  freeze_input_stages=['gng', 'dual']  init=random
[s4_hingeGNG]  dynamics: alpha=0.0750  alpha_rec=0.1000  dt=0.0225  tau=0.3  tau_rec_frac=0.75
[s4_hingeGNG]  noise:  input_sigma=0.3732 (×1.0)  model_sigma=0.0000 (×0.0)
[s4_hingeGNG]  optim:  lr=0.01  wd=0.01  batch=64  n_batch=516  clip=None
[s4_hingeGNG]  epochs: dpa=100  gng=100  dual=100  loss=separated
[s4_hingeGNG]  shapes: m[512, 2]  n[512, 2]  Wi[512, 7]
[s4_hingeGNG]  ┌── params: init
[s4_hingeGNG]  │  rank 0: ||m||=22.881  ||n||=22.605  corr(m,n)=+0.032
[s4_hingeGNG]  │  rank 1: ||m||=21.856  ||n||=21.161  corr(m,n)=-0.015
[s4_hingeGNG]  │  κ-Jacobian eigvals (gain·n^Tm/N): +0.0282  -0.0090
[s4_hingeGNG]  │  Wi: ||·||_F=59.728  per-channel=22.05 23.03 22.37 22.64 22.42 22.96 22.55
[s4_hingeGNG]  └──────────────────────────────────────────────────
[s4_hingeGNG]  DPA: loading checkpoint from results/dual/sweep_adam2/s4_adam2/dpa_s4_adam2.pth
[s4_hingeGNG]   after DPA: dpa=0.999 (pair=0.998 unpair=1.000)  gng=0.523 (go=0.000 nogo=1.000)
[s4_hingeGNG]  DPA done in 1.2s  (checkpoint)  dpa=0.999  gng=0.523
[s4_hingeGNG]  ┌── params: after DPA
[s4_hingeGNG]  │  rank 0: ||m||=39.303  ||n||=37.866  corr(m,n)=+0.793
[s4_hingeGNG]  │  rank 1: ||m||=36.632  ||n||=45.877  corr(m,n)=+0.764
[s4_hingeGNG]  │  κ-Jacobian eigvals (gain·n^Tm/N): +2.4062+0.5392j  +2.4062-0.5392j
[s4_hingeGNG]  │  Wi: ||·||_F=71.080  per-channel=20.85 21.73 36.22 38.45 22.42 22.96 18.04
[s4_hingeGNG]  └──────────────────────────────────────────────────
[s4_hingeGNG] ────────────────────────────────────────────────────────────
[s4_hingeGNG]  STAGE: GNG   device=cuda:0   epochs=100
[s4_hingeGNG]  freeze recurrent cols: [0]
[s4_hingeGNG]  freeze input dims:     [0, 1, 2, 3, 4, 5, 6]
[s4_hingeGNG] ────────────────────────────────────────────────────────────
[s4_hingeGNG]  data: [516, 266, 7] → [516, 266, 2]
Epoch 005/100 | lr: 0.01000 | train: 0.9673 | val: 0.8983
Epoch 010/100 | lr: 0.01000 | train: 0.4437 | val: 0.4317
Epoch 015/100 | lr: 0.01000 | train: 0.2748 | val: 0.2729
Epoch 020/100 | lr: 0.01000 | train: 0.2082 | val: 0.2121
Epoch 025/100 | lr: 0.01000 | train: 0.1663 | val: 0.1624
Epoch 030/100 | lr: 0.01000 | train: 0.1404 | val: 0.1290
Epoch 035/100 | lr: 0.01000 | train: 0.1193 | val: 0.1083
Epoch 040/100 | lr: 0.01000 | train: 0.1042 | val: 0.0951
Stopping: losses below 0.1.
[s4_hingeGNG]   after GNG: dpa=0.736 (pair=0.821 unpair=0.644)  gng=0.960 (go=1.000 nogo=0.921)
[s4_hingeGNG]  GNG done in 197.6s  final train=0.0983  val=0.0905  dpa=0.736  gng=0.960
[s4_hingeGNG]  ┌── params: after GNG
[s4_hingeGNG]  │  rank 0: ||m||=39.303  ||n||=37.866  corr(m,n)=+0.793
[s4_hingeGNG]  │  rank 1: ||m||=39.177  ||n||=51.640  corr(m,n)=+0.705
[s4_hingeGNG]  │  κ-Jacobian eigvals (gain·n^Tm/N): +2.5460+0.5221j  +2.5460-0.5221j
[s4_hingeGNG]  │  Wi: ||·||_F=71.080  per-channel=20.85 21.73 36.22 38.45 22.42 22.96 18.04
[s4_hingeGNG]  └──────────────────────────────────────────────────
[s4_hingeGNG] ────────────────────────────────────────────────────────────
[s4_hingeGNG]  STAGE: Dual   device=cuda:0   epochs=100
[s4_hingeGNG]  freeze recurrent cols: [0]
[s4_hingeGNG]  freeze input dims:     [0, 1, 2, 3, 4, 5, 6]
[s4_hingeGNG] ────────────────────────────────────────────────────────────
[s4_hingeGNG]  data: [516, 444, 7] → [516, 444, 2]
[s4_hingeGNG]  loss=separated  dpa_w=1.0  gng_w=1.0  go_w=1.0  nogo_w=2.0  aux_w=1.0  bl_w=1.0  go_hinge=1.0
Epoch 005/100 | lr: 0.01000 | train: 0.9061 | val: 1.1033
Epoch 010/100 | lr: 0.01000 | train: 0.7808 | val: 0.9935
Epoch 015/100 | lr: 0.01000 | train: 0.7328 | val: 0.9291
Epoch 020/100 | lr: 0.01000 | train: 0.6904 | val: 0.8785
Epoch 025/100 | lr: 0.01000 | train: 0.6515 | val: 0.8334
Epoch 030/100 | lr: 0.01000 | train: 0.6188 | val: 0.7874
Epoch 035/100 | lr: 0.01000 | train: 0.5932 | val: 0.7506
Epoch 040/100 | lr: 0.01000 | train: 0.5638 | val: 0.7259
Epoch 045/100 | lr: 0.01000 | train: 0.5418 | val: 0.6839
Epoch 050/100 | lr: 0.01000 | train: 0.5343 | val: 0.6538
Epoch 055/100 | lr: 0.01000 | train: 0.5082 | val: 0.6515
Epoch 060/100 | lr: 0.01000 | train: 0.4814 | val: 0.6023
Epoch 065/100 | lr: 0.01000 | train: 0.4648 | val: 0.5943
Epoch 070/100 | lr: 0.01000 | train: 0.4680 | val: 0.5693
Epoch 075/100 | lr: 0.01000 | train: 0.4372 | val: 0.5466
Epoch 080/100 | lr: 0.01000 | train: 0.4166 | val: 0.5262
Epoch 085/100 | lr: 0.01000 | train: 0.4023 | val: 0.5185
Epoch 090/100 | lr: 0.01000 | train: 0.3858 | val: 0.4867
Epoch 095/100 | lr: 0.01000 | train: 0.3835 | val: 0.4892
Epoch 100/100 | lr: 0.01000 | train: 0.3708 | val: 0.4736
[s4_hingeGNG]  loss components: {'dpa': 0.3639, 'gng': 0.1025, 'gng_go': 0.0649, 'gng_nogo': 0.0188, 'baseline': 0.0196, 'aux': 0.0104}
[s4_hingeGNG]   after Dual: dpa=1.000 (pair=1.000 unpair=1.000)  gng=1.000 (go=1.000 nogo=1.000)
[s4_hingeGNG]  Dual done in 747.6s  final train=0.3708  val=0.4736  dpa=1.000  gng=1.000
[s4_hingeGNG]  ┌── params: after Dual
[s4_hingeGNG]  │  rank 0: ||m||=39.303  ||n||=37.866  corr(m,n)=+0.793
[s4_hingeGNG]  │  rank 1: ||m||=33.200  ||n||=67.499  corr(m,n)=+0.570
[s4_hingeGNG]  │  κ-Jacobian eigvals (gain·n^Tm/N): +2.3993+0.1658j  +2.3993-0.1658j
[s4_hingeGNG]  │  Wi: ||·||_F=71.080  per-channel=20.85 21.73 36.22 38.45 22.42 22.96 18.04
[s4_hingeGNG]  └──────────────────────────────────────────────────
[s4_hingeGNG] ════════════════════════════════════════════════════════════
[s4_hingeGNG]  RUN COMPLETE  2026-06-09 02:03:01  total=948.5s
[s4_hingeGNG]  ACCURACY SUMMARY
[s4_hingeGNG]    after DPA : dpa=0.999  gng=0.523
[s4_hingeGNG]    after GNG : dpa=0.736  gng=0.960
[s4_hingeGNG]    after Dual: dpa=1.000  gng=1.000  dual_dpa=0.927  dual_gng=0.991
[s4_hingeGNG] ════════════════════════════════════════════════════════════
