[s9_frzGNG] ════════════════════════════════════════════════════════════
[s9_frzGNG]  RUN START  2026-06-08 21:02:40
[s9_frzGNG]  run_id=s9_frzGNG  seed=9  device=cuda:1
[s9_frzGNG]  arch:  hidden=512  rank=2  gain=1.0  input_size=7  params=6,144
[s9_frzGNG]  task:  cue_on_go=True  rwd=True  rwd_scale=1.0  freeze_input_stages=['gng', 'dual']  init=random
[s9_frzGNG]  dynamics: alpha=0.0750  alpha_rec=0.1000  dt=0.0225  tau=0.3  tau_rec_frac=0.75
[s9_frzGNG]  noise:  input_sigma=0.3732 (×1.0)  model_sigma=0.0000 (×0.0)
[s9_frzGNG]  optim:  lr=0.01  wd=0.01  batch=64  n_batch=516  clip=None
[s9_frzGNG]  epochs: dpa=100  gng=100  dual=100  loss=separated
[s9_frzGNG]  shapes: m[512, 2]  n[512, 2]  Wi[512, 7]
[s9_frzGNG]  ┌── params: init
[s9_frzGNG]  │  rank 0: ||m||=23.029  ||n||=22.465  corr(m,n)=+0.028
[s9_frzGNG]  │  rank 1: ||m||=22.407  ||n||=23.814  corr(m,n)=+0.019
[s9_frzGNG]  │  κ-Jacobian eigvals (gain·n^Tm/N): +0.0303  +0.0176
[s9_frzGNG]  │  Wi: ||·||_F=60.662  per-channel=22.99 23.55 22.57 23.32 22.36 21.71 23.91
[s9_frzGNG]  └──────────────────────────────────────────────────
[s9_frzGNG] ────────────────────────────────────────────────────────────
[s9_frzGNG]  STAGE: DPA   device=cuda:1   epochs=100
[s9_frzGNG]  freeze input dims:     [4, 5]
[s9_frzGNG] ────────────────────────────────────────────────────────────
[s9_frzGNG]  data: [516, 444, 7] → [516, 444, 2]
Epoch 005/100 | lr: 0.01000 | train: 1.9730 | val: 1.9620
Epoch 010/100 | lr: 0.01000 | train: 1.5050 | val: 1.2996
Epoch 015/100 | lr: 0.01000 | train: 1.0362 | val: 1.0162
Epoch 020/100 | lr: 0.01000 | train: 0.9670 | val: 0.9616
Epoch 025/100 | lr: 0.01000 | train: 0.8605 | val: 0.8342
Epoch 030/100 | lr: 0.01000 | train: 0.6725 | val: 0.5940
Epoch 035/100 | lr: 0.01000 | train: 0.4663 | val: 0.4389
Epoch 040/100 | lr: 0.01000 | train: 0.3493 | val: 0.4288
Epoch 045/100 | lr: 0.01000 | train: 0.3057 | val: 0.3491
Epoch 050/100 | lr: 0.01000 | train: 0.3249 | val: 0.3551
Epoch 055/100 | lr: 0.01000 | train: 0.2931 | val: 0.3158
Epoch 060/100 | lr: 0.00500 | train: 0.2431 | val: 0.3283
Epoch 065/100 | lr: 0.00250 | train: 0.2355 | val: 0.3223
Epoch 070/100 | lr: 0.00250 | train: 0.2146 | val: 0.2980
Epoch 075/100 | lr: 0.00125 | train: 0.2082 | val: 0.3168
Epoch 080/100 | lr: 0.00063 | train: 0.2051 | val: 0.3169
Epoch 085/100 | lr: 0.00031 | train: 0.2038 | val: 0.3187
Epoch 090/100 | lr: 0.00016 | train: 0.2031 | val: 0.3179
Epoch 095/100 | lr: 0.00008 | train: 0.2028 | val: 0.3159
Epoch 100/100 | lr: 0.00008 | train: 0.2025 | val: 0.3161
[s9_frzGNG]   after DPA: dpa=0.988 (pair=0.993 unpair=0.984)  gng=0.539 (go=0.123 nogo=0.940)
[s9_frzGNG]  DPA done in 712.0s  final train=0.2025  val=0.3161  dpa=0.988  gng=0.539
[s9_frzGNG]  ┌── params: after DPA
[s9_frzGNG]  │  rank 0: ||m||=35.834  ||n||=35.564  corr(m,n)=+0.784
[s9_frzGNG]  │  rank 1: ||m||=43.331  ||n||=41.339  corr(m,n)=+0.822
[s9_frzGNG]  │  κ-Jacobian eigvals (gain·n^Tm/N): +2.4129+0.4694j  +2.4129-0.4694j
[s9_frzGNG]  │  Wi: ||·||_F=60.089  per-channel=14.85 17.34 33.38 27.87 22.36 21.71 15.06
[s9_frzGNG]  └──────────────────────────────────────────────────
[s9_frzGNG] ────────────────────────────────────────────────────────────
[s9_frzGNG]  STAGE: GNG   device=cuda:1   epochs=100
[s9_frzGNG]  freeze recurrent cols: [0]
[s9_frzGNG]  freeze input dims:     [0, 1, 2, 3, 4, 5, 6]
[s9_frzGNG] ────────────────────────────────────────────────────────────
[s9_frzGNG]  data: [516, 266, 7] → [516, 266, 2]
Epoch 005/100 | lr: 0.01000 | train: 0.7827 | val: 0.6040
Epoch 010/100 | lr: 0.01000 | train: 0.4441 | val: 0.3696
Epoch 015/100 | lr: 0.01000 | train: 0.3221 | val: 0.3058
Epoch 020/100 | lr: 0.01000 | train: 0.2548 | val: 0.2330
Epoch 025/100 | lr: 0.01000 | train: 0.2086 | val: 0.2043
Epoch 030/100 | lr: 0.01000 | train: 0.1779 | val: 0.1756
Epoch 035/100 | lr: 0.01000 | train: 0.1516 | val: 0.1497
Epoch 040/100 | lr: 0.01000 | train: 0.1367 | val: 0.1309
Epoch 045/100 | lr: 0.01000 | train: 0.1181 | val: 0.1226
Epoch 050/100 | lr: 0.01000 | train: 0.1043 | val: 0.1094
Epoch 055/100 | lr: 0.01000 | train: 0.0943 | val: 0.0959
Stopping: losses below 0.1.
[s9_frzGNG]   after GNG: dpa=0.718 (pair=0.720 unpair=0.716)  gng=0.999 (go=1.000 nogo=0.998)
[s9_frzGNG]  GNG done in 243.4s  final train=0.0943  val=0.0959  dpa=0.718  gng=0.999
[s9_frzGNG]  ┌── params: after GNG
[s9_frzGNG]  │  rank 0: ||m||=35.834  ||n||=35.564  corr(m,n)=+0.784
[s9_frzGNG]  │  rank 1: ||m||=39.192  ||n||=45.227  corr(m,n)=+0.770
[s9_frzGNG]  │  κ-Jacobian eigvals (gain·n^Tm/N): +2.3082+0.3300j  +2.3082-0.3300j
[s9_frzGNG]  │  Wi: ||·||_F=60.089  per-channel=14.85 17.34 33.38 27.87 22.36 21.71 15.06
[s9_frzGNG]  └──────────────────────────────────────────────────
[s9_frzGNG] ────────────────────────────────────────────────────────────
[s9_frzGNG]  STAGE: Dual   device=cuda:1   epochs=100
[s9_frzGNG]  freeze recurrent cols: [0]
[s9_frzGNG]  freeze input dims:     [0, 1, 2, 3, 4, 5, 6]
[s9_frzGNG] ────────────────────────────────────────────────────────────
[s9_frzGNG]  data: [516, 444, 7] → [516, 444, 2]
[s9_frzGNG]  loss=separated  dpa_w=1.0  gng_w=1.0  go_w=1.0  nogo_w=2.0  aux_w=1.0  bl_w=1.0  go_hinge=1.0
Epoch 005/100 | lr: 0.01000 | train: 0.9015 | val: 0.8065
Epoch 010/100 | lr: 0.01000 | train: 0.8316 | val: 0.7832
Epoch 015/100 | lr: 0.01000 | train: 0.8045 | val: 0.7788
Epoch 020/100 | lr: 0.01000 | train: 0.7926 | val: 0.7608
Epoch 025/100 | lr: 0.01000 | train: 0.7798 | val: 0.7285
Epoch 030/100 | lr: 0.01000 | train: 0.7578 | val: 0.7249
Epoch 035/100 | lr: 0.01000 | train: 0.7414 | val: 0.7182
Epoch 040/100 | lr: 0.01000 | train: 0.7399 | val: 0.7154
Epoch 045/100 | lr: 0.01000 | train: 0.7202 | val: 0.6787
Epoch 050/100 | lr: 0.01000 | train: 0.7132 | val: 0.6755
Epoch 055/100 | lr: 0.01000 | train: 0.6871 | val: 0.6510
Epoch 060/100 | lr: 0.01000 | train: 0.6775 | val: 0.6387
Epoch 065/100 | lr: 0.01000 | train: 0.6622 | val: 0.6328
Epoch 070/100 | lr: 0.01000 | train: 0.6627 | val: 0.6153
Epoch 075/100 | lr: 0.01000 | train: 0.6433 | val: 0.6028
Epoch 080/100 | lr: 0.01000 | train: 0.6310 | val: 0.5902
Epoch 085/100 | lr: 0.01000 | train: 0.6160 | val: 0.5832
Epoch 090/100 | lr: 0.01000 | train: 0.6011 | val: 0.5691
Epoch 095/100 | lr: 0.01000 | train: 0.5912 | val: 0.5615
Epoch 100/100 | lr: 0.01000 | train: 0.5794 | val: 0.5657
[s9_frzGNG]  loss components: {'dpa': 0.4063, 'gng': 0.1729, 'gng_go': 0.0522, 'gng_nogo': 0.0604, 'baseline': 0.0107, 'aux': 0.0104}
[s9_frzGNG]   after Dual: dpa=0.969 (pair=0.980 unpair=0.958)  gng=1.000 (go=1.000 nogo=1.000)
[s9_frzGNG]  Dual done in 694.6s  final train=0.5794  val=0.5657  dpa=0.969  gng=1.000
[s9_frzGNG]  ┌── params: after Dual
[s9_frzGNG]  │  rank 0: ||m||=35.834  ||n||=35.564  corr(m,n)=+0.784
[s9_frzGNG]  │  rank 1: ||m||=33.885  ||n||=53.344  corr(m,n)=+0.664
[s9_frzGNG]  │  κ-Jacobian eigvals (gain·n^Tm/N): +2.1473+0.3198j  +2.1473-0.3198j
[s9_frzGNG]  │  Wi: ||·||_F=60.089  per-channel=14.85 17.34 33.38 27.87 22.36 21.71 15.06
[s9_frzGNG]  └──────────────────────────────────────────────────
[s9_frzGNG] ════════════════════════════════════════════════════════════
[s9_frzGNG]  RUN COMPLETE  2026-06-08 21:30:10  total=1652.1s
[s9_frzGNG]  ACCURACY SUMMARY
[s9_frzGNG]    after DPA : dpa=0.988  gng=0.539
[s9_frzGNG]    after GNG : dpa=0.718  gng=0.999
[s9_frzGNG]    after Dual: dpa=0.969  gng=1.000  dual_dpa=0.886  dual_gng=0.977
[s9_frzGNG] ════════════════════════════════════════════════════════════
