[s0] ════════════════════════════════════════════════════════════
[s0]  RUN START  2026-06-22 17:17:45
[s0]  run_id=s0  seed=0  device=cuda:0
[s0]  arch:  N=1000 (E=750 I=250)  K=125 (prob 0.167)  rank=2  gain=1.0  input_size=6  params=3,000
[s0]  task:  cue_on_go=True  rwd=False  rwd_scale=1.0  freeze_input_stages=['dual']  init=random
[s0]  dynamics: dt=0.0225  tau=(0.4, 0.2)s  tau_syn=(0.2, 0.1)s  STP(use=0.05 tau_fac=1.0s tau_rec=0.2s)  j_stp=1.0
[s0]  noise:  input_sigma=0.3732 (×1.0)  model_sigma=0.0000 (×0.0)
[s0]  optim:  lr=0.05  wd=0.01  batch=32  n_batch=256  clip=1.0
[s0]  epochs: dpa=100  gng=100  dual=100  loss=separated
[s0]  shapes: m[750, 2]  n[750, 2]  Wi[750, 6]
[s0]  ┌── params: init
[s0]  │  rank 0: ||m||=26.722  ||n||=27.499  corr(m,n)=+0.023
[s0]  │  rank 1: ||m||=26.734  ||n||=26.387  corr(m,n)=+0.006
[s0]  │  low-rank overlap n^Tm/N (modulates STP E→E): +0.0143+0.0286j  +0.0143-0.0286j
[s0]  │  Wi: ||·||_F=67.208  per-channel=26.38 27.24 28.06 27.18 27.36 28.35
[s0]  └──────────────────────────────────────────────────
[s0] ────────────────────────────────────────────────────────────
[s0]  STAGE: DPA   device=cuda:0   epochs=100
[s0] ────────────────────────────────────────────────────────────
[s0]  data: [256, 444, 6] → [256, 444, 2]
Epoch 005/100 | lr: 0.05000 | train: 3.6959 | val: 3.6896
Epoch 010/100 | lr: 0.05000 | train: 3.3467 | val: 3.3574
Epoch 015/100 | lr: 0.05000 | train: 2.6634 | val: 2.6456
Epoch 020/100 | lr: 0.05000 | train: 1.8509 | val: 1.8273
Epoch 025/100 | lr: 0.05000 | train: 0.1059 | val: 0.0368
Stopping: losses below 0.1.
[s0]   after DPA: dpa=1.000 (pair=1.000 unpair=1.000)  gng=0.646 (go=0.450 nogo=0.816)
[s0]  DPA done in 165.7s  final train=0.0494  val=0.0245  dpa=1.000  gng=0.646
[s0]  ┌── params: after DPA
[s0]  │  rank 0: ||m||=218.163  ||n||=110.101  corr(m,n)=+0.783
[s0]  │  rank 1: ||m||=130.010  ||n||=71.006  corr(m,n)=+0.398
[s0]  │  low-rank overlap n^Tm/N (modulates STP E→E): +25.0429  +4.9428
[s0]  │  Wi: ||·||_F=67.208  per-channel=26.38 27.24 28.06 27.18 27.36 28.35
[s0]  └──────────────────────────────────────────────────
[s0] ────────────────────────────────────────────────────────────
[s0]  STAGE: GNG   device=cuda:0   epochs=100
[s0]  freeze recurrent cols: [0]
[s0]  freeze input dims:     [0, 1, 2, 3]
[s0] ────────────────────────────────────────────────────────────
[s0]  data: [256, 266, 6] → [256, 266, 2]
Epoch 005/100 | lr: 0.05000 | train: 0.6922 | val: 0.5769
Epoch 010/100 | lr: 0.05000 | train: 0.5102 | val: 0.4555
Epoch 015/100 | lr: 0.05000 | train: 0.4133 | val: 0.3768
Epoch 020/100 | lr: 0.05000 | train: 0.3535 | val: 0.3309
Epoch 025/100 | lr: 0.05000 | train: 0.3028 | val: 0.2902
Epoch 030/100 | lr: 0.05000 | train: 0.2696 | val: 0.2459
Epoch 035/100 | lr: 0.05000 | train: 0.2417 | val: 0.2257
Epoch 040/100 | lr: 0.05000 | train: 0.2190 | val: 0.2026
Epoch 045/100 | lr: 0.05000 | train: 0.1943 | val: 0.1836
Epoch 050/100 | lr: 0.05000 | train: 0.1721 | val: 0.1672
Epoch 055/100 | lr: 0.05000 | train: 0.1481 | val: 0.1462
Epoch 060/100 | lr: 0.05000 | train: 0.1316 | val: 0.1178
Epoch 065/100 | lr: 0.05000 | train: 0.1103 | val: 0.1107
Epoch 070/100 | lr: 0.05000 | train: 0.1046 | val: 0.1076
Epoch 075/100 | lr: 0.05000 | train: 0.0952 | val: 0.1012
Stopping: losses below 0.1.
[s0]   after GNG: dpa=0.759 (pair=0.578 unpair=0.957)  gng=1.000 (go=1.000 nogo=1.000)
[s0]  GNG done in 226.5s  final train=0.0915  val=0.0996  dpa=0.759  gng=1.000
[s0]  ┌── params: after GNG
[s0]  │  rank 0: ||m||=218.163  ||n||=110.101  corr(m,n)=+0.783
[s0]  │  rank 1: ||m||=212.487  ||n||=122.407  corr(m,n)=+0.204
[s0]  │  low-rank overlap n^Tm/N (modulates STP E→E): +20.3210  +11.8331
[s0]  │  Wi: ||·||_F=67.208  per-channel=26.38 27.24 28.06 27.18 27.36 28.35
[s0]  └──────────────────────────────────────────────────
[s0] ────────────────────────────────────────────────────────────
[s0]  STAGE: Dual   device=cuda:0   epochs=100
[s0]  freeze input dims:     [0, 1, 2, 3, 4, 5]
[s0] ────────────────────────────────────────────────────────────
[s0]  data: [256, 444, 6] → [256, 444, 2]
[s0]  loss=separated  dpa_w=1.0  gng_w=1.0  go_w=1.0  nogo_w=1.0  aux_w=1.0  bl_w=1.0  go_hinge=1.0
Epoch 005/100 | lr: 0.05000 | train: 0.4122 | val: 0.2480
Epoch 010/100 | lr: 0.05000 | train: 0.1451 | val: 0.1214
Epoch 015/100 | lr: 0.05000 | train: 0.1001 | val: 0.0892
Stopping: losses below 0.1.
[s0]  loss components: {'dpa': 0.0022, 'gng': 0.0053, 'gng_go': 0.0053, 'gng_nogo': 0.0, 'baseline': 0.0407, 'aux': 0.0542}
[s0]   after Dual: dpa=1.000 (pair=1.000 unpair=1.000)  gng=1.000 (go=1.000 nogo=1.000)
[s0]  Dual done in 80.7s  final train=0.0933  val=0.0906  dpa=1.000  gng=1.000
[s0]  ┌── params: after Dual
[s0]  │  rank 0: ||m||=222.262  ||n||=115.553  corr(m,n)=+0.792
[s0]  │  rank 1: ||m||=204.582  ||n||=121.449  corr(m,n)=+0.209
[s0]  │  low-rank overlap n^Tm/N (modulates STP E→E): +23.0438  +10.9926
[s0]  │  Wi: ||·||_F=67.208  per-channel=26.38 27.24 28.06 27.18 27.36 28.35
[s0]  └──────────────────────────────────────────────────
[s0] ════════════════════════════════════════════════════════════
[s0]  RUN COMPLETE  2026-06-22 17:25:38  total=474.2s
[s0]  ACCURACY SUMMARY
[s0]    after DPA : dpa=1.000  gng=0.646
[s0]    after GNG : dpa=0.759  gng=1.000
[s0]    after Dual: dpa=1.000  gng=1.000  dual_dpa=1.000  dual_gng=1.000
[s0] ════════════════════════════════════════════════════════════
