[s7_nogo2] ════════════════════════════════════════════════════════════
[s7_nogo2]  RUN START  2026-06-08 17:37:12
[s7_nogo2]  run_id=s7_nogo2  seed=7  device=cuda:1
[s7_nogo2]  arch:  hidden=512  rank=2  gain=1.0  input_size=7  params=6,144
[s7_nogo2]  task:  cue_on_go=True  rwd=True  rwd_scale=1.0  freeze_input_stages=['dual']  init=random
[s7_nogo2]  dynamics: alpha=0.0750  alpha_rec=0.1000  dt=0.0225  tau=0.3  tau_rec_frac=0.75
[s7_nogo2]  noise:  input_sigma=0.3732 (×1.0)  model_sigma=0.0000 (×0.0)
[s7_nogo2]  optim:  lr=0.01  wd=0.01  batch=64  n_batch=516  clip=None
[s7_nogo2]  epochs: dpa=100  gng=100  dual=100  loss=separated
[s7_nogo2]  shapes: m[512, 2]  n[512, 2]  Wi[512, 7]
[s7_nogo2]  ┌── params: init
[s7_nogo2]  │  rank 0: ||m||=23.340  ||n||=23.513  corr(m,n)=-0.046
[s7_nogo2]  │  rank 1: ||m||=23.236  ||n||=22.508  corr(m,n)=-0.042
[s7_nogo2]  │  κ-Jacobian eigvals (gain·n^Tm/N): -0.0464+0.0483j  -0.0464-0.0483j
[s7_nogo2]  │  Wi: ||·||_F=60.688  per-channel=22.83 22.36 23.30 23.06 23.69 22.16 23.12
[s7_nogo2]  └──────────────────────────────────────────────────
[s7_nogo2] ────────────────────────────────────────────────────────────
[s7_nogo2]  STAGE: DPA   device=cuda:1   epochs=100
[s7_nogo2] ────────────────────────────────────────────────────────────
[s7_nogo2]  data: [516, 444, 7] → [516, 444, 2]
Epoch 005/100 | lr: 0.01000 | train: 1.9709 | val: 1.9595
Epoch 010/100 | lr: 0.01000 | train: 1.4184 | val: 1.2988
Epoch 015/100 | lr: 0.01000 | train: 1.0324 | val: 1.0179
Epoch 020/100 | lr: 0.01000 | train: 0.9602 | val: 0.9511
Epoch 025/100 | lr: 0.01000 | train: 0.8730 | val: 0.8424
Epoch 030/100 | lr: 0.01000 | train: 0.6572 | val: 0.6191
Epoch 035/100 | lr: 0.01000 | train: 0.4691 | val: 0.4357
Epoch 040/100 | lr: 0.01000 | train: 0.3742 | val: 0.3501
Epoch 045/100 | lr: 0.01000 | train: 0.3163 | val: 0.3056
Epoch 050/100 | lr: 0.01000 | train: 0.2763 | val: 0.3171
Epoch 055/100 | lr: 0.01000 | train: 0.2509 | val: 0.2843
Epoch 060/100 | lr: 0.01000 | train: 0.2045 | val: 0.2046
Epoch 065/100 | lr: 0.01000 | train: 0.1673 | val: 0.1504
Epoch 070/100 | lr: 0.01000 | train: 0.1495 | val: 0.1555
Epoch 075/100 | lr: 0.01000 | train: 0.1388 | val: 0.1214
Epoch 080/100 | lr: 0.01000 | train: 0.0999 | val: 0.0938
Stopping: losses below 0.1.
[s7_nogo2]   after DPA: dpa=0.998 (pair=0.998 unpair=0.998)  gng=0.563 (go=0.566 nogo=0.561)
[s7_nogo2]  DPA done in 708.8s  final train=0.0999  val=0.0938  dpa=0.998  gng=0.563
[s7_nogo2]  ┌── params: after DPA
[s7_nogo2]  │  rank 0: ||m||=35.168  ||n||=39.536  corr(m,n)=+0.828
[s7_nogo2]  │  rank 1: ||m||=32.984  ||n||=49.236  corr(m,n)=+0.784
[s7_nogo2]  │  κ-Jacobian eigvals (gain·n^Tm/N): +2.1608  +2.5766
[s7_nogo2]  │  Wi: ||·||_F=58.097  per-channel=20.41 21.16 32.12 32.15 13.44 11.11 11.86
[s7_nogo2]  └──────────────────────────────────────────────────
[s7_nogo2] ────────────────────────────────────────────────────────────
[s7_nogo2]  STAGE: GNG   device=cuda:1   epochs=100
[s7_nogo2]  freeze recurrent cols: [0]
[s7_nogo2]  freeze input dims:     [0, 1, 2, 3, 6]
[s7_nogo2] ────────────────────────────────────────────────────────────
[s7_nogo2]  data: [516, 266, 7] → [516, 266, 2]
Epoch 005/100 | lr: 0.01000 | train: 0.2371 | val: 0.2079
Epoch 010/100 | lr: 0.01000 | train: 0.1596 | val: 0.1436
Epoch 015/100 | lr: 0.01000 | train: 0.1192 | val: 0.1084
Stopping: losses below 0.1.
[s7_nogo2]   after GNG: dpa=0.999 (pair=1.000 unpair=0.998)  gng=0.999 (go=0.998 nogo=1.000)
[s7_nogo2]  GNG done in 104.9s  final train=0.0974  val=0.0870  dpa=0.999  gng=0.999
[s7_nogo2]  ┌── params: after GNG
[s7_nogo2]  │  rank 0: ||m||=35.168  ||n||=39.536  corr(m,n)=+0.828
[s7_nogo2]  │  rank 1: ||m||=32.209  ||n||=48.500  corr(m,n)=+0.738
[s7_nogo2]  │  κ-Jacobian eigvals (gain·n^Tm/N): +2.1062  +2.3935
[s7_nogo2]  │  Wi: ||·||_F=59.431  per-channel=20.41 21.16 32.12 32.15 15.22 15.15 11.86
[s7_nogo2]  └──────────────────────────────────────────────────
[s7_nogo2] ────────────────────────────────────────────────────────────
[s7_nogo2]  STAGE: Dual   device=cuda:1   epochs=100
[s7_nogo2]  freeze recurrent cols: [0]
[s7_nogo2]  freeze input dims:     [0, 1, 2, 3, 4, 5, 6]
[s7_nogo2] ────────────────────────────────────────────────────────────
[s7_nogo2]  data: [516, 444, 7] → [516, 444, 2]
[s7_nogo2]  loss=separated  dpa_w=1.0  gng_w=1.0  go_w=1.0  nogo_w=2.0  aux_w=1.0  bl_w=1.0
Epoch 005/100 | lr: 0.01000 | train: 0.5437 | val: 0.6101
Epoch 010/100 | lr: 0.01000 | train: 0.5023 | val: 0.5639
Epoch 015/100 | lr: 0.01000 | train: 0.4687 | val: 0.5304
Epoch 020/100 | lr: 0.01000 | train: 0.4343 | val: 0.4737
Epoch 025/100 | lr: 0.01000 | train: 0.3825 | val: 0.4606
Epoch 030/100 | lr: 0.01000 | train: 0.3615 | val: 0.4104
Epoch 035/100 | lr: 0.01000 | train: 0.3402 | val: 0.3888
Epoch 040/100 | lr: 0.01000 | train: 0.3074 | val: 0.3648
Epoch 045/100 | lr: 0.01000 | train: 0.2888 | val: 0.3362
Epoch 050/100 | lr: 0.01000 | train: 0.2704 | val: 0.3206
Epoch 055/100 | lr: 0.01000 | train: 0.2637 | val: 0.2958
Epoch 060/100 | lr: 0.01000 | train: 0.2486 | val: 0.3208
Epoch 065/100 | lr: 0.01000 | train: 0.2314 | val: 0.2662
Epoch 070/100 | lr: 0.01000 | train: 0.2175 | val: 0.2556
Epoch 075/100 | lr: 0.01000 | train: 0.2072 | val: 0.2520
Epoch 080/100 | lr: 0.01000 | train: 0.1966 | val: 0.2345
Epoch 085/100 | lr: 0.01000 | train: 0.1880 | val: 0.2281
Epoch 090/100 | lr: 0.01000 | train: 0.1930 | val: 0.2171
Epoch 095/100 | lr: 0.01000 | train: 0.1721 | val: 0.2153
Epoch 100/100 | lr: 0.01000 | train: 0.1687 | val: 0.2118
[s7_nogo2]  loss components: {'dpa': 0.12, 'gng': 0.0763, 'gng_go': 0.061, 'gng_nogo': 0.0077, 'baseline': 0.0126, 'aux': 0.0132}
[s7_nogo2]   after Dual: dpa=0.990 (pair=0.979 unpair=1.000)  gng=0.999 (go=0.998 nogo=1.000)
[s7_nogo2]  Dual done in 850.2s  final train=0.1687  val=0.2118  dpa=0.990  gng=0.999
[s7_nogo2]  ┌── params: after Dual
[s7_nogo2]  │  rank 0: ||m||=35.168  ||n||=39.536  corr(m,n)=+0.828
[s7_nogo2]  │  rank 1: ||m||=27.687  ||n||=67.341  corr(m,n)=+0.678
[s7_nogo2]  │  κ-Jacobian eigvals (gain·n^Tm/N): +2.1954  +2.5241
[s7_nogo2]  │  Wi: ||·||_F=59.431  per-channel=20.41 21.16 32.12 32.15 15.22 15.15 11.86
[s7_nogo2]  └──────────────────────────────────────────────────
[s7_nogo2] ════════════════════════════════════════════════════════════
[s7_nogo2]  RUN COMPLETE  2026-06-08 18:04:56  total=1666.7s
[s7_nogo2]  ACCURACY SUMMARY
[s7_nogo2]    after DPA : dpa=0.998  gng=0.563
[s7_nogo2]    after GNG : dpa=0.999  gng=0.999
[s7_nogo2]    after Dual: dpa=0.990  gng=0.999  dual_dpa=0.992  dual_gng=0.994
[s7_nogo2] ════════════════════════════════════════════════════════════
