[s5_nogo5] ════════════════════════════════════════════════════════════
[s5_nogo5]  RUN START  2026-06-09 03:04:41
[s5_nogo5]  run_id=s5_nogo5  seed=5  device=cuda:1
[s5_nogo5]  arch:  hidden=512  rank=2  gain=1.0  input_size=7  params=6,144
[s5_nogo5]  task:  cue_on_go=True  rwd=True  rwd_scale=1.0  freeze_input_stages=['gng', 'dual']  init=random
[s5_nogo5]  dynamics: alpha=0.0750  alpha_rec=0.1000  dt=0.0225  tau=0.3  tau_rec_frac=0.75
[s5_nogo5]  noise:  input_sigma=0.3732 (×1.0)  model_sigma=0.0000 (×0.0)
[s5_nogo5]  optim:  lr=0.01  wd=0.01  batch=64  n_batch=516  clip=None
[s5_nogo5]  epochs: dpa=100  gng=100  dual=100  loss=separated
[s5_nogo5]  shapes: m[512, 2]  n[512, 2]  Wi[512, 7]
[s5_nogo5]  ┌── params: init
[s5_nogo5]  │  rank 0: ||m||=23.437  ||n||=22.965  corr(m,n)=+0.028
[s5_nogo5]  │  rank 1: ||m||=22.893  ||n||=23.012  corr(m,n)=+0.061
[s5_nogo5]  │  κ-Jacobian eigvals (gain·n^Tm/N): +0.0320  +0.0594
[s5_nogo5]  │  Wi: ||·||_F=58.987  per-channel=22.32 23.25 22.23 22.01 21.84 22.14 22.26
[s5_nogo5]  └──────────────────────────────────────────────────
[s5_nogo5]  DPA: loading checkpoint from results/dual/sweep_hingeGNG/s5_hingeGNG/dpa_s5_hingeGNG.pth
[s5_nogo5]   after DPA: dpa=0.999 (pair=1.000 unpair=0.998)  gng=0.470 (go=0.023 nogo=0.920)
[s5_nogo5]  DPA done in 2.2s  (checkpoint)  dpa=0.999  gng=0.470
[s5_nogo5]  ┌── params: after DPA
[s5_nogo5]  │  rank 0: ||m||=37.549  ||n||=39.656  corr(m,n)=+0.807
[s5_nogo5]  │  rank 1: ||m||=33.323  ||n||=52.505  corr(m,n)=+0.781
[s5_nogo5]  │  κ-Jacobian eigvals (gain·n^Tm/N): +2.2472  +2.7685
[s5_nogo5]  │  Wi: ||·||_F=66.558  per-channel=22.18 20.22 32.31 35.98 21.84 22.14 14.95
[s5_nogo5]  └──────────────────────────────────────────────────
[s5_nogo5]  GNG: loading checkpoint from results/dual/sweep_hingeGNG/s5_hingeGNG/naive_s5_hingeGNG.pth
[s5_nogo5]   after GNG: dpa=0.993 (pair=0.994 unpair=0.992)  gng=0.986 (go=1.000 nogo=0.972)
[s5_nogo5]  GNG done in 1.6s  (checkpoint)  dpa=0.993  gng=0.986
[s5_nogo5]  ┌── params: after GNG
[s5_nogo5]  │  rank 0: ||m||=37.549  ||n||=39.656  corr(m,n)=+0.807
[s5_nogo5]  │  rank 1: ||m||=33.236  ||n||=58.142  corr(m,n)=+0.680
[s5_nogo5]  │  κ-Jacobian eigvals (gain·n^Tm/N): +2.1406  +2.7727
[s5_nogo5]  │  Wi: ||·||_F=66.558  per-channel=22.18 20.22 32.31 35.98 21.84 22.14 14.95
[s5_nogo5]  └──────────────────────────────────────────────────
[s5_nogo5] ────────────────────────────────────────────────────────────
[s5_nogo5]  STAGE: Dual   device=cuda:1   epochs=100
[s5_nogo5]  freeze recurrent cols: [0]
[s5_nogo5]  freeze input dims:     [0, 1, 2, 3, 4, 5, 6]
[s5_nogo5] ────────────────────────────────────────────────────────────
[s5_nogo5]  data: [516, 444, 7] → [516, 444, 2]
[s5_nogo5]  loss=separated  dpa_w=1.0  gng_w=1.0  go_w=1.0  nogo_w=5.0  aux_w=1.0  bl_w=1.0  go_hinge=1.0
Epoch 005/100 | lr: 0.01000 | train: 0.9022 | val: 0.9150
Epoch 010/100 | lr: 0.01000 | train: 0.7819 | val: 0.8195
Epoch 015/100 | lr: 0.01000 | train: 0.7022 | val: 0.7603
Epoch 020/100 | lr: 0.01000 | train: 0.6359 | val: 0.6912
Epoch 025/100 | lr: 0.01000 | train: 0.5783 | val: 0.6663
Epoch 030/100 | lr: 0.01000 | train: 0.5229 | val: 0.5962
Epoch 035/100 | lr: 0.01000 | train: 0.4790 | val: 0.5573
Epoch 040/100 | lr: 0.01000 | train: 0.4299 | val: 0.5138
Epoch 045/100 | lr: 0.01000 | train: 0.4170 | val: 0.4883
Epoch 050/100 | lr: 0.01000 | train: 0.3703 | val: 0.4623
Epoch 055/100 | lr: 0.01000 | train: 0.3487 | val: 0.4459
Epoch 060/100 | lr: 0.01000 | train: 0.3239 | val: 0.4189
Epoch 065/100 | lr: 0.01000 | train: 0.3047 | val: 0.3990
Epoch 070/100 | lr: 0.01000 | train: 0.2875 | val: 0.3839
Epoch 075/100 | lr: 0.01000 | train: 0.2772 | val: 0.3721
Epoch 080/100 | lr: 0.01000 | train: 0.2631 | val: 0.3525
Epoch 085/100 | lr: 0.01000 | train: 0.2423 | val: 0.3439
Epoch 090/100 | lr: 0.01000 | train: 0.2384 | val: 0.3324
Epoch 095/100 | lr: 0.01000 | train: 0.2290 | val: 0.3209
Epoch 100/100 | lr: 0.01000 | train: 0.2179 | val: 0.3214
[s5_nogo5]  loss components: {'dpa': 0.1065, 'gng': 0.3058, 'gng_go': 0.2419, 'gng_nogo': 0.0128, 'baseline': 0.0244, 'aux': 0.0185}
[s5_nogo5]   after Dual: dpa=0.994 (pair=0.988 unpair=1.000)  gng=0.999 (go=0.998 nogo=1.000)
[s5_nogo5]  Dual done in 728.5s  final train=0.2179  val=0.3214  dpa=0.994  gng=0.999
[s5_nogo5]  ┌── params: after Dual
[s5_nogo5]  │  rank 0: ||m||=37.549  ||n||=39.656  corr(m,n)=+0.807
[s5_nogo5]  │  rank 1: ||m||=36.301  ||n||=77.019  corr(m,n)=+0.532
[s5_nogo5]  │  κ-Jacobian eigvals (gain·n^Tm/N): +2.3211  +2.9309
[s5_nogo5]  │  Wi: ||·||_F=66.558  per-channel=22.18 20.22 32.31 35.98 21.84 22.14 14.95
[s5_nogo5]  └──────────────────────────────────────────────────
[s5_nogo5] ════════════════════════════════════════════════════════════
[s5_nogo5]  RUN COMPLETE  2026-06-09 03:16:53  total=733.9s
[s5_nogo5]  ACCURACY SUMMARY
[s5_nogo5]    after DPA : dpa=0.999  gng=0.470
[s5_nogo5]    after GNG : dpa=0.993  gng=0.986
[s5_nogo5]    after Dual: dpa=0.994  gng=0.999  dual_dpa=0.994  dual_gng=0.991
[s5_nogo5] ════════════════════════════════════════════════════════════
