[s4_norwd] ════════════════════════════════════════════════════════════
[s4_norwd]  RUN START  2026-06-07 17:49:11
[s4_norwd]  run_id=s4_norwd  seed=4  device=cuda:1
[s4_norwd]  arch:  hidden=512  rank=2  gain=1.0  input_size=7  params=6,144
[s4_norwd]  task:  cue_on_go=True  rwd=True  rwd_scale=1.0  freeze_input_stages=['dual']  init=random
[s4_norwd]  dynamics: alpha=0.0750  alpha_rec=0.1000  dt=0.0225  tau=0.3  tau_rec_frac=0.75
[s4_norwd]  noise:  input_sigma=0.3732 (×1.0)  model_sigma=0.3732 (×1.0)
[s4_norwd]  optim:  lr=0.01  wd=0.01  batch=64  n_batch=516  clip=None
[s4_norwd]  epochs: dpa=200  gng=200  dual=200  loss=separated
[s4_norwd]  shapes: m[512, 2]  n[512, 2]  Wi[512, 7]
[s4_norwd]  ┌── params: init
[s4_norwd]  │  rank 0: ||m||=22.881  ||n||=22.605  corr(m,n)=+0.032
[s4_norwd]  │  rank 1: ||m||=21.856  ||n||=21.161  corr(m,n)=-0.015
[s4_norwd]  │  κ-Jacobian eigvals (gain·n^Tm/N): +0.0282  -0.0090
[s4_norwd]  │  Wi: ||·||_F=59.728  per-channel=22.05 23.03 22.37 22.64 22.42 22.96 22.55
[s4_norwd]  └──────────────────────────────────────────────────
[s4_norwd] ────────────────────────────────────────────────────────────
[s4_norwd]  STAGE: DPA   device=cuda:1   epochs=200
[s4_norwd] ────────────────────────────────────────────────────────────
[s4_norwd]  data: [516, 444, 7] → [516, 444, 2]
Epoch 005/200 | lr: 0.01000 | train: 1.9696 | val: 1.9578
Epoch 010/200 | lr: 0.01000 | train: 1.7494 | val: 1.6076
Epoch 015/200 | lr: 0.01000 | train: 1.0457 | val: 1.0363
Epoch 020/200 | lr: 0.01000 | train: 1.0063 | val: 0.9979
Epoch 025/200 | lr: 0.01000 | train: 0.9737 | val: 0.9568
Epoch 030/200 | lr: 0.01000 | train: 0.9079 | val: 0.8846
Epoch 035/200 | lr: 0.01000 | train: 0.7915 | val: 0.7438
Epoch 040/200 | lr: 0.01000 | train: 0.5657 | val: 0.5212
Epoch 045/200 | lr: 0.01000 | train: 0.4256 | val: 0.4159
Epoch 050/200 | lr: 0.01000 | train: 0.3775 | val: 0.3689
Epoch 055/200 | lr: 0.01000 | train: 0.3846 | val: 0.3696
Epoch 060/200 | lr: 0.01000 | train: 0.3338 | val: 0.3037
Epoch 065/200 | lr: 0.01000 | train: 0.2931 | val: 0.3163
Epoch 070/200 | lr: 0.01000 | train: 0.2584 | val: 0.2811
Epoch 075/200 | lr: 0.01000 | train: 0.2359 | val: 0.2178
Epoch 080/200 | lr: 0.01000 | train: 0.2112 | val: 0.2453
Epoch 085/200 | lr: 0.01000 | train: 0.1825 | val: 0.1588
Epoch 090/200 | lr: 0.01000 | train: 0.1658 | val: 0.1688
Epoch 095/200 | lr: 0.00500 | train: 0.1424 | val: 0.1430
Epoch 100/200 | lr: 0.00500 | train: 0.1352 | val: 0.1394
Epoch 105/200 | lr: 0.00500 | train: 0.1361 | val: 0.1266
Epoch 110/200 | lr: 0.00250 | train: 0.1341 | val: 0.1236
Epoch 115/200 | lr: 0.00250 | train: 0.1251 | val: 0.1250
Epoch 120/200 | lr: 0.00125 | train: 0.1183 | val: 0.1198
Epoch 125/200 | lr: 0.00063 | train: 0.1192 | val: 0.1139
Epoch 130/200 | lr: 0.00063 | train: 0.1174 | val: 0.1258
Epoch 135/200 | lr: 0.00031 | train: 0.1203 | val: 0.1172
Epoch 140/200 | lr: 0.00016 | train: 0.1180 | val: 0.1222
Epoch 145/200 | lr: 0.00016 | train: 0.1223 | val: 0.1106
Epoch 150/200 | lr: 0.00008 | train: 0.1172 | val: 0.1132
Epoch 155/200 | lr: 0.00004 | train: 0.1194 | val: 0.1198
Epoch 160/200 | lr: 0.00002 | train: 0.1160 | val: 0.1139
Epoch 165/200 | lr: 0.00001 | train: 0.1149 | val: 0.1050
Epoch 170/200 | lr: 0.00001 | train: 0.1193 | val: 0.1187
Epoch 175/200 | lr: 0.00001 | train: 0.1172 | val: 0.1172
Epoch 180/200 | lr: 0.00001 | train: 0.1164 | val: 0.1165
Epoch 185/200 | lr: 0.00001 | train: 0.1156 | val: 0.1091
Epoch 190/200 | lr: 0.00001 | train: 0.1198 | val: 0.1175
Epoch 195/200 | lr: 0.00001 | train: 0.1217 | val: 0.1272
Epoch 200/200 | lr: 0.00001 | train: 0.1206 | val: 0.1228
[s4_norwd]  projected go ch=4 onto n₁ unit vector
[s4_norwd]   after DPA: dpa=0.995  gng=0.722
[s4_norwd]  DPA done in 1411.5s  final train=0.1206  val=0.1228  dpa=0.995  gng=0.722
[s4_norwd]  ┌── params: after DPA
[s4_norwd]  │  rank 0: ||m||=44.084  ||n||=38.843  corr(m,n)=+0.826
[s4_norwd]  │  rank 1: ||m||=35.942  ||n||=49.359  corr(m,n)=+0.825
[s4_norwd]  │  κ-Jacobian eigvals (gain·n^Tm/N): +2.8117+0.0815j  +2.8117-0.0815j
[s4_norwd]  │  Wi: ||·||_F=73.587  per-channel=24.98 24.07 39.18 45.77 10.15 11.74 18.45
[s4_norwd]  └──────────────────────────────────────────────────
[s4_norwd] ────────────────────────────────────────────────────────────
[s4_norwd]  STAGE: GNG   device=cuda:1   epochs=200
[s4_norwd]  freeze recurrent cols: [0]
[s4_norwd]  freeze input dims:     [0, 1, 2, 3, 6]
[s4_norwd] ────────────────────────────────────────────────────────────
[s4_norwd]  data: [516, 266, 7] → [516, 266, 2]
Epoch 005/200 | lr: 0.01000 | train: 0.1715 | val: 0.1404
Epoch 010/200 | lr: 0.01000 | train: 0.1336 | val: 0.1158
Epoch 015/200 | lr: 0.01000 | train: 0.1212 | val: 0.1120
Epoch 020/200 | lr: 0.01000 | train: 0.1075 | val: 0.0966
Stopping: losses below 0.1.
[s4_norwd]   after GNG: dpa=0.975  gng=0.943
[s4_norwd]  GNG done in 97.7s  final train=0.0942  val=0.0883  dpa=0.975  gng=0.943
[s4_norwd]  ┌── params: after GNG
[s4_norwd]  │  rank 0: ||m||=44.084  ||n||=38.843  corr(m,n)=+0.826
[s4_norwd]  │  rank 1: ||m||=36.040  ||n||=48.713  corr(m,n)=+0.839
[s4_norwd]  │  κ-Jacobian eigvals (gain·n^Tm/N): +2.7856  +2.8547
[s4_norwd]  │  Wi: ||·||_F=75.715  per-channel=24.98 24.07 39.18 45.77 14.00 19.04 18.45
[s4_norwd]  └──────────────────────────────────────────────────
[s4_norwd] ────────────────────────────────────────────────────────────
[s4_norwd]  STAGE: Dual   device=cuda:1   epochs=200
[s4_norwd]  freeze recurrent cols: [0]
[s4_norwd]  freeze input dims:     [0, 1, 2, 3, 4, 5, 6]
[s4_norwd] ────────────────────────────────────────────────────────────
[s4_norwd]  data: [516, 444, 7] → [516, 444, 2]
[s4_norwd]  loss=separated  dpa_w=1.0  gng_w=1.0  aux_w=1.0  bl_w=1.0
Epoch 005/200 | lr: 0.01000 | train: 0.8157 | val: 0.9230
Epoch 010/200 | lr: 0.01000 | train: 0.8060 | val: 0.9153
Epoch 015/200 | lr: 0.01000 | train: 0.7682 | val: 0.8719
Epoch 020/200 | lr: 0.01000 | train: 0.7383 | val: 0.8524
Epoch 025/200 | lr: 0.01000 | train: 0.7251 | val: 0.7802
Epoch 030/200 | lr: 0.01000 | train: 0.6991 | val: 0.7877
Epoch 035/200 | lr: 0.01000 | train: 0.6722 | val: 0.7331
Epoch 040/200 | lr: 0.01000 | train: 0.6566 | val: 0.7147
Epoch 045/200 | lr: 0.01000 | train: 0.6257 | val: 0.7309
Epoch 050/200 | lr: 0.01000 | train: 0.6004 | val: 0.6518
Epoch 055/200 | lr: 0.01000 | train: 0.5959 | val: 0.6522
Epoch 060/200 | lr: 0.00500 | train: 0.5942 | val: 0.6325
Epoch 065/200 | lr: 0.00250 | train: 0.5663 | val: 0.6420
Epoch 070/200 | lr: 0.00250 | train: 0.5718 | val: 0.5978
Epoch 075/200 | lr: 0.00250 | train: 0.5568 | val: 0.6081
Epoch 080/200 | lr: 0.00125 | train: 0.5472 | val: 0.6202
Epoch 085/200 | lr: 0.00063 | train: 0.5659 | val: 0.6248
Epoch 090/200 | lr: 0.00031 | train: 0.5666 | val: 0.6015
Epoch 095/200 | lr: 0.00016 | train: 0.5645 | val: 0.6159
Epoch 100/200 | lr: 0.00016 | train: 0.5569 | val: 0.6109
Epoch 105/200 | lr: 0.00008 | train: 0.5403 | val: 0.5902
Epoch 110/200 | lr: 0.00008 | train: 0.5640 | val: 0.6178
Epoch 115/200 | lr: 0.00004 | train: 0.5425 | val: 0.6123
Epoch 120/200 | lr: 0.00002 | train: 0.5516 | val: 0.6148
Epoch 125/200 | lr: 0.00001 | train: 0.5596 | val: 0.5960
Epoch 130/200 | lr: 0.00001 | train: 0.5537 | val: 0.5852
Epoch 135/200 | lr: 0.00001 | train: 0.5531 | val: 0.6274
Epoch 140/200 | lr: 0.00001 | train: 0.5463 | val: 0.6178
Epoch 145/200 | lr: 0.00001 | train: 0.5409 | val: 0.5975
Epoch 150/200 | lr: 0.00001 | train: 0.5506 | val: 0.6177
Epoch 155/200 | lr: 0.00001 | train: 0.5575 | val: 0.6462
Epoch 160/200 | lr: 0.00001 | train: 0.5486 | val: 0.6287
Epoch 165/200 | lr: 0.00001 | train: 0.5585 | val: 0.6133
Epoch 170/200 | lr: 0.00001 | train: 0.5651 | val: 0.5899
Epoch 175/200 | lr: 0.00001 | train: 0.5570 | val: 0.6060
Epoch 180/200 | lr: 0.00001 | train: 0.5516 | val: 0.6126
Epoch 185/200 | lr: 0.00001 | train: 0.5527 | val: 0.6205
Epoch 190/200 | lr: 0.00001 | train: 0.5519 | val: 0.6254
Epoch 195/200 | lr: 0.00001 | train: 0.5605 | val: 0.6112
Epoch 200/200 | lr: 0.00001 | train: 0.5569 | val: 0.6045
[s4_norwd]  loss components: {'dpa': 0.2536, 'gng': 0.3493, 'baseline': 0.0755, 'aux': 0.0242}
[s4_norwd]   after Dual: dpa=0.989  gng=0.983
[s4_norwd]  Dual done in 1063.3s  final train=0.5569  val=0.6045  dpa=0.989  gng=0.983
[s4_norwd]  ┌── params: after Dual
[s4_norwd]  │  rank 0: ||m||=44.084  ||n||=38.843  corr(m,n)=+0.826
[s4_norwd]  │  rank 1: ||m||=34.689  ||n||=55.482  corr(m,n)=+0.753
[s4_norwd]  │  κ-Jacobian eigvals (gain·n^Tm/N): +2.6653  +2.9270
[s4_norwd]  │  Wi: ||·||_F=75.715  per-channel=24.98 24.07 39.18 45.77 14.00 19.04 18.45
[s4_norwd]  └──────────────────────────────────────────────────
[s4_norwd] ════════════════════════════════════════════════════════════
[s4_norwd]  RUN COMPLETE  2026-06-07 18:32:04  total=2574.4s
[s4_norwd]  ACCURACY SUMMARY
[s4_norwd]    after DPA : dpa=0.995  gng=0.722
[s4_norwd]    after GNG : dpa=0.975  gng=0.943
[s4_norwd]    after Dual: dpa=0.989  gng=0.983  dual_dpa=0.991  dual_gng=0.720
[s4_norwd] ════════════════════════════════════════════════════════════
