[s0_free_gng] ════════════════════════════════════════════════════════════
[s0_free_gng]  RUN START  2026-06-07 13:17:08
[s0_free_gng]  run_id=s0_free_gng  seed=0  device=cuda:0
[s0_free_gng]  arch:  hidden=512  rank=2  gain=1.0  input_size=7  params=6,144
[s0_free_gng]  task:  cue_on_go=True  rwd=True  rwd_scale=1.0  freeze_input_stages=['dual']  init=random
[s0_free_gng]  dynamics: alpha=0.0750  alpha_rec=0.1000  dt=0.0225  tau=0.3  tau_rec_frac=0.75
[s0_free_gng]  noise:  input_sigma=0.3732 (×1.0)  model_sigma=0.3732 (×1.0)
[s0_free_gng]  optim:  lr=0.01  wd=0.01  batch=64  n_batch=516  clip=None
[s0_free_gng]  epochs: dpa=200  gng=200  dual=200  loss=separated
[s0_free_gng]  shapes: m[512, 2]  n[512, 2]  Wi[512, 7]
[s0_free_gng]  ┌── params: init
[s0_free_gng]  │  rank 0: ||m||=22.187  ||n||=22.116  corr(m,n)=-0.011
[s0_free_gng]  │  rank 1: ||m||=22.375  ||n||=22.846  corr(m,n)=+0.037
[s0_free_gng]  │  κ-Jacobian eigvals (gain·n^Tm/N): +0.0132+0.0342j  +0.0132-0.0342j
[s0_free_gng]  │  Wi: ||·||_F=59.379  per-channel=22.21 22.79 22.15 22.73 21.77 21.92 23.48
[s0_free_gng]  └──────────────────────────────────────────────────
[s0_free_gng] ────────────────────────────────────────────────────────────
[s0_free_gng]  STAGE: DPA   device=cuda:0   epochs=200
[s0_free_gng] ────────────────────────────────────────────────────────────
[s0_free_gng]  data: [516, 444, 7] → [516, 444, 2]
Epoch 005/200 | lr: 0.01000 | train: 1.9788 | val: 1.9581
Epoch 010/200 | lr: 0.01000 | train: 1.8666 | val: 1.8019
Epoch 015/200 | lr: 0.01000 | train: 1.0775 | val: 1.0356
Epoch 020/200 | lr: 0.01000 | train: 0.9866 | val: 0.9625
Epoch 025/200 | lr: 0.01000 | train: 0.9091 | val: 0.8726
Epoch 030/200 | lr: 0.01000 | train: 0.7725 | val: 0.7312
Epoch 035/200 | lr: 0.01000 | train: 0.5814 | val: 0.5763
Epoch 040/200 | lr: 0.01000 | train: 0.4453 | val: 0.4297
Epoch 045/200 | lr: 0.01000 | train: 0.4367 | val: 0.4138
Epoch 050/200 | lr: 0.01000 | train: 0.3497 | val: 0.3652
Epoch 055/200 | lr: 0.01000 | train: 0.3178 | val: 0.3210
Epoch 060/200 | lr: 0.01000 | train: 0.2976 | val: 0.3001
Epoch 065/200 | lr: 0.01000 | train: 0.2633 | val: 0.3356
Epoch 070/200 | lr: 0.01000 | train: 0.2469 | val: 0.2528
Epoch 075/200 | lr: 0.01000 | train: 0.2026 | val: 0.2513
Epoch 080/200 | lr: 0.01000 | train: 0.1874 | val: 0.1969
Epoch 085/200 | lr: 0.01000 | train: 0.1521 | val: 0.1591
Epoch 090/200 | lr: 0.01000 | train: 0.1272 | val: 0.1575
Epoch 095/200 | lr: 0.01000 | train: 0.1067 | val: 0.1161
Epoch 100/200 | lr: 0.01000 | train: 0.0981 | val: 0.1361
Stopping: losses below 0.1.
[s0_free_gng]   after DPA: dpa=0.999  gng=0.406
[s0_free_gng]  DPA done in 718.5s  final train=0.0889  val=0.0970  dpa=0.999  gng=0.406
[s0_free_gng]  ┌── params: after DPA
[s0_free_gng]  │  rank 0: ||m||=44.677  ||n||=37.899  corr(m,n)=+0.839
[s0_free_gng]  │  rank 1: ||m||=34.048  ||n||=55.948  corr(m,n)=+0.832
[s0_free_gng]  │  κ-Jacobian eigvals (gain·n^Tm/N): +2.6657  +3.2049
[s0_free_gng]  │  Wi: ||·||_F=69.298  per-channel=23.93 23.78 40.85 39.87 11.37 10.94 12.53
[s0_free_gng]  └──────────────────────────────────────────────────
[s0_free_gng] ────────────────────────────────────────────────────────────
[s0_free_gng]  STAGE: GNG   device=cuda:0   epochs=200
[s0_free_gng]  freeze recurrent cols: [0]
[s0_free_gng]  freeze input dims:     [0, 1, 2, 3, 6]
[s0_free_gng] ────────────────────────────────────────────────────────────
[s0_free_gng]  data: [516, 266, 7] → [516, 266, 2]
Epoch 005/200 | lr: 0.01000 | train: 0.3297 | val: 0.2486
Epoch 010/200 | lr: 0.01000 | train: 0.1595 | val: 0.1280
Epoch 015/200 | lr: 0.01000 | train: 0.1223 | val: 0.1107
Epoch 020/200 | lr: 0.01000 | train: 0.1013 | val: 0.0925
Stopping: losses below 0.1.
[s0_free_gng]   after GNG: dpa=0.985  gng=0.992
[s0_free_gng]  GNG done in 94.4s  final train=0.0938  val=0.0912  dpa=0.985  gng=0.992
[s0_free_gng]  ┌── params: after GNG
[s0_free_gng]  │  rank 0: ||m||=44.677  ||n||=37.899  corr(m,n)=+0.839
[s0_free_gng]  │  rank 1: ||m||=33.509  ||n||=55.376  corr(m,n)=+0.803
[s0_free_gng]  │  κ-Jacobian eigvals (gain·n^Tm/N): +2.5090  +3.1763
[s0_free_gng]  │  Wi: ||·||_F=70.961  per-channel=23.93 23.78 40.85 39.87 14.00 16.92 12.53
[s0_free_gng]  └──────────────────────────────────────────────────
[s0_free_gng] ────────────────────────────────────────────────────────────
[s0_free_gng]  STAGE: Dual   device=cuda:0   epochs=200
[s0_free_gng]  freeze recurrent cols: [0]
[s0_free_gng]  freeze input dims:     [0, 1, 2, 3, 4, 5, 6]
[s0_free_gng] ────────────────────────────────────────────────────────────
[s0_free_gng]  data: [516, 444, 7] → [516, 444, 2]
[s0_free_gng]  loss=separated  dpa_w=1.0  gng_w=1.0  aux_w=1.0  bl_w=1.0
Epoch 005/200 | lr: 0.01000 | train: 0.6935 | val: 0.6204
Epoch 010/200 | lr: 0.01000 | train: 0.6368 | val: 0.5797
Epoch 015/200 | lr: 0.01000 | train: 0.6213 | val: 0.5665
Epoch 020/200 | lr: 0.01000 | train: 0.6016 | val: 0.5322
Epoch 025/200 | lr: 0.01000 | train: 0.5650 | val: 0.4755
Epoch 030/200 | lr: 0.01000 | train: 0.5609 | val: 0.4831
Epoch 035/200 | lr: 0.01000 | train: 0.5220 | val: 0.4502
Epoch 040/200 | lr: 0.00500 | train: 0.5022 | val: 0.4516
Epoch 045/200 | lr: 0.00500 | train: 0.4959 | val: 0.4468
Epoch 050/200 | lr: 0.00500 | train: 0.4906 | val: 0.3802
Epoch 055/200 | lr: 0.00500 | train: 0.4714 | val: 0.3899
Epoch 060/200 | lr: 0.00250 | train: 0.4587 | val: 0.3913
Epoch 065/200 | lr: 0.00250 | train: 0.4709 | val: 0.3976
Epoch 070/200 | lr: 0.00125 | train: 0.4527 | val: 0.3811
Epoch 075/200 | lr: 0.00125 | train: 0.4588 | val: 0.3937
Epoch 080/200 | lr: 0.00125 | train: 0.4373 | val: 0.4007
Epoch 085/200 | lr: 0.00063 | train: 0.4515 | val: 0.3722
Epoch 090/200 | lr: 0.00063 | train: 0.4487 | val: 0.3716
Epoch 095/200 | lr: 0.00063 | train: 0.4449 | val: 0.3692
Epoch 100/200 | lr: 0.00063 | train: 0.4396 | val: 0.3673
Epoch 105/200 | lr: 0.00031 | train: 0.4353 | val: 0.3801
Epoch 110/200 | lr: 0.00016 | train: 0.4329 | val: 0.3654
Epoch 115/200 | lr: 0.00008 | train: 0.4440 | val: 0.3663
Epoch 120/200 | lr: 0.00004 | train: 0.4415 | val: 0.3612
Epoch 125/200 | lr: 0.00004 | train: 0.4401 | val: 0.3750
Epoch 130/200 | lr: 0.00002 | train: 0.4335 | val: 0.3782
Epoch 135/200 | lr: 0.00001 | train: 0.4428 | val: 0.3592
Epoch 140/200 | lr: 0.00001 | train: 0.4497 | val: 0.3778
Epoch 145/200 | lr: 0.00001 | train: 0.4328 | val: 0.3799
Epoch 150/200 | lr: 0.00001 | train: 0.4424 | val: 0.3544
Epoch 155/200 | lr: 0.00001 | train: 0.4430 | val: 0.3689
Epoch 160/200 | lr: 0.00001 | train: 0.4290 | val: 0.3700
Epoch 165/200 | lr: 0.00001 | train: 0.4422 | val: 0.3622
Epoch 170/200 | lr: 0.00001 | train: 0.4405 | val: 0.3606
Epoch 175/200 | lr: 0.00001 | train: 0.4420 | val: 0.3612
Epoch 180/200 | lr: 0.00001 | train: 0.4492 | val: 0.3721
Epoch 185/200 | lr: 0.00001 | train: 0.4441 | val: 0.3545
Epoch 190/200 | lr: 0.00001 | train: 0.4373 | val: 0.3922
Epoch 195/200 | lr: 0.00001 | train: 0.4364 | val: 0.3620
Epoch 200/200 | lr: 0.00001 | train: 0.4449 | val: 0.3702
[s0_free_gng]  loss components: {'dpa': 0.1053, 'gng': 0.232, 'baseline': 0.0215, 'aux': 0.0206}
[s0_free_gng]   after Dual: dpa=0.997  gng=0.994
[s0_free_gng]  Dual done in 2133.0s  final train=0.4449  val=0.3702  dpa=0.997  gng=0.994
[s0_free_gng]  ┌── params: after Dual
[s0_free_gng]  │  rank 0: ||m||=44.677  ||n||=37.899  corr(m,n)=+0.839
[s0_free_gng]  │  rank 1: ||m||=31.651  ||n||=65.092  corr(m,n)=+0.735
[s0_free_gng]  │  κ-Jacobian eigvals (gain·n^Tm/N): +2.7010  +3.0310
[s0_free_gng]  │  Wi: ||·||_F=70.961  per-channel=23.93 23.78 40.85 39.87 14.00 16.92 12.53
[s0_free_gng]  └──────────────────────────────────────────────────
[s0_free_gng] ════════════════════════════════════════════════════════════
[s0_free_gng]  RUN COMPLETE  2026-06-07 14:06:14  total=2947.3s
[s0_free_gng]  ACCURACY SUMMARY
[s0_free_gng]    after DPA : dpa=0.999  gng=0.406
[s0_free_gng]    after GNG : dpa=0.985  gng=0.992
[s0_free_gng]    after Dual: dpa=0.997  gng=0.994  dual_dpa=0.991  dual_gng=0.900
[s0_free_gng] ════════════════════════════════════════════════════════════
