[s9_random] ════════════════════════════════════════════════════════════
[s9_random]  RUN START  2026-06-04 21:15:22
[s9_random]  run_id=s9_random  seed=9  device=cuda:1
[s9_random]  arch:  hidden=512  rank=2  gain=2.0  input_size=7  params=6,144
[s9_random]  task:  cue_on_go=True  rwd=True  freeze_inputs=True  init=random
[s9_random]  dynamics: alpha=0.0750  alpha_rec=0.1000  dt=0.0225  tau=0.3  tau_rec_frac=0.75
[s9_random]  noise:  input_sigma=0.1866 (×0.5)  model_sigma=0.0000 (×0.0)
[s9_random]  optim:  lr=0.01  wd=0.01  batch=64  n_batch=516  clip=1.0
[s9_random]  epochs: dpa=100  gng=100  dual=100  loss=separated
[s9_random]  shapes: m[512, 2]  n[512, 2]  Wi[512, 7]
[s9_random]  ┌── params: init
[s9_random]  │  rank 0: ||m||=23.029  ||n||=22.465  corr(m,n)=+0.028
[s9_random]  │  rank 1: ||m||=22.407  ||n||=23.814  corr(m,n)=+0.019
[s9_random]  │  κ-Jacobian eigvals (gain·n^Tm/N): +0.0606  +0.0351
[s9_random]  │  Wi: ||·||_F=60.662  per-channel=22.99 23.55 22.57 23.32 22.36 21.71 23.91
[s9_random]  └──────────────────────────────────────────────────
[s9_random] ────────────────────────────────────────────────────────────
[s9_random]  STAGE: DPA   device=cuda:1   epochs=100
[s9_random]  freeze input dims:     [0, 1, 2, 3, 4, 5, 6]
[s9_random] ────────────────────────────────────────────────────────────
[s9_random]  data: [516, 444, 7] → [516, 444, 2]
Epoch 005/100 | lr: 0.01000 | train: 1.9805 | val: 1.9666
Epoch 010/100 | lr: 0.01000 | train: 1.2872 | val: 1.2029
Epoch 015/100 | lr: 0.01000 | train: 1.0639 | val: 1.0654
Epoch 020/100 | lr: 0.01000 | train: 0.9897 | val: 0.9980
Epoch 025/100 | lr: 0.01000 | train: 0.9080 | val: 0.9056
Epoch 030/100 | lr: 0.01000 | train: 0.7304 | val: 0.6963
Epoch 035/100 | lr: 0.01000 | train: 0.5628 | val: 0.5738
Epoch 040/100 | lr: 0.01000 | train: 0.5025 | val: 0.5061
Epoch 045/100 | lr: 0.01000 | train: 0.4373 | val: 0.5138
Epoch 050/100 | lr: 0.01000 | train: 0.4242 | val: 0.4710
Epoch 055/100 | lr: 0.01000 | train: 0.3744 | val: 0.3965
Epoch 060/100 | lr: 0.01000 | train: 0.3575 | val: 0.4455
Epoch 065/100 | lr: 0.01000 | train: 0.3552 | val: 0.3602
Epoch 070/100 | lr: 0.01000 | train: 0.3241 | val: 0.3427
Epoch 075/100 | lr: 0.01000 | train: 0.3059 | val: 0.3160
Epoch 080/100 | lr: 0.01000 | train: 0.3683 | val: 0.3679
Epoch 085/100 | lr: 0.01000 | train: 0.2809 | val: 0.3047
Epoch 090/100 | lr: 0.01000 | train: 0.2688 | val: 0.2834
Epoch 095/100 | lr: 0.01000 | train: 0.2540 | val: 0.3174
Epoch 100/100 | lr: 0.00500 | train: 0.2525 | val: 0.2683
[s9_random]   after DPA: dpa=1.000  gng=0.395
[s9_random]  DPA done in 697.9s  final train=0.2525  val=0.2683  dpa=1.000  gng=0.395
[s9_random]  ┌── params: after DPA
[s9_random]  │  rank 0: ||m||=22.609  ||n||=36.540  corr(m,n)=+0.353
[s9_random]  │  rank 1: ||m||=33.653  ||n||=35.688  corr(m,n)=+0.739
[s9_random]  │  κ-Jacobian eigvals (gain·n^Tm/N): +2.3026+0.6434j  +2.3026-0.6434j
[s9_random]  │  Wi: ||·||_F=60.662  per-channel=22.99 23.55 22.57 23.32 22.36 21.71 23.91
[s9_random]  └──────────────────────────────────────────────────
[s9_random] ────────────────────────────────────────────────────────────
[s9_random]  STAGE: GNG   device=cuda:1   epochs=100
[s9_random]  freeze recurrent cols: [0]
[s9_random]  freeze input dims:     [0, 1, 2, 3, 6]
[s9_random] ────────────────────────────────────────────────────────────
[s9_random]  data: [516, 266, 7] → [516, 266, 2]
Epoch 005/100 | lr: 0.01000 | train: 0.2730 | val: 0.2436
Epoch 010/100 | lr: 0.01000 | train: 0.1855 | val: 0.1719
Epoch 015/100 | lr: 0.01000 | train: 0.1535 | val: 0.1418
Epoch 020/100 | lr: 0.01000 | train: 0.1358 | val: 0.1262
Epoch 025/100 | lr: 0.01000 | train: 0.1238 | val: 0.1167
Epoch 030/100 | lr: 0.01000 | train: 0.1156 | val: 0.1097
Epoch 035/100 | lr: 0.01000 | train: 0.1086 | val: 0.1034
Epoch 040/100 | lr: 0.01000 | train: 0.1026 | val: 0.0977
Epoch 045/100 | lr: 0.01000 | train: 0.0969 | val: 0.0926
Epoch 050/100 | lr: 0.01000 | train: 0.0920 | val: 0.0883
Epoch 055/100 | lr: 0.01000 | train: 0.0877 | val: 0.0841
Epoch 060/100 | lr: 0.01000 | train: 0.0843 | val: 0.0803
Epoch 065/100 | lr: 0.01000 | train: 0.0805 | val: 0.0772
Epoch 070/100 | lr: 0.01000 | train: 0.0776 | val: 0.0742
Epoch 075/100 | lr: 0.01000 | train: 0.0750 | val: 0.0716
Epoch 080/100 | lr: 0.01000 | train: 0.0729 | val: 0.0695
Epoch 085/100 | lr: 0.01000 | train: 0.0705 | val: 0.0675
Epoch 090/100 | lr: 0.01000 | train: 0.0688 | val: 0.0656
Epoch 095/100 | lr: 0.01000 | train: 0.0674 | val: 0.0639
Epoch 100/100 | lr: 0.01000 | train: 0.0657 | val: 0.0624
[s9_random]   after GNG: dpa=0.558  gng=0.920
[s9_random]  GNG done in 443.8s  final train=0.0657  val=0.0624  dpa=0.558  gng=0.920
[s9_random]  ┌── params: after GNG
[s9_random]  │  rank 0: ||m||=22.609  ||n||=36.540  corr(m,n)=+0.353
[s9_random]  │  rank 1: ||m||=23.984  ||n||=38.944  corr(m,n)=+0.600
[s9_random]  │  κ-Jacobian eigvals (gain·n^Tm/N): +1.6636+0.8369j  +1.6636-0.8369j
[s9_random]  │  Wi: ||·||_F=62.087  per-channel=22.99 23.55 22.57 23.32 23.96 23.92 23.91
[s9_random]  └──────────────────────────────────────────────────
[s9_random] ────────────────────────────────────────────────────────────
[s9_random]  STAGE: Dual   device=cuda:1   epochs=100
[s9_random]  freeze input dims:     [0, 1, 2, 3, 4, 5, 6]
[s9_random] ────────────────────────────────────────────────────────────
[s9_random]  data: [516, 444, 7] → [516, 444, 2]
[s9_random]  loss=separated  dpa_w=1.0  gng_w=1.0  aux_w=1.0  bl_w=1.0
Epoch 005/100 | lr: 0.01000 | train: 0.9757 | val: 1.0230
Epoch 010/100 | lr: 0.01000 | train: 0.9303 | val: 0.9818
Epoch 015/100 | lr: 0.01000 | train: 0.9145 | val: 0.9543
Epoch 020/100 | lr: 0.01000 | train: 0.8922 | val: 0.9345
Epoch 025/100 | lr: 0.01000 | train: 0.8871 | val: 0.9199
Epoch 030/100 | lr: 0.01000 | train: 0.8740 | val: 0.9092
Epoch 035/100 | lr: 0.01000 | train: 0.8641 | val: 0.8922
Epoch 040/100 | lr: 0.01000 | train: 0.8647 | val: 0.8813
Epoch 045/100 | lr: 0.01000 | train: 0.8351 | val: 0.8570
Epoch 050/100 | lr: 0.01000 | train: 0.7756 | val: 0.7811
Epoch 055/100 | lr: 0.01000 | train: 0.6819 | val: 0.6725
Epoch 060/100 | lr: 0.01000 | train: 0.6144 | val: 0.5652
Epoch 065/100 | lr: 0.01000 | train: 0.5298 | val: 0.4846
Epoch 070/100 | lr: 0.01000 | train: 0.4679 | val: 0.3822
Epoch 075/100 | lr: 0.01000 | train: 0.4276 | val: 0.3597
Epoch 080/100 | lr: 0.01000 | train: 0.4028 | val: 0.2985
Epoch 085/100 | lr: 0.01000 | train: 0.3678 | val: 0.4269
Epoch 090/100 | lr: 0.01000 | train: 0.3515 | val: 0.2808
Epoch 095/100 | lr: 0.00500 | train: 0.3396 | val: 0.2606
Epoch 100/100 | lr: 0.00500 | train: 0.3440 | val: 0.2617
[s9_random]  loss components: {'dpa': 0.2968, 'gng': 0.0608, 'baseline': 0.004, 'aux': 0.0028}
[s9_random]   after Dual: dpa=0.994  gng=0.010
[s9_random]  Dual done in 719.7s  final train=0.3440  val=0.2617  dpa=0.994  gng=0.010
[s9_random]  ┌── params: after Dual
[s9_random]  │  rank 0: ||m||=34.295  ||n||=46.776  corr(m,n)=+0.001
[s9_random]  │  rank 1: ||m||=37.216  ||n||=50.508  corr(m,n)=+0.591
[s9_random]  │  κ-Jacobian eigvals (gain·n^Tm/N): +1.9160  +2.4313
[s9_random]  │  Wi: ||·||_F=62.087  per-channel=22.99 23.55 22.57 23.32 23.96 23.92 23.91
[s9_random]  └──────────────────────────────────────────────────
[s9_random] ════════════════════════════════════════════════════════════
[s9_random]  RUN COMPLETE  2026-06-04 21:46:23  total=1863.4s
[s9_random]  ACCURACY SUMMARY
[s9_random]    after DPA : dpa=1.000  gng=0.395
[s9_random]    after GNG : dpa=0.558  gng=0.920
[s9_random]    after Dual: dpa=0.994  gng=0.010  dual_dpa=0.914  dual_gng=0.305
[s9_random] ════════════════════════════════════════════════════════════
