[s7_noHinge] ════════════════════════════════════════════════════════════
[s7_noHinge]  RUN START  2026-06-09 00:17:06
[s7_noHinge]  run_id=s7_noHinge  seed=7  device=cuda:1
[s7_noHinge]  arch:  hidden=512  rank=2  gain=1.0  input_size=7  params=6,144
[s7_noHinge]  task:  cue_on_go=True  rwd=True  rwd_scale=1.0  freeze_input_stages=['gng', 'dual']  init=random
[s7_noHinge]  dynamics: alpha=0.0750  alpha_rec=0.1000  dt=0.0225  tau=0.3  tau_rec_frac=0.75
[s7_noHinge]  noise:  input_sigma=0.3732 (×1.0)  model_sigma=0.0000 (×0.0)
[s7_noHinge]  optim:  lr=0.01  wd=0.01  batch=64  n_batch=516  clip=None
[s7_noHinge]  epochs: dpa=100  gng=100  dual=100  loss=separated
[s7_noHinge]  shapes: m[512, 2]  n[512, 2]  Wi[512, 7]
[s7_noHinge]  ┌── params: init
[s7_noHinge]  │  rank 0: ||m||=23.340  ||n||=23.513  corr(m,n)=-0.046
[s7_noHinge]  │  rank 1: ||m||=23.236  ||n||=22.508  corr(m,n)=-0.042
[s7_noHinge]  │  κ-Jacobian eigvals (gain·n^Tm/N): -0.0464+0.0483j  -0.0464-0.0483j
[s7_noHinge]  │  Wi: ||·||_F=60.688  per-channel=22.83 22.36 23.30 23.06 23.69 22.16 23.12
[s7_noHinge]  └──────────────────────────────────────────────────
[s7_noHinge]  DPA: loading checkpoint from results/dual/sweep_adam2/s7_adam2/dpa_s7_adam2.pth
[s7_noHinge]   after DPA: dpa=0.992 (pair=0.996 unpair=0.988)  gng=0.371 (go=0.264 nogo=0.472)
[s7_noHinge]  DPA done in 2.3s  (checkpoint)  dpa=0.992  gng=0.371
[s7_noHinge]  ┌── params: after DPA
[s7_noHinge]  │  rank 0: ||m||=37.818  ||n||=40.230  corr(m,n)=+0.820
[s7_noHinge]  │  rank 1: ||m||=34.739  ||n||=51.588  corr(m,n)=+0.782
[s7_noHinge]  │  κ-Jacobian eigvals (gain·n^Tm/N): +2.3596  +2.8164
[s7_noHinge]  │  Wi: ||·||_F=67.648  per-channel=21.67 22.28 34.43 34.98 23.69 22.16 12.20
[s7_noHinge]  └──────────────────────────────────────────────────
[s7_noHinge]  GNG: loading checkpoint from results/dual/sweep_adam2/s7_adam2/naive_s7_adam2.pth
[s7_noHinge]   after GNG: dpa=0.911 (pair=0.829 unpair=0.998)  gng=0.986 (go=1.000 nogo=0.973)
[s7_noHinge]  GNG done in 0.9s  (checkpoint)  dpa=0.911  gng=0.986
[s7_noHinge]  ┌── params: after GNG
[s7_noHinge]  │  rank 0: ||m||=37.818  ||n||=40.230  corr(m,n)=+0.820
[s7_noHinge]  │  rank 1: ||m||=35.751  ||n||=56.484  corr(m,n)=+0.690
[s7_noHinge]  │  κ-Jacobian eigvals (gain·n^Tm/N): +2.3482  +2.8118
[s7_noHinge]  │  Wi: ||·||_F=67.648  per-channel=21.67 22.28 34.43 34.98 23.69 22.16 12.20
[s7_noHinge]  └──────────────────────────────────────────────────
[s7_noHinge] ────────────────────────────────────────────────────────────
[s7_noHinge]  STAGE: Dual   device=cuda:1   epochs=100
[s7_noHinge]  freeze recurrent cols: [0]
[s7_noHinge]  freeze input dims:     [0, 1, 2, 3, 4, 5, 6]
[s7_noHinge] ────────────────────────────────────────────────────────────
[s7_noHinge]  data: [516, 444, 7] → [516, 444, 2]
[s7_noHinge]  loss=separated  dpa_w=1.0  gng_w=1.0  go_w=1.0  nogo_w=2.0  aux_w=1.0  bl_w=1.0  go_hinge=None
Epoch 005/100 | lr: 0.01000 | train: 1.4842 | val: 1.5592
Epoch 010/100 | lr: 0.01000 | train: 1.3066 | val: 1.3622
Epoch 015/100 | lr: 0.01000 | train: 1.1683 | val: 1.2137
Epoch 020/100 | lr: 0.01000 | train: 1.0639 | val: 1.0953
Epoch 025/100 | lr: 0.01000 | train: 0.9650 | val: 1.0099
Epoch 030/100 | lr: 0.01000 | train: 0.8940 | val: 0.9220
Epoch 035/100 | lr: 0.01000 | train: 0.8387 | val: 0.8644
Epoch 040/100 | lr: 0.01000 | train: 0.8014 | val: 0.8185
Epoch 045/100 | lr: 0.01000 | train: 0.7360 | val: 0.7762
Epoch 050/100 | lr: 0.01000 | train: 0.7013 | val: 0.7235
Epoch 055/100 | lr: 0.01000 | train: 0.6751 | val: 0.7021
Epoch 060/100 | lr: 0.01000 | train: 0.6371 | val: 0.6538
Epoch 065/100 | lr: 0.01000 | train: 0.6151 | val: 0.6191
Epoch 070/100 | lr: 0.01000 | train: 0.5764 | val: 0.5946
Epoch 075/100 | lr: 0.01000 | train: 0.5648 | val: 0.5622
Epoch 080/100 | lr: 0.01000 | train: 0.5320 | val: 0.5587
Epoch 085/100 | lr: 0.01000 | train: 0.5090 | val: 0.5053
Epoch 090/100 | lr: 0.01000 | train: 0.4985 | val: 0.5019
Epoch 095/100 | lr: 0.01000 | train: 0.4674 | val: 0.4738
Epoch 100/100 | lr: 0.01000 | train: 0.4420 | val: 0.4548
[s7_noHinge]  loss components: {'dpa': 0.2552, 'gng': 0.143, 'gng_go': 0.137, 'gng_nogo': 0.003, 'baseline': 0.0333, 'aux': 0.0083}
[s7_noHinge]   after Dual: dpa=0.994 (pair=0.988 unpair=1.000)  gng=0.999 (go=1.000 nogo=0.998)
[s7_noHinge]  Dual done in 724.6s  final train=0.4420  val=0.4548  dpa=0.994  gng=0.999
[s7_noHinge]  ┌── params: after Dual
[s7_noHinge]  │  rank 0: ||m||=37.818  ||n||=40.230  corr(m,n)=+0.820
[s7_noHinge]  │  rank 1: ||m||=39.141  ||n||=80.058  corr(m,n)=+0.499
[s7_noHinge]  │  κ-Jacobian eigvals (gain·n^Tm/N): +2.4114  +3.0786
[s7_noHinge]  │  Wi: ||·||_F=67.648  per-channel=21.67 22.28 34.43 34.98 23.69 22.16 12.20
[s7_noHinge]  └──────────────────────────────────────────────────
[s7_noHinge] ════════════════════════════════════════════════════════════
[s7_noHinge]  RUN COMPLETE  2026-06-09 00:29:14  total=729.7s
[s7_noHinge]  ACCURACY SUMMARY
[s7_noHinge]    after DPA : dpa=0.992  gng=0.371
[s7_noHinge]    after GNG : dpa=0.911  gng=0.986
[s7_noHinge]    after Dual: dpa=0.994  gng=0.999  dual_dpa=0.953  dual_gng=0.977
[s7_noHinge] ════════════════════════════════════════════════════════════
