[s5_cue5] ════════════════════════════════════════════════════════════
[s5_cue5]  RUN START  2026-06-09 03:37:07
[s5_cue5]  run_id=s5_cue5  seed=5  device=cuda:1
[s5_cue5]  arch:  hidden=512  rank=2  gain=1.0  input_size=7  params=6,144
[s5_cue5]  task:  cue_on_go=True  rwd=True  rwd_scale=1.0  freeze_input_stages=['gng', 'dual']  init=random
[s5_cue5]  dynamics: alpha=0.0750  alpha_rec=0.1000  dt=0.0225  tau=0.3  tau_rec_frac=0.75
[s5_cue5]  noise:  input_sigma=0.3732 (×1.0)  model_sigma=0.0000 (×0.0)
[s5_cue5]  optim:  lr=0.01  wd=0.01  batch=64  n_batch=516  clip=None
[s5_cue5]  epochs: dpa=100  gng=100  dual=100  loss=separated
[s5_cue5]  shapes: m[512, 2]  n[512, 2]  Wi[512, 7]
[s5_cue5]  ┌── params: init
[s5_cue5]  │  rank 0: ||m||=23.437  ||n||=22.965  corr(m,n)=+0.028
[s5_cue5]  │  rank 1: ||m||=22.893  ||n||=23.012  corr(m,n)=+0.061
[s5_cue5]  │  κ-Jacobian eigvals (gain·n^Tm/N): +0.0320  +0.0594
[s5_cue5]  │  Wi: ||·||_F=58.987  per-channel=22.32 23.25 22.23 22.01 21.84 22.14 22.26
[s5_cue5]  └──────────────────────────────────────────────────
[s5_cue5]  DPA: loading checkpoint from results/dual/sweep_hingeGNG/s5_hingeGNG/dpa_s5_hingeGNG.pth
[s5_cue5]   after DPA: dpa=0.999 (pair=1.000 unpair=0.998)  gng=0.498 (go=0.000 nogo=1.000)
[s5_cue5]  DPA done in 2.2s  (checkpoint)  dpa=0.999  gng=0.498
[s5_cue5]  ┌── params: after DPA
[s5_cue5]  │  rank 0: ||m||=37.549  ||n||=39.656  corr(m,n)=+0.807
[s5_cue5]  │  rank 1: ||m||=33.323  ||n||=52.505  corr(m,n)=+0.781
[s5_cue5]  │  κ-Jacobian eigvals (gain·n^Tm/N): +2.2472  +2.7685
[s5_cue5]  │  Wi: ||·||_F=66.558  per-channel=22.18 20.22 32.31 35.98 21.84 22.14 14.95
[s5_cue5]  └──────────────────────────────────────────────────
[s5_cue5]  GNG: loading checkpoint from results/dual/sweep_hingeGNG/s5_hingeGNG/naive_s5_hingeGNG.pth
[s5_cue5]   after GNG: dpa=0.993 (pair=0.994 unpair=0.992)  gng=0.536 (go=1.000 nogo=0.065)
[s5_cue5]  GNG done in 1.4s  (checkpoint)  dpa=0.993  gng=0.536
[s5_cue5]  ┌── params: after GNG
[s5_cue5]  │  rank 0: ||m||=37.549  ||n||=39.656  corr(m,n)=+0.807
[s5_cue5]  │  rank 1: ||m||=33.236  ||n||=58.142  corr(m,n)=+0.680
[s5_cue5]  │  κ-Jacobian eigvals (gain·n^Tm/N): +2.1406  +2.7727
[s5_cue5]  │  Wi: ||·||_F=66.558  per-channel=22.18 20.22 32.31 35.98 21.84 22.14 14.95
[s5_cue5]  └──────────────────────────────────────────────────
[s5_cue5] ────────────────────────────────────────────────────────────
[s5_cue5]  STAGE: Dual   device=cuda:1   epochs=100
[s5_cue5]  freeze recurrent cols: [0]
[s5_cue5]  freeze input dims:     [0, 1, 2, 3, 4, 5, 6]
[s5_cue5] ────────────────────────────────────────────────────────────
[s5_cue5]  data: [516, 444, 7] → [516, 444, 2]
[s5_cue5]  loss=separated  dpa_w=1.0  gng_w=1.0  go_w=1.0  nogo_w=2.0  aux_w=1.0  bl_w=1.0  go_hinge=1.0
Epoch 005/100 | lr: 0.01000 | train: 1.2057 | val: 1.1909
Epoch 010/100 | lr: 0.01000 | train: 1.1070 | val: 1.0911
Epoch 015/100 | lr: 0.01000 | train: 1.0150 | val: 1.0073
Epoch 020/100 | lr: 0.01000 | train: 0.9284 | val: 0.9308
Epoch 025/100 | lr: 0.01000 | train: 0.9044 | val: 0.8632
Epoch 030/100 | lr: 0.01000 | train: 0.7949 | val: 0.8026
Epoch 035/100 | lr: 0.01000 | train: 0.7266 | val: 0.7478
Epoch 040/100 | lr: 0.01000 | train: 0.6772 | val: 0.7222
Epoch 045/100 | lr: 0.01000 | train: 0.6273 | val: 0.6634
Epoch 050/100 | lr: 0.01000 | train: 0.5857 | val: 0.6455
Epoch 055/100 | lr: 0.01000 | train: 0.5644 | val: 0.5937
Epoch 060/100 | lr: 0.01000 | train: 0.5158 | val: 0.5890
Epoch 065/100 | lr: 0.01000 | train: 0.4926 | val: 0.5488
Epoch 070/100 | lr: 0.01000 | train: 0.4636 | val: 0.5483
Epoch 075/100 | lr: 0.01000 | train: 0.4632 | val: 0.5044
Epoch 080/100 | lr: 0.01000 | train: 0.4257 | val: 0.4881
Epoch 085/100 | lr: 0.01000 | train: 0.3994 | val: 0.4755
Epoch 090/100 | lr: 0.01000 | train: 0.3910 | val: 0.4522
Epoch 095/100 | lr: 0.01000 | train: 0.3739 | val: 0.4573
Epoch 100/100 | lr: 0.01000 | train: 0.3572 | val: 0.4384
[s5_cue5]  loss components: {'dpa': 0.2691, 'gng': 0.2556, 'gng_go': 0.2131, 'gng_nogo': 0.0212, 'baseline': 0.0216, 'aux': 0.02}
[s5_cue5]   after Dual: dpa=0.994 (pair=0.988 unpair=1.000)  gng=0.996 (go=0.993 nogo=1.000)
[s5_cue5]  Dual done in 703.0s  final train=0.3572  val=0.4384  dpa=0.994  gng=0.996
[s5_cue5]  ┌── params: after Dual
[s5_cue5]  │  rank 0: ||m||=37.549  ||n||=39.656  corr(m,n)=+0.807
[s5_cue5]  │  rank 1: ||m||=37.517  ||n||=80.994  corr(m,n)=+0.502
[s5_cue5]  │  κ-Jacobian eigvals (gain·n^Tm/N): +2.3139  +3.0113
[s5_cue5]  │  Wi: ||·||_F=66.558  per-channel=22.18 20.22 32.31 35.98 21.84 22.14 14.95
[s5_cue5]  └──────────────────────────────────────────────────
[s5_cue5] ════════════════════════════════════════════════════════════
[s5_cue5]  RUN COMPLETE  2026-06-09 03:48:53  total=708.7s
[s5_cue5]  ACCURACY SUMMARY
[s5_cue5]    after DPA : dpa=0.999  gng=0.498
[s5_cue5]    after GNG : dpa=0.993  gng=0.536
[s5_cue5]    after Dual: dpa=0.994  gng=0.996  dual_dpa=0.979  dual_gng=0.988
[s5_cue5] ════════════════════════════════════════════════════════════
