[s9_random] ════════════════════════════════════════════════════════════
[s9_random]  RUN START  2026-06-05 17:17:28
[s9_random]  run_id=s9_random  seed=9  device=cuda:1
[s9_random]  arch:  hidden=512  rank=2  gain=1.0  input_size=7  params=6,144
[s9_random]  task:  cue_on_go=True  rwd=True  rwd_scale=1.0  freeze_input_stages=['gng', 'dual']  init=random
[s9_random]  dynamics: alpha=0.0750  alpha_rec=0.1000  dt=0.0225  tau=0.3  tau_rec_frac=0.75
[s9_random]  noise:  input_sigma=0.3732 (×1.0)  model_sigma=0.3732 (×1.0)
[s9_random]  optim:  lr=0.01  wd=0.01  batch=64  n_batch=516  clip=None
[s9_random]  epochs: dpa=200  gng=200  dual=200  loss=separated
[s9_random]  shapes: m[512, 2]  n[512, 2]  Wi[512, 7]
[s9_random]  ┌── params: init
[s9_random]  │  rank 0: ||m||=23.029  ||n||=22.465  corr(m,n)=+0.028
[s9_random]  │  rank 1: ||m||=22.407  ||n||=23.814  corr(m,n)=+0.019
[s9_random]  │  κ-Jacobian eigvals (gain·n^Tm/N): +0.0303  +0.0176
[s9_random]  │  Wi: ||·||_F=60.662  per-channel=22.99 23.55 22.57 23.32 22.36 21.71 23.91
[s9_random]  └──────────────────────────────────────────────────
[s9_random] ────────────────────────────────────────────────────────────
[s9_random]  STAGE: DPA   device=cuda:1   epochs=200
[s9_random] ────────────────────────────────────────────────────────────
[s9_random]  data: [516, 444, 7] → [516, 444, 2]
Epoch 005/200 | lr: 0.01000 | train: 1.9800 | val: 1.9735
Epoch 010/200 | lr: 0.01000 | train: 1.8502 | val: 1.7804
Epoch 015/200 | lr: 0.01000 | train: 1.0969 | val: 1.0412
Epoch 020/200 | lr: 0.01000 | train: 1.0007 | val: 0.9925
Epoch 025/200 | lr: 0.01000 | train: 0.9551 | val: 0.9375
Epoch 030/200 | lr: 0.01000 | train: 0.8626 | val: 0.8293
Epoch 035/200 | lr: 0.01000 | train: 0.6493 | val: 0.6244
Epoch 040/200 | lr: 0.01000 | train: 0.4278 | val: 0.4490
Epoch 045/200 | lr: 0.01000 | train: 0.3196 | val: 0.4197
Epoch 050/200 | lr: 0.01000 | train: 0.3535 | val: 0.3447
Epoch 055/200 | lr: 0.01000 | train: 0.2927 | val: 0.3368
Epoch 060/200 | lr: 0.01000 | train: 0.2863 | val: 0.2991
Epoch 065/200 | lr: 0.00500 | train: 0.2442 | val: 0.2885
Epoch 070/200 | lr: 0.00500 | train: 0.2393 | val: 0.3006
Epoch 075/200 | lr: 0.00250 | train: 0.2286 | val: 0.2464
Epoch 080/200 | lr: 0.00125 | train: 0.2069 | val: 0.2512
Epoch 085/200 | lr: 0.00125 | train: 0.2110 | val: 0.2261
Epoch 090/200 | lr: 0.00125 | train: 0.2211 | val: 0.2559
Epoch 095/200 | lr: 0.00063 | train: 0.2085 | val: 0.2376
Epoch 100/200 | lr: 0.00063 | train: 0.2209 | val: 0.2539
Epoch 105/200 | lr: 0.00031 | train: 0.2153 | val: 0.2321
Epoch 110/200 | lr: 0.00031 | train: 0.2117 | val: 0.2161
Epoch 115/200 | lr: 0.00031 | train: 0.2126 | val: 0.2474
Epoch 120/200 | lr: 0.00016 | train: 0.2156 | val: 0.2225
Epoch 125/200 | lr: 0.00008 | train: 0.2095 | val: 0.2303
Epoch 130/200 | lr: 0.00004 | train: 0.2082 | val: 0.2358
Epoch 135/200 | lr: 0.00002 | train: 0.2018 | val: 0.2294
Epoch 140/200 | lr: 0.00001 | train: 0.2061 | val: 0.2366
Epoch 145/200 | lr: 0.00001 | train: 0.2145 | val: 0.2758
Epoch 150/200 | lr: 0.00001 | train: 0.2151 | val: 0.2569
Epoch 155/200 | lr: 0.00001 | train: 0.2233 | val: 0.2254
Epoch 160/200 | lr: 0.00001 | train: 0.2047 | val: 0.2289
Epoch 165/200 | lr: 0.00001 | train: 0.2152 | val: 0.2223
Epoch 170/200 | lr: 0.00001 | train: 0.2129 | val: 0.2342
Epoch 175/200 | lr: 0.00001 | train: 0.2155 | val: 0.2164
Epoch 180/200 | lr: 0.00001 | train: 0.2027 | val: 0.2615
Epoch 185/200 | lr: 0.00001 | train: 0.2183 | val: 0.2254
Epoch 190/200 | lr: 0.00001 | train: 0.2058 | val: 0.2613
Epoch 195/200 | lr: 0.00001 | train: 0.2160 | val: 0.2262
Epoch 200/200 | lr: 0.00001 | train: 0.2221 | val: 0.2298
[s9_random]   after DPA: dpa=1.000  gng=0.498
[s9_random]  DPA done in 1770.2s  final train=0.2221  val=0.2298  dpa=1.000  gng=0.498
[s9_random]  ┌── params: after DPA
[s9_random]  │  rank 0: ||m||=42.065  ||n||=36.211  corr(m,n)=+0.855
[s9_random]  │  rank 1: ||m||=41.752  ||n||=43.921  corr(m,n)=+0.814
[s9_random]  │  κ-Jacobian eigvals (gain·n^Tm/N): +2.7300+0.5253j  +2.7300-0.5253j
[s9_random]  │  Wi: ||·||_F=65.920  per-channel=20.18 22.13 38.16 37.93 12.35 11.31 16.52
[s9_random]  └──────────────────────────────────────────────────
[s9_random] ────────────────────────────────────────────────────────────
[s9_random]  STAGE: GNG   device=cuda:1   epochs=200
[s9_random]  freeze recurrent cols: [0]
[s9_random]  freeze input dims:     [0, 1, 2, 3, 4, 5, 6]
[s9_random] ────────────────────────────────────────────────────────────
[s9_random]  data: [516, 266, 7] → [516, 266, 2]
Epoch 005/200 | lr: 0.01000 | train: 0.9703 | val: 0.9512
Epoch 010/200 | lr: 0.01000 | train: 0.8864 | val: 0.8468
Epoch 015/200 | lr: 0.01000 | train: 0.8094 | val: 0.7576
Epoch 020/200 | lr: 0.01000 | train: 0.6765 | val: 0.6962
Epoch 025/200 | lr: 0.01000 | train: 0.5729 | val: 0.6160
Epoch 030/200 | lr: 0.01000 | train: 0.4919 | val: 0.4616
Epoch 035/200 | lr: 0.01000 | train: 0.3853 | val: 0.4000
Epoch 040/200 | lr: 0.01000 | train: 0.3710 | val: 0.3872
Epoch 045/200 | lr: 0.01000 | train: 0.3309 | val: 0.3184
Epoch 050/200 | lr: 0.01000 | train: 0.3061 | val: 0.2953
Epoch 055/200 | lr: 0.01000 | train: 0.2780 | val: 0.3075
Epoch 060/200 | lr: 0.01000 | train: 0.2426 | val: 0.2377
Epoch 065/200 | lr: 0.01000 | train: 0.2496 | val: 0.2193
Epoch 070/200 | lr: 0.01000 | train: 0.2117 | val: 0.2129
Epoch 075/200 | lr: 0.01000 | train: 0.1918 | val: 0.1958
Epoch 080/200 | lr: 0.01000 | train: 0.1891 | val: 0.1844
Epoch 085/200 | lr: 0.01000 | train: 0.1758 | val: 0.1388
Epoch 090/200 | lr: 0.01000 | train: 0.1619 | val: 0.1503
Epoch 095/200 | lr: 0.00500 | train: 0.1523 | val: 0.1141
Epoch 100/200 | lr: 0.00500 | train: 0.1449 | val: 0.1507
Epoch 105/200 | lr: 0.00250 | train: 0.1379 | val: 0.1360
Epoch 110/200 | lr: 0.00125 | train: 0.1456 | val: 0.1659
Epoch 115/200 | lr: 0.00063 | train: 0.1485 | val: 0.1328
Epoch 120/200 | lr: 0.00031 | train: 0.1362 | val: 0.1177
Epoch 125/200 | lr: 0.00031 | train: 0.1500 | val: 0.1098
Epoch 130/200 | lr: 0.00031 | train: 0.1203 | val: 0.1980
Epoch 135/200 | lr: 0.00016 | train: 0.1411 | val: 0.1350
Epoch 140/200 | lr: 0.00008 | train: 0.1314 | val: 0.1190
Epoch 145/200 | lr: 0.00008 | train: 0.1318 | val: 0.1146
Epoch 150/200 | lr: 0.00004 | train: 0.1358 | val: 0.1385
Epoch 155/200 | lr: 0.00002 | train: 0.1297 | val: 0.1269
Epoch 160/200 | lr: 0.00001 | train: 0.1263 | val: 0.1455
Epoch 165/200 | lr: 0.00001 | train: 0.1368 | val: 0.1262
Epoch 170/200 | lr: 0.00001 | train: 0.1270 | val: 0.1468
Epoch 175/200 | lr: 0.00001 | train: 0.1269 | val: 0.1452
Epoch 180/200 | lr: 0.00001 | train: 0.1283 | val: 0.1202
Epoch 185/200 | lr: 0.00001 | train: 0.1307 | val: 0.1477
Epoch 190/200 | lr: 0.00001 | train: 0.1316 | val: 0.1320
Epoch 195/200 | lr: 0.00001 | train: 0.1423 | val: 0.1245
Epoch 200/200 | lr: 0.00001 | train: 0.1466 | val: 0.1317
[s9_random]   after GNG: dpa=0.787  gng=0.984
[s9_random]  GNG done in 1095.6s  final train=0.1466  val=0.1317  dpa=0.787  gng=0.984
[s9_random]  ┌── params: after GNG
[s9_random]  │  rank 0: ||m||=42.065  ||n||=36.211  corr(m,n)=+0.855
[s9_random]  │  rank 1: ||m||=44.294  ||n||=54.244  corr(m,n)=+0.613
[s9_random]  │  κ-Jacobian eigvals (gain·n^Tm/N): +2.7103+0.4327j  +2.7103-0.4327j
[s9_random]  │  Wi: ||·||_F=65.920  per-channel=20.18 22.13 38.16 37.93 12.35 11.31 16.52
[s9_random]  └──────────────────────────────────────────────────
[s9_random] ────────────────────────────────────────────────────────────
[s9_random]  STAGE: Dual   device=cuda:1   epochs=200
[s9_random]  freeze recurrent cols: [0]
[s9_random]  freeze input dims:     [0, 1, 2, 3, 4, 5, 6]
[s9_random] ────────────────────────────────────────────────────────────
[s9_random]  data: [516, 444, 7] → [516, 444, 2]
[s9_random]  loss=separated  dpa_w=1.0  gng_w=1.0  aux_w=1.0  bl_w=1.0
Epoch 005/200 | lr: 0.01000 | train: 1.1177 | val: 1.0312
Epoch 010/200 | lr: 0.01000 | train: 1.0785 | val: 1.0793
Epoch 015/200 | lr: 0.01000 | train: 1.0477 | val: 1.0407
Epoch 020/200 | lr: 0.01000 | train: 1.0274 | val: 1.0248
Epoch 025/200 | lr: 0.01000 | train: 1.0066 | val: 0.9679
Epoch 030/200 | lr: 0.01000 | train: 0.9372 | val: 0.9141
Epoch 035/200 | lr: 0.01000 | train: 0.9487 | val: 0.9288
Epoch 040/200 | lr: 0.01000 | train: 0.8954 | val: 0.9012
Epoch 045/200 | lr: 0.00500 | train: 0.8674 | val: 0.8399
Epoch 050/200 | lr: 0.00500 | train: 0.8971 | val: 0.8460
Epoch 055/200 | lr: 0.00500 | train: 0.8287 | val: 0.8319
Epoch 060/200 | lr: 0.00500 | train: 0.8288 | val: 0.8354
Epoch 065/200 | lr: 0.00500 | train: 0.8261 | val: 0.8233
Epoch 070/200 | lr: 0.00500 | train: 0.8198 | val: 0.7966
Epoch 075/200 | lr: 0.00500 | train: 0.7954 | val: 0.7918
Epoch 080/200 | lr: 0.00500 | train: 0.7643 | val: 0.7798
Epoch 085/200 | lr: 0.00500 | train: 0.7695 | val: 0.7695
Epoch 090/200 | lr: 0.00250 | train: 0.7536 | val: 0.7516
Epoch 095/200 | lr: 0.00125 | train: 0.7726 | val: 0.7754
Epoch 100/200 | lr: 0.00125 | train: 0.7440 | val: 0.7250
Epoch 105/200 | lr: 0.00063 | train: 0.7317 | val: 0.7122
Epoch 110/200 | lr: 0.00031 | train: 0.7599 | val: 0.7950
Epoch 115/200 | lr: 0.00016 | train: 0.7618 | val: 0.7377
Epoch 120/200 | lr: 0.00016 | train: 0.7526 | val: 0.7223
Epoch 125/200 | lr: 0.00008 | train: 0.7458 | val: 0.7184
Epoch 130/200 | lr: 0.00004 | train: 0.7232 | val: 0.7329
Epoch 135/200 | lr: 0.00004 | train: 0.7374 | val: 0.7422
Epoch 140/200 | lr: 0.00002 | train: 0.7423 | val: 0.7471
Epoch 145/200 | lr: 0.00001 | train: 0.7442 | val: 0.7512
Epoch 150/200 | lr: 0.00001 | train: 0.7332 | val: 0.7459
Epoch 155/200 | lr: 0.00001 | train: 0.7547 | val: 0.7281
Epoch 160/200 | lr: 0.00001 | train: 0.7260 | val: 0.7210
Epoch 165/200 | lr: 0.00001 | train: 0.7517 | val: 0.7394
Epoch 170/200 | lr: 0.00001 | train: 0.7327 | val: 0.7173
Epoch 175/200 | lr: 0.00001 | train: 0.7649 | val: 0.7308
Epoch 180/200 | lr: 0.00001 | train: 0.7453 | val: 0.7149
Epoch 185/200 | lr: 0.00001 | train: 0.7410 | val: 0.7294
Epoch 190/200 | lr: 0.00001 | train: 0.7454 | val: 0.7098
Epoch 195/200 | lr: 0.00001 | train: 0.7357 | val: 0.7308
Epoch 200/200 | lr: 0.00001 | train: 0.7306 | val: 0.7445
[s9_random]  loss components: {'dpa': 0.3717, 'gng': 0.3082, 'baseline': 0.0159, 'aux': 0.0124}
[s9_random]   after Dual: dpa=0.990  gng=0.995
[s9_random]  Dual done in 1391.8s  final train=0.7306  val=0.7445  dpa=0.990  gng=0.995
[s9_random]  ┌── params: after Dual
[s9_random]  │  rank 0: ||m||=42.065  ||n||=36.211  corr(m,n)=+0.855
[s9_random]  │  rank 1: ||m||=31.758  ||n||=64.138  corr(m,n)=+0.647
[s9_random]  │  κ-Jacobian eigvals (gain·n^Tm/N): +2.5587+0.1211j  +2.5587-0.1211j
[s9_random]  │  Wi: ||·||_F=65.920  per-channel=20.18 22.13 38.16 37.93 12.35 11.31 16.52
[s9_random]  └──────────────────────────────────────────────────
[s9_random] ════════════════════════════════════════════════════════════
[s9_random]  RUN COMPLETE  2026-06-05 18:28:26  total=4259.5s
[s9_random]  ACCURACY SUMMARY
[s9_random]    after DPA : dpa=1.000  gng=0.498
[s9_random]    after GNG : dpa=0.787  gng=0.984
[s9_random]    after Dual: dpa=0.990  gng=0.995  dual_dpa=0.997  dual_gng=0.786
[s9_random] ════════════════════════════════════════════════════════════
