[s0_frzGNG] ════════════════════════════════════════════════════════════
[s0_frzGNG]  RUN START  2026-06-08 21:02:39
[s0_frzGNG]  run_id=s0_frzGNG  seed=0  device=cuda:0
[s0_frzGNG]  arch:  hidden=512  rank=2  gain=1.0  input_size=7  params=6,144
[s0_frzGNG]  task:  cue_on_go=True  rwd=True  rwd_scale=1.0  freeze_input_stages=['gng', 'dual']  init=random
[s0_frzGNG]  dynamics: alpha=0.0750  alpha_rec=0.1000  dt=0.0225  tau=0.3  tau_rec_frac=0.75
[s0_frzGNG]  noise:  input_sigma=0.3732 (×1.0)  model_sigma=0.0000 (×0.0)
[s0_frzGNG]  optim:  lr=0.01  wd=0.01  batch=64  n_batch=516  clip=None
[s0_frzGNG]  epochs: dpa=100  gng=100  dual=100  loss=separated
[s0_frzGNG]  shapes: m[512, 2]  n[512, 2]  Wi[512, 7]
[s0_frzGNG]  ┌── params: init
[s0_frzGNG]  │  rank 0: ||m||=22.187  ||n||=22.116  corr(m,n)=-0.011
[s0_frzGNG]  │  rank 1: ||m||=22.375  ||n||=22.846  corr(m,n)=+0.037
[s0_frzGNG]  │  κ-Jacobian eigvals (gain·n^Tm/N): +0.0132+0.0342j  +0.0132-0.0342j
[s0_frzGNG]  │  Wi: ||·||_F=59.379  per-channel=22.21 22.79 22.15 22.73 21.77 21.92 23.48
[s0_frzGNG]  └──────────────────────────────────────────────────
[s0_frzGNG] ────────────────────────────────────────────────────────────
[s0_frzGNG]  STAGE: DPA   device=cuda:0   epochs=100
[s0_frzGNG]  freeze input dims:     [4, 5]
[s0_frzGNG] ────────────────────────────────────────────────────────────
[s0_frzGNG]  data: [516, 444, 7] → [516, 444, 2]
Epoch 005/100 | lr: 0.01000 | train: 1.9686 | val: 1.9408
Epoch 010/100 | lr: 0.01000 | train: 1.5176 | val: 1.3016
Epoch 015/100 | lr: 0.01000 | train: 1.0170 | val: 0.9852
Epoch 020/100 | lr: 0.01000 | train: 0.9424 | val: 0.9040
Epoch 025/100 | lr: 0.01000 | train: 0.8408 | val: 0.7902
Epoch 030/100 | lr: 0.01000 | train: 0.6465 | val: 0.6186
Epoch 035/100 | lr: 0.01000 | train: 0.4443 | val: 0.5076
Epoch 040/100 | lr: 0.01000 | train: 0.4006 | val: 0.4763
Epoch 045/100 | lr: 0.01000 | train: 0.3228 | val: 0.3930
Epoch 050/100 | lr: 0.01000 | train: 0.2837 | val: 0.3233
Epoch 055/100 | lr: 0.01000 | train: 0.2372 | val: 0.3049
Epoch 060/100 | lr: 0.01000 | train: 0.2092 | val: 0.2754
Epoch 065/100 | lr: 0.01000 | train: 0.1836 | val: 0.3054
Epoch 070/100 | lr: 0.00500 | train: 0.1897 | val: 0.1892
Epoch 075/100 | lr: 0.00500 | train: 0.1463 | val: 0.2211
Epoch 080/100 | lr: 0.00250 | train: 0.1384 | val: 0.2418
Epoch 085/100 | lr: 0.00125 | train: 0.1328 | val: 0.2158
Epoch 090/100 | lr: 0.00063 | train: 0.1294 | val: 0.2221
Epoch 095/100 | lr: 0.00031 | train: 0.1277 | val: 0.2202
Epoch 100/100 | lr: 0.00016 | train: 0.1269 | val: 0.2183
[s0_frzGNG]   after DPA: dpa=0.990 (pair=1.000 unpair=0.980)  gng=0.675 (go=0.531 nogo=0.826)
[s0_frzGNG]  DPA done in 730.7s  final train=0.1269  val=0.2183  dpa=0.990  gng=0.675
[s0_frzGNG]  ┌── params: after DPA
[s0_frzGNG]  │  rank 0: ||m||=37.253  ||n||=38.448  corr(m,n)=+0.816
[s0_frzGNG]  │  rank 1: ||m||=33.194  ||n||=49.224  corr(m,n)=+0.817
[s0_frzGNG]  │  κ-Jacobian eigvals (gain·n^Tm/N): +2.3285  +2.5602
[s0_frzGNG]  │  Wi: ||·||_F=64.625  per-channel=20.46 19.62 35.23 31.58 21.77 21.92 13.41
[s0_frzGNG]  └──────────────────────────────────────────────────
[s0_frzGNG] ────────────────────────────────────────────────────────────
[s0_frzGNG]  STAGE: GNG   device=cuda:0   epochs=100
[s0_frzGNG]  freeze recurrent cols: [0]
[s0_frzGNG]  freeze input dims:     [0, 1, 2, 3, 4, 5, 6]
[s0_frzGNG] ────────────────────────────────────────────────────────────
[s0_frzGNG]  data: [516, 266, 7] → [516, 266, 2]
Epoch 005/100 | lr: 0.01000 | train: 0.7315 | val: 0.9095
Epoch 010/100 | lr: 0.01000 | train: 0.4294 | val: 0.5742
Epoch 015/100 | lr: 0.01000 | train: 0.3079 | val: 0.4315
Epoch 020/100 | lr: 0.01000 | train: 0.2418 | val: 0.3464
Epoch 025/100 | lr: 0.01000 | train: 0.1969 | val: 0.2900
Epoch 030/100 | lr: 0.01000 | train: 0.1827 | val: 0.2450
Epoch 035/100 | lr: 0.01000 | train: 0.1417 | val: 0.2110
Epoch 040/100 | lr: 0.01000 | train: 0.1228 | val: 0.1860
Epoch 045/100 | lr: 0.01000 | train: 0.1097 | val: 0.1687
Epoch 050/100 | lr: 0.01000 | train: 0.0958 | val: 0.1520
Epoch 055/100 | lr: 0.01000 | train: 0.0868 | val: 0.1374
Epoch 060/100 | lr: 0.01000 | train: 0.0790 | val: 0.1273
Epoch 065/100 | lr: 0.01000 | train: 0.0729 | val: 0.1172
Epoch 070/100 | lr: 0.01000 | train: 0.0677 | val: 0.1079
Epoch 075/100 | lr: 0.01000 | train: 0.0623 | val: 0.1013
Stopping: losses below 0.1.
[s0_frzGNG]   after GNG: dpa=0.995 (pair=0.996 unpair=0.995)  gng=1.000 (go=1.000 nogo=1.000)
[s0_frzGNG]  GNG done in 340.4s  final train=0.0611  val=0.0986  dpa=0.995  gng=1.000
[s0_frzGNG]  ┌── params: after GNG
[s0_frzGNG]  │  rank 0: ||m||=37.253  ||n||=38.448  corr(m,n)=+0.816
[s0_frzGNG]  │  rank 1: ||m||=32.960  ||n||=53.213  corr(m,n)=+0.719
[s0_frzGNG]  │  κ-Jacobian eigvals (gain·n^Tm/N): +2.2034  +2.5428
[s0_frzGNG]  │  Wi: ||·||_F=64.625  per-channel=20.46 19.62 35.23 31.58 21.77 21.92 13.41
[s0_frzGNG]  └──────────────────────────────────────────────────
[s0_frzGNG] ────────────────────────────────────────────────────────────
[s0_frzGNG]  STAGE: Dual   device=cuda:0   epochs=100
[s0_frzGNG]  freeze recurrent cols: [0]
[s0_frzGNG]  freeze input dims:     [0, 1, 2, 3, 4, 5, 6]
[s0_frzGNG] ────────────────────────────────────────────────────────────
[s0_frzGNG]  data: [516, 444, 7] → [516, 444, 2]
[s0_frzGNG]  loss=separated  dpa_w=1.0  gng_w=1.0  go_w=1.0  nogo_w=2.0  aux_w=1.0  bl_w=1.0  go_hinge=1.0
Epoch 005/100 | lr: 0.01000 | train: 0.6800 | val: 0.6811
Epoch 010/100 | lr: 0.01000 | train: 0.6389 | val: 0.6483
Epoch 015/100 | lr: 0.01000 | train: 0.6101 | val: 0.6217
Epoch 020/100 | lr: 0.01000 | train: 0.5719 | val: 0.5942
Epoch 025/100 | lr: 0.01000 | train: 0.5316 | val: 0.5665
Epoch 030/100 | lr: 0.01000 | train: 0.4992 | val: 0.5319
Epoch 035/100 | lr: 0.01000 | train: 0.4650 | val: 0.5042
Epoch 040/100 | lr: 0.01000 | train: 0.4289 | val: 0.4746
Epoch 045/100 | lr: 0.01000 | train: 0.4145 | val: 0.4394
Epoch 050/100 | lr: 0.01000 | train: 0.3800 | val: 0.4144
Epoch 055/100 | lr: 0.01000 | train: 0.3624 | val: 0.3859
Epoch 060/100 | lr: 0.01000 | train: 0.3268 | val: 0.3806
Epoch 065/100 | lr: 0.01000 | train: 0.3127 | val: 0.3442
Epoch 070/100 | lr: 0.01000 | train: 0.3029 | val: 0.3234
Epoch 075/100 | lr: 0.01000 | train: 0.2726 | val: 0.3406
Epoch 080/100 | lr: 0.01000 | train: 0.2616 | val: 0.2953
Epoch 085/100 | lr: 0.01000 | train: 0.2449 | val: 0.2819
Epoch 090/100 | lr: 0.01000 | train: 0.2379 | val: 0.2647
Epoch 095/100 | lr: 0.01000 | train: 0.2272 | val: 0.2515
Epoch 100/100 | lr: 0.01000 | train: 0.2202 | val: 0.2421
[s0_frzGNG]  loss components: {'dpa': 0.1778, 'gng': 0.0588, 'gng_go': 0.0305, 'gng_nogo': 0.0141, 'baseline': 0.0169, 'aux': 0.0175}
[s0_frzGNG]   after Dual: dpa=0.997 (pair=0.994 unpair=1.000)  gng=0.998 (go=0.996 nogo=1.000)
[s0_frzGNG]  Dual done in 683.9s  final train=0.2202  val=0.2421  dpa=0.997  gng=0.998
[s0_frzGNG]  ┌── params: after Dual
[s0_frzGNG]  │  rank 0: ||m||=37.253  ||n||=38.448  corr(m,n)=+0.816
[s0_frzGNG]  │  rank 1: ||m||=29.129  ||n||=74.055  corr(m,n)=+0.607
[s0_frzGNG]  │  κ-Jacobian eigvals (gain·n^Tm/N): +2.2737  +2.5682
[s0_frzGNG]  │  Wi: ||·||_F=64.625  per-channel=20.46 19.62 35.23 31.58 21.77 21.92 13.41
[s0_frzGNG]  └──────────────────────────────────────────────────
[s0_frzGNG] ════════════════════════════════════════════════════════════
[s0_frzGNG]  RUN COMPLETE  2026-06-08 21:31:54  total=1757.0s
[s0_frzGNG]  ACCURACY SUMMARY
[s0_frzGNG]    after DPA : dpa=0.990  gng=0.675
[s0_frzGNG]    after GNG : dpa=0.995  gng=1.000
[s0_frzGNG]    after Dual: dpa=0.997  gng=0.998  dual_dpa=0.987  dual_gng=0.993
[s0_frzGNG] ════════════════════════════════════════════════════════════
