[s4] ════════════════════════════════════════════════════════════
[s4]  RUN START  2026-06-22 17:00:21
[s4]  run_id=s4  seed=4  device=cuda:0
[s4]  arch:  N=1000 (E=750 I=250)  K=125 (prob 0.167)  rank=2  gain=1.0  input_size=6  params=3,000
[s4]  task:  cue_on_go=True  rwd=False  rwd_scale=1.0  freeze_input_stages=['dual']  init=random
[s4]  dynamics: dt=0.0225  tau=(0.4, 0.2)s  tau_syn=(0.2, 0.1)s  STP(use=0.05 tau_fac=1.0s tau_rec=0.2s)  j_stp=1.0
[s4]  noise:  input_sigma=0.3732 (×1.0)  model_sigma=0.0000 (×0.0)
[s4]  optim:  lr=0.05  wd=0.01  batch=32  n_batch=256  clip=1.0
[s4]  epochs: dpa=100  gng=100  dual=100  loss=separated
[s4]  shapes: m[750, 2]  n[750, 2]  Wi[750, 6]
[s4]  ┌── params: init
[s4]  │  rank 0: ||m||=27.487  ||n||=26.666  corr(m,n)=+0.053
[s4]  │  rank 1: ||m||=28.806  ||n||=27.228  corr(m,n)=+0.043
[s4]  │  low-rank overlap n^Tm/N (modulates STP E→E): +0.0488+0.0385j  +0.0488-0.0385j
[s4]  │  Wi: ||·||_F=67.782  per-channel=27.36 27.75 27.87 27.13 27.15 28.74
[s4]  └──────────────────────────────────────────────────
[s4] ────────────────────────────────────────────────────────────
[s4]  STAGE: DPA   device=cuda:0   epochs=100
[s4] ────────────────────────────────────────────────────────────
[s4]  data: [256, 444, 6] → [256, 444, 2]
Epoch 005/100 | lr: 0.05000 | train: 3.6246 | val: 3.6958
Epoch 010/100 | lr: 0.05000 | train: 3.2024 | val: 3.2392
Epoch 015/100 | lr: 0.05000 | train: 2.3893 | val: 2.4218
Epoch 020/100 | lr: 0.05000 | train: 1.5084 | val: 1.6911
Stopping: losses below 0.1.
[s4]   after DPA: dpa=0.999 (pair=0.998 unpair=1.000)  gng=0.502 (go=0.998 nogo=0.000)
[s4]  DPA done in 127.0s  final train=0.0680  val=0.0606  dpa=0.999  gng=0.502
[s4]  ┌── params: after DPA
[s4]  │  rank 0: ||m||=220.130  ||n||=119.677  corr(m,n)=+0.767
[s4]  │  rank 1: ||m||=127.041  ||n||=70.979  corr(m,n)=+0.397
[s4]  │  low-rank overlap n^Tm/N (modulates STP E→E): +26.9379  +4.7871
[s4]  │  Wi: ||·||_F=67.782  per-channel=27.36 27.75 27.87 27.13 27.15 28.74
[s4]  └──────────────────────────────────────────────────
[s4] ────────────────────────────────────────────────────────────
[s4]  STAGE: GNG   device=cuda:0   epochs=100
[s4]  freeze recurrent cols: [0]
[s4]  freeze input dims:     [0, 1, 2, 3]
[s4] ────────────────────────────────────────────────────────────
[s4]  data: [256, 266, 6] → [256, 266, 2]
Epoch 005/100 | lr: 0.05000 | train: 1.0167 | val: 0.9848
Epoch 010/100 | lr: 0.05000 | train: 0.8059 | val: 0.7939
Epoch 015/100 | lr: 0.05000 | train: 0.6803 | val: 0.6638
Epoch 020/100 | lr: 0.05000 | train: 0.5565 | val: 0.5261
Epoch 025/100 | lr: 0.05000 | train: 0.4282 | val: 0.4017
Epoch 030/100 | lr: 0.05000 | train: 0.3210 | val: 0.3170
Epoch 035/100 | lr: 0.05000 | train: 0.2303 | val: 0.2448
Epoch 040/100 | lr: 0.05000 | train: 0.1825 | val: 0.2107
Epoch 045/100 | lr: 0.05000 | train: 0.1596 | val: 0.1802
Epoch 050/100 | lr: 0.05000 | train: 0.1496 | val: 0.1747
Epoch 055/100 | lr: 0.05000 | train: 0.1423 | val: 0.1562
Epoch 060/100 | lr: 0.05000 | train: 0.1292 | val: 0.1569
Epoch 065/100 | lr: 0.05000 | train: 0.1289 | val: 0.1387
Epoch 070/100 | lr: 0.05000 | train: 0.1219 | val: 0.1282
Epoch 075/100 | lr: 0.05000 | train: 0.1186 | val: 0.1347
Epoch 080/100 | lr: 0.05000 | train: 0.1162 | val: 0.1238
Epoch 085/100 | lr: 0.05000 | train: 0.1122 | val: 0.1208
Epoch 090/100 | lr: 0.05000 | train: 0.1074 | val: 0.1235
Epoch 095/100 | lr: 0.05000 | train: 0.1041 | val: 0.1189
Epoch 100/100 | lr: 0.05000 | train: 0.0986 | val: 0.2476
[s4]   after GNG: dpa=0.505 (pair=0.088 unpair=0.906)  gng=0.999 (go=0.998 nogo=1.000)
[s4]  GNG done in 303.4s  final train=0.0986  val=0.2476  dpa=0.505  gng=0.999
[s4]  ┌── params: after GNG
[s4]  │  rank 0: ||m||=220.130  ||n||=119.677  corr(m,n)=+0.767
[s4]  │  rank 1: ||m||=246.241  ||n||=127.134  corr(m,n)=+0.127
[s4]  │  low-rank overlap n^Tm/N (modulates STP E→E): +24.3180  +7.9308
[s4]  │  Wi: ||·||_F=67.782  per-channel=27.36 27.75 27.87 27.13 27.15 28.74
[s4]  └──────────────────────────────────────────────────
[s4] ────────────────────────────────────────────────────────────
[s4]  STAGE: Dual   device=cuda:0   epochs=100
[s4]  freeze input dims:     [0, 1, 2, 3, 4, 5]
[s4] ────────────────────────────────────────────────────────────
[s4]  data: [256, 444, 6] → [256, 444, 2]
[s4]  loss=separated  dpa_w=1.0  gng_w=1.0  go_w=1.0  nogo_w=1.0  aux_w=1.0  bl_w=1.0  go_hinge=1.0
Epoch 005/100 | lr: 0.05000 | train: 1.5824 | val: 1.3703
Epoch 010/100 | lr: 0.05000 | train: 0.5677 | val: 0.4522
Epoch 015/100 | lr: 0.05000 | train: 0.3021 | val: 0.2937
Epoch 020/100 | lr: 0.05000 | train: 0.2281 | val: 0.2272
Epoch 025/100 | lr: 0.05000 | train: 0.1829 | val: 0.1886
Epoch 030/100 | lr: 0.05000 | train: 0.1565 | val: 0.1599
Epoch 035/100 | lr: 0.05000 | train: 0.1316 | val: 0.1512
Epoch 040/100 | lr: 0.05000 | train: 0.1245 | val: 0.1420
Epoch 045/100 | lr: 0.05000 | train: 0.1118 | val: 0.1223
Epoch 050/100 | lr: 0.05000 | train: 0.1005 | val: 0.1110
Epoch 055/100 | lr: 0.05000 | train: 0.0968 | val: 0.1109
Epoch 060/100 | lr: 0.05000 | train: 0.0888 | val: 0.1058
Stopping: losses below 0.1.
[s4]  loss components: {'dpa': 0.0011, 'gng': 0.0619, 'gng_go': 0.0028, 'gng_nogo': 0.0591, 'baseline': 0.0255, 'aux': 0.0476}
[s4]   after Dual: dpa=1.000 (pair=1.000 unpair=1.000)  gng=1.000 (go=1.000 nogo=1.000)
[s4]  Dual done in 299.5s  final train=0.0872  val=0.0976  dpa=1.000  gng=1.000
[s4]  ┌── params: after Dual
[s4]  │  rank 0: ||m||=220.620  ||n||=124.721  corr(m,n)=+0.777
[s4]  │  rank 1: ||m||=215.954  ||n||=123.263  corr(m,n)=+0.164
[s4]  │  low-rank overlap n^Tm/N (modulates STP E→E): +24.8774  +9.4419
[s4]  │  Wi: ||·||_F=67.782  per-channel=27.36 27.75 27.87 27.13 27.15 28.74
[s4]  └──────────────────────────────────────────────────
[s4] ════════════════════════════════════════════════════════════
[s4]  RUN COMPLETE  2026-06-22 17:12:31  total=731.0s
[s4]  ACCURACY SUMMARY
[s4]    after DPA : dpa=0.999  gng=0.502
[s4]    after GNG : dpa=0.505  gng=0.999
[s4]    after Dual: dpa=1.000  gng=1.000  dual_dpa=1.000  dual_gng=1.000
[s4] ════════════════════════════════════════════════════════════
