[s6_nogo1] ════════════════════════════════════════════════════════════
[s6_nogo1]  RUN START  2026-06-09 02:23:25
[s6_nogo1]  run_id=s6_nogo1  seed=6  device=cuda:0
[s6_nogo1]  arch:  hidden=512  rank=2  gain=1.0  input_size=7  params=6,144
[s6_nogo1]  task:  cue_on_go=True  rwd=True  rwd_scale=1.0  freeze_input_stages=['gng', 'dual']  init=random
[s6_nogo1]  dynamics: alpha=0.0750  alpha_rec=0.1000  dt=0.0225  tau=0.3  tau_rec_frac=0.75
[s6_nogo1]  noise:  input_sigma=0.3732 (×1.0)  model_sigma=0.0000 (×0.0)
[s6_nogo1]  optim:  lr=0.01  wd=0.01  batch=64  n_batch=516  clip=None
[s6_nogo1]  epochs: dpa=100  gng=100  dual=100  loss=separated
[s6_nogo1]  shapes: m[512, 2]  n[512, 2]  Wi[512, 7]
[s6_nogo1]  ┌── params: init
[s6_nogo1]  │  rank 0: ||m||=23.754  ||n||=22.561  corr(m,n)=+0.074
[s6_nogo1]  │  rank 1: ||m||=21.713  ||n||=23.345  corr(m,n)=-0.005
[s6_nogo1]  │  κ-Jacobian eigvals (gain·n^Tm/N): +0.0778  -0.0054
[s6_nogo1]  │  Wi: ||·||_F=60.072  per-channel=23.10 21.97 23.40 22.89 22.22 23.84 21.41
[s6_nogo1]  └──────────────────────────────────────────────────
[s6_nogo1]  DPA: loading checkpoint from results/dual/sweep_hingeGNG/s6_hingeGNG/dpa_s6_hingeGNG.pth
[s6_nogo1]   after DPA: dpa=0.999 (pair=1.000 unpair=0.998)  gng=0.484 (go=0.000 nogo=1.000)
[s6_nogo1]  DPA done in 2.0s  (checkpoint)  dpa=0.999  gng=0.484
[s6_nogo1]  ┌── params: after DPA
[s6_nogo1]  │  rank 0: ||m||=39.778  ||n||=37.319  corr(m,n)=+0.805
[s6_nogo1]  │  rank 1: ||m||=34.768  ||n||=47.957  corr(m,n)=+0.797
[s6_nogo1]  │  κ-Jacobian eigvals (gain·n^Tm/N): +2.4654+0.3916j  +2.4654-0.3916j
[s6_nogo1]  │  Wi: ||·||_F=70.959  per-channel=21.44 21.83 38.44 35.74 22.22 23.84 16.79
[s6_nogo1]  └──────────────────────────────────────────────────
[s6_nogo1]  GNG: loading checkpoint from results/dual/sweep_hingeGNG/s6_hingeGNG/naive_s6_hingeGNG.pth
[s6_nogo1]   after GNG: dpa=0.576 (pair=0.582 unpair=0.571)  gng=0.970 (go=1.000 nogo=0.938)
[s6_nogo1]  GNG done in 1.5s  (checkpoint)  dpa=0.576  gng=0.970
[s6_nogo1]  ┌── params: after GNG
[s6_nogo1]  │  rank 0: ||m||=39.778  ||n||=37.319  corr(m,n)=+0.805
[s6_nogo1]  │  rank 1: ||m||=35.659  ||n||=53.135  corr(m,n)=+0.749
[s6_nogo1]  │  κ-Jacobian eigvals (gain·n^Tm/N): +2.5537+0.4521j  +2.5537-0.4521j
[s6_nogo1]  │  Wi: ||·||_F=70.959  per-channel=21.44 21.83 38.44 35.74 22.22 23.84 16.79
[s6_nogo1]  └──────────────────────────────────────────────────
[s6_nogo1] ────────────────────────────────────────────────────────────
[s6_nogo1]  STAGE: Dual   device=cuda:0   epochs=100
[s6_nogo1]  freeze recurrent cols: [0]
[s6_nogo1]  freeze input dims:     [0, 1, 2, 3, 4, 5, 6]
[s6_nogo1] ────────────────────────────────────────────────────────────
[s6_nogo1]  data: [516, 444, 7] → [516, 444, 2]
[s6_nogo1]  loss=separated  dpa_w=1.0  gng_w=1.0  go_w=1.0  nogo_w=1.0  aux_w=1.0  bl_w=1.0  go_hinge=1.0
Epoch 005/100 | lr: 0.01000 | train: 0.9363 | val: 1.0459
Epoch 010/100 | lr: 0.01000 | train: 0.8307 | val: 0.8587
Epoch 015/100 | lr: 0.01000 | train: 0.7651 | val: 0.7974
Epoch 020/100 | lr: 0.01000 | train: 0.7032 | val: 0.7391
Epoch 025/100 | lr: 0.01000 | train: 0.6347 | val: 0.6684
Epoch 030/100 | lr: 0.01000 | train: 0.5748 | val: 0.6052
Epoch 035/100 | lr: 0.01000 | train: 0.5219 | val: 0.5541
Epoch 040/100 | lr: 0.01000 | train: 0.4720 | val: 0.5162
Epoch 045/100 | lr: 0.01000 | train: 0.4399 | val: 0.4807
Epoch 050/100 | lr: 0.01000 | train: 0.4052 | val: 0.4576
Epoch 055/100 | lr: 0.01000 | train: 0.3849 | val: 0.4396
Epoch 060/100 | lr: 0.01000 | train: 0.3621 | val: 0.4176
Epoch 065/100 | lr: 0.01000 | train: 0.3423 | val: 0.4067
Epoch 070/100 | lr: 0.01000 | train: 0.3297 | val: 0.4061
Epoch 075/100 | lr: 0.01000 | train: 0.3144 | val: 0.3850
Epoch 080/100 | lr: 0.01000 | train: 0.3044 | val: 0.3721
Epoch 085/100 | lr: 0.01000 | train: 0.2870 | val: 0.3565
Epoch 090/100 | lr: 0.01000 | train: 0.2708 | val: 0.3556
Epoch 095/100 | lr: 0.01000 | train: 0.2656 | val: 0.3434
Epoch 100/100 | lr: 0.01000 | train: 0.2633 | val: 0.3501
[s6_nogo1]  loss components: {'dpa': 0.1026, 'gng': 0.276, 'gng_go': 0.2461, 'gng_nogo': 0.03, 'baseline': 0.0259, 'aux': 0.0125}
[s6_nogo1]   after Dual: dpa=0.996 (pair=0.992 unpair=1.000)  gng=0.997 (go=0.994 nogo=1.000)
[s6_nogo1]  Dual done in 730.5s  final train=0.2633  val=0.3501  dpa=0.996  gng=0.997
[s6_nogo1]  ┌── params: after Dual
[s6_nogo1]  │  rank 0: ||m||=39.778  ||n||=37.319  corr(m,n)=+0.805
[s6_nogo1]  │  rank 1: ||m||=34.038  ||n||=74.180  corr(m,n)=+0.547
[s6_nogo1]  │  κ-Jacobian eigvals (gain·n^Tm/N): +2.3239  +2.7099
[s6_nogo1]  │  Wi: ||·||_F=70.959  per-channel=21.44 21.83 38.44 35.74 22.22 23.84 16.79
[s6_nogo1]  └──────────────────────────────────────────────────
[s6_nogo1] ════════════════════════════════════════════════════════════
[s6_nogo1]  RUN COMPLETE  2026-06-09 02:35:39  total=736.1s
[s6_nogo1]  ACCURACY SUMMARY
[s6_nogo1]    after DPA : dpa=0.999  gng=0.484
[s6_nogo1]    after GNG : dpa=0.576  gng=0.970
[s6_nogo1]    after Dual: dpa=0.996  gng=0.997  dual_dpa=0.983  dual_gng=0.979
[s6_nogo1] ════════════════════════════════════════════════════════════
