[s0_proja] ════════════════════════════════════════════════════════════
[s0_proja]  RUN START  2026-06-07 15:13:46
[s0_proja]  run_id=s0_proja  seed=0  device=cuda:0
[s0_proja]  arch:  hidden=512  rank=2  gain=1.0  input_size=7  params=6,144
[s0_proja]  task:  cue_on_go=True  rwd=True  rwd_scale=1.0  freeze_input_stages=['dual']  init=random
[s0_proja]  dynamics: alpha=0.0750  alpha_rec=0.1000  dt=0.0225  tau=0.3  tau_rec_frac=0.75
[s0_proja]  noise:  input_sigma=0.3732 (×1.0)  model_sigma=0.3732 (×1.0)
[s0_proja]  optim:  lr=0.01  wd=0.01  batch=64  n_batch=516  clip=None
[s0_proja]  epochs: dpa=200  gng=200  dual=200  loss=separated
[s0_proja]  shapes: m[512, 2]  n[512, 2]  Wi[512, 7]
[s0_proja]  ┌── params: init
[s0_proja]  │  rank 0: ||m||=22.187  ||n||=22.116  corr(m,n)=-0.011
[s0_proja]  │  rank 1: ||m||=22.375  ||n||=22.846  corr(m,n)=+0.037
[s0_proja]  │  κ-Jacobian eigvals (gain·n^Tm/N): +0.0132+0.0342j  +0.0132-0.0342j
[s0_proja]  │  Wi: ||·||_F=59.379  per-channel=22.21 22.79 22.15 22.73 21.77 21.92 23.48
[s0_proja]  └──────────────────────────────────────────────────
[s0_proja] ────────────────────────────────────────────────────────────
[s0_proja]  STAGE: DPA   device=cuda:0   epochs=200
[s0_proja] ────────────────────────────────────────────────────────────
[s0_proja]  data: [516, 444, 7] → [516, 444, 2]
Epoch 005/200 | lr: 0.01000 | train: 1.9788 | val: 1.9581
Epoch 010/200 | lr: 0.01000 | train: 1.8666 | val: 1.8019
Epoch 015/200 | lr: 0.01000 | train: 1.0775 | val: 1.0356
Epoch 020/200 | lr: 0.01000 | train: 0.9866 | val: 0.9625
Epoch 025/200 | lr: 0.01000 | train: 0.9091 | val: 0.8726
Epoch 030/200 | lr: 0.01000 | train: 0.7725 | val: 0.7312
Epoch 035/200 | lr: 0.01000 | train: 0.5814 | val: 0.5763
Epoch 040/200 | lr: 0.01000 | train: 0.4453 | val: 0.4297
Epoch 045/200 | lr: 0.01000 | train: 0.4367 | val: 0.4138
Epoch 050/200 | lr: 0.01000 | train: 0.3497 | val: 0.3652
Epoch 055/200 | lr: 0.01000 | train: 0.3178 | val: 0.3210
Epoch 060/200 | lr: 0.01000 | train: 0.2976 | val: 0.3001
Epoch 065/200 | lr: 0.01000 | train: 0.2633 | val: 0.3356
Epoch 070/200 | lr: 0.01000 | train: 0.2469 | val: 0.2528
Epoch 075/200 | lr: 0.01000 | train: 0.2026 | val: 0.2513
Epoch 080/200 | lr: 0.01000 | train: 0.1874 | val: 0.1969
Epoch 085/200 | lr: 0.01000 | train: 0.1521 | val: 0.1591
Epoch 090/200 | lr: 0.01000 | train: 0.1272 | val: 0.1575
Epoch 095/200 | lr: 0.01000 | train: 0.1067 | val: 0.1161
Epoch 100/200 | lr: 0.01000 | train: 0.0981 | val: 0.1361
Stopping: losses below 0.1.
[s0_proja]  projected go ch=4 onto n₁ unit vector
[s0_proja]   after DPA: dpa=0.988  gng=0.592
[s0_proja]  DPA done in 737.4s  final train=0.0889  val=0.0970  dpa=0.988  gng=0.592
[s0_proja]  ┌── params: after DPA
[s0_proja]  │  rank 0: ||m||=44.677  ||n||=37.899  corr(m,n)=+0.839
[s0_proja]  │  rank 1: ||m||=34.048  ||n||=55.948  corr(m,n)=+0.832
[s0_proja]  │  κ-Jacobian eigvals (gain·n^Tm/N): +2.6657  +3.2049
[s0_proja]  │  Wi: ||·||_F=69.298  per-channel=23.93 23.78 40.85 39.87 11.37 10.94 12.53
[s0_proja]  └──────────────────────────────────────────────────
[s0_proja] ────────────────────────────────────────────────────────────
[s0_proja]  STAGE: GNG   device=cuda:0   epochs=200
[s0_proja]  freeze recurrent cols: [0]
[s0_proja]  freeze input dims:     [0, 1, 2, 3, 6]
[s0_proja] ────────────────────────────────────────────────────────────
[s0_proja]  data: [516, 266, 7] → [516, 266, 2]
Epoch 005/200 | lr: 0.01000 | train: 0.2142 | val: 0.1967
Epoch 010/200 | lr: 0.01000 | train: 0.1565 | val: 0.1495
Epoch 015/200 | lr: 0.01000 | train: 0.1285 | val: 0.1344
Epoch 020/200 | lr: 0.01000 | train: 0.1073 | val: 0.1088
Stopping: losses below 0.1.
[s0_proja]   after GNG: dpa=0.962  gng=0.990
[s0_proja]  GNG done in 107.1s  final train=0.0935  val=0.0894  dpa=0.962  gng=0.990
[s0_proja]  ┌── params: after GNG
[s0_proja]  │  rank 0: ||m||=44.677  ||n||=37.899  corr(m,n)=+0.839
[s0_proja]  │  rank 1: ||m||=34.072  ||n||=54.747  corr(m,n)=+0.812
[s0_proja]  │  κ-Jacobian eigvals (gain·n^Tm/N): +2.5201  +3.2118
[s0_proja]  │  Wi: ||·||_F=70.473  per-channel=23.93 23.78 40.85 39.87 12.52 16.01 12.53
[s0_proja]  └──────────────────────────────────────────────────
[s0_proja] ────────────────────────────────────────────────────────────
[s0_proja]  STAGE: Dual   device=cuda:0   epochs=200
[s0_proja]  freeze recurrent cols: [0]
[s0_proja]  freeze input dims:     [0, 1, 2, 3, 4, 5, 6]
[s0_proja] ────────────────────────────────────────────────────────────
[s0_proja]  data: [516, 444, 7] → [516, 444, 2]
[s0_proja]  loss=separated  dpa_w=1.0  gng_w=1.0  aux_w=1.0  bl_w=1.0
Epoch 005/200 | lr: 0.01000 | train: 0.8081 | val: 0.7776
Epoch 010/200 | lr: 0.01000 | train: 0.7435 | val: 0.7708
Epoch 015/200 | lr: 0.01000 | train: 0.7130 | val: 0.7407
Epoch 020/200 | lr: 0.01000 | train: 0.6909 | val: 0.7487
Epoch 025/200 | lr: 0.01000 | train: 0.6590 | val: 0.7124
Epoch 030/200 | lr: 0.01000 | train: 0.6188 | val: 0.6568
Epoch 035/200 | lr: 0.01000 | train: 0.6194 | val: 0.6390
Epoch 040/200 | lr: 0.01000 | train: 0.5957 | val: 0.6541
Epoch 045/200 | lr: 0.00500 | train: 0.5661 | val: 0.5871
Epoch 050/200 | lr: 0.00500 | train: 0.5575 | val: 0.5849
Epoch 055/200 | lr: 0.00250 | train: 0.5589 | val: 0.5918
Epoch 060/200 | lr: 0.00250 | train: 0.5386 | val: 0.6235
Epoch 065/200 | lr: 0.00125 | train: 0.5418 | val: 0.5682
Epoch 070/200 | lr: 0.00125 | train: 0.5230 | val: 0.5829
Epoch 075/200 | lr: 0.00063 | train: 0.5224 | val: 0.5928
Epoch 080/200 | lr: 0.00031 | train: 0.5371 | val: 0.5679
Epoch 085/200 | lr: 0.00016 | train: 0.5292 | val: 0.5597
Epoch 090/200 | lr: 0.00016 | train: 0.5190 | val: 0.5705
Epoch 095/200 | lr: 0.00016 | train: 0.5206 | val: 0.5884
Epoch 100/200 | lr: 0.00016 | train: 0.5186 | val: 0.5648
Epoch 105/200 | lr: 0.00008 | train: 0.5206 | val: 0.5740
Epoch 110/200 | lr: 0.00004 | train: 0.5233 | val: 0.5779
Epoch 115/200 | lr: 0.00002 | train: 0.5276 | val: 0.5803
Epoch 120/200 | lr: 0.00002 | train: 0.5335 | val: 0.5732
Epoch 125/200 | lr: 0.00001 | train: 0.5376 | val: 0.5424
Epoch 130/200 | lr: 0.00001 | train: 0.5365 | val: 0.5861
Epoch 135/200 | lr: 0.00001 | train: 0.5153 | val: 0.5621
Epoch 140/200 | lr: 0.00001 | train: 0.5195 | val: 0.5733
Epoch 145/200 | lr: 0.00001 | train: 0.5311 | val: 0.5666
Epoch 150/200 | lr: 0.00001 | train: 0.5175 | val: 0.5897
Epoch 155/200 | lr: 0.00001 | train: 0.5272 | val: 0.5606
Epoch 160/200 | lr: 0.00001 | train: 0.5278 | val: 0.5590
Epoch 165/200 | lr: 0.00001 | train: 0.5281 | val: 0.5711
Epoch 170/200 | lr: 0.00001 | train: 0.5345 | val: 0.5726
Epoch 175/200 | lr: 0.00001 | train: 0.5255 | val: 0.5808
Epoch 180/200 | lr: 0.00001 | train: 0.5374 | val: 0.5902
Epoch 185/200 | lr: 0.00001 | train: 0.5240 | val: 0.5770
Epoch 190/200 | lr: 0.00001 | train: 0.5292 | val: 0.5619
Epoch 195/200 | lr: 0.00001 | train: 0.5163 | val: 0.6028
Epoch 200/200 | lr: 0.00001 | train: 0.5251 | val: 0.5901
[s0_proja]  loss components: {'dpa': 0.235, 'gng': 0.3405, 'baseline': 0.0322, 'aux': 0.0228}
[s0_proja]   after Dual: dpa=0.984  gng=0.994
[s0_proja]  Dual done in 1465.0s  final train=0.5251  val=0.5901  dpa=0.984  gng=0.994
[s0_proja]  ┌── params: after Dual
[s0_proja]  │  rank 0: ||m||=44.677  ||n||=37.899  corr(m,n)=+0.839
[s0_proja]  │  rank 1: ||m||=32.188  ||n||=61.412  corr(m,n)=+0.767
[s0_proja]  │  κ-Jacobian eigvals (gain·n^Tm/N): +2.8689+0.0440j  +2.8689-0.0440j
[s0_proja]  │  Wi: ||·||_F=70.473  per-channel=23.93 23.78 40.85 39.87 12.52 16.01 12.53
[s0_proja]  └──────────────────────────────────────────────────
[s0_proja] ════════════════════════════════════════════════════════════
[s0_proja]  RUN COMPLETE  2026-06-07 15:52:15  total=2310.3s
[s0_proja]  ACCURACY SUMMARY
[s0_proja]    after DPA : dpa=0.988  gng=0.592
[s0_proja]    after GNG : dpa=0.962  gng=0.990
[s0_proja]    after Dual: dpa=0.984  gng=0.994  dual_dpa=0.990  dual_gng=0.897
[s0_proja] ════════════════════════════════════════════════════════════
