[s6_random] ════════════════════════════════════════════════════════════
[s6_random]  RUN START  2026-06-05 17:17:28
[s6_random]  run_id=s6_random  seed=6  device=cuda:1
[s6_random]  arch:  hidden=512  rank=2  gain=1.0  input_size=7  params=6,144
[s6_random]  task:  cue_on_go=True  rwd=True  rwd_scale=1.0  freeze_input_stages=['gng', 'dual']  init=random
[s6_random]  dynamics: alpha=0.0750  alpha_rec=0.1000  dt=0.0225  tau=0.3  tau_rec_frac=0.75
[s6_random]  noise:  input_sigma=0.3732 (×1.0)  model_sigma=0.3732 (×1.0)
[s6_random]  optim:  lr=0.01  wd=0.01  batch=64  n_batch=516  clip=None
[s6_random]  epochs: dpa=200  gng=200  dual=200  loss=separated
[s6_random]  shapes: m[512, 2]  n[512, 2]  Wi[512, 7]
[s6_random]  ┌── params: init
[s6_random]  │  rank 0: ||m||=23.754  ||n||=22.561  corr(m,n)=+0.074
[s6_random]  │  rank 1: ||m||=21.713  ||n||=23.345  corr(m,n)=-0.005
[s6_random]  │  κ-Jacobian eigvals (gain·n^Tm/N): +0.0778  -0.0054
[s6_random]  │  Wi: ||·||_F=60.072  per-channel=23.10 21.97 23.40 22.89 22.22 23.84 21.41
[s6_random]  └──────────────────────────────────────────────────
[s6_random] ────────────────────────────────────────────────────────────
[s6_random]  STAGE: DPA   device=cuda:1   epochs=200
[s6_random] ────────────────────────────────────────────────────────────
[s6_random]  data: [516, 444, 7] → [516, 444, 2]
Epoch 005/200 | lr: 0.01000 | train: 1.9679 | val: 1.9721
Epoch 010/200 | lr: 0.01000 | train: 1.5852 | val: 1.4039
Epoch 015/200 | lr: 0.01000 | train: 1.0570 | val: 1.0414
Epoch 020/200 | lr: 0.01000 | train: 0.9958 | val: 0.9926
Epoch 025/200 | lr: 0.01000 | train: 0.9533 | val: 0.9381
Epoch 030/200 | lr: 0.01000 | train: 0.8653 | val: 0.8536
Epoch 035/200 | lr: 0.01000 | train: 0.7090 | val: 0.7055
Epoch 040/200 | lr: 0.01000 | train: 0.5013 | val: 0.5110
Epoch 045/200 | lr: 0.01000 | train: 0.4187 | val: 0.4390
Epoch 050/200 | lr: 0.01000 | train: 0.3574 | val: 0.3730
Epoch 055/200 | lr: 0.01000 | train: 0.3284 | val: 0.3041
Epoch 060/200 | lr: 0.01000 | train: 0.2926 | val: 0.3166
Epoch 065/200 | lr: 0.01000 | train: 0.2914 | val: 0.3376
Epoch 070/200 | lr: 0.01000 | train: 0.2520 | val: 0.2303
Epoch 075/200 | lr: 0.01000 | train: 0.2288 | val: 0.2135
Epoch 080/200 | lr: 0.01000 | train: 0.2222 | val: 0.2472
Epoch 085/200 | lr: 0.01000 | train: 0.1817 | val: 0.2070
Epoch 090/200 | lr: 0.01000 | train: 0.1822 | val: 0.1590
Epoch 095/200 | lr: 0.01000 | train: 0.1713 | val: 0.1619
Epoch 100/200 | lr: 0.01000 | train: 0.1494 | val: 0.1585
Epoch 105/200 | lr: 0.01000 | train: 0.1395 | val: 0.1263
Epoch 110/200 | lr: 0.01000 | train: 0.1324 | val: 0.1150
Epoch 115/200 | lr: 0.01000 | train: 0.1124 | val: 0.1045
Epoch 120/200 | lr: 0.01000 | train: 0.1192 | val: 0.1382
Stopping: losses below 0.1.
[s6_random]   after DPA: dpa=0.996  gng=0.494
[s6_random]  DPA done in 1116.2s  final train=0.0989  val=0.0937  dpa=0.996  gng=0.494
[s6_random]  ┌── params: after DPA
[s6_random]  │  rank 0: ||m||=44.346  ||n||=38.274  corr(m,n)=+0.839
[s6_random]  │  rank 1: ||m||=34.161  ||n||=51.397  corr(m,n)=+0.823
[s6_random]  │  κ-Jacobian eigvals (gain·n^Tm/N): +2.8016+0.1146j  +2.8016-0.1146j
[s6_random]  │  Wi: ||·||_F=72.188  per-channel=24.55 23.00 43.55 42.11 10.77 10.07 13.86
[s6_random]  └──────────────────────────────────────────────────
[s6_random] ────────────────────────────────────────────────────────────
[s6_random]  STAGE: GNG   device=cuda:1   epochs=200
[s6_random]  freeze recurrent cols: [0]
[s6_random]  freeze input dims:     [0, 1, 2, 3, 4, 5, 6]
[s6_random] ────────────────────────────────────────────────────────────
[s6_random]  data: [516, 266, 7] → [516, 266, 2]
Epoch 005/200 | lr: 0.01000 | train: 0.9035 | val: 0.8925
Epoch 010/200 | lr: 0.01000 | train: 0.8020 | val: 0.7783
Epoch 015/200 | lr: 0.01000 | train: 0.7037 | val: 0.6476
Epoch 020/200 | lr: 0.01000 | train: 0.5953 | val: 0.6388
Epoch 025/200 | lr: 0.01000 | train: 0.5523 | val: 0.5385
Epoch 030/200 | lr: 0.01000 | train: 0.4838 | val: 0.4670
Epoch 035/200 | lr: 0.01000 | train: 0.4363 | val: 0.4021
Epoch 040/200 | lr: 0.01000 | train: 0.3584 | val: 0.3756
Epoch 045/200 | lr: 0.01000 | train: 0.3319 | val: 0.3217
Epoch 050/200 | lr: 0.01000 | train: 0.3174 | val: 0.2927
Epoch 055/200 | lr: 0.01000 | train: 0.2805 | val: 0.2326
Epoch 060/200 | lr: 0.01000 | train: 0.2261 | val: 0.2366
Epoch 065/200 | lr: 0.01000 | train: 0.2226 | val: 0.2440
Epoch 070/200 | lr: 0.01000 | train: 0.2097 | val: 0.2356
Epoch 075/200 | lr: 0.00500 | train: 0.1938 | val: 0.2609
Epoch 080/200 | lr: 0.00500 | train: 0.2032 | val: 0.1719
Epoch 085/200 | lr: 0.00250 | train: 0.1695 | val: 0.2039
Epoch 090/200 | lr: 0.00250 | train: 0.1767 | val: 0.1701
Epoch 095/200 | lr: 0.00250 | train: 0.1865 | val: 0.1972
Epoch 100/200 | lr: 0.00125 | train: 0.1768 | val: 0.1667
Epoch 105/200 | lr: 0.00063 | train: 0.1770 | val: 0.1882
Epoch 110/200 | lr: 0.00031 | train: 0.1508 | val: 0.1614
Epoch 115/200 | lr: 0.00016 | train: 0.1585 | val: 0.1798
Epoch 120/200 | lr: 0.00016 | train: 0.1716 | val: 0.2130
Epoch 125/200 | lr: 0.00008 | train: 0.1573 | val: 0.1498
Epoch 130/200 | lr: 0.00008 | train: 0.1708 | val: 0.1640
Epoch 135/200 | lr: 0.00004 | train: 0.1604 | val: 0.1868
Epoch 140/200 | lr: 0.00002 | train: 0.1842 | val: 0.1699
Epoch 145/200 | lr: 0.00001 | train: 0.1557 | val: 0.1714
Epoch 150/200 | lr: 0.00001 | train: 0.1903 | val: 0.1921
Epoch 155/200 | lr: 0.00001 | train: 0.1608 | val: 0.1892
Epoch 160/200 | lr: 0.00001 | train: 0.1644 | val: 0.1370
Epoch 165/200 | lr: 0.00001 | train: 0.1626 | val: 0.1561
Epoch 170/200 | lr: 0.00001 | train: 0.1624 | val: 0.1949
Epoch 175/200 | lr: 0.00001 | train: 0.1677 | val: 0.1521
Epoch 180/200 | lr: 0.00001 | train: 0.1566 | val: 0.1754
Epoch 185/200 | lr: 0.00001 | train: 0.1713 | val: 0.1566
Epoch 190/200 | lr: 0.00001 | train: 0.1490 | val: 0.1480
Epoch 195/200 | lr: 0.00001 | train: 0.1644 | val: 0.1674
Epoch 200/200 | lr: 0.00001 | train: 0.1809 | val: 0.1894
[s6_random]   after GNG: dpa=0.887  gng=0.979
[s6_random]  GNG done in 1108.9s  final train=0.1809  val=0.1894  dpa=0.887  gng=0.979
[s6_random]  ┌── params: after GNG
[s6_random]  │  rank 0: ||m||=44.346  ||n||=38.274  corr(m,n)=+0.839
[s6_random]  │  rank 1: ||m||=38.458  ||n||=58.661  corr(m,n)=+0.660
[s6_random]  │  κ-Jacobian eigvals (gain·n^Tm/N): +2.8454+0.4148j  +2.8454-0.4148j
[s6_random]  │  Wi: ||·||_F=72.188  per-channel=24.55 23.00 43.55 42.11 10.77 10.07 13.86
[s6_random]  └──────────────────────────────────────────────────
[s6_random] ────────────────────────────────────────────────────────────
[s6_random]  STAGE: Dual   device=cuda:1   epochs=200
[s6_random]  freeze recurrent cols: [0]
[s6_random]  freeze input dims:     [0, 1, 2, 3, 4, 5, 6]
[s6_random] ────────────────────────────────────────────────────────────
[s6_random]  data: [516, 444, 7] → [516, 444, 2]
[s6_random]  loss=separated  dpa_w=1.0  gng_w=1.0  aux_w=1.0  bl_w=1.0
Epoch 005/200 | lr: 0.01000 | train: 0.9253 | val: 0.9144
Epoch 010/200 | lr: 0.01000 | train: 0.8777 | val: 0.8628
Epoch 015/200 | lr: 0.01000 | train: 0.8575 | val: 0.8155
Epoch 020/200 | lr: 0.01000 | train: 0.8219 | val: 0.8297
Epoch 025/200 | lr: 0.01000 | train: 0.8119 | val: 0.8141
Epoch 030/200 | lr: 0.01000 | train: 0.7806 | val: 0.7512
Epoch 035/200 | lr: 0.01000 | train: 0.7659 | val: 0.8049
Epoch 040/200 | lr: 0.00500 | train: 0.7534 | val: 0.7691
Epoch 045/200 | lr: 0.00500 | train: 0.7328 | val: 0.7372
Epoch 050/200 | lr: 0.00500 | train: 0.7358 | val: 0.6849
Epoch 055/200 | lr: 0.00500 | train: 0.7271 | val: 0.7389
Epoch 060/200 | lr: 0.00250 | train: 0.7057 | val: 0.6990
Epoch 065/200 | lr: 0.00125 | train: 0.7155 | val: 0.7326
Epoch 070/200 | lr: 0.00063 | train: 0.7211 | val: 0.6563
Epoch 075/200 | lr: 0.00063 | train: 0.7119 | val: 0.7112
Epoch 080/200 | lr: 0.00031 | train: 0.7226 | val: 0.7491
Epoch 085/200 | lr: 0.00016 | train: 0.7159 | val: 0.7201
Epoch 090/200 | lr: 0.00008 | train: 0.7363 | val: 0.7042
Epoch 095/200 | lr: 0.00004 | train: 0.7222 | val: 0.6870
Epoch 100/200 | lr: 0.00002 | train: 0.7165 | val: 0.7432
Epoch 105/200 | lr: 0.00002 | train: 0.7009 | val: 0.7331
Epoch 110/200 | lr: 0.00001 | train: 0.7066 | val: 0.7214
Epoch 115/200 | lr: 0.00001 | train: 0.7160 | val: 0.7053
Epoch 120/200 | lr: 0.00001 | train: 0.7128 | val: 0.7139
Epoch 125/200 | lr: 0.00001 | train: 0.7260 | val: 0.7471
Epoch 130/200 | lr: 0.00001 | train: 0.7178 | val: 0.6897
Epoch 135/200 | lr: 0.00001 | train: 0.7208 | val: 0.7205
Epoch 140/200 | lr: 0.00001 | train: 0.7206 | val: 0.7287
Epoch 145/200 | lr: 0.00001 | train: 0.7465 | val: 0.7016
Epoch 150/200 | lr: 0.00001 | train: 0.6970 | val: 0.6895
Epoch 155/200 | lr: 0.00001 | train: 0.7189 | val: 0.7424
Epoch 160/200 | lr: 0.00001 | train: 0.7368 | val: 0.6955
Epoch 165/200 | lr: 0.00001 | train: 0.7219 | val: 0.6882
Epoch 170/200 | lr: 0.00001 | train: 0.7234 | val: 0.7187
Epoch 175/200 | lr: 0.00001 | train: 0.7162 | val: 0.6867
Epoch 180/200 | lr: 0.00001 | train: 0.7392 | val: 0.6845
Epoch 185/200 | lr: 0.00001 | train: 0.7236 | val: 0.7204
Epoch 190/200 | lr: 0.00001 | train: 0.7040 | val: 0.6931
Epoch 195/200 | lr: 0.00001 | train: 0.7329 | val: 0.7175
Epoch 200/200 | lr: 0.00001 | train: 0.7224 | val: 0.6848
[s6_random]  loss components: {'dpa': 0.1897, 'gng': 0.4673, 'baseline': 0.0132, 'aux': 0.0206}
[s6_random]   after Dual: dpa=0.986  gng=0.986
[s6_random]  Dual done in 1678.2s  final train=0.7224  val=0.6848  dpa=0.986  gng=0.986
[s6_random]  ┌── params: after Dual
[s6_random]  │  rank 0: ||m||=44.346  ||n||=38.274  corr(m,n)=+0.839
[s6_random]  │  rank 1: ||m||=30.836  ||n||=63.590  corr(m,n)=+0.721
[s6_random]  │  κ-Jacobian eigvals (gain·n^Tm/N): +2.7719+0.1254j  +2.7719-0.1254j
[s6_random]  │  Wi: ||·||_F=72.188  per-channel=24.55 23.00 43.55 42.11 10.77 10.07 13.86
[s6_random]  └──────────────────────────────────────────────────
[s6_random] ════════════════════════════════════════════════════════════
[s6_random]  RUN COMPLETE  2026-06-05 18:22:32  total=3905.4s
[s6_random]  ACCURACY SUMMARY
[s6_random]    after DPA : dpa=0.996  gng=0.494
[s6_random]    after GNG : dpa=0.887  gng=0.979
[s6_random]    after Dual: dpa=0.986  gng=0.986  dual_dpa=0.989  dual_gng=0.777
[s6_random] ════════════════════════════════════════════════════════════
