[s3_adam] ════════════════════════════════════════════════════════════
[s3_adam]  RUN START  2026-06-08 22:53:12
[s3_adam]  run_id=s3_adam  seed=3  device=cuda:1
[s3_adam]  arch:  hidden=512  rank=2  gain=1.0  input_size=7  params=6,144
[s3_adam]  task:  cue_on_go=True  rwd=True  rwd_scale=1.0  freeze_input_stages=['gng', 'dual']  init=random
[s3_adam]  dynamics: alpha=0.0750  alpha_rec=0.1000  dt=0.0225  tau=0.3  tau_rec_frac=0.75
[s3_adam]  noise:  input_sigma=0.3732 (×1.0)  model_sigma=0.0000 (×0.0)
[s3_adam]  optim:  lr=0.01  wd=0.01  batch=64  n_batch=516  clip=None
[s3_adam]  epochs: dpa=100  gng=100  dual=100  loss=separated
[s3_adam]  shapes: m[512, 2]  n[512, 2]  Wi[512, 7]
[s3_adam]  ┌── params: init
[s3_adam]  │  rank 0: ||m||=22.816  ||n||=22.436  corr(m,n)=+0.020
[s3_adam]  │  rank 1: ||m||=21.350  ||n||=23.585  corr(m,n)=+0.075
[s3_adam]  │  κ-Jacobian eigvals (gain·n^Tm/N): +0.0115  +0.0822
[s3_adam]  │  Wi: ||·||_F=61.487  per-channel=24.64 23.94 21.69 23.93 23.19 21.98 23.15
[s3_adam]  └──────────────────────────────────────────────────
[s3_adam]  DPA: loading checkpoint from results/dual/sweep_frzGNG/s3_frzGNG/dpa_s3_frzGNG.pth
[s3_adam]   after DPA: dpa=0.994 (pair=0.996 unpair=0.992)  gng=0.510 (go=0.004 nogo=1.000)
[s3_adam]  DPA done in 1.2s  (checkpoint)  dpa=0.994  gng=0.510
[s3_adam]  ┌── params: after DPA
[s3_adam]  │  rank 0: ||m||=35.745  ||n||=35.248  corr(m,n)=+0.798
[s3_adam]  │  rank 1: ||m||=41.611  ||n||=41.388  corr(m,n)=+0.823
[s3_adam]  │  κ-Jacobian eigvals (gain·n^Tm/N): +2.3669+0.4713j  +2.3669-0.4713j
[s3_adam]  │  Wi: ||·||_F=62.034  per-channel=16.79 17.14 27.67 35.59 23.19 21.98 14.79
[s3_adam]  └──────────────────────────────────────────────────
[s3_adam] ────────────────────────────────────────────────────────────
[s3_adam]  STAGE: GNG   device=cuda:1   epochs=100
[s3_adam]  freeze recurrent cols: [0]
[s3_adam]  freeze input dims:     [0, 1, 2, 3, 4, 5, 6]
[s3_adam] ────────────────────────────────────────────────────────────
[s3_adam]  data: [516, 266, 7] → [516, 266, 2]
Epoch 005/100 | lr: 0.01000 | train: 0.9741 | val: 0.8409
Epoch 010/100 | lr: 0.01000 | train: 0.4259 | val: 0.4498
Epoch 015/100 | lr: 0.01000 | train: 0.3081 | val: 0.3238
Epoch 020/100 | lr: 0.01000 | train: 0.2397 | val: 0.2569
Epoch 025/100 | lr: 0.01000 | train: 0.2015 | val: 0.2126
Epoch 030/100 | lr: 0.01000 | train: 0.1742 | val: 0.1781
Epoch 035/100 | lr: 0.01000 | train: 0.1432 | val: 0.1535
Epoch 040/100 | lr: 0.01000 | train: 0.1264 | val: 0.1305
Epoch 045/100 | lr: 0.01000 | train: 0.1094 | val: 0.1158
Epoch 050/100 | lr: 0.01000 | train: 0.0965 | val: 0.1037
Stopping: losses below 0.1.
[s3_adam]   after GNG: dpa=0.628 (pair=0.591 unpair=0.665)  gng=0.999 (go=1.000 nogo=0.998)
[s3_adam]  GNG done in 230.6s  final train=0.0925  val=0.0998  dpa=0.628  gng=0.999
[s3_adam]  ┌── params: after GNG
[s3_adam]  │  rank 0: ||m||=35.745  ||n||=35.248  corr(m,n)=+0.798
[s3_adam]  │  rank 1: ||m||=39.246  ||n||=46.603  corr(m,n)=+0.765
[s3_adam]  │  κ-Jacobian eigvals (gain·n^Tm/N): +2.3486+0.4106j  +2.3486-0.4106j
[s3_adam]  │  Wi: ||·||_F=62.034  per-channel=16.79 17.14 27.67 35.59 23.19 21.98 14.79
[s3_adam]  └──────────────────────────────────────────────────
[s3_adam] ────────────────────────────────────────────────────────────
[s3_adam]  STAGE: Dual   device=cuda:1   epochs=100
[s3_adam]  freeze recurrent cols: [0]
[s3_adam]  freeze input dims:     [0, 1, 2, 3, 4, 5, 6]
[s3_adam] ────────────────────────────────────────────────────────────
[s3_adam]  data: [516, 444, 7] → [516, 444, 2]
[s3_adam]  loss=separated  dpa_w=1.0  gng_w=1.0  go_w=1.0  nogo_w=2.0  aux_w=1.0  bl_w=1.0  go_hinge=1.0
Epoch 005/100 | lr: 0.01000 | train: 0.8725 | val: 0.9249
Epoch 010/100 | lr: 0.01000 | train: 0.8083 | val: 0.8543
Epoch 015/100 | lr: 0.01000 | train: 0.7903 | val: 0.8460
Epoch 020/100 | lr: 0.01000 | train: 0.7792 | val: 0.8260
Epoch 025/100 | lr: 0.01000 | train: 0.7588 | val: 0.8354
Epoch 030/100 | lr: 0.01000 | train: 0.7326 | val: 0.8130
Epoch 035/100 | lr: 0.01000 | train: 0.7168 | val: 0.7865
Epoch 040/100 | lr: 0.01000 | train: 0.7071 | val: 0.8176
Epoch 045/100 | lr: 0.01000 | train: 0.6980 | val: 0.7811
Epoch 050/100 | lr: 0.00500 | train: 0.6801 | val: 0.7584
Epoch 055/100 | lr: 0.00500 | train: 0.6694 | val: 0.7480
Epoch 060/100 | lr: 0.00250 | train: 0.6554 | val: 0.7523
Epoch 065/100 | lr: 0.00250 | train: 0.6556 | val: 0.7387
Epoch 070/100 | lr: 0.00125 | train: 0.6563 | val: 0.7330
Epoch 075/100 | lr: 0.00063 | train: 0.6512 | val: 0.7443
Epoch 080/100 | lr: 0.00063 | train: 0.6470 | val: 0.7428
Epoch 085/100 | lr: 0.00031 | train: 0.6460 | val: 0.7406
Epoch 090/100 | lr: 0.00016 | train: 0.6482 | val: 0.7379
Epoch 095/100 | lr: 0.00008 | train: 0.6483 | val: 0.7397
Epoch 100/100 | lr: 0.00004 | train: 0.6448 | val: 0.7402
[s3_adam]  loss components: {'dpa': 0.5027, 'gng': 0.1463, 'gng_go': 0.1076, 'gng_nogo': 0.0193, 'baseline': 0.0096, 'aux': 0.0161}
[s3_adam]   after Dual: dpa=0.970 (pair=0.977 unpair=0.961)  gng=1.000 (go=1.000 nogo=1.000)
[s3_adam]  Dual done in 725.1s  final train=0.6448  val=0.7402  dpa=0.970  gng=1.000
[s3_adam]  ┌── params: after Dual
[s3_adam]  │  rank 0: ||m||=35.745  ||n||=35.248  corr(m,n)=+0.798
[s3_adam]  │  rank 1: ||m||=34.587  ||n||=49.825  corr(m,n)=+0.713
[s3_adam]  │  κ-Jacobian eigvals (gain·n^Tm/N): +2.1823+0.2777j  +2.1823-0.2777j
[s3_adam]  │  Wi: ||·||_F=62.034  per-channel=16.79 17.14 27.67 35.59 23.19 21.98 14.79
[s3_adam]  └──────────────────────────────────────────────────
[s3_adam] ════════════════════════════════════════════════════════════
[s3_adam]  RUN COMPLETE  2026-06-08 23:09:09  total=958.5s
[s3_adam]  ACCURACY SUMMARY
[s3_adam]    after DPA : dpa=0.994  gng=0.510
[s3_adam]    after GNG : dpa=0.628  gng=0.999
[s3_adam]    after Dual: dpa=0.970  gng=1.000  dual_dpa=0.872  dual_gng=0.981
[s3_adam] ════════════════════════════════════════════════════════════
